https://n.news.naver.com/mnews/article/020/0003439063?sid=103
https://n.news.naver.com/mnews/article/020/0003437746?sid=103
https://n.news.naver.com/mnews/article/022/0003711131?sid=103
https://n.news.naver.com/mnews/article/469/0000684500?sid=103
https://n.news.naver.com/mnews/article/025/0003207619?sid=103
https://n.news.naver.com/mnews/article/469/0000685712?sid=103
https://n.news.naver.com/mnews/article/025/0003206763?sid=103
https://n.news.naver.com/mnews/article/469/0000683987?sid=103
https://n.news.naver.com/mnews/article/028/0002597983?sid=103
 25%|█████████████████████                                                               | 1/4 [00:01<00:04,  1.44s/it]https://n.news.naver.com/mnews/article/021/0002521111?sid=103
https://n.news.naver.com/mnews/article/032/0003157676?sid=103
https://n.news.naver.com/mnews/article/469/0000685700?sid=103
https://n.news.naver.com/mnews/article/022/0003711079?sid=103
https://n.news.naver.com/mnews/article/025/0003207955?sid=103
https://n.news.naver.com/mnews/article/022/0003713476?sid=103
https://n.news.naver.com/mnews/article/469/0000684478?sid=103
https://n.news.naver.com/mnews/article/022/0003714277?sid=103
https://n.news.naver.com/mnews/article/032/0003157077?sid=103
 25%|█████████████████████                                                               | 1/4 [00:01<00:04,  1.66s/it]https://n.news.naver.com/mnews/article/022/0003711223?sid=103
https://n.news.naver.com/mnews/article/025/0003207956?sid=103
https://n.news.naver.com/mnews/article/032/0003159171?sid=103
https://n.news.naver.com/mnews/article/025/0003206784?sid=103
https://n.news.naver.com/mnews/article/022/0003713432?sid=103
https://n.news.naver.com/mnews/article/032/0003157639?sid=103
https://n.news.naver.com/mnews/article/032/0003159169?sid=103
https://n.news.naver.com/mnews/article/020/0003437746?sid=103
https://n.news.naver.com/mnews/article/025/0003206847?sid=103
 50%|██████████████████████████████████████████                                          | 2/4 [00:01<00:02,  1.14s/it]https://n.news.naver.com/mnews/article/032/0003158529?sid=103
https://n.news.naver.com/mnews/article/022/0003714262?sid=103
https://n.news.naver.com/mnews/article/025/0003206763?sid=103
https://n.news.naver.com/mnews/article/025/0003207398?sid=103
https://n.news.naver.com/mnews/article/022/0003713254?sid=103
https://n.news.naver.com/mnews/article/025/0003208413?sid=103
 50%|██████████████████████████████████████████                                          | 2/4 [00:02<00:02,  1.28s/it]https://n.news.naver.com/mnews/article/020/0003438036?sid=103
 67%|████████████████████████████████████████████████████████                            | 2/3 [00:02<00:01,  1.00s/it]https://n.news.naver.com/mnews/article/022/0003711223?sid=103
https://n.news.naver.com/mnews/article/025/0003209002?sid=103
https://n.news.naver.com/mnews/article/020/0003438900?sid=103
https://n.news.naver.com/mnews/article/005/0001537715?sid=103
https://n.news.naver.com/mnews/article/032/0003157414?sid=103
https://n.news.naver.com/mnews/article/025/0003206847?sid=103
https://n.news.naver.com/mnews/article/025/0003208400?sid=103
https://n.news.naver.com/mnews/article/022/0003714236?sid=103
https://n.news.naver.com/mnews/article/025/0003208234?sid=103
https://n.news.naver.com/mnews/article/005/0001537407?sid=103
https://n.news.naver.com/mnews/article/020/0003439001?sid=103
100%|████████████████████████████████████████████████████████████████████████████████████| 3/3 [00:02<00:00,  1.29it/s]
https://n.news.naver.com/mnews/article/025/0003208166?sid=103
https://n.news.naver.com/mnews/article/005/0001537712?sid=103
https://n.news.naver.com/mnews/article/032/0003157312?sid=103
https://n.news.naver.com/mnews/article/025/0003208156?sid=103
https://n.news.naver.com/mnews/article/005/0001539333?sid=103
https://n.news.naver.com/mnews/article/025/0003207052?sid=103
 50%|██████████████████████████████████████████                                          | 2/4 [00:02<00:02,  1.17s/it]https://n.news.naver.com/mnews/article/005/0001538178?sid=103
 50%|██████████████████████████████████████████                                          | 2/4 [00:02<00:02,  1.20s/it]https://n.news.naver.com/mnews/article/022/0003713583?sid=103
 75%|███████████████████████████████████████████████████████████████                     | 3/4 [00:02<00:01,  1.00s/it]https://n.news.naver.com/mnews/article/022/0003713504?sid=103
https://n.news.naver.com/mnews/article/023/0003703108?sid=103
 75%|███████████████████████████████████████████████████████████████                     | 3/4 [00:02<00:01,  1.07s/it]https://n.news.naver.com/mnews/article/022/0003712103?sid=103
https://n.news.naver.com/mnews/article/025/0003208480?sid=103
https://n.news.naver.com/mnews/article/020/0003439063?sid=103
https://n.news.naver.com/mnews/article/005/0001538171?sid=103
 75%|███████████████████████████████████████████████████████████████                     | 3/4 [00:02<00:00,  1.20it/s]https://n.news.naver.com/mnews/article/025/0003209355?sid=103
https://n.news.naver.com/mnews/article/469/0000684527?sid=103
 75%|███████████████████████████████████████████████████████████████                     | 3/4 [00:02<00:00,  1.10it/s]https://n.news.naver.com/mnews/article/469/0000685465?sid=103
https://n.news.naver.com/mnews/article/028/0002597983?sid=103
https://n.news.naver.com/mnews/article/032/0003157893?sid=103
https://n.news.naver.com/mnews/article/032/0003159490?sid=103
https://n.news.naver.com/mnews/article/469/0000684500?sid=103
https://n.news.naver.com/mnews/article/022/0003713476?sid=103
https://n.news.naver.com/mnews/article/005/0001539061?sid=103
https://n.news.naver.com/mnews/article/032/0003157889?sid=103
https://n.news.naver.com/mnews/article/032/0003159473?sid=103
https://n.news.naver.com/mnews/article/032/0003157676?sid=103
https://n.news.naver.com/mnews/article/022/0003713432?sid=103
https://n.news.naver.com/mnews/article/005/0001539051?sid=103
https://n.news.naver.com/mnews/article/032/0003159447?sid=103
https://n.news.naver.com/mnews/article/005/0001538022?sid=103
https://n.news.naver.com/mnews/article/469/0000684478?sid=103
https://n.news.naver.com/mnews/article/025/0003208413?sid=103
https://n.news.naver.com/mnews/article/025/0003208682?sid=103
https://n.news.naver.com/mnews/article/005/0001539617?sid=103
https://n.news.naver.com/mnews/article/025/0003207649?sid=103
https://n.news.naver.com/mnews/article/032/0003157639?sid=103
https://n.news.naver.com/mnews/article/025/0003208400?sid=103
100%|████████████████████████████████████████████████████████████████████████████████████| 4/4 [00:03<00:00,  1.23it/s]
https://n.news.naver.com/mnews/article/025/0003209242?sid=103
https://n.news.naver.com/mnews/article/469/0000684627?sid=103
https://n.news.naver.com/mnews/article/025/0003207398?sid=103
https://n.news.naver.com/mnews/article/020/0003439001?sid=103
https://n.news.naver.com/mnews/article/005/0001539503?sid=103
https://n.news.naver.com/mnews/article/025/0003207619?sid=103
https://n.news.naver.com/mnews/article/005/0001537715?sid=103
100%|████████████████████████████████████████████████████████████████████████████████████| 4/4 [00:03<00:00,  1.15it/s]
100%|████████████████████████████████████████████████████████████████████████████████████| 4/4 [00:03<00:00,  1.14it/s]
 75%|███████████████████████████████████████████████████████████████                     | 3/4 [00:03<00:01,  1.11s/it]https://n.news.naver.com/mnews/article/021/0002521111?sid=103
https://n.news.naver.com/mnews/article/005/0001537712?sid=103
https://n.news.naver.com/mnews/article/025/0003207955?sid=103
100%|████████████████████████████████████████████████████████████████████████████████████| 4/4 [00:03<00:00,  1.10it/s]
https://n.news.naver.com/mnews/article/025/0003207956?sid=103
100%|████████████████████████████████████████████████████████████████████████████████████| 4/4 [00:03<00:00,  1.04it/s]
103 237 end
[['103', '238', datetime.datetime(2022, 7, 13, 0, 0), datetime.datetime(2022, 7, 10, 0, 0)], ['103', '238', datetime.datetime(2022, 7, 11, 0, 0), datetime.datetime(2022, 7, 8, 0, 0)], ['103', '238', datetime.datetime(2022, 7, 9, 0, 0), datetime.datetime(2022, 7, 6, 0, 0)], ['103', '238', datetime.datetime(2022, 7, 7, 0, 0), datetime.datetime(2022, 7, 4, 0, 0)], ['103', '238', datetime.datetime(2022, 7, 5, 0, 0), datetime.datetime(2022, 7, 2, 0, 0)], ['103', '238', datetime.datetime(2022, 7, 3, 0, 0), datetime.datetime(2022, 7, 1, 0, 0)]] process :  11
['103', '238', datetime.datetime(2022, 7, 13, 0, 0), datetime.datetime(2022, 7, 10, 0, 0)]
['103', '238', datetime.datetime(2022, 7, 11, 0, 0), datetime.datetime(2022, 7, 8, 0, 0)]
['103', '238', datetime.datetime(2022, 7, 9, 0, 0), datetime.datetime(2022, 7, 6, 0, 0)]
  0%|                                                                                            | 0/4 [00:00<?, ?it/s]['103', '238', datetime.datetime(2022, 7, 7, 0, 0), datetime.datetime(2022, 7, 4, 0, 0)]
['103', '238', datetime.datetime(2022, 7, 5, 0, 0), datetime.datetime(2022, 7, 2, 0, 0)]
  0%|                                                                                            | 0/4 [00:00<?, ?it/s]['103', '238', datetime.datetime(2022, 7, 3, 0, 0), datetime.datetime(2022, 7, 1, 0, 0)]
https://n.news.naver.com/mnews/article/469/0000685161?sid=103
https://n.news.naver.com/mnews/article/023/0003702823?sid=103
https://n.news.naver.com/mnews/article/469/0000684807?sid=103
  0%|                                                                                            | 0/3 [00:00<?, ?it/s]https://n.news.naver.com/mnews/article/469/0000684202?sid=103
https://n.news.naver.com/mnews/article/022/0003711164?sid=103
https://n.news.naver.com/mnews/article/025/0003206630?sid=103
https://n.news.naver.com/mnews/article/025/0003208482?sid=103
 33%|████████████████████████████                                                        | 1/3 [00:00<00:00,  7.87it/s]https://n.news.naver.com/mnews/article/022/0003711164?sid=103
 25%|█████████████████████                                                               | 1/4 [00:00<00:00,  5.58it/s]https://n.news.naver.com/mnews/article/020/0003438250?sid=103
https://n.news.naver.com/mnews/article/469/0000684000?sid=103
https://n.news.naver.com/mnews/article/025/0003208254?sid=103
https://n.news.naver.com/mnews/article/023/0003702031?sid=103
https://n.news.naver.com/mnews/article/022/0003713521?sid=103
https://n.news.naver.com/mnews/article/469/0000684000?sid=103
 25%|█████████████████████                                                               | 1/4 [00:00<00:00,  3.00it/s]https://n.news.naver.com/mnews/article/025/0003207655?sid=103
https://n.news.naver.com/mnews/article/022/0003713521?sid=103
https://n.news.naver.com/mnews/article/022/0003711111?sid=103
https://n.news.naver.com/mnews/article/022/0003711111?sid=103
https://n.news.naver.com/mnews/article/022/0003713481?sid=103
 25%|█████████████████████                                                               | 1/4 [00:00<00:01,  2.25it/s]https://n.news.naver.com/mnews/article/020/0003438726?sid=103
https://n.news.naver.com/mnews/article/022/0003713481?sid=103
https://n.news.naver.com/mnews/article/023/0003701216?sid=103
https://n.news.naver.com/mnews/article/469/0000684438?sid=103
https://n.news.naver.com/mnews/article/023/0003701216?sid=103
https://n.news.naver.com/mnews/article/469/0000685210?sid=103
https://n.news.naver.com/mnews/article/469/0000685210?sid=103
https://n.news.naver.com/mnews/article/020/0003438725?sid=103
https://n.news.naver.com/mnews/article/023/0003701781?sid=103
https://n.news.naver.com/mnews/article/023/0003701201?sid=103
https://n.news.naver.com/mnews/article/023/0003701201?sid=103
https://n.news.naver.com/mnews/article/023/0003702735?sid=103
https://n.news.naver.com/mnews/article/023/0003702735?sid=103
 67%|████████████████████████████████████████████████████████                            | 2/3 [00:00<00:00,  3.40it/s]https://n.news.naver.com/mnews/article/023/0003701346?sid=103
 25%|█████████████████████                                                               | 1/4 [00:00<00:02,  1.21it/s]https://n.news.naver.com/mnews/article/023/0003701346?sid=103
 50%|██████████████████████████████████████████                                          | 2/4 [00:00<00:00,  2.34it/s]https://n.news.naver.com/mnews/article/469/0000685161?sid=103
https://n.news.naver.com/mnews/article/025/0003207359?sid=103
https://n.news.naver.com/mnews/article/023/0003702727?sid=103
https://n.news.naver.com/mnews/article/023/0003702727?sid=103
https://n.news.naver.com/mnews/article/022/0003711164?sid=103
https://n.news.naver.com/mnews/article/025/0003208254?sid=103
https://n.news.naver.com/mnews/article/022/0003711164?sid=103
https://n.news.naver.com/mnews/article/469/0000685161?sid=103
 50%|██████████████████████████████████████████                                          | 2/4 [00:01<00:00,  2.62it/s]https://n.news.naver.com/mnews/article/469/0000684807?sid=103
 25%|█████████████████████                                                               | 1/4 [00:01<00:03,  1.03s/it]https://n.news.naver.com/mnews/article/020/0003439327?sid=103
https://n.news.naver.com/mnews/article/469/0000684000?sid=103
https://n.news.naver.com/mnews/article/469/0000684000?sid=103
 75%|███████████████████████████████████████████████████████████████                     | 3/4 [00:01<00:00,  2.62it/s]https://n.news.naver.com/mnews/article/022/0003713521?sid=103
 50%|██████████████████████████████████████████                                          | 2/4 [00:01<00:00,  2.12it/s]https://n.news.naver.com/mnews/article/023/0003702823?sid=103
https://n.news.naver.com/mnews/article/023/0003702031?sid=103
https://n.news.naver.com/mnews/article/022/0003711111?sid=103
https://n.news.naver.com/mnews/article/025/0003208800?sid=103
https://n.news.naver.com/mnews/article/022/0003711111?sid=103
https://n.news.naver.com/mnews/article/022/0003713481?sid=103
https://n.news.naver.com/mnews/article/025/0003207655?sid=103
https://n.news.naver.com/mnews/article/025/0003208482?sid=103
https://n.news.naver.com/mnews/article/023/0003701216?sid=103
https://n.news.naver.com/mnews/article/023/0003701216?sid=103
https://n.news.naver.com/mnews/article/469/0000685210?sid=103
 75%|███████████████████████████████████████████████████████████████                     | 3/4 [00:01<00:00,  2.74it/s]https://n.news.naver.com/mnews/article/020/0003438726?sid=103
https://n.news.naver.com/mnews/article/022/0003713521?sid=103
https://n.news.naver.com/mnews/article/023/0003701201?sid=103
https://n.news.naver.com/mnews/article/023/0003702735?sid=103
https://n.news.naver.com/mnews/article/023/0003701201?sid=103
https://n.news.naver.com/mnews/article/020/0003438725?sid=103
https://n.news.naver.com/mnews/article/022/0003713481?sid=103
 50%|██████████████████████████████████████████                                          | 2/4 [00:01<00:01,  1.27it/s]https://n.news.naver.com/mnews/article/469/0000684202?sid=103
https://n.news.naver.com/mnews/article/023/0003702727?sid=103
100%|████████████████████████████████████████████████████████████████████████████████████| 4/4 [00:01<00:00,  2.56it/s]
100%|████████████████████████████████████████████████████████████████████████████████████| 3/3 [00:01<00:00,  1.92it/s]
https://n.news.naver.com/mnews/article/469/0000685210?sid=103
 75%|███████████████████████████████████████████████████████████████                     | 3/4 [00:01<00:00,  1.72it/s]https://n.news.naver.com/mnews/article/020/0003438250?sid=103
https://n.news.naver.com/mnews/article/469/0000685161?sid=103
https://n.news.naver.com/mnews/article/023/0003702735?sid=103
https://n.news.naver.com/mnews/article/469/0000684438?sid=103
100%|████████████████████████████████████████████████████████████████████████████████████| 4/4 [00:01<00:00,  2.26it/s]
https://n.news.naver.com/mnews/article/020/0003439241?sid=103
https://n.news.naver.com/mnews/article/023/0003702727?sid=103
https://n.news.naver.com/mnews/article/023/0003701781?sid=103
 75%|███████████████████████████████████████████████████████████████                     | 3/4 [00:01<00:00,  1.72it/s]https://n.news.naver.com/mnews/article/020/0003439327?sid=103
 50%|██████████████████████████████████████████                                          | 2/4 [00:01<00:02,  1.01s/it]https://n.news.naver.com/mnews/article/020/0003439589?sid=103
https://n.news.naver.com/mnews/article/025/0003207359?sid=103
https://n.news.naver.com/mnews/article/025/0003208800?sid=103
100%|████████████████████████████████████████████████████████████████████████████████████| 4/4 [00:02<00:00,  1.91it/s]
https://n.news.naver.com/mnews/article/020/0003439535?sid=103
https://n.news.naver.com/mnews/article/020/0003439241?sid=103
100%|████████████████████████████████████████████████████████████████████████████████████| 4/4 [00:02<00:00,  1.77it/s]
https://n.news.naver.com/mnews/article/025/0003209036?sid=103
https://n.news.naver.com/mnews/article/469/0000685664?sid=103
https://n.news.naver.com/mnews/article/020/0003439517?sid=103
 75%|███████████████████████████████████████████████████████████████                     | 3/4 [00:02<00:00,  1.09it/s]https://n.news.naver.com/mnews/article/469/0000685961?sid=103
100%|████████████████████████████████████████████████████████████████████████████████████| 4/4 [00:02<00:00,  1.42it/s]
103 238 end
[['103', '376', datetime.datetime(2022, 7, 13, 0, 0), datetime.datetime(2022, 7, 10, 0, 0)], ['103', '376', datetime.datetime(2022, 7, 11, 0, 0), datetime.datetime(2022, 7, 8, 0, 0)], ['103', '376', datetime.datetime(2022, 7, 9, 0, 0), datetime.datetime(2022, 7, 6, 0, 0)], ['103', '376', datetime.datetime(2022, 7, 7, 0, 0), datetime.datetime(2022, 7, 4, 0, 0)], ['103', '376', datetime.datetime(2022, 7, 5, 0, 0), datetime.datetime(2022, 7, 2, 0, 0)], ['103', '376', datetime.datetime(2022, 7, 3, 0, 0), datetime.datetime(2022, 7, 1, 0, 0)]] process :  11
['103', '376', datetime.datetime(2022, 7, 13, 0, 0), datetime.datetime(2022, 7, 10, 0, 0)]
['103', '376', datetime.datetime(2022, 7, 11, 0, 0), datetime.datetime(2022, 7, 8, 0, 0)]
  0%|                                                                                            | 0/4 [00:00<?, ?it/s]['103', '376', datetime.datetime(2022, 7, 9, 0, 0), datetime.datetime(2022, 7, 6, 0, 0)]
  0%|                                                                                            | 0/4 [00:00<?, ?it/s]['103', '376', datetime.datetime(2022, 7, 7, 0, 0), datetime.datetime(2022, 7, 4, 0, 0)]
['103', '376', datetime.datetime(2022, 7, 5, 0, 0), datetime.datetime(2022, 7, 2, 0, 0)]
  0%|                                                                                            | 0/4 [00:00<?, ?it/s]https://n.news.naver.com/mnews/article/020/0003438958?sid=103https://n.news.naver.com/mnews/article/020/0003438958?sid=103
https://n.news.naver.com/mnews/article/020/0003438958?sid=103

['103', '376', datetime.datetime(2022, 7, 3, 0, 0), datetime.datetime(2022, 7, 1, 0, 0)]
  0%|                                                                                            | 0/3 [00:00<?, ?it/s]https://n.news.naver.com/mnews/article/020/0003438043?sid=103
https://n.news.naver.com/mnews/article/005/0001537114?sid=103
https://n.news.naver.com/mnews/article/023/0003701096?sid=103
https://n.news.naver.com/mnews/article/020/0003438942?sid=103
https://n.news.naver.com/mnews/article/020/0003438942?sid=103
https://n.news.naver.com/mnews/article/020/0003438942?sid=103
https://n.news.naver.com/mnews/article/022/0003711684?sid=103
https://n.news.naver.com/mnews/article/023/0003701096?sid=103
https://n.news.naver.com/mnews/article/020/0003437619?sid=103
 75%|███████████████████████████████████████████████████████████████                     | 3/4 [00:00<00:00, 11.14it/s]https://n.news.naver.com/mnews/article/020/0003438958?sid=103
https://n.news.naver.com/mnews/article/020/0003437619?sid=103
 25%|█████████████████████                                                               | 1/4 [00:00<00:00,  3.39it/s]https://n.news.naver.com/mnews/article/020/0003438958?sid=103
100%|████████████████████████████████████████████████████████████████████████████████████| 4/4 [00:00<00:00, 13.19it/s]
 33%|████████████████████████████                                                        | 1/3 [00:00<00:00,  3.36it/s]https://n.news.naver.com/mnews/article/005/0001537114?sid=103
100%|████████████████████████████████████████████████████████████████████████████████████| 4/4 [00:00<00:00, 12.11it/s]
https://n.news.naver.com/mnews/article/020/0003438942?sid=103
 25%|█████████████████████                                                               | 1/4 [00:00<00:01,  2.50it/s]https://n.news.naver.com/mnews/article/020/0003438942?sid=103
https://n.news.naver.com/mnews/article/005/0001537276?sid=103
https://n.news.naver.com/mnews/article/023/0003701096?sid=103
100%|████████████████████████████████████████████████████████████████████████████████████| 4/4 [00:00<00:00,  7.99it/s]
 50%|██████████████████████████████████████████                                          | 2/4 [00:00<00:00,  3.69it/s]https://n.news.naver.com/mnews/article/020/0003438958?sid=103
https://n.news.naver.com/mnews/article/022/0003711248?sid=103
https://n.news.naver.com/mnews/article/020/0003437619?sid=103
https://n.news.naver.com/mnews/article/020/0003438942?sid=103
https://n.news.naver.com/mnews/article/020/0003437799?sid=103
 67%|████████████████████████████████████████████████████████                            | 2/3 [00:00<00:00,  3.06it/s]https://n.news.naver.com/mnews/article/005/0001537276?sid=103
100%|████████████████████████████████████████████████████████████████████████████████████| 4/4 [00:00<00:00,  5.50it/s]
https://n.news.naver.com/mnews/article/022/0003711248?sid=103
https://n.news.naver.com/mnews/article/020/0003437799?sid=103
https://n.news.naver.com/mnews/article/005/0001537114?sid=103
100%|████████████████████████████████████████████████████████████████████████████████████| 3/3 [00:01<00:00,  2.70it/s]
https://n.news.naver.com/mnews/article/005/0001537114?sid=103
 50%|██████████████████████████████████████████                                          | 2/4 [00:01<00:01,  1.76it/s]https://n.news.naver.com/mnews/article/020/0003438043?sid=103
https://n.news.naver.com/mnews/article/022/0003711684?sid=103
100%|████████████████████████████████████████████████████████████████████████████████████| 4/4 [00:01<00:00,  2.55it/s]
103 376 end
[['103', '242', datetime.datetime(2022, 7, 13, 0, 0), datetime.datetime(2022, 7, 10, 0, 0)], ['103', '242', datetime.datetime(2022, 7, 11, 0, 0), datetime.datetime(2022, 7, 8, 0, 0)], ['103', '242', datetime.datetime(2022, 7, 9, 0, 0), datetime.datetime(2022, 7, 6, 0, 0)], ['103', '242', datetime.datetime(2022, 7, 7, 0, 0), datetime.datetime(2022, 7, 4, 0, 0)], ['103', '242', datetime.datetime(2022, 7, 5, 0, 0), datetime.datetime(2022, 7, 2, 0, 0)], ['103', '242', datetime.datetime(2022, 7, 3, 0, 0), datetime.datetime(2022, 7, 1, 0, 0)]] process :  11
['103', '242', datetime.datetime(2022, 7, 13, 0, 0), datetime.datetime(2022, 7, 10, 0, 0)]
['103', '242', datetime.datetime(2022, 7, 11, 0, 0), datetime.datetime(2022, 7, 8, 0, 0)]
  0%|                                                                                            | 0/4 [00:00<?, ?it/s]['103', '242', datetime.datetime(2022, 7, 9, 0, 0), datetime.datetime(2022, 7, 6, 0, 0)]
['103', '242', datetime.datetime(2022, 7, 7, 0, 0), datetime.datetime(2022, 7, 4, 0, 0)]
  0%|                                                                                            | 0/4 [00:00<?, ?it/s]['103', '242', datetime.datetime(2022, 7, 5, 0, 0), datetime.datetime(2022, 7, 2, 0, 0)]
  0%|                                                                                            | 0/4 [00:00<?, ?it/s]https://n.news.naver.com/mnews/article/005/0001538920?sid=103
https://n.news.naver.com/mnews/article/022/0003713348?sid=103
['103', '242', datetime.datetime(2022, 7, 3, 0, 0), datetime.datetime(2022, 7, 1, 0, 0)]
  0%|                                                                                            | 0/3 [00:00<?, ?it/s]https://n.news.naver.com/mnews/article/022/0003712571?sid=103
https://n.news.naver.com/mnews/article/020/0003437770?sid=103
https://n.news.naver.com/mnews/article/022/0003711756?sid=103
https://n.news.naver.com/mnews/article/032/0003157049?sid=103
https://n.news.naver.com/mnews/article/469/0000683954?sid=103
https://n.news.naver.com/mnews/article/028/0002597628?sid=103
https://n.news.naver.com/mnews/article/028/0002597322?sid=103
https://n.news.naver.com/mnews/article/021/0002521165?sid=103
https://n.news.naver.com/mnews/article/005/0001537070?sid=103
https://n.news.naver.com/mnews/article/005/0001538919?sid=103
https://n.news.naver.com/mnews/article/005/0001537103?sid=103
https://n.news.naver.com/mnews/article/028/0002597590?sid=103
https://n.news.naver.com/mnews/article/021/0002521164?sid=103
https://n.news.naver.com/mnews/article/020/0003438035?sid=103
https://n.news.naver.com/mnews/article/469/0000683888?sid=103
https://n.news.naver.com/mnews/article/032/0003158690?sid=103
https://n.news.naver.com/mnews/article/032/0003158026?sid=103
https://n.news.naver.com/mnews/article/021/0002520329?sid=103
https://n.news.naver.com/mnews/article/028/0002597854?sid=103
https://n.news.naver.com/mnews/article/028/0002597288?sid=103
https://n.news.naver.com/mnews/article/020/0003439081?sid=103
https://n.news.naver.com/mnews/article/020/0003437607?sid=103
 25%|█████████████████████                                                               | 1/4 [00:00<00:02,  1.45it/s]https://n.news.naver.com/mnews/article/005/0001537292?sid=103
https://n.news.naver.com/mnews/article/005/0001538591?sid=103
https://n.news.naver.com/mnews/article/020/0003438478?sid=103
https://n.news.naver.com/mnews/article/023/0003701591?sid=103
https://n.news.naver.com/mnews/article/021/0002520170?sid=103
 25%|█████████████████████                                                               | 1/4 [00:00<00:02,  1.19it/s]https://n.news.naver.com/mnews/article/022/0003714047?sid=103
https://n.news.naver.com/mnews/article/022/0003711346?sid=103
https://n.news.naver.com/mnews/article/469/0000685058?sid=103
https://n.news.naver.com/mnews/article/005/0001538117?sid=103
https://n.news.naver.com/mnews/article/032/0003157445?sid=103
https://n.news.naver.com/mnews/article/022/0003711345?sid=103
https://n.news.naver.com/mnews/article/021/0002520168?sid=103
https://n.news.naver.com/mnews/article/022/0003714046?sid=103
https://n.news.naver.com/mnews/article/469/0000685052?sid=103
https://n.news.naver.com/mnews/article/025/0003207742?sid=103
https://n.news.naver.com/mnews/article/028/0002597240?sid=103
https://n.news.naver.com/mnews/article/022/0003714043?sid=103
https://n.news.naver.com/mnews/article/032/0003157199?sid=103
https://n.news.naver.com/mnews/article/021/0002520167?sid=103
https://n.news.naver.com/mnews/article/023/0003702450?sid=103
https://n.news.naver.com/mnews/article/023/0003702063?sid=103
https://n.news.naver.com/mnews/article/022/0003711508?sid=103
https://n.news.naver.com/mnews/article/022/0003714042?sid=103
https://n.news.naver.com/mnews/article/005/0001538084?sid=103
https://n.news.naver.com/mnews/article/028/0002596956?sid=103
https://n.news.naver.com/mnews/article/020/0003437794?sid=103
https://n.news.naver.com/mnews/article/023/0003702405?sid=103
https://n.news.naver.com/mnews/article/005/0001537405?sid=103
https://n.news.naver.com/mnews/article/028/0002598213?sid=103
https://n.news.naver.com/mnews/article/023/0003702059?sid=103
https://n.news.naver.com/mnews/article/005/0001536958?sid=103
https://n.news.naver.com/mnews/article/005/0001537193?sid=103
 25%|█████████████████████                                                               | 1/4 [00:01<00:05,  1.69s/it]https://n.news.naver.com/mnews/article/022/0003713492?sid=103
https://n.news.naver.com/mnews/article/028/0002597175?sid=103
https://n.news.naver.com/mnews/article/025/0003208821?sid=103
https://n.news.naver.com/mnews/article/023/0003702058?sid=103
https://n.news.naver.com/mnews/article/023/0003700935?sid=103
 50%|██████████████████████████████████████████                                          | 2/4 [00:01<00:01,  1.23it/s]https://n.news.naver.com/mnews/article/022/0003711756?sid=103
https://n.news.naver.com/mnews/article/020/0003439056?sid=103
https://n.news.naver.com/mnews/article/005/0001537378?sid=103
https://n.news.naver.com/mnews/article/023/0003702057?sid=103
https://n.news.naver.com/mnews/article/005/0001539144?sid=103
https://n.news.naver.com/mnews/article/028/0002597322?sid=103
https://n.news.naver.com/mnews/article/023/0003700931?sid=103
https://n.news.naver.com/mnews/article/021/0002521324?sid=103
https://n.news.naver.com/mnews/article/005/0001538029?sid=103
https://n.news.naver.com/mnews/article/005/0001539143?sid=103
https://n.news.naver.com/mnews/article/020/0003438035?sid=103
https://n.news.naver.com/mnews/article/005/0001537360?sid=103
https://n.news.naver.com/mnews/article/022/0003713447?sid=103
https://n.news.naver.com/mnews/article/023/0003700924?sid=103
https://n.news.naver.com/mnews/article/022/0003712310?sid=103
https://n.news.naver.com/mnews/article/028/0002597288?sid=103
https://n.news.naver.com/mnews/article/032/0003158944?sid=103
https://n.news.naver.com/mnews/article/023/0003701437?sid=103
https://n.news.naver.com/mnews/article/023/0003701591?sid=103
https://n.news.naver.com/mnews/article/005/0001538753?sid=103
 33%|████████████████████████████                                                        | 1/3 [00:02<00:04,  2.31s/it]https://n.news.naver.com/mnews/article/020/0003437770?sid=103
https://n.news.naver.com/mnews/article/028/0002597504?sid=103
https://n.news.naver.com/mnews/article/032/0003157445?sid=103
 50%|██████████████████████████████████████████                                          | 2/4 [00:02<00:02,  1.40s/it]https://n.news.naver.com/mnews/article/005/0001538920?sid=103
https://n.news.naver.com/mnews/article/469/0000683954?sid=103
https://n.news.naver.com/mnews/article/020/0003437858?sid=103
https://n.news.naver.com/mnews/article/020/0003439247?sid=103
https://n.news.naver.com/mnews/article/028/0002597240?sid=103
https://n.news.naver.com/mnews/article/005/0001538919?sid=103
https://n.news.naver.com/mnews/article/028/0002597503?sid=103
https://n.news.naver.com/mnews/article/005/0001537103?sid=103
https://n.news.naver.com/mnews/article/022/0003711508?sid=103
https://n.news.naver.com/mnews/article/023/0003701403?sid=103
https://n.news.naver.com/mnews/article/032/0003158690?sid=103
https://n.news.naver.com/mnews/article/021/0002520329?sid=103
https://n.news.naver.com/mnews/article/005/0001537405?sid=103
https://n.news.naver.com/mnews/article/005/0001539070?sid=103
https://n.news.naver.com/mnews/article/020/0003439081?sid=103
https://n.news.naver.com/mnews/article/022/0003712284?sid=103
 67%|████████████████████████████████████████████████████████                            | 2/3 [00:02<00:01,  1.77s/it]https://n.news.naver.com/mnews/article/005/0001537292?sid=103
https://n.news.naver.com/mnews/article/028/0002597175?sid=103
 75%|███████████████████████████████████████████████████████████████                     | 3/4 [00:02<00:01,  1.11s/it]https://n.news.naver.com/mnews/article/022/0003714047?sid=103
https://n.news.naver.com/mnews/article/022/0003711409?sid=103
https://n.news.naver.com/mnews/article/022/0003713837?sid=103
https://n.news.naver.com/mnews/article/022/0003711346?sid=103
https://n.news.naver.com/mnews/article/032/0003157851?sid=103
https://n.news.naver.com/mnews/article/005/0001537378?sid=103
https://n.news.naver.com/mnews/article/022/0003714046?sid=103
https://n.news.naver.com/mnews/article/005/0001539049?sid=103
https://n.news.naver.com/mnews/article/022/0003711379?sid=103
https://n.news.naver.com/mnews/article/005/0001537360?sid=103
https://n.news.naver.com/mnews/article/022/0003711345?sid=103
https://n.news.naver.com/mnews/article/005/0001537948?sid=103
https://n.news.naver.com/mnews/article/022/0003714043?sid=103
https://n.news.naver.com/mnews/article/028/0002598084?sid=103
https://n.news.naver.com/mnews/article/023/0003701437?sid=103
https://n.news.naver.com/mnews/article/032/0003157199?sid=103
https://n.news.naver.com/mnews/article/022/0003714042?sid=103
https://n.news.naver.com/mnews/article/028/0002598083?sid=103
https://n.news.naver.com/mnews/article/020/0003437858?sid=103
https://n.news.naver.com/mnews/article/023/0003701920?sid=103
https://n.news.naver.com/mnews/article/005/0001537295?sid=103
https://n.news.naver.com/mnews/article/020/0003437794?sid=103
https://n.news.naver.com/mnews/article/028/0002598213?sid=103
https://n.news.naver.com/mnews/article/005/0001539034?sid=103
https://n.news.naver.com/mnews/article/005/0001537193?sid=103
https://n.news.naver.com/mnews/article/023/0003701403?sid=103
https://n.news.naver.com/mnews/article/025/0003208821?sid=103
https://n.news.naver.com/mnews/article/020/0003438287?sid=103
 25%|█████████████████████                                                               | 1/4 [00:03<00:10,  3.45s/it]https://n.news.naver.com/mnews/article/023/0003701850?sid=103
100%|████████████████████████████████████████████████████████████████████████████████████| 3/3 [00:03<00:00,  1.17s/it]
https://n.news.naver.com/mnews/article/022/0003711409?sid=103
https://n.news.naver.com/mnews/article/005/0001539144?sid=103
https://n.news.naver.com/mnews/article/469/0000684579?sid=103
https://n.news.naver.com/mnews/article/023/0003701871?sid=103
https://n.news.naver.com/mnews/article/022/0003711379?sid=103
https://n.news.naver.com/mnews/article/020/0003439140?sid=103
https://n.news.naver.com/mnews/article/005/0001539143?sid=103
 25%|█████████████████████                                                               | 1/4 [00:03<00:11,  3.72s/it]https://n.news.naver.com/mnews/article/005/0001537295?sid=103
https://n.news.naver.com/mnews/article/005/0001538385?sid=103
https://n.news.naver.com/mnews/article/032/0003158944?sid=103
https://n.news.naver.com/mnews/article/005/0001537870?sid=103
https://n.news.naver.com/mnews/article/023/0003702917?sid=103
 75%|███████████████████████████████████████████████████████████████                     | 3/4 [00:03<00:01,  1.18s/it]https://n.news.naver.com/mnews/article/023/0003701850?sid=103
https://n.news.naver.com/mnews/article/032/0003158236?sid=103
https://n.news.naver.com/mnews/article/020/0003439247?sid=103
https://n.news.naver.com/mnews/article/469/0000684579?sid=103
https://n.news.naver.com/mnews/article/020/0003439138?sid=103
https://n.news.naver.com/mnews/article/469/0000684519?sid=103
https://n.news.naver.com/mnews/article/005/0001539070?sid=103
https://n.news.naver.com/mnews/article/005/0001537870?sid=103
https://n.news.naver.com/mnews/article/032/0003158233?sid=103
https://n.news.naver.com/mnews/article/022/0003713837?sid=103
https://n.news.naver.com/mnews/article/469/0000684519?sid=103
 50%|██████████████████████████████████████████                                          | 2/4 [00:04<00:03,  1.59s/it]https://n.news.naver.com/mnews/article/022/0003714478?sid=103
https://n.news.naver.com/mnews/article/005/0001539049?sid=103
https://n.news.naver.com/mnews/article/005/0001537782?sid=103
https://n.news.naver.com/mnews/article/005/0001537782?sid=103
https://n.news.naver.com/mnews/article/032/0003159304?sid=103
https://n.news.naver.com/mnews/article/028/0002597694?sid=103
https://n.news.naver.com/mnews/article/028/0002598084?sid=103
https://n.news.naver.com/mnews/article/005/0001537695?sid=103
https://n.news.naver.com/mnews/article/005/0001537695?sid=103
https://n.news.naver.com/mnews/article/028/0002598083?sid=103
https://n.news.naver.com/mnews/article/005/0001539441?sid=103
https://n.news.naver.com/mnews/article/022/0003712759?sid=103
https://n.news.naver.com/mnews/article/005/0001539034?sid=103
https://n.news.naver.com/mnews/article/005/0001537638?sid=103
https://n.news.naver.com/mnews/article/005/0001537638?sid=103
https://n.news.naver.com/mnews/article/005/0001538304?sid=103
https://n.news.naver.com/mnews/article/028/0002598324?sid=103
https://n.news.naver.com/mnews/article/020/0003439140?sid=103
https://n.news.naver.com/mnews/article/022/0003714345?sid=103
https://n.news.naver.com/mnews/article/028/0002597656?sid=103
https://n.news.naver.com/mnews/article/020/0003438060?sid=103
https://n.news.naver.com/mnews/article/023/0003702917?sid=103
https://n.news.naver.com/mnews/article/020/0003438060?sid=103
https://n.news.naver.com/mnews/article/032/0003159238?sid=103
https://n.news.naver.com/mnews/article/005/0001538294?sid=103
https://n.news.naver.com/mnews/article/020/0003439138?sid=103
https://n.news.naver.com/mnews/article/022/0003711789?sid=103
https://n.news.naver.com/mnews/article/022/0003711789?sid=103
https://n.news.naver.com/mnews/article/005/0001539379?sid=103
100%|████████████████████████████████████████████████████████████████████████████████████| 4/4 [00:05<00:00,  1.26s/it]
https://n.news.naver.com/mnews/article/023/0003702194?sid=103
https://n.news.naver.com/mnews/article/022/0003711786?sid=103
https://n.news.naver.com/mnews/article/022/0003711786?sid=103
https://n.news.naver.com/mnews/article/028/0002598283?sid=103
https://n.news.naver.com/mnews/article/025/0003207892?sid=103
100%|████████████████████████████████████████████████████████████████████████████████████| 4/4 [00:05<00:00,  1.33s/it]
 50%|██████████████████████████████████████████                                          | 2/4 [00:05<00:05,  2.97s/it]https://n.news.naver.com/mnews/article/022/0003712571?sid=103
https://n.news.naver.com/mnews/article/469/0000685682?sid=103
 50%|██████████████████████████████████████████                                          | 2/4 [00:05<00:06,  3.11s/it]https://n.news.naver.com/mnews/article/022/0003713348?sid=103
https://n.news.naver.com/mnews/article/028/0002597628?sid=103
https://n.news.naver.com/mnews/article/023/0003703252?sid=103
https://n.news.naver.com/mnews/article/028/0002597590?sid=103
https://n.news.naver.com/mnews/article/021/0002521165?sid=103
https://n.news.naver.com/mnews/article/028/0002598254?sid=103
https://n.news.naver.com/mnews/article/032/0003158026?sid=103
https://n.news.naver.com/mnews/article/021/0002521164?sid=103
https://n.news.naver.com/mnews/article/028/0002598235?sid=103
https://n.news.naver.com/mnews/article/020/0003438478?sid=103
https://n.news.naver.com/mnews/article/028/0002597854?sid=103
https://n.news.naver.com/mnews/article/005/0001539290?sid=103
https://n.news.naver.com/mnews/article/005/0001539284?sid=103
https://n.news.naver.com/mnews/article/005/0001538117?sid=103
https://n.news.naver.com/mnews/article/005/0001538591?sid=103
https://n.news.naver.com/mnews/article/025/0003207742?sid=103
https://n.news.naver.com/mnews/article/469/0000685058?sid=103
https://n.news.naver.com/mnews/article/023/0003703144?sid=103
https://n.news.naver.com/mnews/article/023/0003702063?sid=103
https://n.news.naver.com/mnews/article/469/0000685052?sid=103
https://n.news.naver.com/mnews/article/005/0001538084?sid=103
https://n.news.naver.com/mnews/article/020/0003439405?sid=103
https://n.news.naver.com/mnews/article/023/0003702450?sid=103
https://n.news.naver.com/mnews/article/023/0003702059?sid=103
https://n.news.naver.com/mnews/article/022/0003714102?sid=103
https://n.news.naver.com/mnews/article/023/0003702405?sid=103
https://n.news.naver.com/mnews/article/023/0003702058?sid=103
 75%|███████████████████████████████████████████████████████████████                     | 3/4 [00:06<00:01,  1.81s/it]https://n.news.naver.com/mnews/article/023/0003703558?sid=103
 75%|███████████████████████████████████████████████████████████████                     | 3/4 [00:06<00:02,  2.50s/it]https://n.news.naver.com/mnews/article/022/0003713492?sid=103
https://n.news.naver.com/mnews/article/023/0003702057?sid=103
https://n.news.naver.com/mnews/article/022/0003714831?sid=103
https://n.news.naver.com/mnews/article/020/0003439056?sid=103
https://n.news.naver.com/mnews/article/005/0001538029?sid=103
https://n.news.naver.com/mnews/article/005/0001539726?sid=103
https://n.news.naver.com/mnews/article/021/0002521324?sid=103
https://n.news.naver.com/mnews/article/022/0003712310?sid=103
https://n.news.naver.com/mnews/article/022/0003713447?sid=103
https://n.news.naver.com/mnews/article/005/0001539706?sid=103
https://n.news.naver.com/mnews/article/028/0002597504?sid=103
https://n.news.naver.com/mnews/article/005/0001538753?sid=103
https://n.news.naver.com/mnews/article/005/0001539688?sid=103
https://n.news.naver.com/mnews/article/028/0002597503?sid=103
https://n.news.naver.com/mnews/article/028/0002598408?sid=103
100%|████████████████████████████████████████████████████████████████████████████████████| 4/4 [00:07<00:00,  1.77s/it]
https://n.news.naver.com/mnews/article/022/0003712284?sid=103
https://n.news.naver.com/mnews/article/005/0001539605?sid=103
https://n.news.naver.com/mnews/article/032/0003157851?sid=103
https://n.news.naver.com/mnews/article/469/0000685796?sid=103
https://n.news.naver.com/mnews/article/005/0001537948?sid=103
https://n.news.naver.com/mnews/article/020/0003439623?sid=103
https://n.news.naver.com/mnews/article/023/0003701920?sid=103
https://n.news.naver.com/mnews/article/023/0003703342?sid=103
https://n.news.naver.com/mnews/article/020/0003438287?sid=103
100%|████████████████████████████████████████████████████████████████████████████████████| 4/4 [00:07<00:00,  1.91s/it]
https://n.news.naver.com/mnews/article/023/0003701871?sid=103
 75%|███████████████████████████████████████████████████████████████                     | 3/4 [00:07<00:02,  2.82s/it]https://n.news.naver.com/mnews/article/005/0001538385?sid=103
https://n.news.naver.com/mnews/article/032/0003158236?sid=103
https://n.news.naver.com/mnews/article/032/0003158233?sid=103
https://n.news.naver.com/mnews/article/028/0002597694?sid=103
https://n.news.naver.com/mnews/article/022/0003712759?sid=103
https://n.news.naver.com/mnews/article/005/0001538304?sid=103
https://n.news.naver.com/mnews/article/028/0002597656?sid=103
https://n.news.naver.com/mnews/article/005/0001538294?sid=103
https://n.news.naver.com/mnews/article/023/0003702194?sid=103
https://n.news.naver.com/mnews/article/025/0003207892?sid=103
100%|████████████████████████████████████████████████████████████████████████████████████| 4/4 [00:08<00:00,  2.21s/it]
103 242 end
[['103', '243', datetime.datetime(2022, 7, 13, 0, 0), datetime.datetime(2022, 7, 10, 0, 0)], ['103', '243', datetime.datetime(2022, 7, 11, 0, 0), datetime.datetime(2022, 7, 8, 0, 0)], ['103', '243', datetime.datetime(2022, 7, 9, 0, 0), datetime.datetime(2022, 7, 6, 0, 0)], ['103', '243', datetime.datetime(2022, 7, 7, 0, 0), datetime.datetime(2022, 7, 4, 0, 0)], ['103', '243', datetime.datetime(2022, 7, 5, 0, 0), datetime.datetime(2022, 7, 2, 0, 0)], ['103', '243', datetime.datetime(2022, 7, 3, 0, 0), datetime.datetime(2022, 7, 1, 0, 0)]] process :  11
['103', '243', datetime.datetime(2022, 7, 13, 0, 0), datetime.datetime(2022, 7, 10, 0, 0)]
['103', '243', datetime.datetime(2022, 7, 11, 0, 0), datetime.datetime(2022, 7, 8, 0, 0)]
  0%|                                                                                            | 0/4 [00:00<?, ?it/s]['103', '243', datetime.datetime(2022, 7, 9, 0, 0), datetime.datetime(2022, 7, 6, 0, 0)]
['103', '243', datetime.datetime(2022, 7, 7, 0, 0), datetime.datetime(2022, 7, 4, 0, 0)]
  0%|                                                                                            | 0/4 [00:00<?, ?it/s]https://n.news.naver.com/mnews/article/032/0003158705?sid=103
https://n.news.naver.com/mnews/article/032/0003158577?sid=103
https://n.news.naver.com/mnews/article/032/0003157529?sid=103https://n.news.naver.com/mnews/article/028/0002597623?sid=103

['103', '243', datetime.datetime(2022, 7, 5, 0, 0), datetime.datetime(2022, 7, 2, 0, 0)]
['103', '243', datetime.datetime(2022, 7, 3, 0, 0), datetime.datetime(2022, 7, 1, 0, 0)]
  0%|                                                                                            | 0/3 [00:00<?, ?it/s]https://n.news.naver.com/mnews/article/021/0002520356?sid=103
https://n.news.naver.com/mnews/article/032/0003157016?sid=103
https://n.news.naver.com/mnews/article/469/0000684769?sid=103
https://n.news.naver.com/mnews/article/025/0003207232?sid=103
https://n.news.naver.com/mnews/article/032/0003157015?sid=103
https://n.news.naver.com/mnews/article/023/0003701199?sid=103
https://n.news.naver.com/mnews/article/020/0003439083?sid=103
https://n.news.naver.com/mnews/article/032/0003158576?sid=103
https://n.news.naver.com/mnews/article/023/0003701194?sid=103
https://n.news.naver.com/mnews/article/469/0000684680?sid=103
https://n.news.naver.com/mnews/article/032/0003157468?sid=103
https://n.news.naver.com/mnews/article/032/0003157014?sid=103
https://n.news.naver.com/mnews/article/021/0002521334?sid=103
https://n.news.naver.com/mnews/article/032/0003158575?sid=103
https://n.news.naver.com/mnews/article/023/0003701188?sid=103
https://n.news.naver.com/mnews/article/020/0003438415?sid=103
https://n.news.naver.com/mnews/article/032/0003157348?sid=103
https://n.news.naver.com/mnews/article/021/0002521333?sid=103
https://n.news.naver.com/mnews/article/023/0003701187?sid=103
https://n.news.naver.com/mnews/article/032/0003157013?sid=103
https://n.news.naver.com/mnews/article/028/0002597183?sid=103
https://n.news.naver.com/mnews/article/032/0003158574?sid=103
https://n.news.naver.com/mnews/article/021/0002520841?sid=103
 25%|█████████████████████                                                               | 1/4 [00:00<00:02,  1.31it/s]https://n.news.naver.com/mnews/article/032/0003158996?sid=103
https://n.news.naver.com/mnews/article/032/0003157012?sid=103
https://n.news.naver.com/mnews/article/023/0003701186?sid=103
https://n.news.naver.com/mnews/article/020/0003437860?sid=103
https://n.news.naver.com/mnews/article/469/0000685503?sid=103
https://n.news.naver.com/mnews/article/032/0003157011?sid=103
https://n.news.naver.com/mnews/article/020/0003437721?sid=103
https://n.news.naver.com/mnews/article/032/0003158573?sid=103
 25%|█████████████████████                                                               | 1/4 [00:01<00:03,  1.06s/it]https://n.news.naver.com/mnews/article/028/0002597474?sid=103
https://n.news.naver.com/mnews/article/023/0003701921?sid=103
https://n.news.naver.com/mnews/article/032/0003158915?sid=103
https://n.news.naver.com/mnews/article/023/0003701184?sid=103
https://n.news.naver.com/mnews/article/032/0003157010?sid=103
https://n.news.naver.com/mnews/article/032/0003158572?sid=103
https://n.news.naver.com/mnews/article/469/0000685408?sid=103
https://n.news.naver.com/mnews/article/032/0003157721?sid=103
https://n.news.naver.com/mnews/article/020/0003438285?sid=103
https://n.news.naver.com/mnews/article/020/0003437719?sid=103
https://n.news.naver.com/mnews/article/032/0003158571?sid=103
https://n.news.naver.com/mnews/article/032/0003157009?sid=103
https://n.news.naver.com/mnews/article/020/0003439143?sid=103
https://n.news.naver.com/mnews/article/020/0003437717?sid=103
https://n.news.naver.com/mnews/article/022/0003712231?sid=103
https://n.news.naver.com/mnews/article/032/0003158560?sid=103
https://n.news.naver.com/mnews/article/023/0003701625?sid=103
https://n.news.naver.com/mnews/article/028/0002597027?sid=103
https://n.news.naver.com/mnews/article/022/0003713729?sid=103
https://n.news.naver.com/mnews/article/020/0003437716?sid=103
 50%|██████████████████████████████████████████                                          | 2/4 [00:01<00:01,  1.07it/s]https://n.news.naver.com/mnews/article/028/0002597623?sid=103
 25%|█████████████████████                                                               | 1/4 [00:01<00:05,  1.70s/it]https://n.news.naver.com/mnews/article/023/0003702395?sid=103
https://n.news.naver.com/mnews/article/032/0003158498?sid=103
https://n.news.naver.com/mnews/article/020/0003437672?sid=103
https://n.news.naver.com/mnews/article/469/0000684769?sid=103
https://n.news.naver.com/mnews/article/020/0003437715?sid=103
 50%|██████████████████████████████████████████                                          | 2/4 [00:01<00:01,  1.17it/s]https://n.news.naver.com/mnews/article/469/0000685736?sid=103
https://n.news.naver.com/mnews/article/020/0003438917?sid=103
https://n.news.naver.com/mnews/article/028/0002597823?sid=103
https://n.news.naver.com/mnews/article/032/0003156969?sid=103
https://n.news.naver.com/mnews/article/469/0000684680?sid=103
https://n.news.naver.com/mnews/article/032/0003159288?sid=103
https://n.news.naver.com/mnews/article/023/0003701181?sid=103
https://n.news.naver.com/mnews/article/032/0003158486?sid=103
https://n.news.naver.com/mnews/article/020/0003438415?sid=103
https://n.news.naver.com/mnews/article/028/0002597822?sid=103
https://n.news.naver.com/mnews/article/032/0003156962?sid=103
https://n.news.naver.com/mnews/article/020/0003437714?sid=103
https://n.news.naver.com/mnews/article/028/0002598310?sid=103
https://n.news.naver.com/mnews/article/021/0002520841?sid=103
https://n.news.naver.com/mnews/article/028/0002597821?sid=103
https://n.news.naver.com/mnews/article/032/0003156945?sid=103
https://n.news.naver.com/mnews/article/020/0003438903?sid=103
https://n.news.naver.com/mnews/article/023/0003701921?sid=103
https://n.news.naver.com/mnews/article/020/0003437713?sid=103
https://n.news.naver.com/mnews/article/032/0003159218?sid=103
https://n.news.naver.com/mnews/article/020/0003438285?sid=103
https://n.news.naver.com/mnews/article/005/0001538459?sid=103
https://n.news.naver.com/mnews/article/032/0003159190?sid=103
https://n.news.naver.com/mnews/article/032/0003158462?sid=103
https://n.news.naver.com/mnews/article/032/0003156928?sid=103
https://n.news.naver.com/mnews/article/020/0003437712?sid=103
https://n.news.naver.com/mnews/article/022/0003712231?sid=103
https://n.news.naver.com/mnews/article/021/0002521610?sid=103
https://n.news.naver.com/mnews/article/032/0003158461?sid=103
https://n.news.naver.com/mnews/article/005/0001538458?sid=103
 75%|███████████████████████████████████████████████████████████████                     | 3/4 [00:02<00:00,  1.07it/s]https://n.news.naver.com/mnews/article/023/0003702395?sid=103
https://n.news.naver.com/mnews/article/032/0003156925?sid=103
https://n.news.naver.com/mnews/article/023/0003701180?sid=103
https://n.news.naver.com/mnews/article/021/0002521602?sid=103
https://n.news.naver.com/mnews/article/028/0002597823?sid=103
https://n.news.naver.com/mnews/article/005/0001538457?sid=103
https://n.news.naver.com/mnews/article/469/0000685094?sid=103
https://n.news.naver.com/mnews/article/469/0000685607?sid=103
https://n.news.naver.com/mnews/article/028/0002597822?sid=103
https://n.news.naver.com/mnews/article/020/0003437711?sid=103
https://n.news.naver.com/mnews/article/020/0003437606?sid=103
https://n.news.naver.com/mnews/article/469/0000685591?sid=103
https://n.news.naver.com/mnews/article/028/0002597821?sid=103
https://n.news.naver.com/mnews/article/469/0000685089?sid=103
https://n.news.naver.com/mnews/article/005/0001538449?sid=103
https://n.news.naver.com/mnews/article/020/0003437710?sid=103
https://n.news.naver.com/mnews/article/021/0002520187?sid=103
https://n.news.naver.com/mnews/article/020/0003439400?sid=103
https://n.news.naver.com/mnews/article/005/0001538459?sid=103
https://n.news.naver.com/mnews/article/023/0003703101?sid=103
https://n.news.naver.com/mnews/article/005/0001538447?sid=103
https://n.news.naver.com/mnews/article/021/0002521153?sid=103
https://n.news.naver.com/mnews/article/023/0003701179?sid=103
https://n.news.naver.com/mnews/article/005/0001538458?sid=103
https://n.news.naver.com/mnews/article/021/0002520185?sid=103
https://n.news.naver.com/mnews/article/005/0001538457?sid=103
 75%|███████████████████████████████████████████████████████████████                     | 3/4 [00:03<00:01,  1.04s/it]https://n.news.naver.com/mnews/article/021/0002521921?sid=103
https://n.news.naver.com/mnews/article/005/0001538446?sid=103
https://n.news.naver.com/mnews/article/021/0002520177?sid=103
https://n.news.naver.com/mnews/article/023/0003701177?sid=103
https://n.news.naver.com/mnews/article/005/0001538449?sid=103
https://n.news.naver.com/mnews/article/021/0002521152?sid=103
https://n.news.naver.com/mnews/article/032/0003159525?sid=103
https://n.news.naver.com/mnews/article/005/0001538447?sid=103
https://n.news.naver.com/mnews/article/020/0003439768?sid=103
https://n.news.naver.com/mnews/article/005/0001538445?sid=103
https://n.news.naver.com/mnews/article/023/0003701176?sid=103
https://n.news.naver.com/mnews/article/021/0002520176?sid=103
https://n.news.naver.com/mnews/article/021/0002521151?sid=103
https://n.news.naver.com/mnews/article/005/0001538446?sid=103
https://n.news.naver.com/mnews/article/021/0002521792?sid=103
https://n.news.naver.com/mnews/article/005/0001538444?sid=103
https://n.news.naver.com/mnews/article/005/0001538445?sid=103
https://n.news.naver.com/mnews/article/020/0003437704?sid=103
https://n.news.naver.com/mnews/article/021/0002520175?sid=103
https://n.news.naver.com/mnews/article/022/0003714632?sid=103
https://n.news.naver.com/mnews/article/021/0002521150?sid=103
https://n.news.naver.com/mnews/article/005/0001538444?sid=103
https://n.news.naver.com/mnews/article/023/0003701175?sid=103
100%|████████████████████████████████████████████████████████████████████████████████████| 4/4 [00:03<00:00,  1.03it/s]
https://n.news.naver.com/mnews/article/005/0001538443?sid=103
https://n.news.naver.com/mnews/article/028/0002596953?sid=103
https://n.news.naver.com/mnews/article/021/0002521149?sid=103
https://n.news.naver.com/mnews/article/005/0001538443?sid=103
https://n.news.naver.com/mnews/article/469/0000685080?sid=103
https://n.news.naver.com/mnews/article/023/0003701173?sid=103
https://n.news.naver.com/mnews/article/005/0001538442?sid=103
https://n.news.naver.com/mnews/article/005/0001538442?sid=103
https://n.news.naver.com/mnews/article/028/0002596952?sid=103
https://n.news.naver.com/mnews/article/028/0002597800?sid=103
https://n.news.naver.com/mnews/article/028/0002597800?sid=103
https://n.news.naver.com/mnews/article/469/0000685079?sid=103
https://n.news.naver.com/mnews/article/028/0002596951?sid=103
https://n.news.naver.com/mnews/article/023/0003701172?sid=103
https://n.news.naver.com/mnews/article/032/0003158315?sid=103
https://n.news.naver.com/mnews/article/032/0003158315?sid=103
https://n.news.naver.com/mnews/article/021/0002521145?sid=103
https://n.news.naver.com/mnews/article/028/0002596950?sid=103
https://n.news.naver.com/mnews/article/022/0003711010?sid=103
https://n.news.naver.com/mnews/article/469/0000685078?sid=103
https://n.news.naver.com/mnews/article/005/0001538416?sid=103
https://n.news.naver.com/mnews/article/005/0001538416?sid=103
https://n.news.naver.com/mnews/article/022/0003711009?sid=103
https://n.news.naver.com/mnews/article/028/0002596948?sid=103
https://n.news.naver.com/mnews/article/469/0000685076?sid=103
https://n.news.naver.com/mnews/article/032/0003158249?sid=103
https://n.news.naver.com/mnews/article/032/0003158249?sid=103
https://n.news.naver.com/mnews/article/022/0003711008?sid=103
https://n.news.naver.com/mnews/article/028/0002596947?sid=103
https://n.news.naver.com/mnews/article/021/0002521143?sid=103
https://n.news.naver.com/mnews/article/469/0000684891?sid=103
https://n.news.naver.com/mnews/article/469/0000684891?sid=103
https://n.news.naver.com/mnews/article/022/0003711007?sid=103
https://n.news.naver.com/mnews/article/028/0002597850?sid=103
https://n.news.naver.com/mnews/article/020/0003438529?sid=103
https://n.news.naver.com/mnews/article/028/0002596946?sid=103
https://n.news.naver.com/mnews/article/020/0003438529?sid=103
https://n.news.naver.com/mnews/article/020/0003438526?sid=103
https://n.news.naver.com/mnews/article/022/0003711006?sid=103
https://n.news.naver.com/mnews/article/028/0002596945?sid=103
https://n.news.naver.com/mnews/article/028/0002597849?sid=103
https://n.news.naver.com/mnews/article/020/0003438526?sid=103
https://n.news.naver.com/mnews/article/022/0003711004?sid=103
 50%|██████████████████████████████████████████                                          | 2/4 [00:05<00:04,  2.29s/it]https://n.news.naver.com/mnews/article/032/0003158577?sid=103
100%|████████████████████████████████████████████████████████████████████████████████████| 4/4 [00:05<00:00,  1.35s/it]
https://n.news.naver.com/mnews/article/028/0002597848?sid=103
https://n.news.naver.com/mnews/article/028/0002596944?sid=103
https://n.news.naver.com/mnews/article/032/0003158576?sid=103
https://n.news.naver.com/mnews/article/022/0003711003?sid=103
https://n.news.naver.com/mnews/article/028/0002597847?sid=103
https://n.news.naver.com/mnews/article/032/0003158575?sid=103
https://n.news.naver.com/mnews/article/028/0002596942?sid=103
https://n.news.naver.com/mnews/article/028/0002597844?sid=103
https://n.news.naver.com/mnews/article/032/0003158574?sid=103
https://n.news.naver.com/mnews/article/022/0003710993?sid=103
https://n.news.naver.com/mnews/article/028/0002596941?sid=103
https://n.news.naver.com/mnews/article/032/0003158573?sid=103
https://n.news.naver.com/mnews/article/028/0002597843?sid=103
https://n.news.naver.com/mnews/article/022/0003710992?sid=103
https://n.news.naver.com/mnews/article/028/0002596940?sid=103
https://n.news.naver.com/mnews/article/032/0003158572?sid=103
https://n.news.naver.com/mnews/article/028/0002597842?sid=103
https://n.news.naver.com/mnews/article/032/0003158571?sid=103
https://n.news.naver.com/mnews/article/028/0002596939?sid=103
 25%|█████████████████████                                                               | 1/4 [00:06<00:18,  6.15s/it]https://n.news.naver.com/mnews/article/021/0002520356?sid=103
https://n.news.naver.com/mnews/article/032/0003158560?sid=103
https://n.news.naver.com/mnews/article/028/0002597841?sid=103
 50%|██████████████████████████████████████████                                          | 2/4 [00:06<00:08,  4.34s/it]https://n.news.naver.com/mnews/article/032/0003157529?sid=103
https://n.news.naver.com/mnews/article/032/0003158498?sid=103
https://n.news.naver.com/mnews/article/028/0002596938?sid=103
https://n.news.naver.com/mnews/article/025/0003207232?sid=103
https://n.news.naver.com/mnews/article/020/0003438917?sid=103
https://n.news.naver.com/mnews/article/028/0002597840?sid=103
https://n.news.naver.com/mnews/article/032/0003157468?sid=103
https://n.news.naver.com/mnews/article/028/0002596937?sid=103
https://n.news.naver.com/mnews/article/032/0003158486?sid=103
https://n.news.naver.com/mnews/article/028/0002597839?sid=103
https://n.news.naver.com/mnews/article/032/0003157348?sid=103
https://n.news.naver.com/mnews/article/020/0003438903?sid=103
https://n.news.naver.com/mnews/article/028/0002596936?sid=103
https://n.news.naver.com/mnews/article/028/0002597183?sid=103
https://n.news.naver.com/mnews/article/032/0003158462?sid=103
https://n.news.naver.com/mnews/article/028/0002597838?sid=103
https://n.news.naver.com/mnews/article/020/0003437860?sid=103
https://n.news.naver.com/mnews/article/028/0002596934?sid=103
https://n.news.naver.com/mnews/article/032/0003158461?sid=103
 75%|███████████████████████████████████████████████████████████████                     | 3/4 [00:06<00:03,  3.23s/it]https://n.news.naver.com/mnews/article/028/0002597474?sid=103
https://n.news.naver.com/mnews/article/028/0002597837?sid=103
https://n.news.naver.com/mnews/article/469/0000685094?sid=103
https://n.news.naver.com/mnews/article/028/0002596933?sid=103
https://n.news.naver.com/mnews/article/032/0003157721?sid=103
https://n.news.naver.com/mnews/article/028/0002597835?sid=103
https://n.news.naver.com/mnews/article/469/0000685089?sid=103
https://n.news.naver.com/mnews/article/023/0003701625?sid=103
https://n.news.naver.com/mnews/article/469/0000683804?sid=103
https://n.news.naver.com/mnews/article/028/0002597834?sid=103
https://n.news.naver.com/mnews/article/021/0002521153?sid=103
100%|████████████████████████████████████████████████████████████████████████████████████| 4/4 [00:07<00:00,  1.81s/it]
https://n.news.naver.com/mnews/article/021/0002521152?sid=103
https://n.news.naver.com/mnews/article/469/0000683801?sid=103
https://n.news.naver.com/mnews/article/028/0002597833?sid=103
https://n.news.naver.com/mnews/article/021/0002521151?sid=103
https://n.news.naver.com/mnews/article/469/0000683794?sid=103
https://n.news.naver.com/mnews/article/021/0002521150?sid=103
https://n.news.naver.com/mnews/article/028/0002597832?sid=103
https://n.news.naver.com/mnews/article/021/0002521149?sid=103
https://n.news.naver.com/mnews/article/469/0000683792?sid=103
https://n.news.naver.com/mnews/article/028/0002597831?sid=103
https://n.news.naver.com/mnews/article/469/0000685080?sid=103
https://n.news.naver.com/mnews/article/469/0000685079?sid=103
https://n.news.naver.com/mnews/article/005/0001536959?sid=103
https://n.news.naver.com/mnews/article/028/0002597830?sid=103
https://n.news.naver.com/mnews/article/021/0002521145?sid=103
https://n.news.naver.com/mnews/article/020/0003437496?sid=103
https://n.news.naver.com/mnews/article/469/0000685051?sid=103
https://n.news.naver.com/mnews/article/469/0000685078?sid=103
https://n.news.naver.com/mnews/article/469/0000685076?sid=103
https://n.news.naver.com/mnews/article/020/0003437494?sid=103
https://n.news.naver.com/mnews/article/469/0000685045?sid=103
https://n.news.naver.com/mnews/article/021/0002521143?sid=103
https://n.news.naver.com/mnews/article/005/0001538556?sid=103
 33%|████████████████████████████                                                        | 1/3 [00:08<00:16,  8.46s/it]https://n.news.naver.com/mnews/article/021/0002520356?sid=103
https://n.news.naver.com/mnews/article/028/0002597850?sid=103
https://n.news.naver.com/mnews/article/023/0003701199?sid=103
https://n.news.naver.com/mnews/article/028/0002597849?sid=103
 25%|█████████████████████                                                               | 1/4 [00:08<00:25,  8.65s/it]https://n.news.naver.com/mnews/article/021/0002521334?sid=103
https://n.news.naver.com/mnews/article/028/0002597848?sid=103
https://n.news.naver.com/mnews/article/023/0003701194?sid=103
https://n.news.naver.com/mnews/article/021/0002521333?sid=103
https://n.news.naver.com/mnews/article/028/0002597847?sid=103
https://n.news.naver.com/mnews/article/023/0003701188?sid=103
https://n.news.naver.com/mnews/article/005/0001538751?sid=103
https://n.news.naver.com/mnews/article/023/0003701187?sid=103
https://n.news.naver.com/mnews/article/028/0002597844?sid=103
https://n.news.naver.com/mnews/article/023/0003701186?sid=103
https://n.news.naver.com/mnews/article/028/0002597843?sid=103
https://n.news.naver.com/mnews/article/023/0003702724?sid=103
https://n.news.naver.com/mnews/article/020/0003437721?sid=103
https://n.news.naver.com/mnews/article/028/0002597842?sid=103
https://n.news.naver.com/mnews/article/023/0003702722?sid=103
https://n.news.naver.com/mnews/article/023/0003701184?sid=103
https://n.news.naver.com/mnews/article/028/0002597841?sid=103
https://n.news.naver.com/mnews/article/020/0003437719?sid=103
https://n.news.naver.com/mnews/article/028/0002597840?sid=103
https://n.news.naver.com/mnews/article/023/0003702719?sid=103
https://n.news.naver.com/mnews/article/028/0002597839?sid=103
https://n.news.naver.com/mnews/article/020/0003437717?sid=103
https://n.news.naver.com/mnews/article/020/0003437716?sid=103
https://n.news.naver.com/mnews/article/028/0002597838?sid=103
https://n.news.naver.com/mnews/article/023/0003702718?sid=103
https://n.news.naver.com/mnews/article/020/0003437715?sid=103
https://n.news.naver.com/mnews/article/028/0002597837?sid=103
https://n.news.naver.com/mnews/article/023/0003702716?sid=103
https://n.news.naver.com/mnews/article/023/0003701181?sid=103
https://n.news.naver.com/mnews/article/028/0002597835?sid=103
https://n.news.naver.com/mnews/article/020/0003437714?sid=103
https://n.news.naver.com/mnews/article/028/0002597834?sid=103
https://n.news.naver.com/mnews/article/023/0003702714?sid=103
https://n.news.naver.com/mnews/article/020/0003437713?sid=103
https://n.news.naver.com/mnews/article/028/0002597833?sid=103
https://n.news.naver.com/mnews/article/023/0003702709?sid=103
https://n.news.naver.com/mnews/article/020/0003437712?sid=103
https://n.news.naver.com/mnews/article/028/0002597832?sid=103
https://n.news.naver.com/mnews/article/023/0003701180?sid=103
https://n.news.naver.com/mnews/article/023/0003702708?sid=103
https://n.news.naver.com/mnews/article/028/0002597831?sid=103
https://n.news.naver.com/mnews/article/020/0003437711?sid=103
https://n.news.naver.com/mnews/article/028/0002597830?sid=103
https://n.news.naver.com/mnews/article/020/0003439044?sid=103
https://n.news.naver.com/mnews/article/020/0003437710?sid=103
https://n.news.naver.com/mnews/article/469/0000685051?sid=103
https://n.news.naver.com/mnews/article/023/0003702702?sid=103
https://n.news.naver.com/mnews/article/023/0003701179?sid=103
https://n.news.naver.com/mnews/article/469/0000685045?sid=103
https://n.news.naver.com/mnews/article/023/0003701177?sid=103
https://n.news.naver.com/mnews/article/020/0003439043?sid=103
https://n.news.naver.com/mnews/article/005/0001538556?sid=103
https://n.news.naver.com/mnews/article/023/0003701176?sid=103
 75%|███████████████████████████████████████████████████████████████                     | 3/4 [00:10<00:03,  3.24s/it]https://n.news.naver.com/mnews/article/021/0002521334?sid=103
https://n.news.naver.com/mnews/article/020/0003437704?sid=103
https://n.news.naver.com/mnews/article/020/0003439042?sid=103
https://n.news.naver.com/mnews/article/021/0002521333?sid=103
https://n.news.naver.com/mnews/article/023/0003701175?sid=103
https://n.news.naver.com/mnews/article/005/0001538751?sid=103
https://n.news.naver.com/mnews/article/020/0003439041?sid=103
https://n.news.naver.com/mnews/article/023/0003701173?sid=103
https://n.news.naver.com/mnews/article/023/0003702724?sid=103
https://n.news.naver.com/mnews/article/023/0003701172?sid=103
https://n.news.naver.com/mnews/article/023/0003702699?sid=103
https://n.news.naver.com/mnews/article/023/0003702722?sid=103
https://n.news.naver.com/mnews/article/022/0003711010?sid=103
https://n.news.naver.com/mnews/article/023/0003702719?sid=103
https://n.news.naver.com/mnews/article/023/0003702697?sid=103
https://n.news.naver.com/mnews/article/022/0003711009?sid=103
https://n.news.naver.com/mnews/article/023/0003702718?sid=103
https://n.news.naver.com/mnews/article/022/0003711008?sid=103
https://n.news.naver.com/mnews/article/023/0003702716?sid=103
https://n.news.naver.com/mnews/article/020/0003439039?sid=103
https://n.news.naver.com/mnews/article/022/0003711007?sid=103
https://n.news.naver.com/mnews/article/023/0003702714?sid=103
https://n.news.naver.com/mnews/article/022/0003711006?sid=103
https://n.news.naver.com/mnews/article/020/0003439036?sid=103
https://n.news.naver.com/mnews/article/023/0003702709?sid=103
https://n.news.naver.com/mnews/article/022/0003711004?sid=103
https://n.news.naver.com/mnews/article/023/0003702691?sid=103
https://n.news.naver.com/mnews/article/023/0003702708?sid=103
https://n.news.naver.com/mnews/article/022/0003711003?sid=103
https://n.news.naver.com/mnews/article/020/0003439044?sid=103
https://n.news.naver.com/mnews/article/023/0003702690?sid=103
https://n.news.naver.com/mnews/article/022/0003710993?sid=103
https://n.news.naver.com/mnews/article/023/0003702702?sid=103
https://n.news.naver.com/mnews/article/022/0003710992?sid=103
https://n.news.naver.com/mnews/article/023/0003702679?sid=103
https://n.news.naver.com/mnews/article/020/0003439043?sid=103
 67%|████████████████████████████████████████████████████████                            | 2/3 [00:12<00:07,  7.07s/it]https://n.news.naver.com/mnews/article/021/0002520356?sid=103
https://n.news.naver.com/mnews/article/020/0003439042?sid=103
https://n.news.naver.com/mnews/article/020/0003439033?sid=103
100%|████████████████████████████████████████████████████████████████████████████████████| 3/3 [00:12<00:00,  4.14s/it]
https://n.news.naver.com/mnews/article/020/0003439041?sid=103
https://n.news.naver.com/mnews/article/023/0003702699?sid=103
https://n.news.naver.com/mnews/article/020/0003439031?sid=103
https://n.news.naver.com/mnews/article/023/0003702697?sid=103
https://n.news.naver.com/mnews/article/020/0003439039?sid=103
https://n.news.naver.com/mnews/article/020/0003439029?sid=103
https://n.news.naver.com/mnews/article/020/0003439036?sid=103
https://n.news.naver.com/mnews/article/020/0003439026?sid=103
https://n.news.naver.com/mnews/article/023/0003702691?sid=103
https://n.news.naver.com/mnews/article/023/0003702690?sid=103
https://n.news.naver.com/mnews/article/020/0003439023?sid=103
https://n.news.naver.com/mnews/article/023/0003702679?sid=103
https://n.news.naver.com/mnews/article/022/0003713386?sid=103
https://n.news.naver.com/mnews/article/020/0003439033?sid=103
https://n.news.naver.com/mnews/article/020/0003439031?sid=103
https://n.news.naver.com/mnews/article/022/0003713385?sid=103
https://n.news.naver.com/mnews/article/020/0003439029?sid=103
https://n.news.naver.com/mnews/article/022/0003713384?sid=103
https://n.news.naver.com/mnews/article/020/0003439026?sid=103
https://n.news.naver.com/mnews/article/020/0003439023?sid=103
https://n.news.naver.com/mnews/article/022/0003713383?sid=103
https://n.news.naver.com/mnews/article/022/0003713386?sid=103
https://n.news.naver.com/mnews/article/022/0003713385?sid=103
https://n.news.naver.com/mnews/article/022/0003713381?sid=103
https://n.news.naver.com/mnews/article/022/0003713384?sid=103
https://n.news.naver.com/mnews/article/022/0003713383?sid=103
https://n.news.naver.com/mnews/article/022/0003713380?sid=103
https://n.news.naver.com/mnews/article/022/0003713381?sid=103
https://n.news.naver.com/mnews/article/022/0003713379?sid=103
https://n.news.naver.com/mnews/article/022/0003713380?sid=103
https://n.news.naver.com/mnews/article/022/0003713379?sid=103
https://n.news.naver.com/mnews/article/022/0003713376?sid=103
https://n.news.naver.com/mnews/article/022/0003713376?sid=103
https://n.news.naver.com/mnews/article/022/0003713367?sid=103
https://n.news.naver.com/mnews/article/022/0003713367?sid=103
 50%|██████████████████████████████████████████                                          | 2/4 [00:14<00:15,  7.94s/it]https://n.news.naver.com/mnews/article/032/0003158705?sid=103
100%|████████████████████████████████████████████████████████████████████████████████████| 4/4 [00:14<00:00,  3.74s/it]
https://n.news.naver.com/mnews/article/020/0003439083?sid=103
https://n.news.naver.com/mnews/article/021/0002521334?sid=103
https://n.news.naver.com/mnews/article/021/0002521333?sid=103
 75%|███████████████████████████████████████████████████████████████                     | 3/4 [00:15<00:05,  5.68s/it]https://n.news.naver.com/mnews/article/032/0003158996?sid=103
https://n.news.naver.com/mnews/article/469/0000685503?sid=103
https://n.news.naver.com/mnews/article/032/0003158915?sid=103
https://n.news.naver.com/mnews/article/469/0000685408?sid=103
https://n.news.naver.com/mnews/article/020/0003439143?sid=103
https://n.news.naver.com/mnews/article/022/0003713729?sid=103
100%|████████████████████████████████████████████████████████████████████████████████████| 4/4 [00:16<00:00,  4.00s/it]
103 243 end
[['103', '244', datetime.datetime(2022, 7, 13, 0, 0), datetime.datetime(2022, 7, 10, 0, 0)], ['103', '244', datetime.datetime(2022, 7, 11, 0, 0), datetime.datetime(2022, 7, 8, 0, 0)], ['103', '244', datetime.datetime(2022, 7, 9, 0, 0), datetime.datetime(2022, 7, 6, 0, 0)], ['103', '244', datetime.datetime(2022, 7, 7, 0, 0), datetime.datetime(2022, 7, 4, 0, 0)], ['103', '244', datetime.datetime(2022, 7, 5, 0, 0), datetime.datetime(2022, 7, 2, 0, 0)], ['103', '244', datetime.datetime(2022, 7, 3, 0, 0), datetime.datetime(2022, 7, 1, 0, 0)]] process :  11
['103', '244', datetime.datetime(2022, 7, 13, 0, 0), datetime.datetime(2022, 7, 10, 0, 0)]
['103', '244', datetime.datetime(2022, 7, 11, 0, 0), datetime.datetime(2022, 7, 8, 0, 0)]
  0%|                                                                                            | 0/4 [00:00<?, ?it/s]['103', '244', datetime.datetime(2022, 7, 9, 0, 0), datetime.datetime(2022, 7, 6, 0, 0)]
  0%|                                                                                            | 0/4 [00:00<?, ?it/s]https://n.news.naver.com/mnews/article/005/0001538901?sid=103
https://n.news.naver.com/mnews/article/005/0001538715?sid=103
https://n.news.naver.com/mnews/article/022/0003712562?sid=103
['103', '244', datetime.datetime(2022, 7, 7, 0, 0), datetime.datetime(2022, 7, 4, 0, 0)]
['103', '244', datetime.datetime(2022, 7, 5, 0, 0), datetime.datetime(2022, 7, 2, 0, 0)]
['103', '244', datetime.datetime(2022, 7, 3, 0, 0), datetime.datetime(2022, 7, 1, 0, 0)]
  0%|                                                                                            | 0/3 [00:00<?, ?it/s]https://n.news.naver.com/mnews/article/005/0001537143?sid=103
https://n.news.naver.com/mnews/article/005/0001537588?sid=103
https://n.news.naver.com/mnews/article/005/0001537073?sid=103
https://n.news.naver.com/mnews/article/005/0001538890?sid=103
https://n.news.naver.com/mnews/article/005/0001537584?sid=103
https://n.news.naver.com/mnews/article/005/0001538158?sid=103
https://n.news.naver.com/mnews/article/005/0001537067?sid=103
https://n.news.naver.com/mnews/article/005/0001538712?sid=103
https://n.news.naver.com/mnews/article/022/0003711129?sid=103
https://n.news.naver.com/mnews/article/005/0001538866?sid=103
https://n.news.naver.com/mnews/article/005/0001538689?sid=103
https://n.news.naver.com/mnews/article/005/0001537522?sid=103
https://n.news.naver.com/mnews/article/005/0001536978?sid=103
https://n.news.naver.com/mnews/article/005/0001538157?sid=103
https://n.news.naver.com/mnews/article/005/0001537092?sid=103
https://n.news.naver.com/mnews/article/005/0001538864?sid=103
https://n.news.naver.com/mnews/article/005/0001538646?sid=103
https://n.news.naver.com/mnews/article/005/0001537500?sid=103
https://n.news.naver.com/mnews/article/005/0001537091?sid=103
https://n.news.naver.com/mnews/article/005/0001536904?sid=103
https://n.news.naver.com/mnews/article/005/0001538082?sid=103
https://n.news.naver.com/mnews/article/005/0001537476?sid=103
https://n.news.naver.com/mnews/article/005/0001538857?sid=103
https://n.news.naver.com/mnews/article/005/0001538644?sid=103
https://n.news.naver.com/mnews/article/005/0001537090?sid=103
https://n.news.naver.com/mnews/article/005/0001536903?sid=103
https://n.news.naver.com/mnews/article/005/0001537926?sid=103
https://n.news.naver.com/mnews/article/005/0001537454?sid=103
https://n.news.naver.com/mnews/article/005/0001538847?sid=103
https://n.news.naver.com/mnews/article/005/0001538635?sid=103
https://n.news.naver.com/mnews/article/005/0001537089?sid=103
https://n.news.naver.com/mnews/article/005/0001537318?sid=103
https://n.news.naver.com/mnews/article/005/0001536902?sid=103
https://n.news.naver.com/mnews/article/005/0001537925?sid=103
https://n.news.naver.com/mnews/article/005/0001538818?sid=103
https://n.news.naver.com/mnews/article/005/0001537087?sid=103
https://n.news.naver.com/mnews/article/005/0001538617?sid=103
https://n.news.naver.com/mnews/article/005/0001536901?sid=103
https://n.news.naver.com/mnews/article/005/0001537924?sid=103
https://n.news.naver.com/mnews/article/005/0001537317?sid=103
https://n.news.naver.com/mnews/article/005/0001538805?sid=103
https://n.news.naver.com/mnews/article/005/0001537923?sid=103
https://n.news.naver.com/mnews/article/005/0001536900?sid=103
https://n.news.naver.com/mnews/article/005/0001538508?sid=103
https://n.news.naver.com/mnews/article/005/0001537316?sid=103
 25%|█████████████████████                                                               | 1/4 [00:01<00:03,  1.32s/it]https://n.news.naver.com/mnews/article/005/0001539208?sid=103
https://n.news.naver.com/mnews/article/005/0001538507?sid=103
https://n.news.naver.com/mnews/article/005/0001536899?sid=103
https://n.news.naver.com/mnews/article/005/0001537315?sid=103
https://n.news.naver.com/mnews/article/005/0001537922?sid=103
https://n.news.naver.com/mnews/article/005/0001539164?sid=103
https://n.news.naver.com/mnews/article/005/0001537086?sid=103
https://n.news.naver.com/mnews/article/005/0001537314?sid=103
https://n.news.naver.com/mnews/article/005/0001538506?sid=103
https://n.news.naver.com/mnews/article/005/0001539150?sid=103
https://n.news.naver.com/mnews/article/005/0001537085?sid=103
https://n.news.naver.com/mnews/article/005/0001536898?sid=103
https://n.news.naver.com/mnews/article/005/0001537921?sid=103
https://n.news.naver.com/mnews/article/028/0002598170?sid=103
https://n.news.naver.com/mnews/article/005/0001537313?sid=103
https://n.news.naver.com/mnews/article/005/0001537920?sid=103
https://n.news.naver.com/mnews/article/005/0001536897?sid=103
https://n.news.naver.com/mnews/article/005/0001539135?sid=103
https://n.news.naver.com/mnews/article/005/0001538505?sid=103
https://n.news.naver.com/mnews/article/005/0001537083?sid=103
https://n.news.naver.com/mnews/article/005/0001537312?sid=103
https://n.news.naver.com/mnews/article/005/0001537919?sid=103
https://n.news.naver.com/mnews/article/005/0001536896?sid=103
https://n.news.naver.com/mnews/article/005/0001539131?sid=103
https://n.news.naver.com/mnews/article/005/0001538504?sid=103
https://n.news.naver.com/mnews/article/005/0001537073?sid=103
https://n.news.naver.com/mnews/article/005/0001537918?sid=103
https://n.news.naver.com/mnews/article/005/0001537311?sid=103
https://n.news.naver.com/mnews/article/005/0001536895?sid=103
https://n.news.naver.com/mnews/article/005/0001538503?sid=103
https://n.news.naver.com/mnews/article/005/0001537067?sid=103
https://n.news.naver.com/mnews/article/032/0003158973?sid=103
https://n.news.naver.com/mnews/article/005/0001537310?sid=103
 25%|█████████████████████                                                               | 1/4 [00:02<00:07,  2.44s/it]https://n.news.naver.com/mnews/article/005/0001537916?sid=103
https://n.news.naver.com/mnews/article/005/0001537277?sid=103
https://n.news.naver.com/mnews/article/005/0001539098?sid=103
https://n.news.naver.com/mnews/article/005/0001536894?sid=103
https://n.news.naver.com/mnews/article/005/0001538502?sid=103
https://n.news.naver.com/mnews/article/005/0001537252?sid=103
https://n.news.naver.com/mnews/article/005/0001537309?sid=103
https://n.news.naver.com/mnews/article/005/0001538501?sid=103
https://n.news.naver.com/mnews/article/005/0001537915?sid=103
https://n.news.naver.com/mnews/article/005/0001538961?sid=103
https://n.news.naver.com/mnews/article/005/0001537236?sid=103
https://n.news.naver.com/mnews/article/005/0001538500?sid=103
https://n.news.naver.com/mnews/article/005/0001537308?sid=103
https://n.news.naver.com/mnews/article/005/0001537914?sid=103
https://n.news.naver.com/mnews/article/005/0001538960?sid=103
https://n.news.naver.com/mnews/article/005/0001537228?sid=103
https://n.news.naver.com/mnews/article/005/0001538959?sid=103
https://n.news.naver.com/mnews/article/005/0001537307?sid=103
https://n.news.naver.com/mnews/article/005/0001537913?sid=103
https://n.news.naver.com/mnews/article/005/0001536893?sid=103
https://n.news.naver.com/mnews/article/005/0001537211?sid=103
https://n.news.naver.com/mnews/article/005/0001538499?sid=103
https://n.news.naver.com/mnews/article/005/0001538958?sid=103
https://n.news.naver.com/mnews/article/005/0001537306?sid=103
https://n.news.naver.com/mnews/article/005/0001537912?sid=103
https://n.news.naver.com/mnews/article/005/0001537206?sid=103
https://n.news.naver.com/mnews/article/005/0001536892?sid=103
https://n.news.naver.com/mnews/article/005/0001538498?sid=103
https://n.news.naver.com/mnews/article/005/0001538957?sid=103
https://n.news.naver.com/mnews/article/005/0001537305?sid=103
https://n.news.naver.com/mnews/article/005/0001536891?sid=103
https://n.news.naver.com/mnews/article/005/0001537192?sid=103
 25%|█████████████████████                                                               | 1/4 [00:03<00:10,  3.49s/it]https://n.news.naver.com/mnews/article/005/0001538497?sid=103
https://n.news.naver.com/mnews/article/005/0001538420?sid=103
https://n.news.naver.com/mnews/article/005/0001538956?sid=103
https://n.news.naver.com/mnews/article/005/0001537304?sid=103
https://n.news.naver.com/mnews/article/005/0001536890?sid=103
https://n.news.naver.com/mnews/article/005/0001537167?sid=103
https://n.news.naver.com/mnews/article/005/0001538496?sid=103
https://n.news.naver.com/mnews/article/005/0001538955?sid=103
https://n.news.naver.com/mnews/article/005/0001538403?sid=103
https://n.news.naver.com/mnews/article/005/0001537303?sid=103
https://n.news.naver.com/mnews/article/005/0001536889?sid=103
https://n.news.naver.com/mnews/article/005/0001538495?sid=103
https://n.news.naver.com/mnews/article/005/0001538954?sid=103
https://n.news.naver.com/mnews/article/005/0001537161?sid=103
https://n.news.naver.com/mnews/article/005/0001538381?sid=103
https://n.news.naver.com/mnews/article/005/0001537302?sid=103
https://n.news.naver.com/mnews/article/005/0001536888?sid=103
https://n.news.naver.com/mnews/article/005/0001538494?sid=103
https://n.news.naver.com/mnews/article/005/0001537143?sid=103
https://n.news.naver.com/mnews/article/005/0001538953?sid=103
https://n.news.naver.com/mnews/article/005/0001538377?sid=103
https://n.news.naver.com/mnews/article/005/0001537301?sid=103
https://n.news.naver.com/mnews/article/005/0001536887?sid=103
https://n.news.naver.com/mnews/article/022/0003711129?sid=103
https://n.news.naver.com/mnews/article/005/0001538493?sid=103
https://n.news.naver.com/mnews/article/005/0001538375?sid=103https://n.news.naver.com/mnews/article/005/0001538952?sid=103

https://n.news.naver.com/mnews/article/005/0001537092?sid=103
https://n.news.naver.com/mnews/article/005/0001538319?sid=103
https://n.news.naver.com/mnews/article/005/0001537091?sid=103
https://n.news.naver.com/mnews/article/005/0001538951?sid=103
https://n.news.naver.com/mnews/article/025/0003207027?sid=103
https://n.news.naver.com/mnews/article/005/0001538492?sid=103
https://n.news.naver.com/mnews/article/005/0001537090?sid=103
https://n.news.naver.com/mnews/article/005/0001536886?sid=103
https://n.news.naver.com/mnews/article/005/0001538214?sid=103
https://n.news.naver.com/mnews/article/005/0001538950?sid=103
https://n.news.naver.com/mnews/article/005/0001537089?sid=103
 25%|█████████████████████                                                               | 1/4 [00:04<00:13,  4.64s/it]https://n.news.naver.com/mnews/article/005/0001537898?sid=103
https://n.news.naver.com/mnews/article/005/0001536885?sid=103
https://n.news.naver.com/mnews/article/005/0001537087?sid=103
https://n.news.naver.com/mnews/article/005/0001538213?sid=103
https://n.news.naver.com/mnews/article/005/0001538491?sid=103
https://n.news.naver.com/mnews/article/005/0001538949?sid=103
https://n.news.naver.com/mnews/article/005/0001537897?sid=103
https://n.news.naver.com/mnews/article/005/0001537086?sid=103
https://n.news.naver.com/mnews/article/005/0001538212?sid=103
https://n.news.naver.com/mnews/article/005/0001536884?sid=103
https://n.news.naver.com/mnews/article/005/0001538490?sid=103
 50%|██████████████████████████████████████████                                          | 2/4 [00:04<00:04,  2.46s/it]https://n.news.naver.com/mnews/article/005/0001537588?sid=103
https://n.news.naver.com/mnews/article/005/0001537882?sid=103
https://n.news.naver.com/mnews/article/005/0001538948?sid=103
https://n.news.naver.com/mnews/article/005/0001537584?sid=103
https://n.news.naver.com/mnews/article/005/0001538211?sid=103
 33%|████████████████████████████                                                        | 1/3 [00:05<00:10,  5.10s/it]https://n.news.naver.com/mnews/article/005/0001537143?sid=103
https://n.news.naver.com/mnews/article/020/0003438765?sid=103
https://n.news.naver.com/mnews/article/005/0001537522?sid=103https://n.news.naver.com/mnews/article/005/0001537862?sid=103

https://n.news.naver.com/mnews/article/005/0001538947?sid=103
https://n.news.naver.com/mnews/article/005/0001538210?sid=103
https://n.news.naver.com/mnews/article/022/0003711129?sid=103
https://n.news.naver.com/mnews/article/005/0001538489?sid=103
https://n.news.naver.com/mnews/article/005/0001537500?sid=103
https://n.news.naver.com/mnews/article/005/0001537092?sid=103
https://n.news.naver.com/mnews/article/005/0001537857?sid=103
https://n.news.naver.com/mnews/article/025/0003208668?sid=103
https://n.news.naver.com/mnews/article/005/0001538488?sid=103
https://n.news.naver.com/mnews/article/005/0001538209?sid=103
https://n.news.naver.com/mnews/article/005/0001537476?sid=103
https://n.news.naver.com/mnews/article/005/0001537091?sid=103
https://n.news.naver.com/mnews/article/005/0001537851?sid=103
https://n.news.naver.com/mnews/article/005/0001537454?sid=103
 50%|██████████████████████████████████████████                                          | 2/4 [00:05<00:04,  2.20s/it]https://n.news.naver.com/mnews/article/005/0001538208?sid=103
https://n.news.naver.com/mnews/article/005/0001537090?sid=103
https://n.news.naver.com/mnews/article/005/0001539475?sid=103
https://n.news.naver.com/mnews/article/005/0001538487?sid=103
https://n.news.naver.com/mnews/article/005/0001537318?sid=103
https://n.news.naver.com/mnews/article/005/0001537089?sid=103
https://n.news.naver.com/mnews/article/005/0001538483?sid=103
https://n.news.naver.com/mnews/article/005/0001537837?sid=103
https://n.news.naver.com/mnews/article/005/0001538207?sid=103
https://n.news.naver.com/mnews/article/005/0001539470?sid=103
https://n.news.naver.com/mnews/article/005/0001537317?sid=103
https://n.news.naver.com/mnews/article/005/0001537087?sid=103
 25%|█████████████████████                                                               | 1/4 [00:05<00:17,  5.89s/it]https://n.news.naver.com/mnews/article/005/0001538790?sid=103
https://n.news.naver.com/mnews/article/005/0001537316?sid=103
https://n.news.naver.com/mnews/article/005/0001537086?sid=103
https://n.news.naver.com/mnews/article/005/0001538206?sid=103
https://n.news.naver.com/mnews/article/005/0001539469?sid=103
https://n.news.naver.com/mnews/article/022/0003712074?sid=103
https://n.news.naver.com/mnews/article/005/0001537085?sid=103
https://n.news.naver.com/mnews/article/005/0001537315?sid=103
https://n.news.naver.com/mnews/article/005/0001538780?sid=103
https://n.news.naver.com/mnews/article/005/0001539468?sid=103
https://n.news.naver.com/mnews/article/005/0001537314?sid=103
https://n.news.naver.com/mnews/article/005/0001537083?sid=103
https://n.news.naver.com/mnews/article/005/0001538205?sid=103
https://n.news.naver.com/mnews/article/022/0003711903?sid=103
https://n.news.naver.com/mnews/article/005/0001539453?sid=103
https://n.news.naver.com/mnews/article/005/0001537313?sid=103
https://n.news.naver.com/mnews/article/005/0001537073?sid=103
https://n.news.naver.com/mnews/article/005/0001538736?sid=103
https://n.news.naver.com/mnews/article/005/0001537616?sid=103
https://n.news.naver.com/mnews/article/005/0001538204?sid=103
https://n.news.naver.com/mnews/article/005/0001537312?sid=103
https://n.news.naver.com/mnews/article/005/0001537067?sid=103
https://n.news.naver.com/mnews/article/005/0001539447?sid=103
https://n.news.naver.com/mnews/article/005/0001537311?sid=103
https://n.news.naver.com/mnews/article/005/0001538735?sid=103
 67%|████████████████████████████████████████████████████████                            | 2/3 [00:06<00:03,  3.98s/it]https://n.news.naver.com/mnews/article/005/0001537277?sid=103
https://n.news.naver.com/mnews/article/005/0001538203?sid=103
https://n.news.naver.com/mnews/article/005/0001537615?sid=103
https://n.news.naver.com/mnews/article/005/0001537310?sid=103
https://n.news.naver.com/mnews/article/005/0001539387?sid=103
https://n.news.naver.com/mnews/article/005/0001537252?sid=103
https://n.news.naver.com/mnews/article/005/0001537614?sid=103
https://n.news.naver.com/mnews/article/005/0001537309?sid=103
https://n.news.naver.com/mnews/article/005/0001538202?sid=103
https://n.news.naver.com/mnews/article/005/0001537236?sid=103
https://n.news.naver.com/mnews/article/005/0001538734?sid=103
https://n.news.naver.com/mnews/article/032/0003159190?sid=103
https://n.news.naver.com/mnews/article/005/0001537308?sid=103
https://n.news.naver.com/mnews/article/005/0001537228?sid=103
https://n.news.naver.com/mnews/article/005/0001537613?sid=103
https://n.news.naver.com/mnews/article/005/0001538733?sid=103
https://n.news.naver.com/mnews/article/005/0001538201?sid=103
https://n.news.naver.com/mnews/article/005/0001539360?sid=103
https://n.news.naver.com/mnews/article/005/0001537307?sid=103
https://n.news.naver.com/mnews/article/005/0001537211?sid=103
https://n.news.naver.com/mnews/article/005/0001539234?sid=103
https://n.news.naver.com/mnews/article/005/0001537612?sid=103
https://n.news.naver.com/mnews/article/005/0001537306?sid=103
https://n.news.naver.com/mnews/article/005/0001538731?sid=103
https://n.news.naver.com/mnews/article/005/0001537206?sid=103
 50%|██████████████████████████████████████████                                          | 2/4 [00:07<00:07,  3.51s/it]https://n.news.naver.com/mnews/article/005/0001538715?sid=103
https://n.news.naver.com/mnews/article/005/0001537305?sid=103
https://n.news.naver.com/mnews/article/005/0001537192?sid=103
https://n.news.naver.com/mnews/article/005/0001539233?sid=103
https://n.news.naver.com/mnews/article/005/0001538712?sid=103
https://n.news.naver.com/mnews/article/005/0001537611?sid=103
https://n.news.naver.com/mnews/article/005/0001538730?sid=103
https://n.news.naver.com/mnews/article/005/0001537304?sid=103
https://n.news.naver.com/mnews/article/005/0001538689?sid=103
https://n.news.naver.com/mnews/article/005/0001539232?sid=103
https://n.news.naver.com/mnews/article/005/0001537167?sid=103
https://n.news.naver.com/mnews/article/005/0001537303?sid=103
https://n.news.naver.com/mnews/article/005/0001537610?sid=103
https://n.news.naver.com/mnews/article/005/0001538646?sid=103
https://n.news.naver.com/mnews/article/005/0001538729?sid=103
https://n.news.naver.com/mnews/article/005/0001539231?sid=103
https://n.news.naver.com/mnews/article/005/0001537161?sid=103
https://n.news.naver.com/mnews/article/005/0001537302?sid=103
https://n.news.naver.com/mnews/article/005/0001538644?sid=103
https://n.news.naver.com/mnews/article/005/0001539230?sid=103
https://n.news.naver.com/mnews/article/005/0001537609?sid=103
https://n.news.naver.com/mnews/article/005/0001538727?sid=103
https://n.news.naver.com/mnews/article/005/0001537143?sid=103
https://n.news.naver.com/mnews/article/005/0001537301?sid=103
https://n.news.naver.com/mnews/article/005/0001538635?sid=103
https://n.news.naver.com/mnews/article/022/0003711129?sid=103
https://n.news.naver.com/mnews/article/025/0003207027?sid=103
https://n.news.naver.com/mnews/article/005/0001538724?sid=103
https://n.news.naver.com/mnews/article/005/0001537608?sid=103
https://n.news.naver.com/mnews/article/005/0001538617?sid=103
https://n.news.naver.com/mnews/article/005/0001539229?sid=103
https://n.news.naver.com/mnews/article/005/0001537092?sid=103
 75%|███████████████████████████████████████████████████████████████                     | 3/4 [00:07<00:02,  2.57s/it]https://n.news.naver.com/mnews/article/005/0001537898?sid=103
https://n.news.naver.com/mnews/article/005/0001539228?sid=103
https://n.news.naver.com/mnews/article/005/0001538508?sid=103
https://n.news.naver.com/mnews/article/005/0001537091?sid=103
https://n.news.naver.com/mnews/article/005/0001538715?sid=103
https://n.news.naver.com/mnews/article/005/0001537607?sid=103
https://n.news.naver.com/mnews/article/005/0001537897?sid=103
https://n.news.naver.com/mnews/article/005/0001538507?sid=103
HTTPSConnectionPool(host='n.news.naver.com', port=443): Read timed out. (read timeout=10)
https://n.news.naver.com/mnews/article/005/0001539228?sid=103
HTTPSConnectionPool(host='n.news.naver.com', port=443): Read timed out. (read timeout=10)
https://n.news.naver.com/mnews/article/005/0001537091?sid=103
HTTPSConnectionPool(host='n.news.naver.com', port=443): Read timed out. (read timeout=10)
https://n.news.naver.com/mnews/article/005/0001538715?sid=103
HTTPSConnectionPool(host='n.news.naver.com', port=443): Read timed out. (read timeout=10)
https://n.news.naver.com/mnews/article/005/0001537607?sid=103
HTTPSConnectionPool(host='n.news.naver.com', port=443): Read timed out. (read timeout=10)
https://n.news.naver.com/mnews/article/005/0001537897?sid=103
HTTPSConnectionPool(host='n.news.naver.com', port=443): Read timed out. (read timeout=10)
https://n.news.naver.com/mnews/article/005/0001538507?sid=103
https://n.news.naver.com/mnews/article/005/0001537090?sid=103
https://n.news.naver.com/mnews/article/005/0001539227?sid=103
https://n.news.naver.com/mnews/article/005/0001538712?sid=103
https://n.news.naver.com/mnews/article/005/0001537882?sid=103
https://n.news.naver.com/mnews/article/005/0001538506?sid=103
https://n.news.naver.com/mnews/article/005/0001537089?sid=103
https://n.news.naver.com/mnews/article/005/0001538689?sid=103
https://n.news.naver.com/mnews/article/005/0001537606?sid=103
https://n.news.naver.com/mnews/article/005/0001537862?sid=103
https://n.news.naver.com/mnews/article/005/0001539226?sid=103
https://n.news.naver.com/mnews/article/005/0001538505?sid=103
https://n.news.naver.com/mnews/article/005/0001537087?sid=103
https://n.news.naver.com/mnews/article/005/0001538646?sid=103
https://n.news.naver.com/mnews/article/005/0001537857?sid=103
https://n.news.naver.com/mnews/article/005/0001539225?sid=103
https://n.news.naver.com/mnews/article/005/0001538504?sid=103
https://n.news.naver.com/mnews/article/005/0001537086?sid=103
https://n.news.naver.com/mnews/article/005/0001537604?sid=103
 50%|██████████████████████████████████████████                                          | 2/4 [01:18<00:51, 25.87s/it]https://n.news.naver.com/mnews/article/005/0001538901?sid=103
https://n.news.naver.com/mnews/article/005/0001537851?sid=103
https://n.news.naver.com/mnews/article/005/0001539224?sid=103
https://n.news.naver.com/mnews/article/005/0001538503?sid=103
100%|████████████████████████████████████████████████████████████████████████████████████| 3/3 [01:18<00:00, 26.15s/it]
https://n.news.naver.com/mnews/article/005/0001538890?sid=103
https://n.news.naver.com/mnews/article/005/0001537837?sid=103
https://n.news.naver.com/mnews/article/005/0001537603?sid=103
https://n.news.naver.com/mnews/article/005/0001538502?sid=103
https://n.news.naver.com/mnews/article/005/0001538866?sid=103
https://n.news.naver.com/mnews/article/022/0003712074?sid=103
https://n.news.naver.com/mnews/article/005/0001539223?sid=103
https://n.news.naver.com/mnews/article/005/0001538501?sid=103
https://n.news.naver.com/mnews/article/005/0001537602?sid=103
https://n.news.naver.com/mnews/article/005/0001538864?sid=103
https://n.news.naver.com/mnews/article/022/0003711903?sid=103
https://n.news.naver.com/mnews/article/005/0001538500?sid=103
https://n.news.naver.com/mnews/article/005/0001539222?sid=103
https://n.news.naver.com/mnews/article/005/0001538857?sid=103
https://n.news.naver.com/mnews/article/005/0001537601?sid=103
https://n.news.naver.com/mnews/article/005/0001537616?sid=103
https://n.news.naver.com/mnews/article/005/0001538499?sid=103
https://n.news.naver.com/mnews/article/005/0001538847?sid=103
https://n.news.naver.com/mnews/article/005/0001537615?sid=103
https://n.news.naver.com/mnews/article/005/0001539221?sid=103
https://n.news.naver.com/mnews/article/005/0001538498?sid=103
https://n.news.naver.com/mnews/article/005/0001537600?sid=103
https://n.news.naver.com/mnews/article/005/0001538818?sid=103
https://n.news.naver.com/mnews/article/005/0001537614?sid=103
https://n.news.naver.com/mnews/article/005/0001538497?sid=103
https://n.news.naver.com/mnews/article/005/0001539219?sid=103
https://n.news.naver.com/mnews/article/005/0001537613?sid=103
https://n.news.naver.com/mnews/article/005/0001538805?sid=103
https://n.news.naver.com/mnews/article/005/0001538496?sid=103
https://n.news.naver.com/mnews/article/005/0001537594?sid=103
https://n.news.naver.com/mnews/article/005/0001539218?sid=103
 75%|███████████████████████████████████████████████████████████████                     | 3/4 [01:19<00:18, 18.39s/it]https://n.news.naver.com/mnews/article/005/0001539208?sid=103
https://n.news.naver.com/mnews/article/005/0001537612?sid=103
https://n.news.naver.com/mnews/article/005/0001538495?sid=103
https://n.news.naver.com/mnews/article/005/0001539217?sid=103
 50%|██████████████████████████████████████████                                          | 2/4 [01:19<00:51, 25.68s/it]https://n.news.naver.com/mnews/article/022/0003712562?sid=103
https://n.news.naver.com/mnews/article/005/0001539164?sid=103
https://n.news.naver.com/mnews/article/005/0001537611?sid=103
https://n.news.naver.com/mnews/article/005/0001538494?sid=103
 75%|███████████████████████████████████████████████████████████████                     | 3/4 [01:19<00:23, 23.72s/it]https://n.news.naver.com/mnews/article/005/0001539764?sid=103
https://n.news.naver.com/mnews/article/005/0001538158?sid=103
https://n.news.naver.com/mnews/article/005/0001537610?sid=103
https://n.news.naver.com/mnews/article/005/0001539150?sid=103
https://n.news.naver.com/mnews/article/005/0001538493?sid=103
https://n.news.naver.com/mnews/article/005/0001539756?sid=103
https://n.news.naver.com/mnews/article/005/0001537609?sid=103
https://n.news.naver.com/mnews/article/005/0001538157?sid=103
https://n.news.naver.com/mnews/article/028/0002598170?sid=103
https://n.news.naver.com/mnews/article/005/0001538492?sid=103
https://n.news.naver.com/mnews/article/005/0001539750?sid=103
https://n.news.naver.com/mnews/article/005/0001538082?sid=103
https://n.news.naver.com/mnews/article/005/0001539135?sid=103
https://n.news.naver.com/mnews/article/005/0001537608?sid=103
https://n.news.naver.com/mnews/article/005/0001538491?sid=103
https://n.news.naver.com/mnews/article/005/0001539732?sid=103
https://n.news.naver.com/mnews/article/005/0001537926?sid=103
https://n.news.naver.com/mnews/article/005/0001539131?sid=103
https://n.news.naver.com/mnews/article/005/0001537607?sid=103
https://n.news.naver.com/mnews/article/005/0001538490?sid=103
https://n.news.naver.com/mnews/article/005/0001537925?sid=103
https://n.news.naver.com/mnews/article/032/0003158973?sid=103
https://n.news.naver.com/mnews/article/005/0001537606?sid=103
https://n.news.naver.com/mnews/article/005/0001539729?sid=103
https://n.news.naver.com/mnews/article/020/0003438765?sid=103
https://n.news.naver.com/mnews/article/005/0001537924?sid=103
https://n.news.naver.com/mnews/article/005/0001537604?sid=103
https://n.news.naver.com/mnews/article/005/0001539701?sid=103
https://n.news.naver.com/mnews/article/005/0001539098?sid=103
https://n.news.naver.com/mnews/article/005/0001538489?sid=103
https://n.news.naver.com/mnews/article/005/0001537923?sid=103
https://n.news.naver.com/mnews/article/005/0001537603?sid=103
https://n.news.naver.com/mnews/article/005/0001539622?sid=103
https://n.news.naver.com/mnews/article/005/0001538961?sid=103
https://n.news.naver.com/mnews/article/005/0001538488?sid=103
https://n.news.naver.com/mnews/article/005/0001537602?sid=103
https://n.news.naver.com/mnews/article/005/0001537922?sid=103
https://n.news.naver.com/mnews/article/005/0001539522?sid=103
https://n.news.naver.com/mnews/article/005/0001538960?sid=103
https://n.news.naver.com/mnews/article/005/0001538487?sid=103
https://n.news.naver.com/mnews/article/005/0001537601?sid=103
https://n.news.naver.com/mnews/article/005/0001537921?sid=103
https://n.news.naver.com/mnews/article/005/0001539521?sid=103
https://n.news.naver.com/mnews/article/005/0001538959?sid=103
https://n.news.naver.com/mnews/article/005/0001538483?sid=103
https://n.news.naver.com/mnews/article/005/0001537600?sid=103
https://n.news.naver.com/mnews/article/005/0001539520?sid=103
https://n.news.naver.com/mnews/article/005/0001537920?sid=103
https://n.news.naver.com/mnews/article/005/0001538958?sid=103
 75%|███████████████████████████████████████████████████████████████                     | 3/4 [01:20<00:24, 24.53s/it]https://n.news.naver.com/mnews/article/005/0001538790?sid=103
https://n.news.naver.com/mnews/article/005/0001537594?sid=103
https://n.news.naver.com/mnews/article/005/0001539519?sid=103
https://n.news.naver.com/mnews/article/005/0001537919?sid=103
https://n.news.naver.com/mnews/article/005/0001538957?sid=103
https://n.news.naver.com/mnews/article/005/0001538780?sid=103
https://n.news.naver.com/mnews/article/005/0001539518?sid=103
https://n.news.naver.com/mnews/article/005/0001537918?sid=103
https://n.news.naver.com/mnews/article/005/0001538956?sid=103
100%|████████████████████████████████████████████████████████████████████████████████████| 4/4 [01:20<00:00, 20.20s/it]
https://n.news.naver.com/mnews/article/005/0001538736?sid=103
https://n.news.naver.com/mnews/article/005/0001537916?sid=103
https://n.news.naver.com/mnews/article/005/0001538955?sid=103
https://n.news.naver.com/mnews/article/005/0001539517?sid=103
https://n.news.naver.com/mnews/article/005/0001538735?sid=103
https://n.news.naver.com/mnews/article/005/0001538954?sid=103
https://n.news.naver.com/mnews/article/005/0001537915?sid=103
https://n.news.naver.com/mnews/article/005/0001539516?sid=103
https://n.news.naver.com/mnews/article/005/0001538734?sid=103
https://n.news.naver.com/mnews/article/005/0001538953?sid=103
https://n.news.naver.com/mnews/article/005/0001538733?sid=103
https://n.news.naver.com/mnews/article/005/0001537914?sid=103
https://n.news.naver.com/mnews/article/005/0001539514?sid=103
https://n.news.naver.com/mnews/article/005/0001538952?sid=103
https://n.news.naver.com/mnews/article/005/0001539513?sid=103
https://n.news.naver.com/mnews/article/005/0001537913?sid=103
https://n.news.naver.com/mnews/article/005/0001538731?sid=103
https://n.news.naver.com/mnews/article/005/0001538951?sid=103
https://n.news.naver.com/mnews/article/005/0001539512?sid=103
https://n.news.naver.com/mnews/article/005/0001537912?sid=103
https://n.news.naver.com/mnews/article/005/0001538730?sid=103
https://n.news.naver.com/mnews/article/005/0001538950?sid=103
https://n.news.naver.com/mnews/article/005/0001539511?sid=103
 75%|███████████████████████████████████████████████████████████████                     | 3/4 [01:21<00:18, 18.60s/it]https://n.news.naver.com/mnews/article/005/0001538420?sid=103
https://n.news.naver.com/mnews/article/005/0001538729?sid=103
https://n.news.naver.com/mnews/article/005/0001538949?sid=103
https://n.news.naver.com/mnews/article/005/0001539510?sid=103
https://n.news.naver.com/mnews/article/005/0001538403?sid=103
https://n.news.naver.com/mnews/article/005/0001538727?sid=103
https://n.news.naver.com/mnews/article/005/0001538948?sid=103
https://n.news.naver.com/mnews/article/005/0001539509?sid=103
https://n.news.naver.com/mnews/article/005/0001538724?sid=103
https://n.news.naver.com/mnews/article/005/0001538381?sid=103
https://n.news.naver.com/mnews/article/005/0001538947?sid=103
https://n.news.naver.com/mnews/article/005/0001539508?sid=103
https://n.news.naver.com/mnews/article/005/0001538715?sid=103
https://n.news.naver.com/mnews/article/005/0001538377?sid=103
https://n.news.naver.com/mnews/article/025/0003208668?sid=103
https://n.news.naver.com/mnews/article/005/0001538712?sid=103
100%|████████████████████████████████████████████████████████████████████████████████████| 4/4 [01:21<00:00, 20.49s/it]
https://n.news.naver.com/mnews/article/005/0001538375?sid=103
100%|████████████████████████████████████████████████████████████████████████████████████| 4/4 [01:22<00:00, 20.50s/it]
https://n.news.naver.com/mnews/article/005/0001538689?sid=103
https://n.news.naver.com/mnews/article/005/0001538319?sid=103
https://n.news.naver.com/mnews/article/005/0001538646?sid=103
https://n.news.naver.com/mnews/article/005/0001538214?sid=103
100%|████████████████████████████████████████████████████████████████████████████████████| 4/4 [01:22<00:00, 20.57s/it]
https://n.news.naver.com/mnews/article/005/0001538213?sid=103
https://n.news.naver.com/mnews/article/005/0001538212?sid=103
https://n.news.naver.com/mnews/article/005/0001538211?sid=103
https://n.news.naver.com/mnews/article/005/0001538210?sid=103
https://n.news.naver.com/mnews/article/005/0001538209?sid=103
https://n.news.naver.com/mnews/article/005/0001538208?sid=103
https://n.news.naver.com/mnews/article/005/0001538207?sid=103
https://n.news.naver.com/mnews/article/005/0001538206?sid=103
https://n.news.naver.com/mnews/article/005/0001538205?sid=103
https://n.news.naver.com/mnews/article/005/0001538204?sid=103
https://n.news.naver.com/mnews/article/005/0001538203?sid=103
https://n.news.naver.com/mnews/article/005/0001538202?sid=103
https://n.news.naver.com/mnews/article/005/0001538201?sid=103
100%|████████████████████████████████████████████████████████████████████████████████████| 4/4 [01:23<00:00, 20.93s/it]
103 244 end
[['103', '248', datetime.datetime(2022, 7, 13, 0, 0), datetime.datetime(2022, 7, 10, 0, 0)], ['103', '248', datetime.datetime(2022, 7, 11, 0, 0), datetime.datetime(2022, 7, 8, 0, 0)], ['103', '248', datetime.datetime(2022, 7, 9, 0, 0), datetime.datetime(2022, 7, 6, 0, 0)], ['103', '248', datetime.datetime(2022, 7, 7, 0, 0), datetime.datetime(2022, 7, 4, 0, 0)], ['103', '248', datetime.datetime(2022, 7, 5, 0, 0), datetime.datetime(2022, 7, 2, 0, 0)], ['103', '248', datetime.datetime(2022, 7, 3, 0, 0), datetime.datetime(2022, 7, 1, 0, 0)]] process :  11
['103', '248', datetime.datetime(2022, 7, 13, 0, 0), datetime.datetime(2022, 7, 10, 0, 0)]
['103', '248', datetime.datetime(2022, 7, 11, 0, 0), datetime.datetime(2022, 7, 8, 0, 0)]
['103', '248', datetime.datetime(2022, 7, 9, 0, 0), datetime.datetime(2022, 7, 6, 0, 0)]
  0%|                                                                                            | 0/4 [00:00<?, ?it/s]['103', '248', datetime.datetime(2022, 7, 7, 0, 0), datetime.datetime(2022, 7, 4, 0, 0)]
  0%|                                                                                            | 0/4 [00:00<?, ?it/s]['103', '248', datetime.datetime(2022, 7, 5, 0, 0), datetime.datetime(2022, 7, 2, 0, 0)]
  0%|                                                                                            | 0/4 [00:00<?, ?it/s]https://n.news.naver.com/mnews/article/032/0003158797?sid=103https://n.news.naver.com/mnews/article/032/0003158606?sid=103

https://n.news.naver.com/mnews/article/032/0003158098?sid=103
https://n.news.naver.com/mnews/article/032/0003157512?sid=103
['103', '248', datetime.datetime(2022, 7, 3, 0, 0), datetime.datetime(2022, 7, 1, 0, 0)]
https://n.news.naver.com/mnews/article/032/0003157095?sid=103
  0%|                                                                                            | 0/3 [00:00<?, ?it/s]https://n.news.naver.com/mnews/article/032/0003157035?sid=103
https://n.news.naver.com/mnews/article/032/0003158796?sid=103
https://n.news.naver.com/mnews/article/020/0003437691?sid=103
https://n.news.naver.com/mnews/article/469/0000684017?sid=103
https://n.news.naver.com/mnews/article/032/0003158500?sid=103
https://n.news.naver.com/mnews/article/032/0003157502?sid=103
https://n.news.naver.com/mnews/article/032/0003158097?sid=103
https://n.news.naver.com/mnews/article/469/0000683903?sid=103
https://n.news.naver.com/mnews/article/025/0003208251?sid=103
https://n.news.naver.com/mnews/article/469/0000685372?sid=103
https://n.news.naver.com/mnews/article/005/0001537136?sid=103
https://n.news.naver.com/mnews/article/469/0000684795?sid=103
https://n.news.naver.com/mnews/article/005/0001537556?sid=103
https://n.news.naver.com/mnews/article/025/0003208186?sid=103
https://n.news.naver.com/mnews/article/020/0003437664?sid=103
https://n.news.naver.com/mnews/article/025/0003208571?sid=103
https://n.news.naver.com/mnews/article/032/0003157443?sid=103
https://n.news.naver.com/mnews/article/032/0003158034?sid=103
https://n.news.naver.com/mnews/article/025/0003206805?sid=103
 25%|█████████████████████                                                               | 1/4 [00:00<00:01,  1.56it/s]https://n.news.naver.com/mnews/article/032/0003158657?sid=103
https://n.news.naver.com/mnews/article/469/0000684758?sid=103
https://n.news.naver.com/mnews/article/032/0003158755?sid=103
https://n.news.naver.com/mnews/article/469/0000684297?sid=103
https://n.news.naver.com/mnews/article/032/0003157068?sid=103
https://n.news.naver.com/mnews/article/032/0003156971?sid=103
https://n.news.naver.com/mnews/article/032/0003158637?sid=103
https://n.news.naver.com/mnews/article/005/0001537106?sid=103
https://n.news.naver.com/mnews/article/032/0003158739?sid=103
https://n.news.naver.com/mnews/article/032/0003157990?sid=103
https://n.news.naver.com/mnews/article/469/0000684288?sid=103
https://n.news.naver.com/mnews/article/469/0000683885?sid=103
https://n.news.naver.com/mnews/article/469/0000685242?sid=103
https://n.news.naver.com/mnews/article/025/0003208533?sid=103
 25%|█████████████████████                                                               | 1/4 [00:01<00:03,  1.10s/it]https://n.news.naver.com/mnews/article/032/0003157246?sid=103
https://n.news.naver.com/mnews/article/005/0001538094?sid=103
https://n.news.naver.com/mnews/article/469/0000684279?sid=103
https://n.news.naver.com/mnews/article/005/0001537023?sid=103
 50%|██████████████████████████████████████████                                          | 2/4 [00:01<00:01,  1.56it/s]https://n.news.naver.com/mnews/article/032/0003158797?sid=103
https://n.news.naver.com/mnews/article/032/0003157241?sid=103
https://n.news.naver.com/mnews/article/032/0003158727?sid=103
https://n.news.naver.com/mnews/article/032/0003157900?sid=103
https://n.news.naver.com/mnews/article/032/0003157420?sid=103
https://n.news.naver.com/mnews/article/005/0001536993?sid=103
https://n.news.naver.com/mnews/article/032/0003158796?sid=103
https://n.news.naver.com/mnews/article/032/0003157240?sid=103
https://n.news.naver.com/mnews/article/032/0003158721?sid=103
https://n.news.naver.com/mnews/article/020/0003437987?sid=103
https://n.news.naver.com/mnews/article/032/0003157853?sid=103
https://n.news.naver.com/mnews/article/469/0000685372?sid=103
https://n.news.naver.com/mnews/article/469/0000685308?sid=103
https://n.news.naver.com/mnews/article/469/0000683824?sid=103
https://n.news.naver.com/mnews/article/020/0003437979?sid=103
https://n.news.naver.com/mnews/article/032/0003157239?sid=103
https://n.news.naver.com/mnews/article/025/0003208571?sid=103
https://n.news.naver.com/mnews/article/469/0000684620?sid=103
 25%|█████████████████████                                                               | 1/4 [00:01<00:05,  1.75s/it]https://n.news.naver.com/mnews/article/032/0003158755?sid=103
https://n.news.naver.com/mnews/article/032/0003156877?sid=103
https://n.news.naver.com/mnews/article/032/0003159073?sid=103
https://n.news.naver.com/mnews/article/032/0003157313?sid=103
https://n.news.naver.com/mnews/article/005/0001537946?sid=103
https://n.news.naver.com/mnews/article/469/0000684136?sid=103
https://n.news.naver.com/mnews/article/032/0003158739?sid=103
https://n.news.naver.com/mnews/article/469/0000683800?sid=103
https://n.news.naver.com/mnews/article/469/0000684176?sid=103
https://n.news.naver.com/mnews/article/020/0003439343?sid=103
https://n.news.naver.com/mnews/article/025/0003207600?sid=103
https://n.news.naver.com/mnews/article/032/0003157205?sid=103
https://n.news.naver.com/mnews/article/025/0003208533?sid=103
https://n.news.naver.com/mnews/article/469/0000685534?sid=103
https://n.news.naver.com/mnews/article/025/0003206542?sid=103
https://n.news.naver.com/mnews/article/032/0003158727?sid=103
https://n.news.naver.com/mnews/article/469/0000684163?sid=103
 25%|█████████████████████                                                               | 1/4 [00:02<00:06,  2.16s/it]https://n.news.naver.com/mnews/article/032/0003158366?sid=103
https://n.news.naver.com/mnews/article/032/0003157195?sid=103
https://n.news.naver.com/mnews/article/032/0003158721?sid=103
https://n.news.naver.com/mnews/article/032/0003158966?sid=103
https://n.news.naver.com/mnews/article/025/0003206521?sid=103
https://n.news.naver.com/mnews/article/005/0001537367?sid=103
https://n.news.naver.com/mnews/article/032/0003158360?sid=103
https://n.news.naver.com/mnews/article/469/0000685308?sid=103
https://n.news.naver.com/mnews/article/025/0003208768?sid=103
 33%|████████████████████████████                                                        | 1/3 [00:02<00:04,  2.42s/it]https://n.news.naver.com/mnews/article/032/0003157095?sid=103
https://n.news.naver.com/mnews/article/469/0000684083?sid=103
 75%|███████████████████████████████████████████████████████████████                     | 3/4 [00:02<00:00,  1.23it/s]https://n.news.naver.com/mnews/article/032/0003159073?sid=103
https://n.news.naver.com/mnews/article/020/0003437921?sid=103
https://n.news.naver.com/mnews/article/469/0000684952?sid=103
https://n.news.naver.com/mnews/article/469/0000684017?sid=103
https://n.news.naver.com/mnews/article/020/0003439343?sid=103
https://n.news.naver.com/mnews/article/032/0003158879?sid=103
https://n.news.naver.com/mnews/article/032/0003157159?sid=103
https://n.news.naver.com/mnews/article/005/0001537136?sid=103
https://n.news.naver.com/mnews/article/469/0000685534?sid=103
https://n.news.naver.com/mnews/article/025/0003206978?sid=103
https://n.news.naver.com/mnews/article/469/0000685419?sid=103
https://n.news.naver.com/mnews/article/032/0003158181?sid=103
https://n.news.naver.com/mnews/article/025/0003206805?sid=103
https://n.news.naver.com/mnews/article/032/0003158966?sid=103
https://n.news.naver.com/mnews/article/025/0003206856?sid=103
 25%|█████████████████████                                                               | 1/4 [00:02<00:08,  2.88s/it]https://n.news.naver.com/mnews/article/032/0003157801?sid=103
https://n.news.naver.com/mnews/article/032/0003157068?sid=103
https://n.news.naver.com/mnews/article/025/0003208639?sid=103
https://n.news.naver.com/mnews/article/025/0003208768?sid=103
https://n.news.naver.com/mnews/article/005/0001538262?sid=103
https://n.news.naver.com/mnews/article/005/0001537106?sid=103
https://n.news.naver.com/mnews/article/032/0003157119?sid=103
https://n.news.naver.com/mnews/article/032/0003158879?sid=103
https://n.news.naver.com/mnews/article/469/0000684526?sid=103
 50%|██████████████████████████████████████████                                          | 2/4 [00:03<00:03,  1.62s/it]https://n.news.naver.com/mnews/article/032/0003159358?sid=103
https://n.news.naver.com/mnews/article/025/0003207879?sid=103
 67%|████████████████████████████████████████████████████████                            | 2/3 [00:03<00:01,  1.91s/it]https://n.news.naver.com/mnews/article/032/0003157246?sid=103
https://n.news.naver.com/mnews/article/469/0000685419?sid=103
https://n.news.naver.com/mnews/article/005/0001537174?sid=103
https://n.news.naver.com/mnews/article/032/0003159357?sid=103
https://n.news.naver.com/mnews/article/020/0003438226?sid=103
https://n.news.naver.com/mnews/article/032/0003157241?sid=103
 50%|██████████████████████████████████████████                                          | 2/4 [00:03<00:03,  1.85s/it]https://n.news.naver.com/mnews/article/032/0003158606?sid=103
https://n.news.naver.com/mnews/article/025/0003208639?sid=103
https://n.news.naver.com/mnews/article/469/0000685717?sid=103
https://n.news.naver.com/mnews/article/469/0000684483?sid=103
https://n.news.naver.com/mnews/article/032/0003157240?sid=103
https://n.news.naver.com/mnews/article/032/0003158500?sid=103
100%|████████████████████████████████████████████████████████████████████████████████████| 4/4 [00:03<00:00,  1.18it/s]
 50%|██████████████████████████████████████████                                          | 2/4 [00:03<00:02,  1.46s/it]https://n.news.naver.com/mnews/article/032/0003157512?sid=103
https://n.news.naver.com/mnews/article/032/0003157239?sid=103
https://n.news.naver.com/mnews/article/025/0003208251?sid=103
https://n.news.naver.com/mnews/article/032/0003159242?sid=103
https://n.news.naver.com/mnews/article/032/0003157502?sid=103
https://n.news.naver.com/mnews/article/469/0000684482?sid=103
https://n.news.naver.com/mnews/article/469/0000684136?sid=103
https://n.news.naver.com/mnews/article/025/0003208186?sid=103
https://n.news.naver.com/mnews/article/005/0001537556?sid=103
https://n.news.naver.com/mnews/article/469/0000685677?sid=103
https://n.news.naver.com/mnews/article/032/0003157621?sid=103
 75%|███████████████████████████████████████████████████████████████                     | 3/4 [00:03<00:01,  1.43s/it]https://n.news.naver.com/mnews/article/032/0003158657?sid=103
https://n.news.naver.com/mnews/article/032/0003157205?sid=103
https://n.news.naver.com/mnews/article/032/0003157443?sid=103
https://n.news.naver.com/mnews/article/032/0003159158?sid=103
https://n.news.naver.com/mnews/article/032/0003158637?sid=103
https://n.news.naver.com/mnews/article/032/0003157195?sid=103
https://n.news.naver.com/mnews/article/032/0003157575?sid=103
https://n.news.naver.com/mnews/article/469/0000684297?sid=103
https://n.news.naver.com/mnews/article/469/0000685242?sid=103
https://n.news.naver.com/mnews/article/469/0000684083?sid=103
https://n.news.naver.com/mnews/article/005/0001539308?sid=103
https://n.news.naver.com/mnews/article/469/0000684288?sid=103
https://n.news.naver.com/mnews/article/025/0003207292?sid=103
100%|████████████████████████████████████████████████████████████████████████████████████| 4/4 [00:04<00:00,  1.02s/it]
https://n.news.naver.com/mnews/article/032/0003157159?sid=103
https://n.news.naver.com/mnews/article/469/0000684279?sid=103
https://n.news.naver.com/mnews/article/469/0000685586?sid=103
https://n.news.naver.com/mnews/article/025/0003206856?sid=103
 50%|██████████████████████████████████████████                                          | 2/4 [00:04<00:04,  2.43s/it]https://n.news.naver.com/mnews/article/032/0003158098?sid=103
https://n.news.naver.com/mnews/article/032/0003157420?sid=103
https://n.news.naver.com/mnews/article/032/0003157119?sid=103
https://n.news.naver.com/mnews/article/025/0003208898?sid=103
https://n.news.naver.com/mnews/article/032/0003158097?sid=103
https://n.news.naver.com/mnews/article/020/0003437987?sid=103
https://n.news.naver.com/mnews/article/005/0001537174?sid=103
https://n.news.naver.com/mnews/article/469/0000684795?sid=103
 75%|███████████████████████████████████████████████████████████████                     | 3/4 [00:04<00:01,  1.56s/it]https://n.news.naver.com/mnews/article/025/0003209408?sid=103
https://n.news.naver.com/mnews/article/020/0003437979?sid=103
100%|████████████████████████████████████████████████████████████████████████████████████| 3/3 [00:04<00:00,  1.51s/it]
https://n.news.naver.com/mnews/article/032/0003158034?sid=103
https://n.news.naver.com/mnews/article/005/0001539757?sid=103
https://n.news.naver.com/mnews/article/032/0003157313?sid=103
https://n.news.naver.com/mnews/article/469/0000684758?sid=103
https://n.news.naver.com/mnews/article/469/0000685939?sid=103
https://n.news.naver.com/mnews/article/469/0000684176?sid=103
https://n.news.naver.com/mnews/article/032/0003157990?sid=103
https://n.news.naver.com/mnews/article/005/0001539739?sid=103
https://n.news.naver.com/mnews/article/469/0000684163?sid=103
https://n.news.naver.com/mnews/article/005/0001538094?sid=103
https://n.news.naver.com/mnews/article/005/0001537367?sid=103
https://n.news.naver.com/mnews/article/469/0000685898?sid=103
https://n.news.naver.com/mnews/article/032/0003157900?sid=103
https://n.news.naver.com/mnews/article/020/0003437921?sid=103
https://n.news.naver.com/mnews/article/032/0003159439?sid=103
https://n.news.naver.com/mnews/article/032/0003157853?sid=103
https://n.news.naver.com/mnews/article/025/0003206978?sid=103
https://n.news.naver.com/mnews/article/469/0000685814?sid=103
https://n.news.naver.com/mnews/article/469/0000684620?sid=103
 75%|███████████████████████████████████████████████████████████████                     | 3/4 [00:05<00:01,  1.59s/it]https://n.news.naver.com/mnews/article/032/0003157801?sid=103
https://n.news.naver.com/mnews/article/025/0003209194?sid=103
https://n.news.naver.com/mnews/article/005/0001537946?sid=103
100%|████████████████████████████████████████████████████████████████████████████████████| 4/4 [00:05<00:00,  1.35s/it]
https://n.news.naver.com/mnews/article/469/0000684526?sid=103
https://n.news.naver.com/mnews/article/025/0003207600?sid=103
https://n.news.naver.com/mnews/article/020/0003438226?sid=103
 75%|███████████████████████████████████████████████████████████████                     | 3/4 [00:05<00:02,  2.10s/it]https://n.news.naver.com/mnews/article/032/0003158366?sid=103
https://n.news.naver.com/mnews/article/469/0000684483?sid=103
https://n.news.naver.com/mnews/article/032/0003158360?sid=103
https://n.news.naver.com/mnews/article/469/0000684482?sid=103
https://n.news.naver.com/mnews/article/469/0000684952?sid=103
https://n.news.naver.com/mnews/article/032/0003157621?sid=103
https://n.news.naver.com/mnews/article/032/0003158181?sid=103
https://n.news.naver.com/mnews/article/032/0003157575?sid=103
https://n.news.naver.com/mnews/article/005/0001538262?sid=103
https://n.news.naver.com/mnews/article/025/0003207292?sid=103
https://n.news.naver.com/mnews/article/025/0003207879?sid=103
100%|████████████████████████████████████████████████████████████████████████████████████| 4/4 [00:06<00:00,  1.55s/it]
100%|████████████████████████████████████████████████████████████████████████████████████| 4/4 [00:06<00:00,  1.56s/it]
103 248 end
[['103', '245', datetime.datetime(2022, 7, 13, 0, 0), datetime.datetime(2022, 7, 10, 0, 0)], ['103', '245', datetime.datetime(2022, 7, 11, 0, 0), datetime.datetime(2022, 7, 8, 0, 0)], ['103', '245', datetime.datetime(2022, 7, 9, 0, 0), datetime.datetime(2022, 7, 6, 0, 0)], ['103', '245', datetime.datetime(2022, 7, 7, 0, 0), datetime.datetime(2022, 7, 4, 0, 0)], ['103', '245', datetime.datetime(2022, 7, 5, 0, 0), datetime.datetime(2022, 7, 2, 0, 0)], ['103', '245', datetime.datetime(2022, 7, 3, 0, 0), datetime.datetime(2022, 7, 1, 0, 0)]] process :  11
['103', '245', datetime.datetime(2022, 7, 13, 0, 0), datetime.datetime(2022, 7, 10, 0, 0)]['103', '245', datetime.datetime(2022, 7, 11, 0, 0), datetime.datetime(2022, 7, 8, 0, 0)]

['103', '245', datetime.datetime(2022, 7, 9, 0, 0), datetime.datetime(2022, 7, 6, 0, 0)]
  0%|                                                                                            | 0/4 [00:00<?, ?it/s]['103', '245', datetime.datetime(2022, 7, 7, 0, 0), datetime.datetime(2022, 7, 4, 0, 0)]
['103', '245', datetime.datetime(2022, 7, 5, 0, 0), datetime.datetime(2022, 7, 2, 0, 0)]
  0%|                                                                                            | 0/4 [00:00<?, ?it/s]https://n.news.naver.com/mnews/article/022/0003713694?sid=103
['103', '245', datetime.datetime(2022, 7, 3, 0, 0), datetime.datetime(2022, 7, 1, 0, 0)]
https://n.news.naver.com/mnews/article/081/0003285829?sid=103
https://n.news.naver.com/mnews/article/023/0003702141?sid=103
  0%|                                                                                            | 0/3 [00:00<?, ?it/s]https://n.news.naver.com/mnews/article/023/0003701620?sid=103
https://n.news.naver.com/mnews/article/023/0003701319?sid=103
https://n.news.naver.com/mnews/article/023/0003701156?sid=103
https://n.news.naver.com/mnews/article/022/0003712563?sid=103
https://n.news.naver.com/mnews/article/022/0003713349?sid=103
https://n.news.naver.com/mnews/article/022/0003711165?sid=103
https://n.news.naver.com/mnews/article/469/0000683933?sid=103
https://n.news.naver.com/mnews/article/025/0003207266?sid=103
https://n.news.naver.com/mnews/article/022/0003713689?sid=103
https://n.news.naver.com/mnews/article/025/0003207832?sid=103
https://n.news.naver.com/mnews/article/081/0003284173?sid=103
https://n.news.naver.com/mnews/article/081/0003284610?sid=103
https://n.news.naver.com/mnews/article/022/0003713675?sid=103
https://n.news.naver.com/mnews/article/032/0003158578?sid=103
https://n.news.naver.com/mnews/article/028/0002597031?sid=103
https://n.news.naver.com/mnews/article/028/0002597943?sid=103
https://n.news.naver.com/mnews/article/081/0003286031?sid=103
https://n.news.naver.com/mnews/article/022/0003711755?sid=103
https://n.news.naver.com/mnews/article/081/0003285249?sid=103
https://n.news.naver.com/mnews/article/025/0003206820?sid=103
https://n.news.naver.com/mnews/article/028/0002597028?sid=103
https://n.news.naver.com/mnews/article/022/0003713323?sid=103
https://n.news.naver.com/mnews/article/022/0003713643?sid=103
https://n.news.naver.com/mnews/article/081/0003285245?sid=103
https://n.news.naver.com/mnews/article/022/0003711753?sid=103
https://n.news.naver.com/mnews/article/028/0002597063?sid=103
https://n.news.naver.com/mnews/article/022/0003710936?sid=103
https://n.news.naver.com/mnews/article/022/0003713319?sid=103
https://n.news.naver.com/mnews/article/022/0003713641?sid=103
https://n.news.naver.com/mnews/article/022/0003710933?sid=103
https://n.news.naver.com/mnews/article/028/0002597062?sid=103
https://n.news.naver.com/mnews/article/022/0003711751?sid=103
https://n.news.naver.com/mnews/article/022/0003712523?sid=103
https://n.news.naver.com/mnews/article/020/0003438958?sid=103
https://n.news.naver.com/mnews/article/020/0003439103?sid=103
https://n.news.naver.com/mnews/article/469/0000683914?sid=103
https://n.news.naver.com/mnews/article/005/0001537144?sid=103
https://n.news.naver.com/mnews/article/023/0003701603?sid=103
https://n.news.naver.com/mnews/article/081/0003285236?sid=103
https://n.news.naver.com/mnews/article/022/0003713317?sid=103
https://n.news.naver.com/mnews/article/469/0000685340?sid=103
https://n.news.naver.com/mnews/article/028/0002597601?sid=103
https://n.news.naver.com/mnews/article/469/0000684016?sid=103
https://n.news.naver.com/mnews/article/020/0003437672?sid=103
https://n.news.naver.com/mnews/article/022/0003711743?sid=103
https://n.news.naver.com/mnews/article/469/0000685338?sid=103
https://n.news.naver.com/mnews/article/032/0003156976?sid=103
https://n.news.naver.com/mnews/article/022/0003713316?sid=103
https://n.news.naver.com/mnews/article/081/0003285235?sid=103
https://n.news.naver.com/mnews/article/022/0003713632?sid=103
https://n.news.naver.com/mnews/article/020/0003438043?sid=103
https://n.news.naver.com/mnews/article/020/0003437778?sid=103
https://n.news.naver.com/mnews/article/022/0003712518?sid=103
https://n.news.naver.com/mnews/article/025/0003208547?sid=103
https://n.news.naver.com/mnews/article/028/0002597932?sid=103
https://n.news.naver.com/mnews/article/032/0003156973?sid=103
https://n.news.naver.com/mnews/article/020/0003438041?sid=103
https://n.news.naver.com/mnews/article/022/0003711137?sid=103
https://n.news.naver.com/mnews/article/081/0003285232?sid=103
https://n.news.naver.com/mnews/article/469/0000685165?sid=103
https://n.news.naver.com/mnews/article/081/0003284058?sid=103
https://n.news.naver.com/mnews/article/032/0003158727?sid=103
https://n.news.naver.com/mnews/article/081/0003284590?sid=103
https://n.news.naver.com/mnews/article/023/0003702108?sid=103
https://n.news.naver.com/mnews/article/469/0000685323?sid=103
https://n.news.naver.com/mnews/article/022/0003711136?sid=103
https://n.news.naver.com/mnews/article/469/0000683872?sid=103
https://n.news.naver.com/mnews/article/028/0002597926?sid=103
https://n.news.naver.com/mnews/article/081/0003285229?sid=103
https://n.news.naver.com/mnews/article/020/0003438036?sid=103
https://n.news.naver.com/mnews/article/022/0003712514?sid=103
https://n.news.naver.com/mnews/article/022/0003711694?sid=103
https://n.news.naver.com/mnews/article/025/0003208518?sid=103
https://n.news.naver.com/mnews/article/020/0003437634?sid=103
https://n.news.naver.com/mnews/article/032/0003158532?sid=103
https://n.news.naver.com/mnews/article/028/0002597059?sid=103
https://n.news.naver.com/mnews/article/020/0003438035?sid=103
https://n.news.naver.com/mnews/article/020/0003438496?sid=103
https://n.news.naver.com/mnews/article/020/0003438942?sid=103
https://n.news.naver.com/mnews/article/032/0003158706?sid=103
https://n.news.naver.com/mnews/article/023/0003701099?sid=103
https://n.news.naver.com/mnews/article/022/0003711134?sid=103
https://n.news.naver.com/mnews/article/005/0001537543?sid=103
https://n.news.naver.com/mnews/article/032/0003158528?sid=103
https://n.news.naver.com/mnews/article/020/0003439084?sid=103
https://n.news.naver.com/mnews/article/022/0003712507?sid=103
https://n.news.naver.com/mnews/article/469/0000684328?sid=103
https://n.news.naver.com/mnews/article/020/0003437633?sid=103
https://n.news.naver.com/mnews/article/020/0003439083?sid=103
https://n.news.naver.com/mnews/article/025/0003206808?sid=103
https://n.news.naver.com/mnews/article/025/0003208329?sid=103
https://n.news.naver.com/mnews/article/469/0000684773?sid=103
https://n.news.naver.com/mnews/article/032/0003158699?sid=103
https://n.news.naver.com/mnews/article/469/0000684325?sid=103
https://n.news.naver.com/mnews/article/025/0003208321?sid=103
https://n.news.naver.com/mnews/article/081/0003284044?sid=103
https://n.news.naver.com/mnews/article/023/0003702102?sid=103
https://n.news.naver.com/mnews/article/025/0003206806?sid=103
https://n.news.naver.com/mnews/article/023/0003702822?sid=103
https://n.news.naver.com/mnews/article/081/0003285755?sid=103
https://n.news.naver.com/mnews/article/020/0003439081?sid=103
https://n.news.naver.com/mnews/article/032/0003156950?sid=103
https://n.news.naver.com/mnews/article/022/0003712501?sid=103
https://n.news.naver.com/mnews/article/022/0003713563?sid=103
https://n.news.naver.com/mnews/article/020/0003438925?sid=103
https://n.news.naver.com/mnews/article/022/0003711685?sid=103
https://n.news.naver.com/mnews/article/020/0003437774?sid=103
https://n.news.naver.com/mnews/article/025/0003206677?sid=103
https://n.news.naver.com/mnews/article/025/0003207799?sid=103
https://n.news.naver.com/mnews/article/081/0003285924?sid=103
https://n.news.naver.com/mnews/article/020/0003438924?sid=103
https://n.news.naver.com/mnews/article/025/0003206801?sid=103
https://n.news.naver.com/mnews/article/469/0000685289?sid=103
https://n.news.naver.com/mnews/article/081/0003284034?sid=103
https://n.news.naver.com/mnews/article/469/0000684316?sid=103
https://n.news.naver.com/mnews/article/081/0003285204?sid=103
https://n.news.naver.com/mnews/article/025/0003208496?sid=103
https://n.news.naver.com/mnews/article/028/0002597057?sid=103
https://n.news.naver.com/mnews/article/020/0003437621?sid=103
https://n.news.naver.com/mnews/article/020/0003438922?sid=103
https://n.news.naver.com/mnews/article/022/0003711672?sid=103
https://n.news.naver.com/mnews/article/028/0002597992?sid=103
https://n.news.naver.com/mnews/article/020/0003438485?sid=103
https://n.news.naver.com/mnews/article/028/0002597056?sid=103
https://n.news.naver.com/mnews/article/028/0002597280?sid=103
https://n.news.naver.com/mnews/article/081/0003285920?sid=103
https://n.news.naver.com/mnews/article/020/0003437619?sid=103
https://n.news.naver.com/mnews/article/081/0003285740?sid=103
https://n.news.naver.com/mnews/article/469/0000684751?sid=103
https://n.news.naver.com/mnews/article/081/0003284018?sid=103
https://n.news.naver.com/mnews/article/032/0003158666?sid=103
https://n.news.naver.com/mnews/article/469/0000683993?sid=103
https://n.news.naver.com/mnews/article/005/0001537532?sid=103
https://n.news.naver.com/mnews/article/032/0003158487?sid=103
https://n.news.naver.com/mnews/article/032/0003158663?sid=103
https://n.news.naver.com/mnews/article/081/0003285187?sid=103
https://n.news.naver.com/mnews/article/081/0003284016?sid=103
https://n.news.naver.com/mnews/article/020/0003437770?sid=103
https://n.news.naver.com/mnews/article/032/0003157453?sid=103
 25%|█████████████████████                                                               | 1/4 [00:03<00:11,  3.97s/it]https://n.news.naver.com/mnews/article/081/0003286360?sid=103
https://n.news.naver.com/mnews/article/020/0003438917?sid=103
https://n.news.naver.com/mnews/article/081/0003284148?sid=103
https://n.news.naver.com/mnews/article/025/0003207793?sid=103
https://n.news.naver.com/mnews/article/081/0003284011?sid=103
https://n.news.naver.com/mnews/article/020/0003439346?sid=103
https://n.news.naver.com/mnews/article/021/0002521251?sid=103
https://n.news.naver.com/mnews/article/081/0003284550?sid=103
https://n.news.naver.com/mnews/article/020/0003437614?sid=103
https://n.news.naver.com/mnews/article/028/0002597050?sid=103
https://n.news.naver.com/mnews/article/005/0001538121?sid=103
https://n.news.naver.com/mnews/article/023/0003703087?sid=103
https://n.news.naver.com/mnews/article/025/0003207199?sid=103
https://n.news.naver.com/mnews/article/020/0003438908?sid=103
https://n.news.naver.com/mnews/article/032/0003156925?sid=103
https://n.news.naver.com/mnews/article/081/0003285173?sid=103
https://n.news.naver.com/mnews/article/028/0002597049?sid=103
https://n.news.naver.com/mnews/article/081/0003286344?sid=103
https://n.news.naver.com/mnews/article/021/0002521217?sid=103
https://n.news.naver.com/mnews/article/021/0002520247?sid=103
https://n.news.naver.com/mnews/article/023/0003701584?sid=103
https://n.news.naver.com/mnews/article/022/0003711085?sid=103
https://n.news.naver.com/mnews/article/020/0003438479?sid=103
https://n.news.naver.com/mnews/article/022/0003714048?sid=103
https://n.news.naver.com/mnews/article/023/0003702567?sid=103
https://n.news.naver.com/mnews/article/028/0002596972?sid=103
https://n.news.naver.com/mnews/article/022/0003711661?sid=103
https://n.news.naver.com/mnews/article/032/0003158006?sid=103
https://n.news.naver.com/mnews/article/469/0000685114?sid=103
https://n.news.naver.com/mnews/article/081/0003284139?sid=103
https://n.news.naver.com/mnews/article/023/0003703078?sid=103
https://n.news.naver.com/mnews/article/021/0002520229?sid=103
https://n.news.naver.com/mnews/article/020/0003438478?sid=103
https://n.news.naver.com/mnews/article/081/0003284546?sid=103
https://n.news.naver.com/mnews/article/020/0003439330?sid=103
https://n.news.naver.com/mnews/article/028/0002597046?sid=103
https://n.news.naver.com/mnews/article/020/0003438903?sid=103
https://n.news.naver.com/mnews/article/025/0003207772?sid=103
https://n.news.naver.com/mnews/article/005/0001537005?sid=103
https://n.news.naver.com/mnews/article/469/0000685108?sid=103
https://n.news.naver.com/mnews/article/020/0003438013?sid=103
https://n.news.naver.com/mnews/article/020/0003439327?sid=103
https://n.news.naver.com/mnews/article/028/0002597043?sid=103
https://n.news.naver.com/mnews/article/020/0003438477?sid=103
https://n.news.naver.com/mnews/article/020/0003438900?sid=103
https://n.news.naver.com/mnews/article/032/0003156915?sid=103
https://n.news.naver.com/mnews/article/022/0003713999?sid=103
https://n.news.naver.com/mnews/article/032/0003157436?sid=103
https://n.news.naver.com/mnews/article/021/0002520338?sid=103
https://n.news.naver.com/mnews/article/021/0002521170?sid=103
https://n.news.naver.com/mnews/article/028/0002596970?sid=103
https://n.news.naver.com/mnews/article/469/0000684733?sid=103
https://n.news.naver.com/mnews/article/022/0003713997?sid=103
https://n.news.naver.com/mnews/article/021/0002520608?sid=103
https://n.news.naver.com/mnews/article/020/0003438894?sid=103
https://n.news.naver.com/mnews/article/081/0003284130?sid=103
https://n.news.naver.com/mnews/article/469/0000685537?sid=103
https://n.news.naver.com/mnews/article/020/0003437608?sid=103
https://n.news.naver.com/mnews/article/020/0003438465?sid=103
https://n.news.naver.com/mnews/article/005/0001537513?sid=103
https://n.news.naver.com/mnews/article/032/0003157068?sid=103
https://n.news.naver.com/mnews/article/023/0003702551?sid=103
https://n.news.naver.com/mnews/article/025/0003207745?sid=103
https://n.news.naver.com/mnews/article/020/0003437607?sid=103
https://n.news.naver.com/mnews/article/022/0003713989?sid=103
https://n.news.naver.com/mnews/article/005/0001537511?sid=103
https://n.news.naver.com/mnews/article/469/0000683972?sid=103
https://n.news.naver.com/mnews/article/469/0000685098?sid=103
https://n.news.naver.com/mnews/article/032/0003157966?sid=103
https://n.news.naver.com/mnews/article/020/0003437606?sid=103
https://n.news.naver.com/mnews/article/005/0001539145?sid=103
https://n.news.naver.com/mnews/article/469/0000684291?sid=103
https://n.news.naver.com/mnews/article/023/0003701274?sid=103
https://n.news.naver.com/mnews/article/021/0002520208?sid=103
https://n.news.naver.com/mnews/article/025/0003208792?sid=103
https://n.news.naver.com/mnews/article/081/0003285691?sid=103
https://n.news.naver.com/mnews/article/022/0003712443?sid=103
https://n.news.naver.com/mnews/article/020/0003438009?sid=103
https://n.news.naver.com/mnews/article/469/0000683839?sid=103
https://n.news.naver.com/mnews/article/081/0003284123?sid=103
https://n.news.naver.com/mnews/article/020/0003439293?sid=103
https://n.news.naver.com/mnews/article/022/0003713188?sid=103
https://n.news.naver.com/mnews/article/032/0003157940?sid=103
https://n.news.naver.com/mnews/article/081/0003284525?sid=103
https://n.news.naver.com/mnews/article/005/0001537116?sid=103
https://n.news.naver.com/mnews/article/469/0000683838?sid=103
https://n.news.naver.com/mnews/article/469/0000685505?sid=103
https://n.news.naver.com/mnews/article/469/0000685093?sid=103
https://n.news.naver.com/mnews/article/025/0003207164?sid=103
https://n.news.naver.com/mnews/article/020/0003438445?sid=103
https://n.news.naver.com/mnews/article/005/0001537115?sid=103
https://n.news.naver.com/mnews/article/081/0003286262?sid=103
https://n.news.naver.com/mnews/article/020/0003437601?sid=103
https://n.news.naver.com/mnews/article/028/0002597554?sid=103
https://n.news.naver.com/mnews/article/469/0000684280?sid=103
https://n.news.naver.com/mnews/article/469/0000685089?sid=103
https://n.news.naver.com/mnews/article/469/0000684706?sid=103
https://n.news.naver.com/mnews/article/032/0003157065?sid=103
https://n.news.naver.com/mnews/article/021/0002521155?sid=103
https://n.news.naver.com/mnews/article/025/0003208777?sid=103
https://n.news.naver.com/mnews/article/020/0003437597?sid=103
https://n.news.naver.com/mnews/article/020/0003438002?sid=103
https://n.news.naver.com/mnews/article/469/0000685488?sid=103
https://n.news.naver.com/mnews/article/469/0000684702?sid=103
https://n.news.naver.com/mnews/article/021/0002521147?sid=103
https://n.news.naver.com/mnews/article/021/0002520189?sid=103
https://n.news.naver.com/mnews/article/021/0002521568?sid=103
https://n.news.naver.com/mnews/article/023/0003701266?sid=103
https://n.news.naver.com/mnews/article/081/0003284506?sid=103
https://n.news.naver.com/mnews/article/469/0000684701?sid=103
https://n.news.naver.com/mnews/article/021/0002521146?sid=103
https://n.news.naver.com/mnews/article/021/0002520188?sid=103
https://n.news.naver.com/mnews/article/023/0003703049?sid=103
https://n.news.naver.com/mnews/article/005/0001537481?sid=103
https://n.news.naver.com/mnews/article/032/0003157930?sid=103
https://n.news.naver.com/mnews/article/469/0000683969?sid=103
https://n.news.naver.com/mnews/article/028/0002598147?sid=103
https://n.news.naver.com/mnews/article/028/0002597866?sid=103
https://n.news.naver.com/mnews/article/021/0002520186?sid=103
https://n.news.naver.com/mnews/article/081/0003284119?sid=103
https://n.news.naver.com/mnews/article/081/0003284456?sid=103
https://n.news.naver.com/mnews/article/022/0003712414?sid=103
https://n.news.naver.com/mnews/article/081/0003284455?sid=103
https://n.news.naver.com/mnews/article/081/0003285671?sid=103
https://n.news.naver.com/mnews/article/021/0002521565?sid=103
https://n.news.naver.com/mnews/article/025/0003206772?sid=103
https://n.news.naver.com/mnews/article/025/0003207719?sid=103
https://n.news.naver.com/mnews/article/022/0003713135?sid=103
https://n.news.naver.com/mnews/article/021/0002520184?sid=103
https://n.news.naver.com/mnews/article/081/0003284453?sid=103
https://n.news.naver.com/mnews/article/469/0000684695?sid=103
https://n.news.naver.com/mnews/article/022/0003713134?sid=103
https://n.news.naver.com/mnews/article/023/0003701260?sid=103
https://n.news.naver.com/mnews/article/469/0000684694?sid=103
https://n.news.naver.com/mnews/article/025/0003208762?sid=103
https://n.news.naver.com/mnews/article/021/0002520179?sid=103
https://n.news.naver.com/mnews/article/028/0002597226?sid=103
https://n.news.naver.com/mnews/article/005/0001538592?sid=103
https://n.news.naver.com/mnews/article/469/0000683960?sid=103
https://n.news.naver.com/mnews/article/081/0003284449?sid=103
https://n.news.naver.com/mnews/article/021/0002520171?sid=103
https://n.news.naver.com/mnews/article/081/0003286215?sid=103
https://n.news.naver.com/mnews/article/020/0003438432?sid=103
https://n.news.naver.com/mnews/article/022/0003713108?sid=103
https://n.news.naver.com/mnews/article/005/0001537101?sid=103
https://n.news.naver.com/mnews/article/081/0003286189?sid=103
https://n.news.naver.com/mnews/article/021/0002520169?sid=103
https://n.news.naver.com/mnews/article/020/0003438423?sid=103
https://n.news.naver.com/mnews/article/032/0003157366?sid=103
https://n.news.naver.com/mnews/article/005/0001538588?sid=103
https://n.news.naver.com/mnews/article/020/0003439253?sid=103
https://n.news.naver.com/mnews/article/469/0000684682?sid=103
https://n.news.naver.com/mnews/article/028/0002596957?sid=103
https://n.news.naver.com/mnews/article/005/0001537096?sid=103
https://n.news.naver.com/mnews/article/081/0003284439?sid=103
https://n.news.naver.com/mnews/article/032/0003158915?sid=103
https://n.news.naver.com/mnews/article/081/0003285645?sid=103
https://n.news.naver.com/mnews/article/469/0000684680?sid=103
https://n.news.naver.com/mnews/article/021/0002521478?sid=103
https://n.news.naver.com/mnews/article/023/0003701195?sid=103
https://n.news.naver.com/mnews/article/081/0003283969?sid=103
https://n.news.naver.com/mnews/article/081/0003284438?sid=103
https://n.news.naver.com/mnews/article/081/0003285640?sid=103
https://n.news.naver.com/mnews/article/469/0000684677?sid=103
https://n.news.naver.com/mnews/article/020/0003439247?sid=103
https://n.news.naver.com/mnews/article/020/0003437751?sid=103
https://n.news.naver.com/mnews/article/028/0002596955?sid=103
https://n.news.naver.com/mnews/article/023/0003702997?sid=103
https://n.news.naver.com/mnews/article/081/0003284436?sid=103
https://n.news.naver.com/mnews/article/023/0003701191?sid=103
https://n.news.naver.com/mnews/article/081/0003285639?sid=103
https://n.news.naver.com/mnews/article/022/0003710770?sid=103
https://n.news.naver.com/mnews/article/032/0003157898?sid=103
https://n.news.naver.com/mnews/article/081/0003285638?sid=103
https://n.news.naver.com/mnews/article/020/0003437746?sid=103
https://n.news.naver.com/mnews/article/025/0003207105?sid=103
https://n.news.naver.com/mnews/article/022/0003713844?sid=103
https://n.news.naver.com/mnews/article/081/0003283949?sid=103
https://n.news.naver.com/mnews/article/021/0002520868?sid=103
https://n.news.naver.com/mnews/article/032/0003157353?sid=103
https://n.news.naver.com/mnews/article/020/0003437740?sid=103
https://n.news.naver.com/mnews/article/081/0003285637?sid=103
https://n.news.naver.com/mnews/article/032/0003158884?sid=103
https://n.news.naver.com/mnews/article/081/0003283948?sid=103
https://n.news.naver.com/mnews/article/023/0003702024?sid=103
https://n.news.naver.com/mnews/article/081/0003285636?sid=103
https://n.news.naver.com/mnews/article/020/0003437727?sid=103
https://n.news.naver.com/mnews/article/028/0002598098?sid=103
https://n.news.naver.com/mnews/article/081/0003284433?sid=103
https://n.news.naver.com/mnews/article/028/0002597521?sid=103
https://n.news.naver.com/mnews/article/081/0003285625?sid=103
https://n.news.naver.com/mnews/article/081/0003284431?sid=103
https://n.news.naver.com/mnews/article/020/0003437725?sid=103
https://n.news.naver.com/mnews/article/020/0003439241?sid=103
https://n.news.naver.com/mnews/article/081/0003283947?sid=103
https://n.news.naver.com/mnews/article/021/0002521442?sid=103
https://n.news.naver.com/mnews/article/023/0003702019?sid=103
https://n.news.naver.com/mnews/article/020/0003437721?sid=103
https://n.news.naver.com/mnews/article/081/0003285624?sid=103
https://n.news.naver.com/mnews/article/021/0002520520?sid=103
https://n.news.naver.com/mnews/article/081/0003283943?sid=103
https://n.news.naver.com/mnews/article/020/0003437719?sid=103
https://n.news.naver.com/mnews/article/021/0002521437?sid=103
https://n.news.naver.com/mnews/article/020/0003437717?sid=103
https://n.news.naver.com/mnews/article/081/0003285623?sid=103
https://n.news.naver.com/mnews/article/032/0003157351?sid=103
https://n.news.naver.com/mnews/article/020/0003438415?sid=103
https://n.news.naver.com/mnews/article/081/0003283942?sid=103
https://n.news.naver.com/mnews/article/020/0003437716?sid=103
https://n.news.naver.com/mnews/article/021/0002521431?sid=103
https://n.news.naver.com/mnews/article/469/0000684660?sid=103
https://n.news.naver.com/mnews/article/028/0002597204?sid=103
https://n.news.naver.com/mnews/article/081/0003285622?sid=103
https://n.news.naver.com/mnews/article/020/0003437715?sid=103
https://n.news.naver.com/mnews/article/081/0003283941?sid=103
https://n.news.naver.com/mnews/article/021/0002521430?sid=103
https://n.news.naver.com/mnews/article/032/0003157875?sid=103
https://n.news.naver.com/mnews/article/020/0003437714?sid=103
https://n.news.naver.com/mnews/article/081/0003285621?sid=103
https://n.news.naver.com/mnews/article/081/0003283935?sid=103
https://n.news.naver.com/mnews/article/032/0003157348?sid=103
https://n.news.naver.com/mnews/article/005/0001538032?sid=103
https://n.news.naver.com/mnews/article/020/0003437713?sid=103
https://n.news.naver.com/mnews/article/021/0002521423?sid=103
https://n.news.naver.com/mnews/article/081/0003284425?sid=103
https://n.news.naver.com/mnews/article/081/0003285620?sid=103
https://n.news.naver.com/mnews/article/020/0003437712?sid=103
https://n.news.naver.com/mnews/article/081/0003283934?sid=103
https://n.news.naver.com/mnews/article/469/0000685423?sid=103
https://n.news.naver.com/mnews/article/025/0003207672?sid=103
https://n.news.naver.com/mnews/article/020/0003437711?sid=103
https://n.news.naver.com/mnews/article/021/0002520501?sid=103
https://n.news.naver.com/mnews/article/081/0003283932?sid=103
https://n.news.naver.com/mnews/article/081/0003285619?sid=103
https://n.news.naver.com/mnews/article/020/0003437710?sid=103
https://n.news.naver.com/mnews/article/028/0002598082?sid=103
https://n.news.naver.com/mnews/article/469/0000684648?sid=103
https://n.news.naver.com/mnews/article/023/0003701178?sid=103
https://n.news.naver.com/mnews/article/021/0002520497?sid=103
https://n.news.naver.com/mnews/article/081/0003285618?sid=103
https://n.news.naver.com/mnews/article/469/0000685422?sid=103
https://n.news.naver.com/mnews/article/081/0003283931?sid=103
https://n.news.naver.com/mnews/article/021/0002520842?sid=103
https://n.news.naver.com/mnews/article/020/0003437704?sid=103
https://n.news.naver.com/mnews/article/469/0000685058?sid=103
https://n.news.naver.com/mnews/article/081/0003284420?sid=103
https://n.news.naver.com/mnews/article/081/0003283930?sid=103
https://n.news.naver.com/mnews/article/022/0003711017?sid=103
https://n.news.naver.com/mnews/article/469/0000685052?sid=103
https://n.news.naver.com/mnews/article/021/0002520841?sid=103
https://n.news.naver.com/mnews/article/022/0003713790?sid=103
https://n.news.naver.com/mnews/article/469/0000685043?sid=103
https://n.news.naver.com/mnews/article/021/0002520840?sid=103
https://n.news.naver.com/mnews/article/020/0003437963?sid=103
https://n.news.naver.com/mnews/article/081/0003283929?sid=103
https://n.news.naver.com/mnews/article/025/0003206765?sid=103
https://n.news.naver.com/mnews/article/023/0003702964?sid=103
https://n.news.naver.com/mnews/article/469/0000684217?sid=103
https://n.news.naver.com/mnews/article/021/0002520837?sid=103
https://n.news.naver.com/mnews/article/020/0003438836?sid=103
https://n.news.naver.com/mnews/article/081/0003283928?sid=103
https://n.news.naver.com/mnews/article/005/0001537076?sid=103
https://n.news.naver.com/mnews/article/028/0002597191?sid=103
https://n.news.naver.com/mnews/article/025/0003208690?sid=103
https://n.news.naver.com/mnews/article/023/0003701985?sid=103
https://n.news.naver.com/mnews/article/023/0003701168?sid=103
https://n.news.naver.com/mnews/article/023/0003702467?sid=103
https://n.news.naver.com/mnews/article/081/0003286147?sid=103
https://n.news.naver.com/mnews/article/081/0003285047?sid=103
https://n.news.naver.com/mnews/article/081/0003283927?sid=103
https://n.news.naver.com/mnews/article/028/0002597190?sid=103
https://n.news.naver.com/mnews/article/081/0003286133?sid=103
https://n.news.naver.com/mnews/article/022/0003712302?sid=103
 25%|█████████████████████                                                               | 1/4 [00:11<00:34, 11.58s/it]https://n.news.naver.com/mnews/article/025/0003206954?sid=103
https://n.news.naver.com/mnews/article/023/0003702459?sid=103
https://n.news.naver.com/mnews/article/021/0002520470?sid=103
https://n.news.naver.com/mnews/article/081/0003283926?sid=103
https://n.news.naver.com/mnews/article/022/0003712293?sid=103
https://n.news.naver.com/mnews/article/021/0002520469?sid=103
https://n.news.naver.com/mnews/article/081/0003286128?sid=103
https://n.news.naver.com/mnews/article/032/0003157220?sid=103
https://n.news.naver.com/mnews/article/469/0000683807?sid=103
https://n.news.naver.com/mnews/article/023/0003702449?sid=103
https://n.news.naver.com/mnews/article/021/0002520468?sid=103
https://n.news.naver.com/mnews/article/081/0003286127?sid=103
https://n.news.naver.com/mnews/article/005/0001538011?sid=103
https://n.news.naver.com/mnews/article/025/0003206950?sid=103
https://n.news.naver.com/mnews/article/023/0003702446?sid=103
https://n.news.naver.com/mnews/article/469/0000683804?sid=103
https://n.news.naver.com/mnews/article/021/0002520466?sid=103
https://n.news.naver.com/mnews/article/081/0003285025?sid=103
https://n.news.naver.com/mnews/article/081/0003286126?sid=103
https://n.news.naver.com/mnews/article/469/0000683794?sid=103
https://n.news.naver.com/mnews/article/022/0003711335?sid=103
https://n.news.naver.com/mnews/article/023/0003702445?sid=103
https://n.news.naver.com/mnews/article/081/0003286122?sid=103
https://n.news.naver.com/mnews/article/469/0000683788?sid=103
https://n.news.naver.com/mnews/article/081/0003285024?sid=103
https://n.news.naver.com/mnews/article/021/0002520462?sid=103
https://n.news.naver.com/mnews/article/469/0000684119?sid=103
https://n.news.naver.com/mnews/article/023/0003702442?sid=103
https://n.news.naver.com/mnews/article/021/0002520461?sid=103
https://n.news.naver.com/mnews/article/081/0003285023?sid=103
https://n.news.naver.com/mnews/article/020/0003437537?sid=103
https://n.news.naver.com/mnews/article/081/0003286121?sid=103
https://n.news.naver.com/mnews/article/023/0003702440?sid=103
https://n.news.naver.com/mnews/article/022/0003711326?sid=103
https://n.news.naver.com/mnews/article/081/0003284395?sid=103
https://n.news.naver.com/mnews/article/081/0003285022?sid=103
https://n.news.naver.com/mnews/article/081/0003286120?sid=103
https://n.news.naver.com/mnews/article/023/0003700970?sid=103
https://n.news.naver.com/mnews/article/023/0003702438?sid=103
https://n.news.naver.com/mnews/article/021/0002520460?sid=103
https://n.news.naver.com/mnews/article/022/0003711300?sid=103
https://n.news.naver.com/mnews/article/081/0003285021?sid=103
https://n.news.naver.com/mnews/article/081/0003286119?sid=103
https://n.news.naver.com/mnews/article/023/0003702437?sid=103
https://n.news.naver.com/mnews/article/023/0003701503?sid=103
https://n.news.naver.com/mnews/article/022/0003711298?sid=103
https://n.news.naver.com/mnews/article/023/0003700969?sid=103
https://n.news.naver.com/mnews/article/081/0003286104?sid=103
https://n.news.naver.com/mnews/article/081/0003285020?sid=103
https://n.news.naver.com/mnews/article/023/0003701493?sid=103
https://n.news.naver.com/mnews/article/023/0003702436?sid=103
https://n.news.naver.com/mnews/article/469/0000684106?sid=103
https://n.news.naver.com/mnews/article/020/0003437501?sid=103
https://n.news.naver.com/mnews/article/022/0003711450?sid=103
https://n.news.naver.com/mnews/article/469/0000685412?sid=103
https://n.news.naver.com/mnews/article/081/0003285017?sid=103
https://n.news.naver.com/mnews/article/020/0003438801?sid=103
https://n.news.naver.com/mnews/article/081/0003284268?sid=103
https://n.news.naver.com/mnews/article/020/0003437499?sid=103
https://n.news.naver.com/mnews/article/020/0003438780?sid=103
https://n.news.naver.com/mnews/article/020/0003437496?sid=103
https://n.news.naver.com/mnews/article/022/0003711429?sid=103
https://n.news.naver.com/mnews/article/469/0000685408?sid=103
https://n.news.naver.com/mnews/article/032/0003157191?sid=103
https://n.news.naver.com/mnews/article/081/0003285015?sid=103
https://n.news.naver.com/mnews/article/020/0003438772?sid=103
https://n.news.naver.com/mnews/article/020/0003437495?sid=103
https://n.news.naver.com/mnews/article/020/0003439190?sid=103
https://n.news.naver.com/mnews/article/005/0001537382?sid=103
https://n.news.naver.com/mnews/article/020/0003438770?sid=103
https://n.news.naver.com/mnews/article/032/0003157184?sid=103
https://n.news.naver.com/mnews/article/081/0003285014?sid=103
https://n.news.naver.com/mnews/article/020/0003437494?sid=103
https://n.news.naver.com/mnews/article/023/0003702929?sid=103
https://n.news.naver.com/mnews/article/020/0003437492?sid=103
https://n.news.naver.com/mnews/article/469/0000684625?sid=103
https://n.news.naver.com/mnews/article/020/0003438767?sid=103
https://n.news.naver.com/mnews/article/081/0003284369?sid=103
https://n.news.naver.com/mnews/article/469/0000684085?sid=103
https://n.news.naver.com/mnews/article/020/0003439149?sid=103
https://n.news.naver.com/mnews/article/469/0000684611?sid=103
https://n.news.naver.com/mnews/article/023/0003700959?sid=103
https://n.news.naver.com/mnews/article/005/0001537221?sid=103
https://n.news.naver.com/mnews/article/020/0003438765?sid=103
https://n.news.naver.com/mnews/article/020/0003439145?sid=103
https://n.news.naver.com/mnews/article/023/0003702433?sid=103
https://n.news.naver.com/mnews/article/020/0003437489?sid=103
https://n.news.naver.com/mnews/article/005/0001537217?sid=103
https://n.news.naver.com/mnews/article/081/0003284368?sid=103
https://n.news.naver.com/mnews/article/005/0001537959?sid=103
https://n.news.naver.com/mnews/article/022/0003713049?sid=103
https://n.news.naver.com/mnews/article/020/0003439143?sid=103
https://n.news.naver.com/mnews/article/023/0003700954?sid=103
https://n.news.naver.com/mnews/article/469/0000684069?sid=103
https://n.news.naver.com/mnews/article/023/0003702919?sid=103
https://n.news.naver.com/mnews/article/081/0003284365?sid=103
https://n.news.naver.com/mnews/article/022/0003713028?sid=103
https://n.news.naver.com/mnews/article/023/0003701919?sid=103
https://n.news.naver.com/mnews/article/081/0003284228?sid=103
https://n.news.naver.com/mnews/article/020/0003437478?sid=103
https://n.news.naver.com/mnews/article/023/0003702918?sid=103
https://n.news.naver.com/mnews/article/023/0003701918?sid=103
https://n.news.naver.com/mnews/article/081/0003284360?sid=103
https://n.news.naver.com/mnews/article/025/0003208223?sid=103
https://n.news.naver.com/mnews/article/025/0003206889?sid=103
https://n.news.naver.com/mnews/article/020/0003439140?sid=103
https://n.news.naver.com/mnews/article/023/0003701917?sid=103
https://n.news.naver.com/mnews/article/023/0003700949?sid=103
https://n.news.naver.com/mnews/article/081/0003284359?sid=103
https://n.news.naver.com/mnews/article/020/0003439138?sid=103
https://n.news.naver.com/mnews/article/023/0003701916?sid=103
https://n.news.naver.com/mnews/article/020/0003437799?sid=103
https://n.news.naver.com/mnews/article/023/0003702403?sid=103
https://n.news.naver.com/mnews/article/005/0001537380?sid=103
https://n.news.naver.com/mnews/article/023/0003702912?sid=103
https://n.news.naver.com/mnews/article/023/0003700944?sid=103
https://n.news.naver.com/mnews/article/469/0000684062?sid=103
https://n.news.naver.com/mnews/article/023/0003701915?sid=103
https://n.news.naver.com/mnews/article/469/0000684169?sid=103
https://n.news.naver.com/mnews/article/023/0003702907?sid=103
https://n.news.naver.com/mnews/article/023/0003700942?sid=103
https://n.news.naver.com/mnews/article/025/0003208168?sid=103
https://n.news.naver.com/mnews/article/469/0000684168?sid=103
https://n.news.naver.com/mnews/article/023/0003701912?sid=103
https://n.news.naver.com/mnews/article/022/0003713723?sid=103
https://n.news.naver.com/mnews/article/025/0003206886?sid=103
 25%|█████████████████████                                                               | 1/4 [00:15<00:45, 15.10s/it]https://n.news.naver.com/mnews/article/023/0003700941?sid=103
https://n.news.naver.com/mnews/article/032/0003158658?sid=103
https://n.news.naver.com/mnews/article/469/0000684162?sid=103
https://n.news.naver.com/mnews/article/023/0003701908?sid=103
https://n.news.naver.com/mnews/article/025/0003208638?sid=103
https://n.news.naver.com/mnews/article/023/0003700940?sid=103
https://n.news.naver.com/mnews/article/081/0003285903?sid=103
https://n.news.naver.com/mnews/article/025/0003206877?sid=103
https://n.news.naver.com/mnews/article/020/0003438359?sid=103
https://n.news.naver.com/mnews/article/469/0000684155?sid=103
https://n.news.naver.com/mnews/article/005/0001538798?sid=103
https://n.news.naver.com/mnews/article/023/0003700939?sid=103
https://n.news.naver.com/mnews/article/025/0003208636?sid=103
https://n.news.naver.com/mnews/article/023/0003701905?sid=103
https://n.news.naver.com/mnews/article/025/0003206876?sid=103
https://n.news.naver.com/mnews/article/023/0003702790?sid=103
https://n.news.naver.com/mnews/article/020/0003437910?sid=103
https://n.news.naver.com/mnews/article/023/0003700938?sid=103
https://n.news.naver.com/mnews/article/032/0003158649?sid=103
https://n.news.naver.com/mnews/article/023/0003701902?sid=103
https://n.news.naver.com/mnews/article/020/0003437794?sid=103
https://n.news.naver.com/mnews/article/023/0003702890?sid=103
https://n.news.naver.com/mnews/article/023/0003700934?sid=103
https://n.news.naver.com/mnews/article/023/0003702787?sid=103
https://n.news.naver.com/mnews/article/081/0003284206?sid=103
https://n.news.naver.com/mnews/article/025/0003208617?sid=103
https://n.news.naver.com/mnews/article/020/0003437868?sid=103
https://n.news.naver.com/mnews/article/469/0000685258?sid=103
https://n.news.naver.com/mnews/article/023/0003701897?sid=103
https://n.news.naver.com/mnews/article/023/0003700930?sid=103
https://n.news.naver.com/mnews/article/469/0000684052?sid=103
https://n.news.naver.com/mnews/article/020/0003437864?sid=103
https://n.news.naver.com/mnews/article/020/0003439065?sid=103
https://n.news.naver.com/mnews/article/025/0003208602?sid=103
https://n.news.naver.com/mnews/article/020/0003438291?sid=103
https://n.news.naver.com/mnews/article/020/0003437793?sid=103
https://n.news.naver.com/mnews/article/023/0003700929?sid=103
https://n.news.naver.com/mnews/article/020/0003437861?sid=103
https://n.news.naver.com/mnews/article/020/0003439063?sid=103
https://n.news.naver.com/mnews/article/023/0003702887?sid=103
https://n.news.naver.com/mnews/article/025/0003206613?sid=103
https://n.news.naver.com/mnews/article/025/0003208433?sid=103
https://n.news.naver.com/mnews/article/020/0003438288?sid=103
https://n.news.naver.com/mnews/article/020/0003437860?sid=103
https://n.news.naver.com/mnews/article/469/0000684041?sid=103
 50%|██████████████████████████████████████████                                          | 2/4 [00:16<00:12,  6.49s/it]https://n.news.naver.com/mnews/article/025/0003209161?sid=103
https://n.news.naver.com/mnews/article/022/0003710736?sid=103
https://n.news.naver.com/mnews/article/020/0003438287?sid=103
https://n.news.naver.com/mnews/article/020/0003437858?sid=103
https://n.news.naver.com/mnews/article/032/0003159395?sid=103
https://n.news.naver.com/mnews/article/023/0003701336?sid=103
https://n.news.naver.com/mnews/article/020/0003438285?sid=103
https://n.news.naver.com/mnews/article/028/0002597984?sid=103
https://n.news.naver.com/mnews/article/023/0003701413?sid=103
https://n.news.naver.com/mnews/article/022/0003710670?sid=103
https://n.news.naver.com/mnews/article/023/0003703334?sid=103
https://n.news.naver.com/mnews/article/020/0003438284?sid=103
https://n.news.naver.com/mnews/article/023/0003703333?sid=103
https://n.news.naver.com/mnews/article/022/0003711191?sid=103
https://n.news.naver.com/mnews/article/023/0003701410?sid=103
https://n.news.naver.com/mnews/article/028/0002597982?sid=103
https://n.news.naver.com/mnews/article/022/0003710668?sid=103
https://n.news.naver.com/mnews/article/022/0003714469?sid=103
https://n.news.naver.com/mnews/article/022/0003712207?sid=103
https://n.news.naver.com/mnews/article/025/0003208432?sid=103
https://n.news.naver.com/mnews/article/469/0000684029?sid=103
https://n.news.naver.com/mnews/article/023/0003701408?sid=103
https://n.news.naver.com/mnews/article/022/0003714450?sid=103
https://n.news.naver.com/mnews/article/025/0003206609?sid=103
https://n.news.naver.com/mnews/article/469/0000685243?sid=103
https://n.news.naver.com/mnews/article/005/0001537906?sid=103
https://n.news.naver.com/mnews/article/020/0003439589?sid=103
https://n.news.naver.com/mnews/article/032/0003157116?sid=103
https://n.news.naver.com/mnews/article/081/0003283879?sid=103
https://n.news.naver.com/mnews/article/023/0003701404?sid=103
https://n.news.naver.com/mnews/article/025/0003209123?sid=103
https://n.news.naver.com/mnews/article/020/0003439056?sid=103
https://n.news.naver.com/mnews/article/025/0003207624?sid=103
https://n.news.naver.com/mnews/article/025/0003206568?sid=103
https://n.news.naver.com/mnews/article/025/0003206833?sid=103
https://n.news.naver.com/mnews/article/081/0003286659?sid=103
https://n.news.naver.com/mnews/article/022/0003713463?sid=103
https://n.news.naver.com/mnews/article/023/0003701402?sid=103
https://n.news.naver.com/mnews/article/025/0003207598?sid=103
https://n.news.naver.com/mnews/article/025/0003206535?sid=103
 50%|██████████████████████████████████████████                                          | 2/4 [00:17<00:19,  9.84s/it]https://n.news.naver.com/mnews/article/023/0003701620?sid=103
https://n.news.naver.com/mnews/article/022/0003714395?sid=103
https://n.news.naver.com/mnews/article/469/0000685233?sid=103
https://n.news.naver.com/mnews/article/023/0003701399?sid=103
https://n.news.naver.com/mnews/article/025/0003207266?sid=103
https://n.news.naver.com/mnews/article/025/0003207613?sid=103
https://n.news.naver.com/mnews/article/022/0003714390?sid=103
https://n.news.naver.com/mnews/article/025/0003206537?sid=103
https://n.news.naver.com/mnews/article/081/0003284610?sid=103
https://n.news.naver.com/mnews/article/025/0003206979?sid=103
https://n.news.naver.com/mnews/article/028/0002597971?sid=103
https://n.news.naver.com/mnews/article/025/0003207609?sid=103
https://n.news.naver.com/mnews/article/081/0003286653?sid=103
https://n.news.naver.com/mnews/article/022/0003711755?sid=103
https://n.news.naver.com/mnews/article/025/0003206539?sid=103
https://n.news.naver.com/mnews/article/023/0003701872?sid=103
https://n.news.naver.com/mnews/article/022/0003711753?sid=103
https://n.news.naver.com/mnews/article/028/0002597965?sid=103
https://n.news.naver.com/mnews/article/025/0003206988?sid=103
https://n.news.naver.com/mnews/article/081/0003286648?sid=103
https://n.news.naver.com/mnews/article/022/0003711751?sid=103
https://n.news.naver.com/mnews/article/005/0001538771?sid=103
https://n.news.naver.com/mnews/article/023/0003700923?sid=103
https://n.news.naver.com/mnews/article/023/0003701870?sid=103
https://n.news.naver.com/mnews/article/023/0003701603?sid=103
https://n.news.naver.com/mnews/article/025/0003206983?sid=103
https://n.news.naver.com/mnews/article/023/0003703309?sid=103
https://n.news.naver.com/mnews/article/028/0002597964?sid=103
https://n.news.naver.com/mnews/article/022/0003711743?sid=103
https://n.news.naver.com/mnews/article/005/0001537294?sid=103
https://n.news.naver.com/mnews/article/025/0003209089?sid=103
 33%|████████████████████████████                                                        | 1/3 [00:18<00:36, 18.21s/it]https://n.news.naver.com/mnews/article/023/0003701319?sid=103
https://n.news.naver.com/mnews/article/081/0003285852?sid=103
https://n.news.naver.com/mnews/article/020/0003438043?sid=103
 25%|█████████████████████                                                               | 1/4 [00:18<00:54, 18.25s/it]https://n.news.naver.com/mnews/article/023/0003702399?sid=103
https://n.news.naver.com/mnews/article/023/0003701397?sid=103
https://n.news.naver.com/mnews/article/022/0003711165?sid=103
https://n.news.naver.com/mnews/article/020/0003438041?sid=103
https://n.news.naver.com/mnews/article/469/0000685727?sid=103
https://n.news.naver.com/mnews/article/028/0002597959?sid=103
https://n.news.naver.com/mnews/article/081/0003284173?sid=103
https://n.news.naver.com/mnews/article/023/0003701396?sid=103
https://n.news.naver.com/mnews/article/081/0003285565?sid=103
https://n.news.naver.com/mnews/article/081/0003284590?sid=103
https://n.news.naver.com/mnews/article/025/0003206820?sid=103
https://n.news.naver.com/mnews/article/028/0002597958?sid=103
https://n.news.naver.com/mnews/article/032/0003158353?sid=103
https://n.news.naver.com/mnews/article/469/0000685726?sid=103
https://n.news.naver.com/mnews/article/020/0003438036?sid=103
 25%|█████████████████████                                                               | 1/4 [00:18<00:55, 18.59s/it]https://n.news.naver.com/mnews/article/081/0003284944?sid=103
https://n.news.naver.com/mnews/article/028/0002597063?sid=103
https://n.news.naver.com/mnews/article/032/0003159277?sid=103
https://n.news.naver.com/mnews/article/022/0003711694?sid=103
https://n.news.naver.com/mnews/article/081/0003285843?sid=103
https://n.news.naver.com/mnews/article/023/0003702387?sid=103
https://n.news.naver.com/mnews/article/023/0003703293?sid=103
https://n.news.naver.com/mnews/article/028/0002597062?sid=103
https://n.news.naver.com/mnews/article/081/0003284943?sid=103
https://n.news.naver.com/mnews/article/020/0003438035?sid=103
https://n.news.naver.com/mnews/article/032/0003158628?sid=103
https://n.news.naver.com/mnews/article/022/0003712973?sid=103
https://n.news.naver.com/mnews/article/005/0001537543?sid=103
https://n.news.naver.com/mnews/article/005/0001537144?sid=103
https://n.news.naver.com/mnews/article/081/0003284942?sid=103
https://n.news.naver.com/mnews/article/005/0001539414?sid=103
https://n.news.naver.com/mnews/article/469/0000684328?sid=103
https://n.news.naver.com/mnews/article/023/0003702745?sid=103
https://n.news.naver.com/mnews/article/469/0000684016?sid=103
https://n.news.naver.com/mnews/article/032/0003158321?sid=103
https://n.news.naver.com/mnews/article/469/0000685210?sid=103
https://n.news.naver.com/mnews/article/020/0003437778?sid=103
https://n.news.naver.com/mnews/article/469/0000684325?sid=103
https://n.news.naver.com/mnews/article/032/0003159244?sid=103
https://n.news.naver.com/mnews/article/022/0003712971?sid=103
https://n.news.naver.com/mnews/article/025/0003207573?sid=103
https://n.news.naver.com/mnews/article/005/0001538754?sid=103
https://n.news.naver.com/mnews/article/022/0003711137?sid=103
https://n.news.naver.com/mnews/article/005/0001539409?sid=103
https://n.news.naver.com/mnews/article/022/0003711685?sid=103
https://n.news.naver.com/mnews/article/005/0001538749?sid=103
https://n.news.naver.com/mnews/article/028/0002597815?sid=103
https://n.news.naver.com/mnews/article/022/0003711136?sid=103
https://n.news.naver.com/mnews/article/032/0003157795?sid=103
https://n.news.naver.com/mnews/article/020/0003439545?sid=103
https://n.news.naver.com/mnews/article/469/0000684316?sid=103
https://n.news.naver.com/mnews/article/028/0002597059?sid=103
https://n.news.naver.com/mnews/article/022/0003711672?sid=103
https://n.news.naver.com/mnews/article/023/0003702711?sid=103
https://n.news.naver.com/mnews/article/023/0003702380?sid=103
https://n.news.naver.com/mnews/article/022/0003711134?sid=103
https://n.news.naver.com/mnews/article/023/0003701860?sid=103
https://n.news.naver.com/mnews/article/021/0002521733?sid=103
https://n.news.naver.com/mnews/article/028/0002597280?sid=103
https://n.news.naver.com/mnews/article/025/0003206808?sid=103
https://n.news.naver.com/mnews/article/020/0003439044?sid=103
https://n.news.naver.com/mnews/article/032/0003159227?sid=103
https://n.news.naver.com/mnews/article/022/0003712962?sid=103
https://n.news.naver.com/mnews/article/005/0001537532?sid=103
https://n.news.naver.com/mnews/article/025/0003206806?sid=103
https://n.news.naver.com/mnews/article/022/0003712170?sid=103
https://n.news.naver.com/mnews/article/020/0003439043?sid=103
https://n.news.naver.com/mnews/article/032/0003157453?sid=103
https://n.news.naver.com/mnews/article/023/0003702701?sid=103
https://n.news.naver.com/mnews/article/022/0003714319?sid=103
https://n.news.naver.com/mnews/article/020/0003437774?sid=103
https://n.news.naver.com/mnews/article/028/0002597812?sid=103
https://n.news.naver.com/mnews/article/081/0003284550?sid=103
https://n.news.naver.com/mnews/article/022/0003712169?sid=103
https://n.news.naver.com/mnews/article/025/0003206801?sid=103
https://n.news.naver.com/mnews/article/020/0003439042?sid=103
https://n.news.naver.com/mnews/article/081/0003286563?sid=103
https://n.news.naver.com/mnews/article/025/0003207199?sid=103
https://n.news.naver.com/mnews/article/028/0002597057?sid=103
https://n.news.naver.com/mnews/article/023/0003702700?sid=103
https://n.news.naver.com/mnews/article/028/0002597811?sid=103
https://n.news.naver.com/mnews/article/022/0003712168?sid=103
https://n.news.naver.com/mnews/article/022/0003714316?sid=103
https://n.news.naver.com/mnews/article/023/0003701584?sid=103
https://n.news.naver.com/mnews/article/028/0002597056?sid=103
https://n.news.naver.com/mnews/article/025/0003209044?sid=103
https://n.news.naver.com/mnews/article/022/0003712165?sid=103
https://n.news.naver.com/mnews/article/020/0003439041?sid=103
https://n.news.naver.com/mnews/article/022/0003711661?sid=103
https://n.news.naver.com/mnews/article/081/0003285555?sid=103
https://n.news.naver.com/mnews/article/469/0000683993?sid=103
https://n.news.naver.com/mnews/article/020/0003439039?sid=103
https://n.news.naver.com/mnews/article/081/0003284546?sid=103
https://n.news.naver.com/mnews/article/020/0003437770?sid=103
https://n.news.naver.com/mnews/article/020/0003439535?sid=103
https://n.news.naver.com/mnews/article/022/0003712163?sid=103
https://n.news.naver.com/mnews/article/020/0003439036?sid=103
https://n.news.naver.com/mnews/article/469/0000685004?sid=103
https://n.news.naver.com/mnews/article/020/0003438013?sid=103
https://n.news.naver.com/mnews/article/025/0003209043?sid=103
https://n.news.naver.com/mnews/article/081/0003284148?sid=103
https://n.news.naver.com/mnews/article/022/0003712148?sid=103
https://n.news.naver.com/mnews/article/020/0003438726?sid=103
https://n.news.naver.com/mnews/article/020/0003439033?sid=103
https://n.news.naver.com/mnews/article/032/0003157436?sid=103
https://n.news.naver.com/mnews/article/081/0003286536?sid=103
HTTPSConnectionPool(host='n.news.naver.com', port=443): Read timed out. (read timeout=10)
https://n.news.naver.com/mnews/article/081/0003284148?sid=103
HTTPSConnectionPool(host='n.news.naver.com', port=443): Read timed out. (read timeout=10)HTTPSConnectionPool(host='n.news.naver.com', port=443): Read timed out. (read timeout=10)

https://n.news.naver.com/mnews/article/020/0003438726?sid=103https://n.news.naver.com/mnews/article/022/0003712148?sid=103

HTTPSConnectionPool(host='n.news.naver.com', port=443): Read timed out. (read timeout=10)
https://n.news.naver.com/mnews/article/032/0003157436?sid=103
HTTPSConnectionPool(host='n.news.naver.com', port=443): Read timed out. (read timeout=10)
https://n.news.naver.com/mnews/article/020/0003439033?sid=103
HTTPSConnectionPool(host='n.news.naver.com', port=443): Read timed out. (read timeout=10)
https://n.news.naver.com/mnews/article/081/0003286536?sid=103
https://n.news.naver.com/mnews/article/028/0002597050?sid=103
https://n.news.naver.com/mnews/article/469/0000685000?sid=103
https://n.news.naver.com/mnews/article/021/0002520608?sid=103
https://n.news.naver.com/mnews/article/020/0003439031?sid=103
https://n.news.naver.com/mnews/article/021/0002521729?sid=103
https://n.news.naver.com/mnews/article/020/0003438725?sid=103
https://n.news.naver.com/mnews/article/020/0003439029?sid=103
https://n.news.naver.com/mnews/article/022/0003712884?sid=103
https://n.news.naver.com/mnews/article/020/0003439026?sid=103
https://n.news.naver.com/mnews/article/028/0002597049?sid=103
https://n.news.naver.com/mnews/article/469/0000684579?sid=103
https://n.news.naver.com/mnews/article/005/0001537513?sid=103
https://n.news.naver.com/mnews/article/005/0001538430?sid=103
https://n.news.naver.com/mnews/article/023/0003701848?sid=103
https://n.news.naver.com/mnews/article/020/0003439023?sid=103
https://n.news.naver.com/mnews/article/022/0003711085?sid=103
https://n.news.naver.com/mnews/article/025/0003209026?sid=103
https://n.news.naver.com/mnews/article/005/0001537511?sid=103
https://n.news.naver.com/mnews/article/020/0003439014?sid=103
https://n.news.naver.com/mnews/article/081/0003285522?sid=103
https://n.news.naver.com/mnews/article/081/0003284139?sid=103
https://n.news.naver.com/mnews/article/081/0003284920?sid=103
https://n.news.naver.com/mnews/article/469/0000684291?sid=103
https://n.news.naver.com/mnews/article/081/0003286521?sid=103
https://n.news.naver.com/mnews/article/020/0003439013?sid=103
https://n.news.naver.com/mnews/article/028/0002597046?sid=103
https://n.news.naver.com/mnews/article/469/0000684560?sid=103
https://n.news.naver.com/mnews/article/032/0003159190?sid=103
https://n.news.naver.com/mnews/article/022/0003712876?sid=103
https://n.news.naver.com/mnews/article/028/0002597043?sid=103
https://n.news.naver.com/mnews/article/020/0003439007?sid=103
https://n.news.naver.com/mnews/article/020/0003439517?sid=103
https://n.news.naver.com/mnews/article/005/0001537867?sid=103
https://n.news.naver.com/mnews/article/020/0003438009?sid=103
https://n.news.naver.com/mnews/article/021/0002520338?sid=103
https://n.news.naver.com/mnews/article/028/0002597764?sid=103
https://n.news.naver.com/mnews/article/028/0002598261?sid=103
https://n.news.naver.com/mnews/article/020/0003439001?sid=103
https://n.news.naver.com/mnews/article/081/0003284525?sid=103
https://n.news.naver.com/mnews/article/081/0003284130?sid=103
https://n.news.naver.com/mnews/article/081/0003284908?sid=103
https://n.news.naver.com/mnews/article/021/0002521645?sid=103
https://n.news.naver.com/mnews/article/028/0002597763?sid=103
https://n.news.naver.com/mnews/article/020/0003438997?sid=103
https://n.news.naver.com/mnews/article/032/0003157068?sid=103
https://n.news.naver.com/mnews/article/023/0003702652?sid=103
https://n.news.naver.com/mnews/article/469/0000685653?sid=103
https://n.news.naver.com/mnews/article/020/0003438255?sid=103
https://n.news.naver.com/mnews/article/469/0000683972?sid=103
 50%|██████████████████████████████████████████                                          | 2/4 [01:32<01:07, 33.72s/it]https://n.news.naver.com/mnews/article/022/0003713694?sid=103
https://n.news.naver.com/mnews/article/023/0003701274?sid=103
https://n.news.naver.com/mnews/article/032/0003159171?sid=103
https://n.news.naver.com/mnews/article/022/0003713689?sid=103
https://n.news.naver.com/mnews/article/028/0002597758?sid=103
https://n.news.naver.com/mnews/article/022/0003713675?sid=103
https://n.news.naver.com/mnews/article/032/0003159169?sid=103
https://n.news.naver.com/mnews/article/025/0003207164?sid=103
https://n.news.naver.com/mnews/article/028/0002597757?sid=103
https://n.news.naver.com/mnews/article/081/0003286031?sid=103
https://n.news.naver.com/mnews/article/469/0000684280?sid=103
https://n.news.naver.com/mnews/article/032/0003159166?sid=103
https://n.news.naver.com/mnews/article/081/0003284123?sid=103
https://n.news.naver.com/mnews/article/028/0002597756?sid=103https://n.news.naver.com/mnews/article/022/0003713643?sid=103

https://n.news.naver.com/mnews/article/020/0003438002?sid=103
https://n.news.naver.com/mnews/article/081/0003286489?sid=103
https://n.news.naver.com/mnews/article/005/0001537116?sid=103
https://n.news.naver.com/mnews/article/022/0003713641?sid=103
https://n.news.naver.com/mnews/article/081/0003284506?sid=103
https://n.news.naver.com/mnews/article/028/0002597753?sid=103
https://n.news.naver.com/mnews/article/005/0001537115?sid=103
https://n.news.naver.com/mnews/article/020/0003439500?sid=103
https://n.news.naver.com/mnews/article/005/0001537481?sid=103
https://n.news.naver.com/mnews/article/020/0003439103?sid=103
https://n.news.naver.com/mnews/article/032/0003157065?sid=103
https://n.news.naver.com/mnews/article/020/0003438250?sid=103
https://n.news.naver.com/mnews/article/020/0003439498?sid=103
https://n.news.naver.com/mnews/article/020/0003438712?sid=103
https://n.news.naver.com/mnews/article/081/0003284456?sid=103
https://n.news.naver.com/mnews/article/469/0000685340?sid=103
https://n.news.naver.com/mnews/article/022/0003712102?sid=103
https://n.news.naver.com/mnews/article/032/0003159155?sid=103
https://n.news.naver.com/mnews/article/081/0003284455?sid=103
https://n.news.naver.com/mnews/article/469/0000685338?sid=103
https://n.news.naver.com/mnews/article/028/0002597748?sid=103
https://n.news.naver.com/mnews/article/023/0003703221?sid=103
https://n.news.naver.com/mnews/article/081/0003284453?sid=103
https://n.news.naver.com/mnews/article/020/0003438247?sid=103
https://n.news.naver.com/mnews/article/022/0003713632?sid=103
https://n.news.naver.com/mnews/article/005/0001538410?sid=103
https://n.news.naver.com/mnews/article/023/0003701266?sid=103
https://n.news.naver.com/mnews/article/469/0000685639?sid=103
https://n.news.naver.com/mnews/article/028/0002597226?sid=103
https://n.news.naver.com/mnews/article/025/0003208547?sid=103
https://n.news.naver.com/mnews/article/081/0003284892?sid=103
https://n.news.naver.com/mnews/article/469/0000683969?sid=103
https://n.news.naver.com/mnews/article/081/0003284449?sid=103
https://n.news.naver.com/mnews/article/021/0002521615?sid=103
https://n.news.naver.com/mnews/article/025/0003208090?sid=103
https://n.news.naver.com/mnews/article/032/0003158727?sid=103
https://n.news.naver.com/mnews/article/081/0003284119?sid=103
https://n.news.naver.com/mnews/article/032/0003157366?sid=103
https://n.news.naver.com/mnews/article/028/0002597738?sid=103
https://n.news.naver.com/mnews/article/469/0000685323?sid=103
https://n.news.naver.com/mnews/article/081/0003284885?sid=103
https://n.news.naver.com/mnews/article/025/0003206772?sid=103
https://n.news.naver.com/mnews/article/081/0003284439?sid=103
https://n.news.naver.com/mnews/article/025/0003208518?sid=103
https://n.news.naver.com/mnews/article/469/0000684960?sid=103
https://n.news.naver.com/mnews/article/081/0003284438?sid=103
https://n.news.naver.com/mnews/article/032/0003158706?sid=103
https://n.news.naver.com/mnews/article/021/0002521611?sid=103
https://n.news.naver.com/mnews/article/005/0001538405?sid=103
https://n.news.naver.com/mnews/article/081/0003284436?sid=103
https://n.news.naver.com/mnews/article/021/0002521603?sid=103
https://n.news.naver.com/mnews/article/020/0003439084?sid=103
https://n.news.naver.com/mnews/article/023/0003701838?sid=103
https://n.news.naver.com/mnews/article/023/0003701260?sid=103
https://n.news.naver.com/mnews/article/025/0003207105?sid=103
https://n.news.naver.com/mnews/article/020/0003439083?sid=103
https://n.news.naver.com/mnews/article/469/0000684528?sid=103
https://n.news.naver.com/mnews/article/020/0003438700?sid=103
https://n.news.naver.com/mnews/article/469/0000683960?sid=103
https://n.news.naver.com/mnews/article/032/0003157353?sid=103
https://n.news.naver.com/mnews/article/081/0003286471?sid=103
https://n.news.naver.com/mnews/article/032/0003158699?sid=103
https://n.news.naver.com/mnews/article/028/0002597426?sid=103
https://n.news.naver.com/mnews/article/081/0003284433?sid=103
https://n.news.naver.com/mnews/article/005/0001537101?sid=103
https://n.news.naver.com/mnews/article/081/0003286463?sid=103
https://n.news.naver.com/mnews/article/023/0003702822?sid=103
https://n.news.naver.com/mnews/article/081/0003285479?sid=103
https://n.news.naver.com/mnews/article/081/0003284431?sid=103
https://n.news.naver.com/mnews/article/005/0001537096?sid=103
https://n.news.naver.com/mnews/article/469/0000685619?sid=103
https://n.news.naver.com/mnews/article/020/0003439081?sid=103
https://n.news.naver.com/mnews/article/023/0003701195?sid=103
https://n.news.naver.com/mnews/article/081/0003284862?sid=103
https://n.news.naver.com/mnews/article/022/0003713563?sid=103
https://n.news.naver.com/mnews/article/022/0003714200?sid=103
https://n.news.naver.com/mnews/article/020/0003437751?sid=103
https://n.news.naver.com/mnews/article/081/0003285924?sid=103
https://n.news.naver.com/mnews/article/469/0000684951?sid=103
https://n.news.naver.com/mnews/article/023/0003703193?sid=103
https://n.news.naver.com/mnews/article/023/0003701191?sid=103
https://n.news.naver.com/mnews/article/469/0000685289?sid=103
https://n.news.naver.com/mnews/article/081/0003286440?sid=103
https://n.news.naver.com/mnews/article/081/0003285476?sid=103
https://n.news.naver.com/mnews/article/020/0003437746?sid=103
https://n.news.naver.com/mnews/article/025/0003208496?sid=103
https://n.news.naver.com/mnews/article/025/0003207490?sid=103
https://n.news.naver.com/mnews/article/081/0003286439?sid=103
https://n.news.naver.com/mnews/article/081/0003285460?sid=103
https://n.news.naver.com/mnews/article/020/0003437740?sid=103
https://n.news.naver.com/mnews/article/028/0002597992?sid=103
https://n.news.naver.com/mnews/article/020/0003437727?sid=103
https://n.news.naver.com/mnews/article/081/0003284853?sid=103
https://n.news.naver.com/mnews/article/081/0003285920?sid=103
https://n.news.naver.com/mnews/article/081/0003286438?sid=103
https://n.news.naver.com/mnews/article/022/0003712838?sid=103
https://n.news.naver.com/mnews/article/020/0003437725?sid=103
https://n.news.naver.com/mnews/article/032/0003158666?sid=103
https://n.news.naver.com/mnews/article/025/0003207479?sid=103
https://n.news.naver.com/mnews/article/020/0003437721?sid=103
https://n.news.naver.com/mnews/article/032/0003158663?sid=103
https://n.news.naver.com/mnews/article/469/0000684929?sid=103
https://n.news.naver.com/mnews/article/020/0003437719?sid=103
https://n.news.naver.com/mnews/article/021/0002520520?sid=103
 75%|███████████████████████████████████████████████████████████████                     | 3/4 [01:35<00:24, 24.61s/it]https://n.news.naver.com/mnews/article/081/0003286360?sid=103
https://n.news.naver.com/mnews/article/469/0000684501?sid=103
https://n.news.naver.com/mnews/article/025/0003208047?sid=103
https://n.news.naver.com/mnews/article/081/0003286437?sid=103
https://n.news.naver.com/mnews/article/020/0003437717?sid=103
https://n.news.naver.com/mnews/article/022/0003712825?sid=103
https://n.news.naver.com/mnews/article/020/0003439346?sid=103
https://n.news.naver.com/mnews/article/032/0003157351?sid=103
https://n.news.naver.com/mnews/article/020/0003437716?sid=103
https://n.news.naver.com/mnews/article/081/0003284848?sid=103
https://n.news.naver.com/mnews/article/081/0003286436?sid=103
https://n.news.naver.com/mnews/article/023/0003703087?sid=103
https://n.news.naver.com/mnews/article/028/0002597204?sid=103
https://n.news.naver.com/mnews/article/025/0003208044?sid=103
https://n.news.naver.com/mnews/article/020/0003437715?sid=103
https://n.news.naver.com/mnews/article/081/0003286344?sid=103
https://n.news.naver.com/mnews/article/032/0003157348?sid=103
https://n.news.naver.com/mnews/article/005/0001539311?sid=103
https://n.news.naver.com/mnews/article/025/0003207467?sid=103
https://n.news.naver.com/mnews/article/020/0003437714?sid=103
https://n.news.naver.com/mnews/article/022/0003714048?sid=103
https://n.news.naver.com/mnews/article/081/0003284425?sid=103
https://n.news.naver.com/mnews/article/032/0003159124?sid=103
https://n.news.naver.com/mnews/article/022/0003712823?sid=103
https://n.news.naver.com/mnews/article/081/0003284834?sid=103
https://n.news.naver.com/mnews/article/023/0003703078?sid=103
https://n.news.naver.com/mnews/article/032/0003159124?sid=103
https://n.news.naver.com/mnews/article/020/0003437713?sid=103
https://n.news.naver.com/mnews/article/022/0003712822?sid=103
https://n.news.naver.com/mnews/article/020/0003439330?sid=103
https://n.news.naver.com/mnews/article/020/0003437712?sid=103
https://n.news.naver.com/mnews/article/469/0000685607?sid=103
https://n.news.naver.com/mnews/article/025/0003207465?sid=103
https://n.news.naver.com/mnews/article/022/0003712821?sid=103
https://n.news.naver.com/mnews/article/021/0002520501?sid=103
https://n.news.naver.com/mnews/article/020/0003439327?sid=103
https://n.news.naver.com/mnews/article/469/0000685603?sid=103
https://n.news.naver.com/mnews/article/020/0003437711?sid=103
https://n.news.naver.com/mnews/article/021/0002520497?sid=103
https://n.news.naver.com/mnews/article/022/0003713999?sid=103
https://n.news.naver.com/mnews/article/022/0003712820?sid=103
https://n.news.naver.com/mnews/article/032/0003157653?sid=103
https://n.news.naver.com/mnews/article/469/0000685597?sid=103
https://n.news.naver.com/mnews/article/020/0003437710?sid=103
https://n.news.naver.com/mnews/article/022/0003713997?sid=103
https://n.news.naver.com/mnews/article/081/0003284420?sid=103
https://n.news.naver.com/mnews/article/469/0000685591?sid=103
https://n.news.naver.com/mnews/article/023/0003701178?sid=103
https://n.news.naver.com/mnews/article/022/0003712819?sid=103
https://n.news.naver.com/mnews/article/020/0003438209?sid=103
https://n.news.naver.com/mnews/article/469/0000685537?sid=103
https://n.news.naver.com/mnews/article/020/0003437963?sid=103
https://n.news.naver.com/mnews/article/023/0003703145?sid=103
https://n.news.naver.com/mnews/article/020/0003437704?sid=103
https://n.news.naver.com/mnews/article/469/0000684466?sid=103
https://n.news.naver.com/mnews/article/022/0003713989?sid=103
https://n.news.naver.com/mnews/article/469/0000684217?sid=103
https://n.news.naver.com/mnews/article/022/0003712818?sid=103
https://n.news.naver.com/mnews/article/022/0003711017?sid=103
https://n.news.naver.com/mnews/article/020/0003439405?sid=103
https://n.news.naver.com/mnews/article/005/0001539145?sid=103
https://n.news.naver.com/mnews/article/028/0002597191?sid=103
https://n.news.naver.com/mnews/article/025/0003206765?sid=103
https://n.news.naver.com/mnews/article/022/0003712817?sid=103
https://n.news.naver.com/mnews/article/081/0003284798?sid=103
https://n.news.naver.com/mnews/article/025/0003208792?sid=103
https://n.news.naver.com/mnews/article/020/0003439403?sid=103
https://n.news.naver.com/mnews/article/028/0002597190?sid=103
https://n.news.naver.com/mnews/article/005/0001537076?sid=103
https://n.news.naver.com/mnews/article/020/0003439293?sid=103
https://n.news.naver.com/mnews/article/022/0003712816?sid=103
https://n.news.naver.com/mnews/article/025/0003207443?sid=103
https://n.news.naver.com/mnews/article/021/0002520470?sid=103
https://n.news.naver.com/mnews/article/023/0003701168?sid=103
https://n.news.naver.com/mnews/article/020/0003439401?sid=103
https://n.news.naver.com/mnews/article/469/0000685505?sid=103
https://n.news.naver.com/mnews/article/021/0002520469?sid=103
 67%|████████████████████████████████████████████████████████                            | 2/3 [01:37<00:36, 36.51s/it]https://n.news.naver.com/mnews/article/025/0003206954?sid=103
https://n.news.naver.com/mnews/article/022/0003712815?sid=103
https://n.news.naver.com/mnews/article/081/0003286262?sid=103
https://n.news.naver.com/mnews/article/021/0002520468?sid=103
https://n.news.naver.com/mnews/article/032/0003157220?sid=103
https://n.news.naver.com/mnews/article/081/0003284793?sid=103
https://n.news.naver.com/mnews/article/020/0003439400?sid=103
https://n.news.naver.com/mnews/article/022/0003712814?sid=103
https://n.news.naver.com/mnews/article/025/0003208777?sid=103
https://n.news.naver.com/mnews/article/021/0002520466?sid=103
https://n.news.naver.com/mnews/article/020/0003439389?sid=103
https://n.news.naver.com/mnews/article/032/0003157639?sid=103
https://n.news.naver.com/mnews/article/469/0000685488?sid=103
https://n.news.naver.com/mnews/article/021/0002520462?sid=103
https://n.news.naver.com/mnews/article/022/0003712813?sid=103
https://n.news.naver.com/mnews/article/020/0003439374?sid=103
https://n.news.naver.com/mnews/article/081/0003284787?sid=103
https://n.news.naver.com/mnews/article/021/0002520461?sid=103
https://n.news.naver.com/mnews/article/021/0002521568?sid=103
https://n.news.naver.com/mnews/article/025/0003206950?sid=103
https://n.news.naver.com/mnews/article/022/0003712812?sid=103
https://n.news.naver.com/mnews/article/020/0003439369?sid=103
https://n.news.naver.com/mnews/article/025/0003207430?sid=103
https://n.news.naver.com/mnews/article/081/0003284395?sid=103
https://n.news.naver.com/mnews/article/023/0003703049?sid=103
https://n.news.naver.com/mnews/article/023/0003703128?sid=103
https://n.news.naver.com/mnews/article/022/0003711335?sid=103
https://n.news.naver.com/mnews/article/022/0003712811?sid=103
https://n.news.naver.com/mnews/article/021/0002520460?sid=103
https://n.news.naver.com/mnews/article/469/0000684119?sid=103
https://n.news.naver.com/mnews/article/023/0003703125?sid=103
https://n.news.naver.com/mnews/article/081/0003284778?sid=103
https://n.news.naver.com/mnews/article/022/0003712809?sid=103
https://n.news.naver.com/mnews/article/023/0003701503?sid=103
https://n.news.naver.com/mnews/article/022/0003711326?sid=103
https://n.news.naver.com/mnews/article/023/0003703122?sid=103
https://n.news.naver.com/mnews/article/028/0002598147?sid=103
https://n.news.naver.com/mnews/article/081/0003284773?sid=103
https://n.news.naver.com/mnews/article/023/0003701493?sid=103
https://n.news.naver.com/mnews/article/022/0003711300?sid=103
https://n.news.naver.com/mnews/article/023/0003703121?sid=103
https://n.news.naver.com/mnews/article/022/0003712808?sid=103
https://n.news.naver.com/mnews/article/021/0002521565?sid=103
https://n.news.naver.com/mnews/article/022/0003711450?sid=103
https://n.news.naver.com/mnews/article/022/0003711298?sid=103
https://n.news.naver.com/mnews/article/081/0003284767?sid=103
https://n.news.naver.com/mnews/article/025/0003208762?sid=103
https://n.news.naver.com/mnews/article/023/0003703115?sid=103
https://n.news.naver.com/mnews/article/469/0000684106?sid=103
https://n.news.naver.com/mnews/article/022/0003711429?sid=103
https://n.news.naver.com/mnews/article/022/0003712807?sid=103
https://n.news.naver.com/mnews/article/081/0003286215?sid=103
https://n.news.naver.com/mnews/article/081/0003284268?sid=103
https://n.news.naver.com/mnews/article/005/0001537382?sid=103
https://n.news.naver.com/mnews/article/022/0003711942?sid=103
https://n.news.naver.com/mnews/article/023/0003703113?sid=103
https://n.news.naver.com/mnews/article/081/0003286189?sid=103
https://n.news.naver.com/mnews/article/081/0003284369?sid=103
https://n.news.naver.com/mnews/article/032/0003157191?sid=103
https://n.news.naver.com/mnews/article/023/0003703112?sid=103
https://n.news.naver.com/mnews/article/022/0003712806?sid=103
https://n.news.naver.com/mnews/article/021/0002520682?sid=103
https://n.news.naver.com/mnews/article/020/0003439253?sid=103
https://n.news.naver.com/mnews/article/081/0003284368?sid=103
https://n.news.naver.com/mnews/article/032/0003157184?sid=103
https://n.news.naver.com/mnews/article/022/0003712805?sid=103
https://n.news.naver.com/mnews/article/032/0003158915?sid=103
https://n.news.naver.com/mnews/article/081/0003284365?sid=103
https://n.news.naver.com/mnews/article/469/0000684434?sid=103
https://n.news.naver.com/mnews/article/023/0003703111?sid=103
https://n.news.naver.com/mnews/article/469/0000684085?sid=103
https://n.news.naver.com/mnews/article/021/0002521478?sid=103
https://n.news.naver.com/mnews/article/021/0002520673?sid=103
https://n.news.naver.com/mnews/article/081/0003284360?sid=103
https://n.news.naver.com/mnews/article/022/0003712804?sid=103
https://n.news.naver.com/mnews/article/020/0003439353?sid=103
https://n.news.naver.com/mnews/article/005/0001537221?sid=103
https://n.news.naver.com/mnews/article/020/0003439247?sid=103
https://n.news.naver.com/mnews/article/081/0003284359?sid=103
https://n.news.naver.com/mnews/article/005/0001537217?sid=103
https://n.news.naver.com/mnews/article/023/0003703109?sid=103
https://n.news.naver.com/mnews/article/081/0003284757?sid=103
https://n.news.naver.com/mnews/article/022/0003712803?sid=103
https://n.news.naver.com/mnews/article/023/0003702997?sid=103
https://n.news.naver.com/mnews/article/005/0001537380?sid=103
https://n.news.naver.com/mnews/article/469/0000684069?sid=103
https://n.news.naver.com/mnews/article/022/0003713844?sid=103
https://n.news.naver.com/mnews/article/469/0000684169?sid=103
https://n.news.naver.com/mnews/article/022/0003712802?sid=103
https://n.news.naver.com/mnews/article/081/0003284228?sid=103
https://n.news.naver.com/mnews/article/025/0003207393?sid=103
https://n.news.naver.com/mnews/article/032/0003158884?sid=103
https://n.news.naver.com/mnews/article/469/0000684168?sid=103
https://n.news.naver.com/mnews/article/020/0003438182?sid=103
https://n.news.naver.com/mnews/article/025/0003206889?sid=103
https://n.news.naver.com/mnews/article/022/0003712801?sid=103
https://n.news.naver.com/mnews/article/025/0003208957?sid=103
https://n.news.naver.com/mnews/article/028/0002598098?sid=103
https://n.news.naver.com/mnews/article/020/0003437799?sid=103
https://n.news.naver.com/mnews/article/469/0000684426?sid=103
https://n.news.naver.com/mnews/article/022/0003714105?sid=103
https://n.news.naver.com/mnews/article/020/0003439241?sid=103
https://n.news.naver.com/mnews/article/022/0003712798?sid=103
https://n.news.naver.com/mnews/article/469/0000684062?sid=103
https://n.news.naver.com/mnews/article/021/0002521442?sid=103
https://n.news.naver.com/mnews/article/023/0003703104?sid=103
https://n.news.naver.com/mnews/article/469/0000684423?sid=103
https://n.news.naver.com/mnews/article/022/0003712797?sid=103
https://n.news.naver.com/mnews/article/025/0003206886?sid=103
https://n.news.naver.com/mnews/article/021/0002521437?sid=103
https://n.news.naver.com/mnews/article/023/0003703103?sid=103
https://n.news.naver.com/mnews/article/020/0003438175?sid=103
https://n.news.naver.com/mnews/article/021/0002521431?sid=103
https://n.news.naver.com/mnews/article/022/0003712796?sid=103
https://n.news.naver.com/mnews/article/023/0003703102?sid=103
https://n.news.naver.com/mnews/article/025/0003206877?sid=103
https://n.news.naver.com/mnews/article/021/0002521430?sid=103
https://n.news.naver.com/mnews/article/025/0003208869?sid=103
https://n.news.naver.com/mnews/article/028/0002597354?sid=103
https://n.news.naver.com/mnews/article/025/0003206876?sid=103
https://n.news.naver.com/mnews/article/022/0003712795?sid=103
https://n.news.naver.com/mnews/article/021/0002521423?sid=103
https://n.news.naver.com/mnews/article/023/0003703099?sid=103
https://n.news.naver.com/mnews/article/020/0003437794?sid=103
https://n.news.naver.com/mnews/article/469/0000685423?sid=103
https://n.news.naver.com/mnews/article/081/0003284741?sid=103
https://n.news.naver.com/mnews/article/025/0003208872?sid=103
https://n.news.naver.com/mnews/article/022/0003712794?sid=103
https://n.news.naver.com/mnews/article/081/0003284206?sid=103
https://n.news.naver.com/mnews/article/028/0002598082?sid=103
 75%|███████████████████████████████████████████████████████████████                     | 3/4 [01:40<00:29, 29.85s/it]https://n.news.naver.com/mnews/article/021/0002520655?sid=103
https://n.news.naver.com/mnews/article/081/0003287017?sid=103
https://n.news.naver.com/mnews/article/469/0000684162?sid=103
https://n.news.naver.com/mnews/article/469/0000684052?sid=103
https://n.news.naver.com/mnews/article/469/0000685422?sid=103
https://n.news.naver.com/mnews/article/469/0000684915?sid=103
https://n.news.naver.com/mnews/article/025/0003209415?sid=103
https://n.news.naver.com/mnews/article/020/0003437793?sid=103
https://n.news.naver.com/mnews/article/005/0001539759?sid=103
https://n.news.naver.com/mnews/article/469/0000684155?sid=103
https://n.news.naver.com/mnews/article/021/0002520652?sid=103
https://n.news.naver.com/mnews/article/469/0000684041?sid=103
https://n.news.naver.com/mnews/article/022/0003713790?sid=103
https://n.news.naver.com/mnews/article/022/0003714860?sid=103
https://n.news.naver.com/mnews/article/032/0003158212?sid=103
https://n.news.naver.com/mnews/article/020/0003437910?sid=103
https://n.news.naver.com/mnews/article/023/0003702964?sid=103
https://n.news.naver.com/mnews/article/021/0002520651?sid=103
https://n.news.naver.com/mnews/article/022/0003714857?sid=103
https://n.news.naver.com/mnews/article/020/0003437868?sid=103
https://n.news.naver.com/mnews/article/081/0003285409?sid=103
https://n.news.naver.com/mnews/article/025/0003208690?sid=103
https://n.news.naver.com/mnews/article/020/0003437864?sid=103
https://n.news.naver.com/mnews/article/022/0003714854?sid=103
https://n.news.naver.com/mnews/article/023/0003701336?sid=103
https://n.news.naver.com/mnews/article/020/0003438670?sid=103
https://n.news.naver.com/mnews/article/021/0002520649?sid=103
https://n.news.naver.com/mnews/article/081/0003286147?sid=103
https://n.news.naver.com/mnews/article/022/0003714846?sid=103
https://n.news.naver.com/mnews/article/020/0003437861?sid=103
https://n.news.naver.com/mnews/article/022/0003711191?sid=103
https://n.news.naver.com/mnews/article/081/0003285402?sid=103
https://n.news.naver.com/mnews/article/081/0003286133?sid=103
https://n.news.naver.com/mnews/article/469/0000685953?sid=103
https://n.news.naver.com/mnews/article/020/0003437860?sid=103
https://n.news.naver.com/mnews/article/469/0000684029?sid=103
https://n.news.naver.com/mnews/article/023/0003702301?sid=103
https://n.news.naver.com/mnews/article/469/0000685949?sid=103
https://n.news.naver.com/mnews/article/020/0003437858?sid=103
https://n.news.naver.com/mnews/article/032/0003157116?sid=103
https://n.news.naver.com/mnews/article/023/0003701413?sid=103
https://n.news.naver.com/mnews/article/021/0002520648?sid=103
https://n.news.naver.com/mnews/article/469/0000684889?sid=103
https://n.news.naver.com/mnews/article/025/0003209383?sid=103
https://n.news.naver.com/mnews/article/025/0003206833?sid=103
https://n.news.naver.com/mnews/article/081/0003286128?sid=103
https://n.news.naver.com/mnews/article/023/0003701410?sid=103
https://n.news.naver.com/mnews/article/032/0003159544?sid=103
https://n.news.naver.com/mnews/article/025/0003208007?sid=103
100%|████████████████████████████████████████████████████████████████████████████████████| 3/3 [01:41<00:00, 33.98s/it]
https://n.news.naver.com/mnews/article/469/0000684406?sid=103
https://n.news.naver.com/mnews/article/081/0003286127?sid=103
https://n.news.naver.com/mnews/article/023/0003701408?sid=103
https://n.news.naver.com/mnews/article/021/0002521037?sid=103
https://n.news.naver.com/mnews/article/028/0002597348?sid=103
https://n.news.naver.com/mnews/article/023/0003701404?sid=103
https://n.news.naver.com/mnews/article/081/0003286126?sid=103
https://n.news.naver.com/mnews/article/081/0003286122?sid=103
https://n.news.naver.com/mnews/article/081/0003286965?sid=103
https://n.news.naver.com/mnews/article/081/0003284721?sid=103
https://n.news.naver.com/mnews/article/032/0003158191?sid=103
https://n.news.naver.com/mnews/article/081/0003286121?sid=103
https://n.news.naver.com/mnews/article/023/0003703540?sid=103
https://n.news.naver.com/mnews/article/081/0003286120?sid=103
https://n.news.naver.com/mnews/article/023/0003701402?sid=103
https://n.news.naver.com/mnews/article/021/0002521024?sid=103
https://n.news.naver.com/mnews/article/005/0001539727?sid=103
https://n.news.naver.com/mnews/article/023/0003701399?sid=103
https://n.news.naver.com/mnews/article/081/0003286119?sid=103
https://n.news.naver.com/mnews/article/022/0003711870?sid=103
https://n.news.naver.com/mnews/article/081/0003286953?sid=103
https://n.news.naver.com/mnews/article/021/0002521019?sid=103
https://n.news.naver.com/mnews/article/025/0003206979?sid=103
https://n.news.naver.com/mnews/article/081/0003286104?sid=103
https://n.news.naver.com/mnews/article/081/0003286948?sid=103
https://n.news.naver.com/mnews/article/025/0003207991?sid=103
https://n.news.naver.com/mnews/article/022/0003711864?sid=103
https://n.news.naver.com/mnews/article/025/0003206988?sid=103
https://n.news.naver.com/mnews/article/469/0000685412?sid=103
https://n.news.naver.com/mnews/article/032/0003159528?sid=103
https://n.news.naver.com/mnews/article/025/0003206983?sid=103
https://n.news.naver.com/mnews/article/020/0003439808?sid=103
https://n.news.naver.com/mnews/article/469/0000684876?sid=103
https://n.news.naver.com/mnews/article/469/0000685408?sid=103
https://n.news.naver.com/mnews/article/005/0001537294?sid=103
https://n.news.naver.com/mnews/article/020/0003439806?sid=103
https://n.news.naver.com/mnews/article/020/0003439190?sid=103
https://n.news.naver.com/mnews/article/023/0003701397?sid=103
https://n.news.naver.com/mnews/article/032/0003159525?sid=103
https://n.news.naver.com/mnews/article/023/0003702929?sid=103
https://n.news.naver.com/mnews/article/023/0003701727?sid=103
https://n.news.naver.com/mnews/article/028/0002598453?sid=103
https://n.news.naver.com/mnews/article/023/0003701396?sid=103
https://n.news.naver.com/mnews/article/020/0003439149?sid=103
https://n.news.naver.com/mnews/article/020/0003438658?sid=103
https://n.news.naver.com/mnews/article/005/0001539698?sid=103
 75%|███████████████████████████████████████████████████████████████                     | 3/4 [01:43<00:32, 32.69s/it]https://n.news.naver.com/mnews/article/081/0003284944?sid=103
https://n.news.naver.com/mnews/article/020/0003439145?sid=103
https://n.news.naver.com/mnews/article/081/0003284718?sid=103
https://n.news.naver.com/mnews/article/028/0002597668?sid=103
https://n.news.naver.com/mnews/article/032/0003159520?sid=103
https://n.news.naver.com/mnews/article/081/0003284943?sid=103
https://n.news.naver.com/mnews/article/020/0003439143?sid=103
https://n.news.naver.com/mnews/article/022/0003711828?sid=103
https://n.news.naver.com/mnews/article/020/0003438654?sid=103
https://n.news.naver.com/mnews/article/081/0003284942?sid=103
https://n.news.naver.com/mnews/article/469/0000685911?sid=103
https://n.news.naver.com/mnews/article/023/0003702919?sid=103
https://n.news.naver.com/mnews/article/025/0003209351?sid=103
https://n.news.naver.com/mnews/article/025/0003207573?sid=103
https://n.news.naver.com/mnews/article/023/0003702918?sid=103
https://n.news.naver.com/mnews/article/023/0003701719?sid=103
https://n.news.naver.com/mnews/article/023/0003702272?sid=103
https://n.news.naver.com/mnews/article/032/0003157795?sid=103
https://n.news.naver.com/mnews/article/032/0003159513?sid=103
https://n.news.naver.com/mnews/article/020/0003439140?sid=103
https://n.news.naver.com/mnews/article/022/0003712729?sid=103
https://n.news.naver.com/mnews/article/081/0003284700?sid=103
https://n.news.naver.com/mnews/article/023/0003701860?sid=103
https://n.news.naver.com/mnews/article/025/0003209349?sid=103
https://n.news.naver.com/mnews/article/020/0003439138?sid=103
https://n.news.naver.com/mnews/article/022/0003712170?sid=103
https://n.news.naver.com/mnews/article/469/0000685905?sid=103
https://n.news.naver.com/mnews/article/023/0003702912?sid=103
https://n.news.naver.com/mnews/article/022/0003712723?sid=103
https://n.news.naver.com/mnews/article/081/0003284699?sid=103
https://n.news.naver.com/mnews/article/025/0003209347?sid=103
https://n.news.naver.com/mnews/article/022/0003712169?sid=103
https://n.news.naver.com/mnews/article/023/0003702907?sid=103
https://n.news.naver.com/mnews/article/021/0002520996?sid=103
https://n.news.naver.com/mnews/article/023/0003703517?sid=103
https://n.news.naver.com/mnews/article/081/0003284698?sid=103
https://n.news.naver.com/mnews/article/022/0003713723?sid=103
https://n.news.naver.com/mnews/article/022/0003712168?sid=103
https://n.news.naver.com/mnews/article/081/0003284697?sid=103
https://n.news.naver.com/mnews/article/469/0000685899?sid=103
https://n.news.naver.com/mnews/article/081/0003285369?sid=103
https://n.news.naver.com/mnews/article/025/0003208638?sid=103
https://n.news.naver.com/mnews/article/022/0003712165?sid=103
https://n.news.naver.com/mnews/article/020/0003439786?sid=103
https://n.news.naver.com/mnews/article/081/0003284696?sid=103
https://n.news.naver.com/mnews/article/022/0003712163?sid=103
https://n.news.naver.com/mnews/article/025/0003208636?sid=103
https://n.news.naver.com/mnews/article/005/0001538310?sid=103
https://n.news.naver.com/mnews/article/469/0000685880?sid=103
https://n.news.naver.com/mnews/article/022/0003712148?sid=103
https://n.news.naver.com/mnews/article/023/0003702890?sid=103
https://n.news.naver.com/mnews/article/021/0002520992?sid=103
https://n.news.naver.com/mnews/article/020/0003438152?sid=103
https://n.news.naver.com/mnews/article/032/0003159489?sid=103
https://n.news.naver.com/mnews/article/469/0000684579?sid=103
https://n.news.naver.com/mnews/article/025/0003208617?sid=103
https://n.news.naver.com/mnews/article/028/0002598426?sid=103
https://n.news.naver.com/mnews/article/023/0003701656?sid=103
https://n.news.naver.com/mnews/article/081/0003285365?sid=103
https://n.news.naver.com/mnews/article/023/0003701848?sid=103
https://n.news.naver.com/mnews/article/025/0003208602?sid=103
https://n.news.naver.com/mnews/article/005/0001539670?sid=103
https://n.news.naver.com/mnews/article/020/0003438123?sid=103
https://n.news.naver.com/mnews/article/081/0003284920?sid=103
https://n.news.naver.com/mnews/article/028/0002597658?sid=103
https://n.news.naver.com/mnews/article/023/0003702887?sid=103
https://n.news.naver.com/mnews/article/025/0003209313?sid=103
https://n.news.naver.com/mnews/article/469/0000684560?sid=103
100%|████████████████████████████████████████████████████████████████████████████████████| 4/4 [01:45<00:00, 26.30s/it]
https://n.news.naver.com/mnews/article/020/0003438087?sid=103
https://n.news.naver.com/mnews/article/032/0003159473?sid=103
https://n.news.naver.com/mnews/article/023/0003702253?sid=103
https://n.news.naver.com/mnews/article/005/0001537867?sid=103
https://n.news.naver.com/mnews/article/020/0003439768?sid=103
https://n.news.naver.com/mnews/article/020/0003438073?sid=103
https://n.news.naver.com/mnews/article/025/0003207965?sid=103
https://n.news.naver.com/mnews/article/081/0003284908?sid=103
https://n.news.naver.com/mnews/article/021/0002521834?sid=103
https://n.news.naver.com/mnews/article/020/0003438255?sid=103
https://n.news.naver.com/mnews/article/021/0002521828?sid=103
https://n.news.naver.com/mnews/article/028/0002597652?sid=103
https://n.news.naver.com/mnews/article/023/0003701644?sid=103
https://n.news.naver.com/mnews/article/020/0003438250?sid=103
https://n.news.naver.com/mnews/article/028/0002598409?sid=103
https://n.news.naver.com/mnews/article/022/0003712102?sid=103
https://n.news.naver.com/mnews/article/032/0003158150?sid=103
https://n.news.naver.com/mnews/article/023/0003701643?sid=103
https://n.news.naver.com/mnews/article/028/0002598406?sid=103
https://n.news.naver.com/mnews/article/020/0003438247?sid=103
https://n.news.naver.com/mnews/article/022/0003714690?sid=103
https://n.news.naver.com/mnews/article/005/0001538299?sid=103
https://n.news.naver.com/mnews/article/023/0003701640?sid=103
https://n.news.naver.com/mnews/article/081/0003284892?sid=103
https://n.news.naver.com/mnews/article/032/0003159451?sid=103
https://n.news.naver.com/mnews/article/081/0003284885?sid=103
https://n.news.naver.com/mnews/article/023/0003701639?sid=103
https://n.news.naver.com/mnews/article/081/0003285360?sid=103
https://n.news.naver.com/mnews/article/081/0003286823?sid=103
https://n.news.naver.com/mnews/article/023/0003701838?sid=103
https://n.news.naver.com/mnews/article/023/0003701638?sid=103
https://n.news.naver.com/mnews/article/081/0003285343?sid=103
https://n.news.naver.com/mnews/article/023/0003703456?sid=103
https://n.news.naver.com/mnews/article/469/0000684528?sid=103
https://n.news.naver.com/mnews/article/021/0002521793?sid=103
https://n.news.naver.com/mnews/article/023/0003701636?sid=103
https://n.news.naver.com/mnews/article/081/0003285342?sid=103
https://n.news.naver.com/mnews/article/028/0002597426?sid=103
https://n.news.naver.com/mnews/article/022/0003714636?sid=103
https://n.news.naver.com/mnews/article/023/0003701634?sid=103
https://n.news.naver.com/mnews/article/081/0003284862?sid=103
https://n.news.naver.com/mnews/article/081/0003285341?sid=103
https://n.news.naver.com/mnews/article/028/0002598387?sid=103
https://n.news.naver.com/mnews/article/025/0003207490?sid=103
https://n.news.naver.com/mnews/article/023/0003701633?sid=103
https://n.news.naver.com/mnews/article/020/0003439745?sid=103
https://n.news.naver.com/mnews/article/081/0003284853?sid=103
https://n.news.naver.com/mnews/article/081/0003285340?sid=103
https://n.news.naver.com/mnews/article/020/0003438060?sid=103
https://n.news.naver.com/mnews/article/032/0003159409?sid=103
https://n.news.naver.com/mnews/article/025/0003207479?sid=103
https://n.news.naver.com/mnews/article/020/0003438059?sid=103
https://n.news.naver.com/mnews/article/022/0003714630?sid=103
https://n.news.naver.com/mnews/article/469/0000684501?sid=103
https://n.news.naver.com/mnews/article/081/0003285339?sid=103
https://n.news.naver.com/mnews/article/081/0003284848?sid=103
https://n.news.naver.com/mnews/article/020/0003438058?sid=103
https://n.news.naver.com/mnews/article/081/0003285319?sid=103
https://n.news.naver.com/mnews/article/025/0003207467?sid=103
https://n.news.naver.com/mnews/article/023/0003701631?sid=103
https://n.news.naver.com/mnews/article/022/0003714618?sid=103
https://n.news.naver.com/mnews/article/081/0003284834?sid=103
https://n.news.naver.com/mnews/article/081/0003285318?sid=103
https://n.news.naver.com/mnews/article/020/0003438057?sid=103
https://n.news.naver.com/mnews/article/022/0003714613?sid=103
https://n.news.naver.com/mnews/article/025/0003207465?sid=103
https://n.news.naver.com/mnews/article/005/0001538284?sid=103
https://n.news.naver.com/mnews/article/032/0003157653?sid=103
https://n.news.naver.com/mnews/article/469/0000685813?sid=103
https://n.news.naver.com/mnews/article/023/0003701629?sid=103
https://n.news.naver.com/mnews/article/005/0001538264?sid=103
https://n.news.naver.com/mnews/article/020/0003438209?sid=103
https://n.news.naver.com/mnews/article/081/0003286803?sid=103
https://n.news.naver.com/mnews/article/469/0000684466?sid=103
https://n.news.naver.com/mnews/article/081/0003286785?sid=103
https://n.news.naver.com/mnews/article/020/0003438613?sid=103
https://n.news.naver.com/mnews/article/081/0003284798?sid=103
https://n.news.naver.com/mnews/article/081/0003286784?sid=103
https://n.news.naver.com/mnews/article/023/0003702209?sid=103
https://n.news.naver.com/mnews/article/025/0003207443?sid=103
https://n.news.naver.com/mnews/article/081/0003286783?sid=103
https://n.news.naver.com/mnews/article/023/0003702205?sid=103
https://n.news.naver.com/mnews/article/081/0003284793?sid=103
https://n.news.naver.com/mnews/article/081/0003286782?sid=103
https://n.news.naver.com/mnews/article/032/0003157639?sid=103
https://n.news.naver.com/mnews/article/081/0003286781?sid=103
https://n.news.naver.com/mnews/article/023/0003702204?sid=103
https://n.news.naver.com/mnews/article/081/0003284787?sid=103
https://n.news.naver.com/mnews/article/081/0003286777?sid=103
https://n.news.naver.com/mnews/article/025/0003207430?sid=103
https://n.news.naver.com/mnews/article/023/0003702203?sid=103
https://n.news.naver.com/mnews/article/081/0003286775?sid=103
https://n.news.naver.com/mnews/article/081/0003284778?sid=103
https://n.news.naver.com/mnews/article/023/0003702198?sid=103
https://n.news.naver.com/mnews/article/081/0003286774?sid=103
https://n.news.naver.com/mnews/article/081/0003284773?sid=103
https://n.news.naver.com/mnews/article/469/0000685800?sid=103
https://n.news.naver.com/mnews/article/020/0003438056?sid=103
https://n.news.naver.com/mnews/article/469/0000685799?sid=103
https://n.news.naver.com/mnews/article/023/0003702191?sid=103
https://n.news.naver.com/mnews/article/081/0003284767?sid=103
https://n.news.naver.com/mnews/article/023/0003701628?sid=103
https://n.news.naver.com/mnews/article/469/0000685796?sid=103
https://n.news.naver.com/mnews/article/022/0003711942?sid=103
https://n.news.naver.com/mnews/article/023/0003702188?sid=103
https://n.news.naver.com/mnews/article/005/0001537596?sid=103
https://n.news.naver.com/mnews/article/005/0001539550?sid=103
https://n.news.naver.com/mnews/article/021/0002520682?sid=103
https://n.news.naver.com/mnews/article/005/0001539546?sid=103
https://n.news.naver.com/mnews/article/023/0003702186?sid=103
https://n.news.naver.com/mnews/article/469/0000684434?sid=103
https://n.news.naver.com/mnews/article/025/0003207317?sid=103
https://n.news.naver.com/mnews/article/023/0003702183?sid=103
https://n.news.naver.com/mnews/article/020/0003439744?sid=103
https://n.news.naver.com/mnews/article/021/0002520673?sid=103
https://n.news.naver.com/mnews/article/020/0003439743?sid=103
https://n.news.naver.com/mnews/article/020/0003438554?sid=103
https://n.news.naver.com/mnews/article/025/0003207299?sid=103
https://n.news.naver.com/mnews/article/081/0003284757?sid=103
https://n.news.naver.com/mnews/article/020/0003439742?sid=103
https://n.news.naver.com/mnews/article/020/0003438535?sid=103
https://n.news.naver.com/mnews/article/020/0003439741?sid=103
https://n.news.naver.com/mnews/article/025/0003207298?sid=103
https://n.news.naver.com/mnews/article/020/0003439740?sid=103
https://n.news.naver.com/mnews/article/020/0003438534?sid=103
https://n.news.naver.com/mnews/article/005/0001537589?sid=103
https://n.news.naver.com/mnews/article/025/0003207393?sid=103
https://n.news.naver.com/mnews/article/020/0003439739?sid=103
https://n.news.naver.com/mnews/article/025/0003207290?sid=103
https://n.news.naver.com/mnews/article/020/0003438182?sid=103
https://n.news.naver.com/mnews/article/020/0003438533?sid=103
https://n.news.naver.com/mnews/article/020/0003439738?sid=103
https://n.news.naver.com/mnews/article/469/0000684426?sid=103
https://n.news.naver.com/mnews/article/020/0003439737?sid=103
https://n.news.naver.com/mnews/article/020/0003438529?sid=103
https://n.news.naver.com/mnews/article/023/0003701624?sid=103
https://n.news.naver.com/mnews/article/469/0000684423?sid=103
https://n.news.naver.com/mnews/article/020/0003439736?sid=103
https://n.news.naver.com/mnews/article/020/0003438528?sid=103
https://n.news.naver.com/mnews/article/023/0003701622?sid=103
https://n.news.naver.com/mnews/article/020/0003438175?sid=103
https://n.news.naver.com/mnews/article/020/0003439735?sid=103
https://n.news.naver.com/mnews/article/028/0002597354?sid=103
https://n.news.naver.com/mnews/article/023/0003701621?sid=103
https://n.news.naver.com/mnews/article/020/0003439734?sid=103
https://n.news.naver.com/mnews/article/020/0003438526?sid=103
https://n.news.naver.com/mnews/article/081/0003284741?sid=103
https://n.news.naver.com/mnews/article/020/0003439733?sid=103
 50%|██████████████████████████████████████████                                          | 2/4 [01:50<01:21, 40.67s/it]https://n.news.naver.com/mnews/article/023/0003702141?sid=103
https://n.news.naver.com/mnews/article/020/0003439732?sid=103
https://n.news.naver.com/mnews/article/022/0003712563?sid=103
https://n.news.naver.com/mnews/article/020/0003439731?sid=103
https://n.news.naver.com/mnews/article/025/0003207832?sid=103
https://n.news.naver.com/mnews/article/021/0002520655?sid=103
https://n.news.naver.com/mnews/article/020/0003439730?sid=103
https://n.news.naver.com/mnews/article/081/0003285249?sid=103
https://n.news.naver.com/mnews/article/020/0003439729?sid=103
https://n.news.naver.com/mnews/article/021/0002520652?sid=103
https://n.news.naver.com/mnews/article/081/0003285245?sid=103
https://n.news.naver.com/mnews/article/020/0003439728?sid=103
https://n.news.naver.com/mnews/article/021/0002520651?sid=103
https://n.news.naver.com/mnews/article/022/0003712523?sid=103
https://n.news.naver.com/mnews/article/020/0003439727?sid=103
https://n.news.naver.com/mnews/article/021/0002520649?sid=103
https://n.news.naver.com/mnews/article/081/0003285236?sid=103
https://n.news.naver.com/mnews/article/020/0003439700?sid=103
https://n.news.naver.com/mnews/article/021/0002520648?sid=103
https://n.news.naver.com/mnews/article/028/0002597601?sid=103
https://n.news.naver.com/mnews/article/020/0003439685?sid=103
https://n.news.naver.com/mnews/article/469/0000684406?sid=103
https://n.news.naver.com/mnews/article/081/0003285235?sid=103
https://n.news.naver.com/mnews/article/023/0003703414?sid=103
https://n.news.naver.com/mnews/article/028/0002597348?sid=103
https://n.news.naver.com/mnews/article/020/0003438520?sid=103
https://n.news.naver.com/mnews/article/023/0003703400?sid=103https://n.news.naver.com/mnews/article/022/0003712518?sid=103

https://n.news.naver.com/mnews/article/081/0003284721?sid=103
https://n.news.naver.com/mnews/article/025/0003207907?sid=103
https://n.news.naver.com/mnews/article/081/0003285232?sid=103
https://n.news.naver.com/mnews/article/023/0003703395?sid=103
https://n.news.naver.com/mnews/article/022/0003711870?sid=103
https://n.news.naver.com/mnews/article/025/0003207891?sid=103
https://n.news.naver.com/mnews/article/023/0003702108?sid=103
https://n.news.naver.com/mnews/article/022/0003711864?sid=103
https://n.news.naver.com/mnews/article/081/0003285229?sid=103
https://n.news.naver.com/mnews/article/025/0003207885?sid=103
https://n.news.naver.com/mnews/article/023/0003701727?sid=103
https://n.news.naver.com/mnews/article/023/0003703390?sid=103
https://n.news.naver.com/mnews/article/081/0003284718?sid=103
https://n.news.naver.com/mnews/article/025/0003207887?sid=103
https://n.news.naver.com/mnews/article/023/0003703387?sid=103
https://n.news.naver.com/mnews/article/022/0003711828?sid=103
https://n.news.naver.com/mnews/article/023/0003703380?sid=103
https://n.news.naver.com/mnews/article/022/0003712514?sid=103
https://n.news.naver.com/mnews/article/023/0003701719?sid=103
https://n.news.naver.com/mnews/article/025/0003207863?sid=103
https://n.news.naver.com/mnews/article/020/0003439629?sid=103
https://n.news.naver.com/mnews/article/020/0003438496?sid=103
https://n.news.naver.com/mnews/article/023/0003703377?sid=103
https://n.news.naver.com/mnews/article/081/0003284700?sid=103
https://n.news.naver.com/mnews/article/023/0003702147?sid=103
https://n.news.naver.com/mnews/article/022/0003712507?sid=103
https://n.news.naver.com/mnews/article/020/0003439627?sid=103
https://n.news.naver.com/mnews/article/081/0003284699?sid=103
https://n.news.naver.com/mnews/article/469/0000684773?sid=103
https://n.news.naver.com/mnews/article/023/0003702146?sid=103
https://n.news.naver.com/mnews/article/020/0003439625?sid=103
https://n.news.naver.com/mnews/article/081/0003284698?sid=103
https://n.news.naver.com/mnews/article/023/0003702102?sid=103
https://n.news.naver.com/mnews/article/023/0003702144?sid=103
https://n.news.naver.com/mnews/article/022/0003712501?sid=103
https://n.news.naver.com/mnews/article/020/0003439623?sid=103
https://n.news.naver.com/mnews/article/025/0003207799?sid=103
https://n.news.naver.com/mnews/article/023/0003703373?sid=103
 50%|██████████████████████████████████████████                                          | 2/4 [01:53<01:22, 41.29s/it]https://n.news.naver.com/mnews/article/081/0003285829?sid=103
https://n.news.naver.com/mnews/article/081/0003284697?sid=103
https://n.news.naver.com/mnews/article/081/0003285204?sid=103
https://n.news.naver.com/mnews/article/022/0003713349?sid=103
https://n.news.naver.com/mnews/article/020/0003439619?sid=103
https://n.news.naver.com/mnews/article/020/0003438485?sid=103
https://n.news.naver.com/mnews/article/081/0003284696?sid=103
https://n.news.naver.com/mnews/article/032/0003158578?sid=103
https://n.news.naver.com/mnews/article/023/0003703371?sid=103
https://n.news.naver.com/mnews/article/020/0003438152?sid=103
https://n.news.naver.com/mnews/article/469/0000684751?sid=103
https://n.news.naver.com/mnews/article/028/0002597943?sid=103
https://n.news.naver.com/mnews/article/032/0003159401?sid=103
https://n.news.naver.com/mnews/article/023/0003701656?sid=103
https://n.news.naver.com/mnews/article/081/0003285187?sid=103
https://n.news.naver.com/mnews/article/022/0003713323?sid=103
https://n.news.naver.com/mnews/article/028/0002598376?sid=103
https://n.news.naver.com/mnews/article/020/0003438123?sid=103
https://n.news.naver.com/mnews/article/025/0003207793?sid=103
https://n.news.naver.com/mnews/article/022/0003713319?sid=103
https://n.news.naver.com/mnews/article/025/0003209232?sid=103
https://n.news.naver.com/mnews/article/020/0003438087?sid=103
https://n.news.naver.com/mnews/article/005/0001538121?sid=103
https://n.news.naver.com/mnews/article/020/0003438958?sid=103
https://n.news.naver.com/mnews/article/023/0003703350?sid=103
https://n.news.naver.com/mnews/article/020/0003438073?sid=103
https://n.news.naver.com/mnews/article/081/0003285173?sid=103
https://n.news.naver.com/mnews/article/023/0003701644?sid=103
https://n.news.naver.com/mnews/article/022/0003713317?sid=103
https://n.news.naver.com/mnews/article/005/0001539507?sid=103
https://n.news.naver.com/mnews/article/020/0003438479?sid=103
https://n.news.naver.com/mnews/article/022/0003713316?sid=103
https://n.news.naver.com/mnews/article/023/0003701643?sid=103
https://n.news.naver.com/mnews/article/469/0000685789?sid=103
https://n.news.naver.com/mnews/article/032/0003158006?sid=103
https://n.news.naver.com/mnews/article/023/0003701640?sid=103
https://n.news.naver.com/mnews/article/028/0002597932?sid=103
https://n.news.naver.com/mnews/article/025/0003209212?sid=103
https://n.news.naver.com/mnews/article/023/0003701639?sid=103
https://n.news.naver.com/mnews/article/020/0003438478?sid=103
https://n.news.naver.com/mnews/article/025/0003209206?sid=103
https://n.news.naver.com/mnews/article/469/0000685165?sid=103
https://n.news.naver.com/mnews/article/025/0003207772?sid=103
https://n.news.naver.com/mnews/article/023/0003701638?sid=103
https://n.news.naver.com/mnews/article/023/0003703344?sid=103
https://n.news.naver.com/mnews/article/028/0002597926?sid=103
https://n.news.naver.com/mnews/article/020/0003438477?sid=103
https://n.news.naver.com/mnews/article/023/0003701636?sid=103
https://n.news.naver.com/mnews/article/025/0003209183?sid=103
https://n.news.naver.com/mnews/article/032/0003158532?sid=103
https://n.news.naver.com/mnews/article/469/0000684733?sid=103
https://n.news.naver.com/mnews/article/023/0003701634?sid=103
https://n.news.naver.com/mnews/article/020/0003438942?sid=103
https://n.news.naver.com/mnews/article/023/0003703343?sid=103
https://n.news.naver.com/mnews/article/020/0003438465?sid=103
https://n.news.naver.com/mnews/article/032/0003158528?sid=103
https://n.news.naver.com/mnews/article/023/0003701633?sid=103
100%|████████████████████████████████████████████████████████████████████████████████████| 4/4 [01:54<00:00, 28.74s/it]
https://n.news.naver.com/mnews/article/025/0003207745?sid=103
https://n.news.naver.com/mnews/article/025/0003208329?sid=103
https://n.news.naver.com/mnews/article/020/0003438060?sid=103
https://n.news.naver.com/mnews/article/032/0003157966?sid=103
https://n.news.naver.com/mnews/article/020/0003438059?sid=103
https://n.news.naver.com/mnews/article/025/0003208321?sid=103
https://n.news.naver.com/mnews/article/022/0003712443?sid=103
https://n.news.naver.com/mnews/article/020/0003438058?sid=103
https://n.news.naver.com/mnews/article/081/0003285755?sid=103
https://n.news.naver.com/mnews/article/032/0003157940?sid=103
https://n.news.naver.com/mnews/article/023/0003701631?sid=103
https://n.news.naver.com/mnews/article/020/0003438925?sid=103
https://n.news.naver.com/mnews/article/020/0003438445?sid=103
https://n.news.naver.com/mnews/article/020/0003438057?sid=103
https://n.news.naver.com/mnews/article/020/0003438924?sid=103
https://n.news.naver.com/mnews/article/028/0002597554?sid=103
https://n.news.naver.com/mnews/article/020/0003438922?sid=103
https://n.news.naver.com/mnews/article/023/0003701629?sid=103
https://n.news.naver.com/mnews/article/469/0000684706?sid=103
https://n.news.naver.com/mnews/article/081/0003285740?sid=103
https://n.news.naver.com/mnews/article/020/0003438056?sid=103
https://n.news.naver.com/mnews/article/469/0000684702?sid=103
https://n.news.naver.com/mnews/article/032/0003158487?sid=103
https://n.news.naver.com/mnews/article/469/0000684701?sid=103
https://n.news.naver.com/mnews/article/023/0003701628?sid=103
https://n.news.naver.com/mnews/article/020/0003438917?sid=103
https://n.news.naver.com/mnews/article/032/0003157930?sid=103
https://n.news.naver.com/mnews/article/005/0001537596?sid=103
https://n.news.naver.com/mnews/article/021/0002521251?sid=103
https://n.news.naver.com/mnews/article/022/0003712414?sid=103
https://n.news.naver.com/mnews/article/025/0003207317?sid=103
https://n.news.naver.com/mnews/article/020/0003438908?sid=103
https://n.news.naver.com/mnews/article/025/0003207719?sid=103
https://n.news.naver.com/mnews/article/025/0003207299?sid=103
https://n.news.naver.com/mnews/article/021/0002521217?sid=103
https://n.news.naver.com/mnews/article/469/0000684695?sid=103
https://n.news.naver.com/mnews/article/025/0003207298?sid=103
https://n.news.naver.com/mnews/article/023/0003702567?sid=103
https://n.news.naver.com/mnews/article/469/0000684694?sid=103
https://n.news.naver.com/mnews/article/005/0001537589?sid=103
https://n.news.naver.com/mnews/article/469/0000685114?sid=103
https://n.news.naver.com/mnews/article/020/0003438432?sid=103
https://n.news.naver.com/mnews/article/025/0003207290?sid=103
https://n.news.naver.com/mnews/article/020/0003438903?sid=103
https://n.news.naver.com/mnews/article/020/0003438423?sid=103
https://n.news.naver.com/mnews/article/023/0003701624?sid=103
https://n.news.naver.com/mnews/article/469/0000685108?sid=103
https://n.news.naver.com/mnews/article/469/0000684682?sid=103
https://n.news.naver.com/mnews/article/023/0003701622?sid=103
https://n.news.naver.com/mnews/article/469/0000684680?sid=103
https://n.news.naver.com/mnews/article/020/0003438900?sid=103
https://n.news.naver.com/mnews/article/023/0003701621?sid=103
https://n.news.naver.com/mnews/article/469/0000684677?sid=103
https://n.news.naver.com/mnews/article/021/0002521170?sid=103
100%|████████████████████████████████████████████████████████████████████████████████████| 4/4 [01:57<00:00, 29.25s/it]
https://n.news.naver.com/mnews/article/020/0003438894?sid=103
https://n.news.naver.com/mnews/article/032/0003157898?sid=103
https://n.news.naver.com/mnews/article/023/0003702551?sid=103
https://n.news.naver.com/mnews/article/021/0002520868?sid=103
https://n.news.naver.com/mnews/article/469/0000685098?sid=103
https://n.news.naver.com/mnews/article/023/0003702024?sid=103
https://n.news.naver.com/mnews/article/081/0003285691?sid=103
https://n.news.naver.com/mnews/article/028/0002597521?sid=103
https://n.news.naver.com/mnews/article/022/0003713188?sid=103
https://n.news.naver.com/mnews/article/023/0003702019?sid=103
https://n.news.naver.com/mnews/article/469/0000685093?sid=103
https://n.news.naver.com/mnews/article/020/0003438415?sid=103
https://n.news.naver.com/mnews/article/469/0000685089?sid=103
https://n.news.naver.com/mnews/article/469/0000684660?sid=103
https://n.news.naver.com/mnews/article/021/0002521155?sid=103
https://n.news.naver.com/mnews/article/032/0003157875?sid=103
https://n.news.naver.com/mnews/article/021/0002521147?sid=103
https://n.news.naver.com/mnews/article/005/0001538032?sid=103
https://n.news.naver.com/mnews/article/021/0002521146?sid=103
https://n.news.naver.com/mnews/article/025/0003207672?sid=103
https://n.news.naver.com/mnews/article/028/0002597866?sid=103
https://n.news.naver.com/mnews/article/469/0000684648?sid=103
https://n.news.naver.com/mnews/article/081/0003285671?sid=103
https://n.news.naver.com/mnews/article/021/0002520842?sid=103
https://n.news.naver.com/mnews/article/022/0003713135?sid=103
https://n.news.naver.com/mnews/article/021/0002520841?sid=103
https://n.news.naver.com/mnews/article/022/0003713134?sid=103
https://n.news.naver.com/mnews/article/021/0002520840?sid=103
https://n.news.naver.com/mnews/article/005/0001538592?sid=103
https://n.news.naver.com/mnews/article/021/0002520837?sid=103
https://n.news.naver.com/mnews/article/022/0003713108?sid=103
https://n.news.naver.com/mnews/article/023/0003701985?sid=103
https://n.news.naver.com/mnews/article/005/0001538588?sid=103
https://n.news.naver.com/mnews/article/081/0003285047?sid=103
https://n.news.naver.com/mnews/article/081/0003285645?sid=103
https://n.news.naver.com/mnews/article/022/0003712302?sid=103
https://n.news.naver.com/mnews/article/081/0003285640?sid=103
https://n.news.naver.com/mnews/article/022/0003712293?sid=103
https://n.news.naver.com/mnews/article/081/0003285639?sid=103
https://n.news.naver.com/mnews/article/005/0001538011?sid=103
https://n.news.naver.com/mnews/article/081/0003285638?sid=103
https://n.news.naver.com/mnews/article/081/0003285637?sid=103
https://n.news.naver.com/mnews/article/081/0003285636?sid=103
https://n.news.naver.com/mnews/article/081/0003285625?sid=103
https://n.news.naver.com/mnews/article/081/0003285025?sid=103
https://n.news.naver.com/mnews/article/081/0003285624?sid=103
https://n.news.naver.com/mnews/article/081/0003285024?sid=103
https://n.news.naver.com/mnews/article/081/0003285623?sid=103
https://n.news.naver.com/mnews/article/081/0003285023?sid=103
https://n.news.naver.com/mnews/article/081/0003285622?sid=103
https://n.news.naver.com/mnews/article/081/0003285022?sid=103
https://n.news.naver.com/mnews/article/081/0003285621?sid=103
https://n.news.naver.com/mnews/article/081/0003285021?sid=103
https://n.news.naver.com/mnews/article/081/0003285620?sid=103
https://n.news.naver.com/mnews/article/081/0003285020?sid=103
https://n.news.naver.com/mnews/article/081/0003285017?sid=103
https://n.news.naver.com/mnews/article/081/0003285619?sid=103
https://n.news.naver.com/mnews/article/081/0003285015?sid=103
https://n.news.naver.com/mnews/article/081/0003285618?sid=103
https://n.news.naver.com/mnews/article/081/0003285014?sid=103
https://n.news.naver.com/mnews/article/469/0000685058?sid=103
https://n.news.naver.com/mnews/article/469/0000684625?sid=103
https://n.news.naver.com/mnews/article/469/0000685052?sid=103
https://n.news.naver.com/mnews/article/469/0000684611?sid=103
https://n.news.naver.com/mnews/article/469/0000685043?sid=103
https://n.news.naver.com/mnews/article/005/0001537959?sid=103
https://n.news.naver.com/mnews/article/023/0003701919?sid=103
https://n.news.naver.com/mnews/article/023/0003701918?sid=103
https://n.news.naver.com/mnews/article/020/0003438836?sid=103
https://n.news.naver.com/mnews/article/023/0003701917?sid=103
https://n.news.naver.com/mnews/article/023/0003702467?sid=103
https://n.news.naver.com/mnews/article/023/0003702459?sid=103
https://n.news.naver.com/mnews/article/023/0003701916?sid=103
https://n.news.naver.com/mnews/article/023/0003702449?sid=103
https://n.news.naver.com/mnews/article/023/0003701915?sid=103
https://n.news.naver.com/mnews/article/023/0003702446?sid=103
https://n.news.naver.com/mnews/article/023/0003701912?sid=103
https://n.news.naver.com/mnews/article/023/0003702445?sid=103
https://n.news.naver.com/mnews/article/023/0003701908?sid=103
https://n.news.naver.com/mnews/article/020/0003438359?sid=103
https://n.news.naver.com/mnews/article/023/0003702442?sid=103
https://n.news.naver.com/mnews/article/023/0003701905?sid=103
https://n.news.naver.com/mnews/article/023/0003702440?sid=103
https://n.news.naver.com/mnews/article/023/0003701902?sid=103
https://n.news.naver.com/mnews/article/023/0003702438?sid=103
https://n.news.naver.com/mnews/article/023/0003702437?sid=103
https://n.news.naver.com/mnews/article/023/0003701897?sid=103
https://n.news.naver.com/mnews/article/023/0003702436?sid=103
HTTPSConnectionPool(host='n.news.naver.com', port=443): Read timed out. (read timeout=10)
https://n.news.naver.com/mnews/article/023/0003701897?sid=103
HTTPSConnectionPool(host='n.news.naver.com', port=443): Read timed out. (read timeout=10)
https://n.news.naver.com/mnews/article/023/0003702436?sid=103
https://n.news.naver.com/mnews/article/020/0003438291?sid=103
https://n.news.naver.com/mnews/article/020/0003438801?sid=103
https://n.news.naver.com/mnews/article/020/0003438288?sid=103
https://n.news.naver.com/mnews/article/020/0003438780?sid=103
https://n.news.naver.com/mnews/article/020/0003438287?sid=103
https://n.news.naver.com/mnews/article/020/0003438772?sid=103
https://n.news.naver.com/mnews/article/020/0003438285?sid=103
https://n.news.naver.com/mnews/article/020/0003438770?sid=103
https://n.news.naver.com/mnews/article/020/0003438284?sid=103
https://n.news.naver.com/mnews/article/020/0003438767?sid=103
https://n.news.naver.com/mnews/article/022/0003712207?sid=103
https://n.news.naver.com/mnews/article/020/0003438765?sid=103
https://n.news.naver.com/mnews/article/005/0001537906?sid=103
https://n.news.naver.com/mnews/article/023/0003702433?sid=103
https://n.news.naver.com/mnews/article/025/0003207624?sid=103
https://n.news.naver.com/mnews/article/022/0003713049?sid=103
https://n.news.naver.com/mnews/article/025/0003207598?sid=103
https://n.news.naver.com/mnews/article/022/0003713028?sid=103
https://n.news.naver.com/mnews/article/025/0003207613?sid=103
https://n.news.naver.com/mnews/article/025/0003208223?sid=103
https://n.news.naver.com/mnews/article/025/0003207609?sid=103
https://n.news.naver.com/mnews/article/023/0003702403?sid=103
https://n.news.naver.com/mnews/article/023/0003701872?sid=103
https://n.news.naver.com/mnews/article/025/0003208168?sid=103
https://n.news.naver.com/mnews/article/023/0003701870?sid=103
 75%|███████████████████████████████████████████████████████████████                     | 3/4 [03:13<00:53, 53.03s/it]https://n.news.naver.com/mnews/article/032/0003158658?sid=103
 75%|███████████████████████████████████████████████████████████████                     | 3/4 [03:13<00:53, 53.37s/it]https://n.news.naver.com/mnews/article/023/0003702399?sid=103
https://n.news.naver.com/mnews/article/081/0003285903?sid=103
https://n.news.naver.com/mnews/article/081/0003285565?sid=103
https://n.news.naver.com/mnews/article/005/0001538798?sid=103
https://n.news.naver.com/mnews/article/032/0003158353?sid=103
https://n.news.naver.com/mnews/article/023/0003702790?sid=103
https://n.news.naver.com/mnews/article/023/0003702387?sid=103
https://n.news.naver.com/mnews/article/032/0003158649?sid=103
https://n.news.naver.com/mnews/article/022/0003712973?sid=103
https://n.news.naver.com/mnews/article/023/0003702787?sid=103
https://n.news.naver.com/mnews/article/032/0003158321?sid=103
https://n.news.naver.com/mnews/article/469/0000685258?sid=103
https://n.news.naver.com/mnews/article/022/0003712971?sid=103
https://n.news.naver.com/mnews/article/020/0003439065?sid=103
https://n.news.naver.com/mnews/article/028/0002597815?sid=103
https://n.news.naver.com/mnews/article/020/0003439063?sid=103
https://n.news.naver.com/mnews/article/023/0003702380?sid=103
https://n.news.naver.com/mnews/article/025/0003208433?sid=103
https://n.news.naver.com/mnews/article/022/0003712962?sid=103
https://n.news.naver.com/mnews/article/028/0002597984?sid=103
https://n.news.naver.com/mnews/article/028/0002597812?sid=103
https://n.news.naver.com/mnews/article/028/0002597982?sid=103
https://n.news.naver.com/mnews/article/028/0002597811?sid=103
https://n.news.naver.com/mnews/article/025/0003208432?sid=103
https://n.news.naver.com/mnews/article/081/0003285555?sid=103
https://n.news.naver.com/mnews/article/469/0000685243?sid=103
https://n.news.naver.com/mnews/article/020/0003439056?sid=103
https://n.news.naver.com/mnews/article/469/0000685004?sid=103
https://n.news.naver.com/mnews/article/022/0003713463?sid=103
https://n.news.naver.com/mnews/article/020/0003438726?sid=103
https://n.news.naver.com/mnews/article/469/0000685000?sid=103
https://n.news.naver.com/mnews/article/469/0000685233?sid=103
https://n.news.naver.com/mnews/article/028/0002597971?sid=103
https://n.news.naver.com/mnews/article/020/0003438725?sid=103
https://n.news.naver.com/mnews/article/022/0003712884?sid=103
https://n.news.naver.com/mnews/article/028/0002597965?sid=103
https://n.news.naver.com/mnews/article/005/0001538430?sid=103
https://n.news.naver.com/mnews/article/005/0001538771?sid=103
https://n.news.naver.com/mnews/article/081/0003285522?sid=103
https://n.news.naver.com/mnews/article/028/0002597964?sid=103
https://n.news.naver.com/mnews/article/022/0003712876?sid=103
https://n.news.naver.com/mnews/article/081/0003285852?sid=103
https://n.news.naver.com/mnews/article/028/0002597764?sid=103
https://n.news.naver.com/mnews/article/028/0002597959?sid=103
https://n.news.naver.com/mnews/article/028/0002597958?sid=103
https://n.news.naver.com/mnews/article/028/0002597763?sid=103
https://n.news.naver.com/mnews/article/081/0003285843?sid=103
https://n.news.naver.com/mnews/article/028/0002597758?sid=103
https://n.news.naver.com/mnews/article/028/0002597757?sid=103
https://n.news.naver.com/mnews/article/032/0003158628?sid=103
https://n.news.naver.com/mnews/article/023/0003702745?sid=103
https://n.news.naver.com/mnews/article/028/0002597756?sid=103
https://n.news.naver.com/mnews/article/028/0002597753?sid=103
https://n.news.naver.com/mnews/article/469/0000685210?sid=103
https://n.news.naver.com/mnews/article/020/0003438712?sid=103
https://n.news.naver.com/mnews/article/005/0001538754?sid=103
https://n.news.naver.com/mnews/article/028/0002597748?sid=103
https://n.news.naver.com/mnews/article/005/0001538749?sid=103
https://n.news.naver.com/mnews/article/005/0001538410?sid=103
https://n.news.naver.com/mnews/article/023/0003702711?sid=103
https://n.news.naver.com/mnews/article/025/0003208090?sid=103
https://n.news.naver.com/mnews/article/020/0003439044?sid=103
https://n.news.naver.com/mnews/article/028/0002597738?sid=103
https://n.news.naver.com/mnews/article/020/0003439043?sid=103
https://n.news.naver.com/mnews/article/469/0000684960?sid=103
https://n.news.naver.com/mnews/article/023/0003702701?sid=103
https://n.news.naver.com/mnews/article/005/0001538405?sid=103
https://n.news.naver.com/mnews/article/020/0003439042?sid=103
https://n.news.naver.com/mnews/article/020/0003438700?sid=103
https://n.news.naver.com/mnews/article/023/0003702700?sid=103
https://n.news.naver.com/mnews/article/020/0003439041?sid=103
https://n.news.naver.com/mnews/article/081/0003285479?sid=103
https://n.news.naver.com/mnews/article/020/0003439039?sid=103
https://n.news.naver.com/mnews/article/469/0000684951?sid=103
https://n.news.naver.com/mnews/article/020/0003439036?sid=103
https://n.news.naver.com/mnews/article/081/0003285476?sid=103
https://n.news.naver.com/mnews/article/081/0003285460?sid=103
https://n.news.naver.com/mnews/article/020/0003439033?sid=103
https://n.news.naver.com/mnews/article/022/0003712838?sid=103
https://n.news.naver.com/mnews/article/020/0003439031?sid=103
https://n.news.naver.com/mnews/article/469/0000684929?sid=103
https://n.news.naver.com/mnews/article/020/0003439029?sid=103
https://n.news.naver.com/mnews/article/020/0003439026?sid=103
https://n.news.naver.com/mnews/article/025/0003208047?sid=103
https://n.news.naver.com/mnews/article/020/0003439023?sid=103
https://n.news.naver.com/mnews/article/022/0003712825?sid=103
https://n.news.naver.com/mnews/article/020/0003439014?sid=103
https://n.news.naver.com/mnews/article/025/0003208044?sid=103
https://n.news.naver.com/mnews/article/020/0003439013?sid=103
https://n.news.naver.com/mnews/article/022/0003712823?sid=103
https://n.news.naver.com/mnews/article/020/0003439007?sid=103
https://n.news.naver.com/mnews/article/022/0003712822?sid=103
https://n.news.naver.com/mnews/article/020/0003439001?sid=103
https://n.news.naver.com/mnews/article/022/0003712821?sid=103
https://n.news.naver.com/mnews/article/020/0003438997?sid=103
https://n.news.naver.com/mnews/article/022/0003712820?sid=103
https://n.news.naver.com/mnews/article/023/0003702652?sid=103
https://n.news.naver.com/mnews/article/022/0003712819?sid=103
100%|████████████████████████████████████████████████████████████████████████████████████| 4/4 [03:19<00:00, 49.80s/it]
https://n.news.naver.com/mnews/article/022/0003712818?sid=103
https://n.news.naver.com/mnews/article/022/0003712817?sid=103
https://n.news.naver.com/mnews/article/022/0003712816?sid=103
https://n.news.naver.com/mnews/article/022/0003712815?sid=103
https://n.news.naver.com/mnews/article/022/0003712814?sid=103
https://n.news.naver.com/mnews/article/022/0003712813?sid=103
https://n.news.naver.com/mnews/article/022/0003712812?sid=103
https://n.news.naver.com/mnews/article/022/0003712811?sid=103
https://n.news.naver.com/mnews/article/022/0003712809?sid=103
https://n.news.naver.com/mnews/article/022/0003712808?sid=103
https://n.news.naver.com/mnews/article/022/0003712807?sid=103
https://n.news.naver.com/mnews/article/022/0003712806?sid=103
https://n.news.naver.com/mnews/article/022/0003712805?sid=103
https://n.news.naver.com/mnews/article/022/0003712804?sid=103
https://n.news.naver.com/mnews/article/022/0003712803?sid=103
https://n.news.naver.com/mnews/article/022/0003712802?sid=103
https://n.news.naver.com/mnews/article/022/0003712801?sid=103
https://n.news.naver.com/mnews/article/022/0003712798?sid=103
https://n.news.naver.com/mnews/article/022/0003712797?sid=103
https://n.news.naver.com/mnews/article/022/0003712796?sid=103
https://n.news.naver.com/mnews/article/022/0003712795?sid=103
https://n.news.naver.com/mnews/article/022/0003712794?sid=103
https://n.news.naver.com/mnews/article/469/0000684915?sid=103
https://n.news.naver.com/mnews/article/032/0003158212?sid=103
https://n.news.naver.com/mnews/article/081/0003285409?sid=103
https://n.news.naver.com/mnews/article/020/0003438670?sid=103
https://n.news.naver.com/mnews/article/081/0003285402?sid=103
https://n.news.naver.com/mnews/article/023/0003702301?sid=103
https://n.news.naver.com/mnews/article/469/0000684889?sid=103
https://n.news.naver.com/mnews/article/025/0003208007?sid=103
https://n.news.naver.com/mnews/article/021/0002521037?sid=103
https://n.news.naver.com/mnews/article/032/0003158191?sid=103
https://n.news.naver.com/mnews/article/021/0002521024?sid=103
https://n.news.naver.com/mnews/article/021/0002521019?sid=103
https://n.news.naver.com/mnews/article/025/0003207991?sid=103
https://n.news.naver.com/mnews/article/469/0000684876?sid=103
https://n.news.naver.com/mnews/article/020/0003438658?sid=103
https://n.news.naver.com/mnews/article/028/0002597668?sid=103
https://n.news.naver.com/mnews/article/020/0003438654?sid=103
https://n.news.naver.com/mnews/article/023/0003702272?sid=103
https://n.news.naver.com/mnews/article/022/0003712729?sid=103
https://n.news.naver.com/mnews/article/022/0003712723?sid=103
https://n.news.naver.com/mnews/article/021/0002520996?sid=103
https://n.news.naver.com/mnews/article/081/0003285369?sid=103
https://n.news.naver.com/mnews/article/005/0001538310?sid=103
https://n.news.naver.com/mnews/article/021/0002520992?sid=103
https://n.news.naver.com/mnews/article/081/0003285365?sid=103
https://n.news.naver.com/mnews/article/028/0002597658?sid=103
https://n.news.naver.com/mnews/article/023/0003702253?sid=103
https://n.news.naver.com/mnews/article/025/0003207965?sid=103
https://n.news.naver.com/mnews/article/028/0002597652?sid=103
https://n.news.naver.com/mnews/article/032/0003158150?sid=103
https://n.news.naver.com/mnews/article/005/0001538299?sid=103
https://n.news.naver.com/mnews/article/081/0003285360?sid=103
https://n.news.naver.com/mnews/article/081/0003285343?sid=103
https://n.news.naver.com/mnews/article/081/0003285342?sid=103
https://n.news.naver.com/mnews/article/081/0003285341?sid=103
https://n.news.naver.com/mnews/article/081/0003285340?sid=103
https://n.news.naver.com/mnews/article/081/0003285339?sid=103
https://n.news.naver.com/mnews/article/081/0003285319?sid=103
https://n.news.naver.com/mnews/article/081/0003285318?sid=103
https://n.news.naver.com/mnews/article/005/0001538284?sid=103
https://n.news.naver.com/mnews/article/005/0001538264?sid=103
https://n.news.naver.com/mnews/article/020/0003438613?sid=103
https://n.news.naver.com/mnews/article/023/0003702209?sid=103
https://n.news.naver.com/mnews/article/023/0003702205?sid=103
https://n.news.naver.com/mnews/article/023/0003702204?sid=103
https://n.news.naver.com/mnews/article/023/0003702203?sid=103
https://n.news.naver.com/mnews/article/023/0003702198?sid=103
https://n.news.naver.com/mnews/article/023/0003702191?sid=103
https://n.news.naver.com/mnews/article/023/0003702188?sid=103
https://n.news.naver.com/mnews/article/023/0003702186?sid=103
https://n.news.naver.com/mnews/article/023/0003702183?sid=103
https://n.news.naver.com/mnews/article/020/0003438554?sid=103
https://n.news.naver.com/mnews/article/020/0003438535?sid=103
https://n.news.naver.com/mnews/article/020/0003438534?sid=103
https://n.news.naver.com/mnews/article/020/0003438533?sid=103
https://n.news.naver.com/mnews/article/020/0003438529?sid=103
https://n.news.naver.com/mnews/article/020/0003438528?sid=103
https://n.news.naver.com/mnews/article/020/0003438526?sid=103
https://n.news.naver.com/mnews/article/020/0003438520?sid=103
https://n.news.naver.com/mnews/article/025/0003207907?sid=103
https://n.news.naver.com/mnews/article/025/0003207891?sid=103
https://n.news.naver.com/mnews/article/025/0003207885?sid=103
https://n.news.naver.com/mnews/article/025/0003207887?sid=103
https://n.news.naver.com/mnews/article/025/0003207863?sid=103
https://n.news.naver.com/mnews/article/023/0003702147?sid=103
https://n.news.naver.com/mnews/article/023/0003702146?sid=103
https://n.news.naver.com/mnews/article/023/0003702144?sid=103
100%|████████████████████████████████████████████████████████████████████████████████████| 4/4 [03:28<00:00, 52.23s/it]
103 245 end
[['104', '231', datetime.datetime(2022, 7, 13, 0, 0), datetime.datetime(2022, 7, 10, 0, 0)], ['104', '231', datetime.datetime(2022, 7, 11, 0, 0), datetime.datetime(2022, 7, 8, 0, 0)], ['104', '231', datetime.datetime(2022, 7, 9, 0, 0), datetime.datetime(2022, 7, 6, 0, 0)], ['104', '231', datetime.datetime(2022, 7, 7, 0, 0), datetime.datetime(2022, 7, 4, 0, 0)], ['104', '231', datetime.datetime(2022, 7, 5, 0, 0), datetime.datetime(2022, 7, 2, 0, 0)], ['104', '231', datetime.datetime(2022, 7, 3, 0, 0), datetime.datetime(2022, 7, 1, 0, 0)]] process :  5
['104', '231', datetime.datetime(2022, 7, 13, 0, 0), datetime.datetime(2022, 7, 10, 0, 0)]
['104', '231', datetime.datetime(2022, 7, 11, 0, 0), datetime.datetime(2022, 7, 8, 0, 0)]
['104', '231', datetime.datetime(2022, 7, 9, 0, 0), datetime.datetime(2022, 7, 6, 0, 0)]
['104', '231', datetime.datetime(2022, 7, 7, 0, 0), datetime.datetime(2022, 7, 4, 0, 0)]
['104', '231', datetime.datetime(2022, 7, 5, 0, 0), datetime.datetime(2022, 7, 2, 0, 0)]
  0%|                                                                                            | 0/4 [00:00<?, ?it/s]https://n.news.naver.com/mnews/article/022/0003711154?sid=104
https://n.news.naver.com/mnews/article/025/0003207851?sid=104
['104', '231', datetime.datetime(2022, 7, 3, 0, 0), datetime.datetime(2022, 7, 1, 0, 0)]
https://n.news.naver.com/mnews/article/032/0003157525?sid=104https://n.news.naver.com/mnews/article/023/0003702651?sid=104
https://n.news.naver.com/mnews/article/020/0003439119?sid=104

  0%|                                                                                            | 0/3 [00:00<?, ?it/s]https://n.news.naver.com/mnews/article/032/0003157046?sid=104
https://n.news.naver.com/mnews/article/028/0002597956?sid=104
https://n.news.naver.com/mnews/article/025/0003206803?sid=104
https://n.news.naver.com/mnews/article/020/0003437692?sid=104
https://n.news.naver.com/mnews/article/032/0003158110?sid=104
https://n.news.naver.com/mnews/article/005/0001537582?sid=104
https://n.news.naver.com/mnews/article/023/0003702885?sid=104
https://n.news.naver.com/mnews/article/028/0002597955?sid=104
https://n.news.naver.com/mnews/article/020/0003437686?sid=104
https://n.news.naver.com/mnews/article/469/0000684805?sid=104
https://n.news.naver.com/mnews/article/005/0001537117?sid=104
https://n.news.naver.com/mnews/article/023/0003702873?sid=104
https://n.news.naver.com/mnews/article/469/0000684363?sid=104
https://n.news.naver.com/mnews/article/021/0002521296?sid=104
https://n.news.naver.com/mnews/article/020/0003437743?sid=104
https://n.news.naver.com/mnews/article/032/0003157003?sid=104
https://n.news.naver.com/mnews/article/020/0003438504?sid=104
https://n.news.naver.com/mnews/article/023/0003702872?sid=104
https://n.news.naver.com/mnews/article/020/0003438046?sid=104
https://n.news.naver.com/mnews/article/020/0003437742?sid=104
https://n.news.naver.com/mnews/article/023/0003701132?sid=104
https://n.news.naver.com/mnews/article/020/0003438499?sid=104
https://n.news.naver.com/mnews/article/005/0001538716?sid=104
https://n.news.naver.com/mnews/article/020/0003438044?sid=104
https://n.news.naver.com/mnews/article/025/0003208595?sid=104
https://n.news.naver.com/mnews/article/028/0002597016?sid=104
https://n.news.naver.com/mnews/article/020/0003437741?sid=104
https://n.news.naver.com/mnews/article/020/0003438979?sid=104
https://n.news.naver.com/mnews/article/469/0000684778?sid=104
https://n.news.naver.com/mnews/article/020/0003438040?sid=104
https://n.news.naver.com/mnews/article/023/0003702871?sid=104
https://n.news.naver.com/mnews/article/020/0003437646?sid=104
https://n.news.naver.com/mnews/article/020/0003437723?sid=104
https://n.news.naver.com/mnews/article/005/0001538714?sid=104
https://n.news.naver.com/mnews/article/005/0001537553?sid=104
https://n.news.naver.com/mnews/article/032/0003158803?sid=104
https://n.news.naver.com/mnews/article/025/0003207819?sid=104
 25%|█████████████████████                                                               | 1/4 [00:01<00:03,  1.23s/it]https://n.news.naver.com/mnews/article/023/0003701390?sid=104
https://n.news.naver.com/mnews/article/020/0003437639?sid=104
https://n.news.naver.com/mnews/article/020/0003438978?sid=104
https://n.news.naver.com/mnews/article/020/0003438493?sid=104
https://n.news.naver.com/mnews/article/032/0003158787?sid=104
https://n.news.naver.com/mnews/article/469/0000684336?sid=104
https://n.news.naver.com/mnews/article/023/0003701389?sid=104
https://n.news.naver.com/mnews/article/020/0003437638?sid=104
https://n.news.naver.com/mnews/article/032/0003158592?sid=104
https://n.news.naver.com/mnews/article/005/0001538134?sid=104
https://n.news.naver.com/mnews/article/032/0003158786?sid=104
https://n.news.naver.com/mnews/article/020/0003438037?sid=104
https://n.news.naver.com/mnews/article/032/0003157247?sid=104
https://n.news.naver.com/mnews/article/020/0003437637?sid=104
https://n.news.naver.com/mnews/article/032/0003158591?sid=104
https://n.news.naver.com/mnews/article/032/0003157997?sid=104
https://n.news.naver.com/mnews/article/032/0003158785?sid=104
https://n.news.naver.com/mnews/article/032/0003157464?sid=104
https://n.news.naver.com/mnews/article/469/0000684133?sid=104
https://n.news.naver.com/mnews/article/020/0003437636?sid=104
https://n.news.naver.com/mnews/article/032/0003158590?sid=104
https://n.news.naver.com/mnews/article/032/0003158784?sid=104
https://n.news.naver.com/mnews/article/032/0003157989?sid=104
https://n.news.naver.com/mnews/article/020/0003437635?sid=104
https://n.news.naver.com/mnews/article/020/0003438024?sid=104
https://n.news.naver.com/mnews/article/025/0003206948?sid=104
https://n.news.naver.com/mnews/article/032/0003158589?sid=104
https://n.news.naver.com/mnews/article/028/0002597565?sid=104
https://n.news.naver.com/mnews/article/020/0003439114?sid=104
https://n.news.naver.com/mnews/article/025/0003206684?sid=104
https://n.news.naver.com/mnews/article/469/0000684312?sid=104
https://n.news.naver.com/mnews/article/469/0000684118?sid=104
https://n.news.naver.com/mnews/article/023/0003702640?sid=104
https://n.news.naver.com/mnews/article/023/0003702870?sid=104
https://n.news.naver.com/mnews/article/020/0003438463?sid=104
https://n.news.naver.com/mnews/article/005/0001537520?sid=104
https://n.news.naver.com/mnews/article/020/0003437630?sid=104
https://n.news.naver.com/mnews/article/023/0003702869?sid=104
https://n.news.naver.com/mnews/article/022/0003711303?sid=104
https://n.news.naver.com/mnews/article/028/0002597951?sid=104
https://n.news.naver.com/mnews/article/020/0003438462?sid=104
https://n.news.naver.com/mnews/article/020/0003437625?sid=104
https://n.news.naver.com/mnews/article/469/0000685197?sid=104
https://n.news.naver.com/mnews/article/025/0003207176?sid=104
https://n.news.naver.com/mnews/article/469/0000685380?sid=104
https://n.news.naver.com/mnews/article/005/0001537247?sid=104
https://n.news.naver.com/mnews/article/020/0003438457?sid=104
https://n.news.naver.com/mnews/article/028/0002597949?sid=104
https://n.news.naver.com/mnews/article/025/0003206669?sid=104
https://n.news.naver.com/mnews/article/032/0003157429?sid=104
https://n.news.naver.com/mnews/article/020/0003438451?sid=104
https://n.news.naver.com/mnews/article/020/0003437816?sid=104
https://n.news.naver.com/mnews/article/028/0002598070?sid=104
https://n.news.naver.com/mnews/article/032/0003158583?sid=104
https://n.news.naver.com/mnews/article/021/0002520316?sid=104
https://n.news.naver.com/mnews/article/028/0002598069?sid=104
https://n.news.naver.com/mnews/article/020/0003438446?sid=104
https://n.news.naver.com/mnews/article/025/0003207160?sid=104
https://n.news.naver.com/mnews/article/469/0000684093?sid=104
https://n.news.naver.com/mnews/article/020/0003438975?sid=104
https://n.news.naver.com/mnews/article/032/0003158773?sid=104
https://n.news.naver.com/mnews/article/020/0003437620?sid=104
https://n.news.naver.com/mnews/article/020/0003438445?sid=104
https://n.news.naver.com/mnews/article/469/0000684270?sid=104
https://n.news.naver.com/mnews/article/020/0003438974?sid=104
https://n.news.naver.com/mnews/article/469/0000685374?sid=104
https://n.news.naver.com/mnews/article/005/0001537240?sid=104
https://n.news.naver.com/mnews/article/025/0003207734?sid=104
https://n.news.naver.com/mnews/article/023/0003701086?sid=104
https://n.news.naver.com/mnews/article/020/0003438000?sid=104
https://n.news.naver.com/mnews/article/032/0003158582?sid=104
https://n.news.naver.com/mnews/article/020/0003439112?sid=104
https://n.news.naver.com/mnews/article/020/0003437809?sid=104
https://n.news.naver.com/mnews/article/021/0002520307?sid=104
https://n.news.naver.com/mnews/article/032/0003157937?sid=104
https://n.news.naver.com/mnews/article/021/0002521295?sid=104
https://n.news.naver.com/mnews/article/022/0003711615?sid=104
https://n.news.naver.com/mnews/article/469/0000684080?sid=104
https://n.news.naver.com/mnews/article/022/0003713673?sid=104
https://n.news.naver.com/mnews/article/020/0003438440?sid=104
https://n.news.naver.com/mnews/article/021/0002520241?sid=104
https://n.news.naver.com/mnews/article/020/0003437997?sid=104
https://n.news.naver.com/mnews/article/020/0003438439?sid=104
https://n.news.naver.com/mnews/article/469/0000685195?sid=104
https://n.news.naver.com/mnews/article/025/0003206898?sid=104
https://n.news.naver.com/mnews/article/021/0002521404?sid=104
https://n.news.naver.com/mnews/article/469/0000683831?sid=104
https://n.news.naver.com/mnews/article/020/0003438972?sid=104
https://n.news.naver.com/mnews/article/028/0002597241?sid=104
https://n.news.naver.com/mnews/article/020/0003437802?sid=104
https://n.news.naver.com/mnews/article/020/0003438437?sid=104
https://n.news.naver.com/mnews/article/023/0003702865?sid=104
https://n.news.naver.com/mnews/article/025/0003206638?sid=104
https://n.news.naver.com/mnews/article/032/0003158565?sid=104
https://n.news.naver.com/mnews/article/020/0003437984?sid=104
https://n.news.naver.com/mnews/article/025/0003208583?sid=104
https://n.news.naver.com/mnews/article/028/0002597107?sid=104
https://n.news.naver.com/mnews/article/032/0003156887?sid=104
https://n.news.naver.com/mnews/article/023/0003702053?sid=104
https://n.news.naver.com/mnews/article/022/0003711573?sid=104
https://n.news.naver.com/mnews/article/020/0003438969?sid=104
https://n.news.naver.com/mnews/article/020/0003437795?sid=104
https://n.news.naver.com/mnews/article/032/0003158764?sid=104
https://n.news.naver.com/mnews/article/032/0003157378?sid=104
https://n.news.naver.com/mnews/article/025/0003208379?sid=104
https://n.news.naver.com/mnews/article/022/0003712409?sid=104
https://n.news.naver.com/mnews/article/005/0001536932?sid=104
https://n.news.naver.com/mnews/article/005/0001537188?sid=104
https://n.news.naver.com/mnews/article/032/0003157921?sid=104
https://n.news.naver.com/mnews/article/020/0003439110?sid=104
https://n.news.naver.com/mnews/article/020/0003438968?sid=104
https://n.news.naver.com/mnews/article/023/0003700993?sid=104
https://n.news.naver.com/mnews/article/020/0003437980?sid=104
https://n.news.naver.com/mnews/article/022/0003713658?sid=104
https://n.news.naver.com/mnews/article/021/0002521294?sid=104
https://n.news.naver.com/mnews/article/025/0003207699?sid=104
https://n.news.naver.com/mnews/article/021/0002520401?sid=104
https://n.news.naver.com/mnews/article/020/0003437975?sid=104
https://n.news.naver.com/mnews/article/023/0003700981?sid=104
https://n.news.naver.com/mnews/article/469/0000685360?sid=104
https://n.news.naver.com/mnews/article/005/0001537179?sid=104
https://n.news.naver.com/mnews/article/021/0002520548?sid=104
https://n.news.naver.com/mnews/article/020/0003437549?sid=104
https://n.news.naver.com/mnews/article/020/0003438967?sid=104
https://n.news.naver.com/mnews/article/469/0000684684?sid=104
https://n.news.naver.com/mnews/article/020/0003437785?sid=104
https://n.news.naver.com/mnews/article/469/0000685356?sid=104
https://n.news.naver.com/mnews/article/021/0002521293?sid=104
https://n.news.naver.com/mnews/article/023/0003701535?sid=104
https://n.news.naver.com/mnews/article/028/0002597532?sid=104
https://n.news.naver.com/mnews/article/020/0003437548?sid=104
https://n.news.naver.com/mnews/article/005/0001538908?sid=104
https://n.news.naver.com/mnews/article/021/0002521292?sid=104
 50%|██████████████████████████████████████████                                          | 2/4 [00:04<00:03,  1.98s/it]https://n.news.naver.com/mnews/article/032/0003157525?sid=104
https://n.news.naver.com/mnews/article/021/0002520524?sid=104
https://n.news.naver.com/mnews/article/021/0002520874?sid=104
https://n.news.naver.com/mnews/article/020/0003437547?sid=104
https://n.news.naver.com/mnews/article/005/0001537582?sid=104
https://n.news.naver.com/mnews/article/032/0003158758?sid=104
https://n.news.naver.com/mnews/article/005/0001538710?sid=104
https://n.news.naver.com/mnews/article/020/0003437546?sid=104
https://n.news.naver.com/mnews/article/021/0002520523?sid=104
https://n.news.naver.com/mnews/article/020/0003438416?sid=104
https://n.news.naver.com/mnews/article/469/0000684363?sid=104
https://n.news.naver.com/mnews/article/020/0003438965?sid=104
https://n.news.naver.com/mnews/article/020/0003438046?sid=104
https://n.news.naver.com/mnews/article/022/0003712348?sid=104
https://n.news.naver.com/mnews/article/020/0003437545?sid=104
https://n.news.naver.com/mnews/article/469/0000685346?sid=104
https://n.news.naver.com/mnews/article/005/0001537437?sid=104
https://n.news.naver.com/mnews/article/020/0003438044?sid=104
https://n.news.naver.com/mnews/article/025/0003208371?sid=104
https://n.news.naver.com/mnews/article/469/0000684651?sid=104
https://n.news.naver.com/mnews/article/020/0003437520?sid=104
https://n.news.naver.com/mnews/article/020/0003438040?sid=104
https://n.news.naver.com/mnews/article/020/0003439099?sid=104
https://n.news.naver.com/mnews/article/469/0000685181?sid=104
https://n.news.naver.com/mnews/article/021/0002520492?sid=104
https://n.news.naver.com/mnews/article/005/0001537553?sid=104
https://n.news.naver.com/mnews/article/023/0003701995?sid=104
https://n.news.naver.com/mnews/article/032/0003158753?sid=104
https://n.news.naver.com/mnews/article/020/0003437483?sid=104
https://n.news.naver.com/mnews/article/469/0000684336?sid=104
https://n.news.naver.com/mnews/article/025/0003208367?sid=104
https://n.news.naver.com/mnews/article/025/0003207092?sid=104
https://n.news.naver.com/mnews/article/028/0002598035?sid=104
https://n.news.naver.com/mnews/article/469/0000684633?sid=104
https://n.news.naver.com/mnews/article/020/0003438037?sid=104
https://n.news.naver.com/mnews/article/020/0003437482?sid=104
https://n.news.naver.com/mnews/article/469/0000685180?sid=104
https://n.news.naver.com/mnews/article/005/0001538892?sid=104
https://n.news.naver.com/mnews/article/032/0003157464?sid=104
https://n.news.naver.com/mnews/article/023/0003701972?sid=104
https://n.news.naver.com/mnews/article/023/0003701500?sid=104
https://n.news.naver.com/mnews/article/005/0001536878?sid=104
https://n.news.naver.com/mnews/article/020/0003438024?sid=104
https://n.news.naver.com/mnews/article/025/0003208366?sid=104
https://n.news.naver.com/mnews/article/028/0002597495?sid=104
https://n.news.naver.com/mnews/article/005/0001538888?sid=104
https://n.news.naver.com/mnews/article/023/0003701486?sid=104
https://n.news.naver.com/mnews/article/469/0000684312?sid=104
https://n.news.naver.com/mnews/article/025/0003206531?sid=104
https://n.news.naver.com/mnews/article/469/0000684616?sid=104
https://n.news.naver.com/mnews/article/005/0001537520?sid=104
https://n.news.naver.com/mnews/article/032/0003158748?sid=104
https://n.news.naver.com/mnews/article/005/0001538705?sid=104
https://n.news.naver.com/mnews/article/025/0003207058?sid=104
 33%|████████████████████████████                                                        | 1/3 [00:06<00:12,  6.41s/it]https://n.news.naver.com/mnews/article/022/0003711154?sid=104
https://n.news.naver.com/mnews/article/025/0003207176?sid=104
https://n.news.naver.com/mnews/article/005/0001538879?sid=104
https://n.news.naver.com/mnews/article/023/0003701926?sid=104
https://n.news.naver.com/mnews/article/028/0002597937?sid=104
https://n.news.naver.com/mnews/article/032/0003157429?sid=104
https://n.news.naver.com/mnews/article/025/0003206803?sid=104
https://n.news.naver.com/mnews/article/469/0000684166?sid=104
https://n.news.naver.com/mnews/article/005/0001537117?sid=104
https://n.news.naver.com/mnews/article/020/0003438356?sid=104
https://n.news.naver.com/mnews/article/025/0003207160?sid=104
https://n.news.naver.com/mnews/article/021/0002521291?sid=104
https://n.news.naver.com/mnews/article/025/0003208546?sid=104
https://n.news.naver.com/mnews/article/020/0003437743?sid=104
https://n.news.naver.com/mnews/article/005/0001537328?sid=104
https://n.news.naver.com/mnews/article/020/0003438355?sid=104
https://n.news.naver.com/mnews/article/469/0000684270?sid=104
https://n.news.naver.com/mnews/article/020/0003439095?sid=104
https://n.news.naver.com/mnews/article/020/0003437742?sid=104
https://n.news.naver.com/mnews/article/020/0003438000?sid=104
https://n.news.naver.com/mnews/article/469/0000685171?sid=104
https://n.news.naver.com/mnews/article/020/0003437916?sid=104
https://n.news.naver.com/mnews/article/020/0003438354?sid=104
https://n.news.naver.com/mnews/article/020/0003437741?sid=104
https://n.news.naver.com/mnews/article/032/0003158735?sid=104
https://n.news.naver.com/mnews/article/022/0003711615?sid=104
https://n.news.naver.com/mnews/article/020/0003438353?sid=104
https://n.news.naver.com/mnews/article/020/0003437723?sid=104
https://n.news.naver.com/mnews/article/032/0003158555?sid=104
https://n.news.naver.com/mnews/article/020/0003437997?sid=104
https://n.news.naver.com/mnews/article/020/0003437912?sid=104
https://n.news.naver.com/mnews/article/020/0003439094?sid=104
 67%|████████████████████████████████████████████████████████                            | 2/3 [00:07<00:04,  4.72s/it]https://n.news.naver.com/mnews/article/023/0003701390?sid=104
https://n.news.naver.com/mnews/article/028/0002597241?sid=104
https://n.news.naver.com/mnews/article/020/0003438957?sid=104
https://n.news.naver.com/mnews/article/020/0003438352?sid=104
https://n.news.naver.com/mnews/article/020/0003437909?sid=104
https://n.news.naver.com/mnews/article/023/0003701389?sid=104
https://n.news.naver.com/mnews/article/020/0003437984?sid=104
https://n.news.naver.com/mnews/article/025/0003208354?sid=104
https://n.news.naver.com/mnews/article/032/0003158734?sid=104
https://n.news.naver.com/mnews/article/032/0003157247?sid=104
https://n.news.naver.com/mnews/article/020/0003437908?sid=104
https://n.news.naver.com/mnews/article/020/0003438314?sid=104
https://n.news.naver.com/mnews/article/022/0003711573?sid=104
https://n.news.naver.com/mnews/article/023/0003702628?sid=104
https://n.news.naver.com/mnews/article/469/0000684133?sid=104
https://n.news.naver.com/mnews/article/005/0001538873?sid=104
https://n.news.naver.com/mnews/article/032/0003157378?sid=104
https://n.news.naver.com/mnews/article/020/0003438311?sid=104
https://n.news.naver.com/mnews/article/005/0001538699?sid=104
https://n.news.naver.com/mnews/article/020/0003437907?sid=104
https://n.news.naver.com/mnews/article/025/0003206948?sid=104
https://n.news.naver.com/mnews/article/020/0003438283?sid=104
https://n.news.naver.com/mnews/article/020/0003437980?sid=104
https://n.news.naver.com/mnews/article/023/0003702627?sid=104
https://n.news.naver.com/mnews/article/469/0000684118?sid=104
https://n.news.naver.com/mnews/article/032/0003158731?sid=104
https://n.news.naver.com/mnews/article/020/0003437905?sid=104
https://n.news.naver.com/mnews/article/020/0003437975?sid=104
https://n.news.naver.com/mnews/article/020/0003438282?sid=104
https://n.news.naver.com/mnews/article/022/0003711303?sid=104
https://n.news.naver.com/mnews/article/023/0003702843?sid=104
https://n.news.naver.com/mnews/article/469/0000685164?sid=104
https://n.news.naver.com/mnews/article/021/0002520548?sid=104
https://n.news.naver.com/mnews/article/020/0003437893?sid=104
https://n.news.naver.com/mnews/article/005/0001537247?sid=104
https://n.news.naver.com/mnews/article/020/0003438281?sid=104
https://n.news.naver.com/mnews/article/023/0003701535?sid=104
https://n.news.naver.com/mnews/article/022/0003713611?sid=104
https://n.news.naver.com/mnews/article/025/0003208342?sid=104
https://n.news.naver.com/mnews/article/020/0003437816?sid=104
https://n.news.naver.com/mnews/article/020/0003437892?sid=104
https://n.news.naver.com/mnews/article/021/0002520524?sid=104
https://n.news.naver.com/mnews/article/469/0000684093?sid=104
https://n.news.naver.com/mnews/article/469/0000684608?sid=104
https://n.news.naver.com/mnews/article/025/0003208516?sid=104
https://n.news.naver.com/mnews/article/020/0003438951?sid=104
https://n.news.naver.com/mnews/article/021/0002520523?sid=104
https://n.news.naver.com/mnews/article/020/0003437853?sid=104
https://n.news.naver.com/mnews/article/005/0001537240?sid=104
 25%|█████████████████████                                                               | 1/4 [00:08<00:25,  8.42s/it]https://n.news.naver.com/mnews/article/022/0003713010?sid=104
https://n.news.naver.com/mnews/article/005/0001537437?sid=104
https://n.news.naver.com/mnews/article/020/0003437809?sid=104
https://n.news.naver.com/mnews/article/032/0003158711?sid=104
https://n.news.naver.com/mnews/article/023/0003701409?sid=104
https://n.news.naver.com/mnews/article/025/0003208341?sid=104
https://n.news.naver.com/mnews/article/021/0002520492?sid=104
https://n.news.naver.com/mnews/article/020/0003438741?sid=104
https://n.news.naver.com/mnews/article/469/0000684080?sid=104
https://n.news.naver.com/mnews/article/005/0001538854?sid=104
https://n.news.naver.com/mnews/article/025/0003207092?sid=104
https://n.news.naver.com/mnews/article/020/0003437852?sid=104
https://n.news.naver.com/mnews/article/025/0003206898?sid=104
https://n.news.naver.com/mnews/article/032/0003158545?sid=104
https://n.news.naver.com/mnews/article/028/0002598008?sid=104
https://n.news.naver.com/mnews/article/028/0002597820?sid=104
https://n.news.naver.com/mnews/article/020/0003437802?sid=104
https://n.news.naver.com/mnews/article/023/0003701500?sid=104
https://n.news.naver.com/mnews/article/023/0003701398?sid=104
https://n.news.naver.com/mnews/article/020/0003438946?sid=104
https://n.news.naver.com/mnews/article/028/0002597107?sid=104
https://n.news.naver.com/mnews/article/022/0003713593?sid=104
https://n.news.naver.com/mnews/article/023/0003701486?sid=104
 25%|█████████████████████                                                               | 1/4 [00:09<00:27,  9.01s/it]https://n.news.naver.com/mnews/article/023/0003701867?sid=104
https://n.news.naver.com/mnews/article/022/0003713291?sid=104
https://n.news.naver.com/mnews/article/020/0003438738?sid=104
https://n.news.naver.com/mnews/article/025/0003207058?sid=104
https://n.news.naver.com/mnews/article/020/0003437795?sid=104
https://n.news.naver.com/mnews/article/469/0000685311?sid=104
https://n.news.naver.com/mnews/article/032/0003157815?sid=104
https://n.news.naver.com/mnews/article/469/0000684166?sid=104
https://n.news.naver.com/mnews/article/020/0003438733?sid=104
https://n.news.naver.com/mnews/article/023/0003702615?sid=104
https://n.news.naver.com/mnews/article/005/0001537188?sid=104
https://n.news.naver.com/mnews/article/025/0003208509?sid=104
https://n.news.naver.com/mnews/article/005/0001537328?sid=104
https://n.news.naver.com/mnews/article/021/0002520401?sid=104
https://n.news.naver.com/mnews/article/469/0000685003?sid=104
https://n.news.naver.com/mnews/article/025/0003207569?sid=104
https://n.news.naver.com/mnews/article/028/0002597925?sid=104
https://n.news.naver.com/mnews/article/020/0003437916?sid=104
https://n.news.naver.com/mnews/article/005/0001537179?sid=104
https://n.news.naver.com/mnews/article/021/0002521369?sid=104
https://n.news.naver.com/mnews/article/020/0003437912?sid=104
https://n.news.naver.com/mnews/article/469/0000684998?sid=104
https://n.news.naver.com/mnews/article/020/0003437785?sid=104
https://n.news.naver.com/mnews/article/020/0003438937?sid=104
https://n.news.naver.com/mnews/article/020/0003438269?sid=104
https://n.news.naver.com/mnews/article/469/0000685299?sid=104
https://n.news.naver.com/mnews/article/020/0003438724?sid=104
https://n.news.naver.com/mnews/article/020/0003437909?sid=104
100%|████████████████████████████████████████████████████████████████████████████████████| 3/3 [00:09<00:00,  3.22s/it]
https://n.news.naver.com/mnews/article/020/0003437908?sid=104
https://n.news.naver.com/mnews/article/028/0002597924?sid=104
https://n.news.naver.com/mnews/article/005/0001537874?sid=104
https://n.news.naver.com/mnews/article/022/0003713577?sid=104
https://n.news.naver.com/mnews/article/025/0003208114?sid=104
https://n.news.naver.com/mnews/article/020/0003437907?sid=104
https://n.news.naver.com/mnews/article/469/0000685147?sid=104
https://n.news.naver.com/mnews/article/469/0000684554?sid=104
https://n.news.naver.com/mnews/article/020/0003437905?sid=104
https://n.news.naver.com/mnews/article/005/0001538423?sid=104
https://n.news.naver.com/mnews/article/005/0001538831?sid=104
https://n.news.naver.com/mnews/article/020/0003437893?sid=104
https://n.news.naver.com/mnews/article/028/0002597922?sid=104
https://n.news.naver.com/mnews/article/020/0003438252?sid=104
https://n.news.naver.com/mnews/article/023/0003702357?sid=104
https://n.news.naver.com/mnews/article/020/0003437892?sid=104
https://n.news.naver.com/mnews/article/020/0003439082?sid=104
https://n.news.naver.com/mnews/article/028/0002597920?sid=104
https://n.news.naver.com/mnews/article/020/0003437853?sid=104
https://n.news.naver.com/mnews/article/025/0003207537?sid=104
https://n.news.naver.com/mnews/article/469/0000685296?sid=104
https://n.news.naver.com/mnews/article/469/0000684975?sid=104
https://n.news.naver.com/mnews/article/023/0003701409?sid=104
https://n.news.naver.com/mnews/article/005/0001538417?sid=104
https://n.news.naver.com/mnews/article/469/0000685145?sid=104
https://n.news.naver.com/mnews/article/020/0003437852?sid=104
https://n.news.naver.com/mnews/article/469/0000685293?sid=104
https://n.news.naver.com/mnews/article/020/0003438248?sid=104
https://n.news.naver.com/mnews/article/023/0003701398?sid=104
https://n.news.naver.com/mnews/article/020/0003438709?sid=104
https://n.news.naver.com/mnews/article/022/0003713280?sid=104
https://n.news.naver.com/mnews/article/023/0003702821?sid=104
https://n.news.naver.com/mnews/article/020/0003438243?sid=104
 75%|███████████████████████████████████████████████████████████████                     | 3/4 [00:10<00:03,  3.12s/it]https://n.news.naver.com/mnews/article/023/0003701867?sid=104
https://n.news.naver.com/mnews/article/005/0001538415?sid=104
https://n.news.naver.com/mnews/article/005/0001538674?sid=104
https://n.news.naver.com/mnews/article/020/0003438241?sid=104
https://n.news.naver.com/mnews/article/021/0002521361?sid=104
https://n.news.naver.com/mnews/article/032/0003157815?sid=104
https://n.news.naver.com/mnews/article/020/0003438935?sid=104
https://n.news.naver.com/mnews/article/020/0003438237?sid=104
https://n.news.naver.com/mnews/article/025/0003207569?sid=104
https://n.news.naver.com/mnews/article/023/0003702820?sid=104
https://n.news.naver.com/mnews/article/032/0003158295?sid=104
https://n.news.naver.com/mnews/article/022/0003713273?sid=104
https://n.news.naver.com/mnews/article/020/0003438269?sid=104
https://n.news.naver.com/mnews/article/020/0003439079?sid=104
https://n.news.naver.com/mnews/article/025/0003207507?sid=104
https://n.news.naver.com/mnews/article/020/0003438703?sid=104
https://n.news.naver.com/mnews/article/005/0001537874?sid=104
https://n.news.naver.com/mnews/article/020/0003438930?sid=104
https://n.news.naver.com/mnews/article/469/0000684554?sid=104
https://n.news.naver.com/mnews/article/020/0003438235?sid=104
https://n.news.naver.com/mnews/article/469/0000684944?sid=104
https://n.news.naver.com/mnews/article/021/0002521356?sid=104
https://n.news.naver.com/mnews/article/020/0003438252?sid=104
https://n.news.naver.com/mnews/article/022/0003713268?sid=104
https://n.news.naver.com/mnews/article/020/0003438697?sid=104
https://n.news.naver.com/mnews/article/005/0001538822?sid=104
https://n.news.naver.com/mnews/article/020/0003438233?sid=104
https://n.news.naver.com/mnews/article/023/0003702607?sid=104
https://n.news.naver.com/mnews/article/025/0003207537?sid=104
https://n.news.naver.com/mnews/article/032/0003158263?sid=104
https://n.news.naver.com/mnews/article/469/0000685285?sid=104
https://n.news.naver.com/mnews/article/020/0003438230?sid=104
https://n.news.naver.com/mnews/article/020/0003438248?sid=104
https://n.news.naver.com/mnews/article/020/0003438685?sid=104
https://n.news.naver.com/mnews/article/025/0003208316?sid=104
https://n.news.naver.com/mnews/article/020/0003438243?sid=104
https://n.news.naver.com/mnews/article/023/0003702813?sid=104
https://n.news.naver.com/mnews/article/028/0002597917?sid=104
https://n.news.naver.com/mnews/article/028/0002597422?sid=104
https://n.news.naver.com/mnews/article/025/0003208052?sid=104
https://n.news.naver.com/mnews/article/020/0003438241?sid=104
https://n.news.naver.com/mnews/article/022/0003712826?sid=104
https://n.news.naver.com/mnews/article/032/0003158670?sid=104
https://n.news.naver.com/mnews/article/023/0003702603?sid=104
https://n.news.naver.com/mnews/article/020/0003438227?sid=104
https://n.news.naver.com/mnews/article/020/0003438237?sid=104
https://n.news.naver.com/mnews/article/022/0003713551?sid=104
https://n.news.naver.com/mnews/article/025/0003208036?sid=104
https://n.news.naver.com/mnews/article/025/0003207507?sid=104
https://n.news.naver.com/mnews/article/020/0003438926?sid=104
https://n.news.naver.com/mnews/article/005/0001537808?sid=104
https://n.news.naver.com/mnews/article/020/0003438235?sid=104
https://n.news.naver.com/mnews/article/020/0003439075?sid=104
https://n.news.naver.com/mnews/article/023/0003702597?sid=104
https://n.news.naver.com/mnews/article/032/0003157686?sid=104
https://n.news.naver.com/mnews/article/020/0003438673?sid=104
https://n.news.naver.com/mnews/article/020/0003438233?sid=104
https://n.news.naver.com/mnews/article/023/0003702810?sid=104
https://n.news.naver.com/mnews/article/022/0003713253?sid=104
https://n.news.naver.com/mnews/article/020/0003438230?sid=104
https://n.news.naver.com/mnews/article/020/0003438671?sid=104
https://n.news.naver.com/mnews/article/020/0003438223?sid=104
https://n.news.naver.com/mnews/article/028/0002597422?sid=104
https://n.news.naver.com/mnews/article/022/0003713251?sid=104
https://n.news.naver.com/mnews/article/025/0003208473?sid=104
https://n.news.naver.com/mnews/article/020/0003438668?sid=104
https://n.news.naver.com/mnews/article/020/0003438219?sid=104
https://n.news.naver.com/mnews/article/020/0003438227?sid=104
 25%|█████████████████████                                                               | 1/4 [00:12<00:38, 12.82s/it]https://n.news.naver.com/mnews/article/020/0003439347?sid=104
https://n.news.naver.com/mnews/article/025/0003208301?sid=104
https://n.news.naver.com/mnews/article/023/0003702279?sid=104
https://n.news.naver.com/mnews/article/005/0001537808?sid=104
https://n.news.naver.com/mnews/article/020/0003438217?sid=104
https://n.news.naver.com/mnews/article/032/0003157686?sid=104
https://n.news.naver.com/mnews/article/023/0003703090?sid=104
https://n.news.naver.com/mnews/article/020/0003438657?sid=104
https://n.news.naver.com/mnews/article/020/0003438203?sid=104
https://n.news.naver.com/mnews/article/023/0003702594?sid=104
https://n.news.naver.com/mnews/article/020/0003438223?sid=104
https://n.news.naver.com/mnews/article/032/0003158169?sid=104
https://n.news.naver.com/mnews/article/032/0003157645?sid=104
https://n.news.naver.com/mnews/article/020/0003438219?sid=104
https://n.news.naver.com/mnews/article/023/0003702593?sid=104
https://n.news.naver.com/mnews/article/023/0003703089?sid=104
https://n.news.naver.com/mnews/article/032/0003157641?sid=104
https://n.news.naver.com/mnews/article/020/0003438217?sid=104
https://n.news.naver.com/mnews/article/020/0003439346?sid=104
https://n.news.naver.com/mnews/article/023/0003702256?sid=104
https://n.news.naver.com/mnews/article/022/0003713245?sid=104
https://n.news.naver.com/mnews/article/023/0003703085?sid=104
https://n.news.naver.com/mnews/article/020/0003438203?sid=104
https://n.news.naver.com/mnews/article/021/0002520692?sid=104
https://n.news.naver.com/mnews/article/032/0003158156?sid=104
https://n.news.naver.com/mnews/article/032/0003157645?sid=104
https://n.news.naver.com/mnews/article/032/0003159054?sid=104
https://n.news.naver.com/mnews/article/469/0000685127?sid=104
https://n.news.naver.com/mnews/article/032/0003157641?sid=104
https://n.news.naver.com/mnews/article/023/0003701786?sid=104
https://n.news.naver.com/mnews/article/023/0003702239?sid=104
https://n.news.naver.com/mnews/article/020/0003438916?sid=104
https://n.news.naver.com/mnews/article/021/0002520692?sid=104
https://n.news.naver.com/mnews/article/469/0000685575?sid=104
https://n.news.naver.com/mnews/article/020/0003438179?sid=104
https://n.news.naver.com/mnews/article/025/0003207945?sid=104
https://n.news.naver.com/mnews/article/023/0003701786?sid=104
https://n.news.naver.com/mnews/article/025/0003208298?sid=104
https://n.news.naver.com/mnews/article/032/0003159043?sid=104
https://n.news.naver.com/mnews/article/020/0003438179?sid=104
https://n.news.naver.com/mnews/article/469/0000684838?sid=104
https://n.news.naver.com/mnews/article/020/0003438177?sid=104
https://n.news.naver.com/mnews/article/020/0003439339?sid=104
https://n.news.naver.com/mnews/article/023/0003702589?sid=104
https://n.news.naver.com/mnews/article/020/0003438177?sid=104
https://n.news.naver.com/mnews/article/005/0001538266?sid=104
https://n.news.naver.com/mnews/article/028/0002598217?sid=104
https://n.news.naver.com/mnews/article/032/0003157590?sid=104
https://n.news.naver.com/mnews/article/032/0003157590?sid=104
https://n.news.naver.com/mnews/article/032/0003158483?sid=104
https://n.news.naver.com/mnews/article/032/0003157581?sid=104
https://n.news.naver.com/mnews/article/020/0003438596?sid=104
https://n.news.naver.com/mnews/article/032/0003157581?sid=104
https://n.news.naver.com/mnews/article/022/0003713239?sid=104
https://n.news.naver.com/mnews/article/469/0000685571?sid=104
https://n.news.naver.com/mnews/article/469/0000684399?sid=104
https://n.news.naver.com/mnews/article/020/0003438595?sid=104
https://n.news.naver.com/mnews/article/469/0000684399?sid=104
https://n.news.naver.com/mnews/article/032/0003159030?sid=104
https://n.news.naver.com/mnews/article/020/0003438594?sid=104
https://n.news.naver.com/mnews/article/023/0003701704?sid=104
https://n.news.naver.com/mnews/article/469/0000685122?sid=104
https://n.news.naver.com/mnews/article/023/0003701704?sid=104
https://n.news.naver.com/mnews/article/005/0001539172?sid=104
https://n.news.naver.com/mnews/article/023/0003701701?sid=104
https://n.news.naver.com/mnews/article/023/0003701701?sid=104
https://n.news.naver.com/mnews/article/023/0003702588?sid=104
https://n.news.naver.com/mnews/article/020/0003438593?sid=104
https://n.news.naver.com/mnews/article/005/0001537657?sid=104
https://n.news.naver.com/mnews/article/020/0003439321?sid=104
https://n.news.naver.com/mnews/article/005/0001537657?sid=104
https://n.news.naver.com/mnews/article/020/0003438914?sid=104
https://n.news.naver.com/mnews/article/005/0001537631?sid=104
https://n.news.naver.com/mnews/article/020/0003438592?sid=104
https://n.news.naver.com/mnews/article/005/0001537631?sid=104
https://n.news.naver.com/mnews/article/020/0003439316?sid=104
https://n.news.naver.com/mnews/article/021/0002521276?sid=104
https://n.news.naver.com/mnews/article/020/0003438591?sid=104
https://n.news.naver.com/mnews/article/005/0001537629?sid=104
https://n.news.naver.com/mnews/article/005/0001537629?sid=104
https://n.news.naver.com/mnews/article/022/0003713975?sid=104
https://n.news.naver.com/mnews/article/023/0003702585?sid=104
https://n.news.naver.com/mnews/article/020/0003438153?sid=104
https://n.news.naver.com/mnews/article/020/0003438153?sid=104
https://n.news.naver.com/mnews/article/020/0003438562?sid=104
https://n.news.naver.com/mnews/article/021/0002521580?sid=104
https://n.news.naver.com/mnews/article/020/0003438558?sid=104
https://n.news.naver.com/mnews/article/028/0002597903?sid=104
https://n.news.naver.com/mnews/article/020/0003438151?sid=104
https://n.news.naver.com/mnews/article/020/0003438151?sid=104
https://n.news.naver.com/mnews/article/025/0003208801?sid=104
https://n.news.naver.com/mnews/article/023/0003702584?sid=104
https://n.news.naver.com/mnews/article/023/0003702176?sid=104
https://n.news.naver.com/mnews/article/020/0003438136?sid=104
https://n.news.naver.com/mnews/article/020/0003438136?sid=104
https://n.news.naver.com/mnews/article/020/0003438135?sid=104
https://n.news.naver.com/mnews/article/020/0003438135?sid=104
https://n.news.naver.com/mnews/article/020/0003438523?sid=104
https://n.news.naver.com/mnews/article/025/0003208292?sid=104
https://n.news.naver.com/mnews/article/020/0003438134?sid=104
https://n.news.naver.com/mnews/article/025/0003208794?sid=104
https://n.news.naver.com/mnews/article/020/0003438134?sid=104
https://n.news.naver.com/mnews/article/005/0001538190?sid=104
https://n.news.naver.com/mnews/article/020/0003438911?sid=104
https://n.news.naver.com/mnews/article/020/0003438133?sid=104
https://n.news.naver.com/mnews/article/020/0003438133?sid=104
https://n.news.naver.com/mnews/article/020/0003439300?sid=104
https://n.news.naver.com/mnews/article/025/0003207886?sid=104
https://n.news.naver.com/mnews/article/023/0003702580?sid=104
https://n.news.naver.com/mnews/article/032/0003158981?sid=104
https://n.news.naver.com/mnews/article/020/0003438132?sid=104
https://n.news.naver.com/mnews/article/020/0003438132?sid=104
https://n.news.naver.com/mnews/article/023/0003702579?sid=104
https://n.news.naver.com/mnews/article/020/0003438131?sid=104
 50%|██████████████████████████████████████████                                          | 2/4 [00:16<00:16,  8.31s/it]https://n.news.naver.com/mnews/article/023/0003702651?sid=104
https://n.news.naver.com/mnews/article/032/0003158978?sid=104
https://n.news.naver.com/mnews/article/020/0003438131?sid=104
https://n.news.naver.com/mnews/article/028/0002597956?sid=104
https://n.news.naver.com/mnews/article/021/0002521274?sid=104
https://n.news.naver.com/mnews/article/020/0003439297?sid=104
https://n.news.naver.com/mnews/article/020/0003438130?sid=104
https://n.news.naver.com/mnews/article/020/0003438130?sid=104
https://n.news.naver.com/mnews/article/028/0002597955?sid=104
https://n.news.naver.com/mnews/article/020/0003438103?sid=104
https://n.news.naver.com/mnews/article/025/0003208287?sid=104
https://n.news.naver.com/mnews/article/021/0002521296?sid=104
https://n.news.naver.com/mnews/article/021/0002521573?sid=104
https://n.news.naver.com/mnews/article/020/0003438103?sid=104
https://n.news.naver.com/mnews/article/023/0003702577?sid=104
https://n.news.naver.com/mnews/article/005/0001538716?sid=104
https://n.news.naver.com/mnews/article/020/0003438093?sid=104
https://n.news.naver.com/mnews/article/020/0003438093?sid=104
https://n.news.naver.com/mnews/article/020/0003439290?sid=104
https://n.news.naver.com/mnews/article/020/0003438979?sid=104
https://n.news.naver.com/mnews/article/028/0002597898?sid=104
https://n.news.naver.com/mnews/article/005/0001538714?sid=104
https://n.news.naver.com/mnews/article/469/0000685120?sid=104
https://n.news.naver.com/mnews/article/020/0003439288?sid=104
https://n.news.naver.com/mnews/article/020/0003438091?sid=104
https://n.news.naver.com/mnews/article/020/0003438091?sid=104
https://n.news.naver.com/mnews/article/020/0003438978?sid=104
https://n.news.naver.com/mnews/article/469/0000685489?sid=104
https://n.news.naver.com/mnews/article/020/0003438089?sid=104
https://n.news.naver.com/mnews/article/020/0003438909?sid=104
https://n.news.naver.com/mnews/article/020/0003438089?sid=104
https://n.news.naver.com/mnews/article/032/0003158592?sid=104
https://n.news.naver.com/mnews/article/032/0003158591?sid=104
https://n.news.naver.com/mnews/article/032/0003158481?sid=104
https://n.news.naver.com/mnews/article/025/0003207291?sid=104
https://n.news.naver.com/mnews/article/025/0003207291?sid=104
https://n.news.naver.com/mnews/article/020/0003439283?sid=104
https://n.news.naver.com/mnews/article/032/0003158590?sid=104
https://n.news.naver.com/mnews/article/021/0002521263?sid=104
 50%|██████████████████████████████████████████                                          | 2/4 [00:17<00:17,  8.89s/it]https://n.news.naver.com/mnews/article/025/0003207851?sid=104
100%|████████████████████████████████████████████████████████████████████████████████████| 4/4 [00:17<00:00,  4.41s/it]
https://n.news.naver.com/mnews/article/020/0003439282?sid=104
https://n.news.naver.com/mnews/article/032/0003158589?sid=104
https://n.news.naver.com/mnews/article/032/0003158110?sid=104
https://n.news.naver.com/mnews/article/023/0003702576?sid=104
https://n.news.naver.com/mnews/article/023/0003702640?sid=104
https://n.news.naver.com/mnews/article/469/0000684805?sid=104
https://n.news.naver.com/mnews/article/023/0003702575?sid=104
https://n.news.naver.com/mnews/article/020/0003439277?sid=104
https://n.news.naver.com/mnews/article/028/0002597951?sid=104
https://n.news.naver.com/mnews/article/020/0003438504?sid=104
https://n.news.naver.com/mnews/article/469/0000685197?sid=104
https://n.news.naver.com/mnews/article/025/0003208765?sid=104
https://n.news.naver.com/mnews/article/020/0003438499?sid=104
https://n.news.naver.com/mnews/article/021/0002521253?sid=104
https://n.news.naver.com/mnews/article/028/0002597949?sid=104
https://n.news.naver.com/mnews/article/025/0003208763?sid=104
https://n.news.naver.com/mnews/article/469/0000684778?sid=104
https://n.news.naver.com/mnews/article/021/0002521216?sid=104
https://n.news.naver.com/mnews/article/020/0003439267?sid=104
https://n.news.naver.com/mnews/article/032/0003158583?sid=104
https://n.news.naver.com/mnews/article/025/0003207819?sid=104
https://n.news.naver.com/mnews/article/020/0003438493?sid=104
https://n.news.naver.com/mnews/article/020/0003438975?sid=104
https://n.news.naver.com/mnews/article/028/0002597884?sid=104
https://n.news.naver.com/mnews/article/028/0002598134?sid=104
https://n.news.naver.com/mnews/article/005/0001538134?sid=104
https://n.news.naver.com/mnews/article/020/0003438974?sid=104
https://n.news.naver.com/mnews/article/032/0003158932?sid=104
https://n.news.naver.com/mnews/article/032/0003157997?sid=104
https://n.news.naver.com/mnews/article/023/0003702565?sid=104
https://n.news.naver.com/mnews/article/032/0003158582?sid=104
https://n.news.naver.com/mnews/article/032/0003157989?sid=104
https://n.news.naver.com/mnews/article/021/0002521295?sid=104
https://n.news.naver.com/mnews/article/020/0003439261?sid=104
https://n.news.naver.com/mnews/article/469/0000685109?sid=104
https://n.news.naver.com/mnews/article/028/0002597565?sid=104
https://n.news.naver.com/mnews/article/469/0000685195?sid=104
https://n.news.naver.com/mnews/article/020/0003438463?sid=104
https://n.news.naver.com/mnews/article/020/0003438972?sid=104
https://n.news.naver.com/mnews/article/023/0003702546?sid=104
https://n.news.naver.com/mnews/article/032/0003158931?sid=104
https://n.news.naver.com/mnews/article/032/0003158565?sid=104
https://n.news.naver.com/mnews/article/020/0003438462?sid=104
https://n.news.naver.com/mnews/article/022/0003713179?sid=104
https://n.news.naver.com/mnews/article/005/0001539084?sid=104
https://n.news.naver.com/mnews/article/020/0003438969?sid=104
https://n.news.naver.com/mnews/article/020/0003438457?sid=104
https://n.news.naver.com/mnews/article/028/0002598117?sid=104
https://n.news.naver.com/mnews/article/025/0003208379?sid=104
https://n.news.naver.com/mnews/article/025/0003208256?sid=104
https://n.news.naver.com/mnews/article/020/0003438451?sid=104
https://n.news.naver.com/mnews/article/020/0003438968?sid=104
https://n.news.naver.com/mnews/article/020/0003438446?sid=104
https://n.news.naver.com/mnews/article/021/0002521543?sid=104
https://n.news.naver.com/mnews/article/005/0001538596?sid=104
https://n.news.naver.com/mnews/article/021/0002521294?sid=104
https://n.news.naver.com/mnews/article/020/0003438445?sid=104
https://n.news.naver.com/mnews/article/032/0003158420?sid=104
https://n.news.naver.com/mnews/article/021/0002521527?sid=104
https://n.news.naver.com/mnews/article/025/0003207734?sid=104
https://n.news.naver.com/mnews/article/020/0003438967?sid=104
https://n.news.naver.com/mnews/article/032/0003157937?sid=104
https://n.news.naver.com/mnews/article/021/0002521293?sid=104
https://n.news.naver.com/mnews/article/022/0003713128?sid=104
https://n.news.naver.com/mnews/article/021/0002521514?sid=104
https://n.news.naver.com/mnews/article/020/0003438440?sid=104
https://n.news.naver.com/mnews/article/021/0002521292?sid=104
https://n.news.naver.com/mnews/article/021/0002521513?sid=104
https://n.news.naver.com/mnews/article/005/0001538559?sid=104
https://n.news.naver.com/mnews/article/020/0003438439?sid=104
https://n.news.naver.com/mnews/article/005/0001538710?sid=104
https://n.news.naver.com/mnews/article/020/0003439254?sid=104
https://n.news.naver.com/mnews/article/020/0003438437?sid=104
https://n.news.naver.com/mnews/article/020/0003438965?sid=104
https://n.news.naver.com/mnews/article/005/0001538536?sid=104
https://n.news.naver.com/mnews/article/025/0003208371?sid=104
https://n.news.naver.com/mnews/article/023/0003702053?sid=104
https://n.news.naver.com/mnews/article/032/0003158914?sid=104
https://n.news.naver.com/mnews/article/022/0003712409?sid=104
https://n.news.naver.com/mnews/article/469/0000685181?sid=104
https://n.news.naver.com/mnews/article/469/0000685447?sid=104
https://n.news.naver.com/mnews/article/020/0003438847?sid=104
https://n.news.naver.com/mnews/article/025/0003208367?sid=104
https://n.news.naver.com/mnews/article/020/0003439245?sid=104
https://n.news.naver.com/mnews/article/032/0003157921?sid=104
https://n.news.naver.com/mnews/article/469/0000685180?sid=104
https://n.news.naver.com/mnews/article/020/0003438827?sid=104
https://n.news.naver.com/mnews/article/025/0003207699?sid=104
https://n.news.naver.com/mnews/article/023/0003702993?sid=104
https://n.news.naver.com/mnews/article/025/0003208366?sid=104
https://n.news.naver.com/mnews/article/469/0000684684?sid=104
https://n.news.naver.com/mnews/article/020/0003439242?sid=104
https://n.news.naver.com/mnews/article/020/0003438825?sid=104
https://n.news.naver.com/mnews/article/005/0001538705?sid=104
https://n.news.naver.com/mnews/article/028/0002597532?sid=104
https://n.news.naver.com/mnews/article/020/0003438823?sid=104
https://n.news.naver.com/mnews/article/028/0002597937?sid=104
https://n.news.naver.com/mnews/article/021/0002520874?sid=104
https://n.news.naver.com/mnews/article/028/0002598093?sid=104
https://n.news.naver.com/mnews/article/021/0002521291?sid=104
https://n.news.naver.com/mnews/article/020/0003438416?sid=104
https://n.news.naver.com/mnews/article/020/0003438821?sid=104
https://n.news.naver.com/mnews/article/469/0000685171?sid=104
https://n.news.naver.com/mnews/article/022/0003712348?sid=104
https://n.news.naver.com/mnews/article/020/0003438768?sid=104
https://n.news.naver.com/mnews/article/469/0000684651?sid=104
https://n.news.naver.com/mnews/article/032/0003158555?sid=104
https://n.news.naver.com/mnews/article/023/0003701995?sid=104
https://n.news.naver.com/mnews/article/020/0003438957?sid=104
https://n.news.naver.com/mnews/article/020/0003438755?sid=104
https://n.news.naver.com/mnews/article/469/0000684633?sid=104
https://n.news.naver.com/mnews/article/025/0003208354?sid=104
https://n.news.naver.com/mnews/article/469/0000685436?sid=104
https://n.news.naver.com/mnews/article/023/0003701972?sid=104
https://n.news.naver.com/mnews/article/023/0003702628?sid=104
https://n.news.naver.com/mnews/article/020/0003438753?sid=104
https://n.news.naver.com/mnews/article/028/0002597495?sid=104
https://n.news.naver.com/mnews/article/005/0001538699?sid=104
https://n.news.naver.com/mnews/article/023/0003702983?sid=104
https://n.news.naver.com/mnews/article/469/0000684616?sid=104
https://n.news.naver.com/mnews/article/023/0003702627?sid=104
 25%|█████████████████████                                                               | 1/4 [00:21<01:05, 21.73s/it]https://n.news.naver.com/mnews/article/025/0003208464?sid=104
https://n.news.naver.com/mnews/article/023/0003702980?sid=104
https://n.news.naver.com/mnews/article/023/0003701926?sid=104
https://n.news.naver.com/mnews/article/469/0000685164?sid=104
https://n.news.naver.com/mnews/article/032/0003158655?sid=104
https://n.news.naver.com/mnews/article/469/0000685431?sid=104
https://n.news.naver.com/mnews/article/020/0003438356?sid=104
https://n.news.naver.com/mnews/article/025/0003208342?sid=104
https://n.news.naver.com/mnews/article/032/0003158654?sid=104
https://n.news.naver.com/mnews/article/020/0003438355?sid=104
https://n.news.naver.com/mnews/article/023/0003702978?sid=104
https://n.news.naver.com/mnews/article/020/0003438951?sid=104
https://n.news.naver.com/mnews/article/020/0003438354?sid=104
https://n.news.naver.com/mnews/article/025/0003208341?sid=104
https://n.news.naver.com/mnews/article/020/0003439236?sid=104
https://n.news.naver.com/mnews/article/020/0003439069?sid=104
https://n.news.naver.com/mnews/article/020/0003438353?sid=104
https://n.news.naver.com/mnews/article/032/0003158545?sid=104
https://n.news.naver.com/mnews/article/021/0002521418?sid=104
https://n.news.naver.com/mnews/article/020/0003438946?sid=104
https://n.news.naver.com/mnews/article/020/0003438352?sid=104
https://n.news.naver.com/mnews/article/032/0003158653?sid=104
https://n.news.naver.com/mnews/article/020/0003438314?sid=104
https://n.news.naver.com/mnews/article/022/0003713291?sid=104
https://n.news.naver.com/mnews/article/025/0003208695?sid=104
https://n.news.naver.com/mnews/article/032/0003158652?sid=104
https://n.news.naver.com/mnews/article/020/0003438311?sid=104
https://n.news.naver.com/mnews/article/023/0003702615?sid=104
https://n.news.naver.com/mnews/article/020/0003439234?sid=104
https://n.news.naver.com/mnews/article/020/0003438283?sid=104
https://n.news.naver.com/mnews/article/032/0003158651?sid=104
https://n.news.naver.com/mnews/article/028/0002597925?sid=104
https://n.news.naver.com/mnews/article/021/0002521407?sid=104
https://n.news.naver.com/mnews/article/020/0003438937?sid=104
https://n.news.naver.com/mnews/article/020/0003438282?sid=104
https://n.news.naver.com/mnews/article/032/0003158650?sid=104
https://n.news.naver.com/mnews/article/469/0000685402?sid=104
https://n.news.naver.com/mnews/article/028/0002597924?sid=104
https://n.news.naver.com/mnews/article/020/0003438281?sid=104
https://n.news.naver.com/mnews/article/469/0000685265?sid=104
https://n.news.naver.com/mnews/article/469/0000685147?sid=104
https://n.news.naver.com/mnews/article/469/0000684608?sid=104
https://n.news.naver.com/mnews/article/005/0001539023?sid=104
https://n.news.naver.com/mnews/article/028/0002597922?sid=104
 75%|███████████████████████████████████████████████████████████████                     | 3/4 [00:23<00:07,  7.87s/it]https://n.news.naver.com/mnews/article/022/0003713010?sid=104
https://n.news.naver.com/mnews/article/005/0001539021?sid=104
https://n.news.naver.com/mnews/article/021/0002521340?sid=104
https://n.news.naver.com/mnews/article/028/0002597920?sid=104
https://n.news.naver.com/mnews/article/020/0003438741?sid=104
https://n.news.naver.com/mnews/article/005/0001539005?sid=104
HTTPSConnectionPool(host='n.news.naver.com', port=443): Read timed out. (read timeout=10)
https://n.news.naver.com/mnews/article/021/0002521340?sid=104
HTTPSConnectionPool(host='n.news.naver.com', port=443): Read timed out. (read timeout=10)HTTPSConnectionPool(host='n.news.naver.com', port=443): Read timed out. (read timeout=10)

https://n.news.naver.com/mnews/article/020/0003438741?sid=104https://n.news.naver.com/mnews/article/028/0002597920?sid=104

HTTPSConnectionPool(host='n.news.naver.com', port=443): Read timed out. (read timeout=10)
https://n.news.naver.com/mnews/article/005/0001539005?sid=104
https://n.news.naver.com/mnews/article/469/0000685145?sid=104
https://n.news.naver.com/mnews/article/028/0002597820?sid=104
https://n.news.naver.com/mnews/article/032/0003158649?sid=104
https://n.news.naver.com/mnews/article/022/0003713280?sid=104
https://n.news.naver.com/mnews/article/469/0000685260?sid=104
https://n.news.naver.com/mnews/article/020/0003438738?sid=104
https://n.news.naver.com/mnews/article/005/0001538981?sid=104
https://n.news.naver.com/mnews/article/005/0001538674?sid=104
https://n.news.naver.com/mnews/article/020/0003438733?sid=104
https://n.news.naver.com/mnews/article/005/0001538969?sid=104
https://n.news.naver.com/mnews/article/020/0003438935?sid=104
https://n.news.naver.com/mnews/article/032/0003158645?sid=104
https://n.news.naver.com/mnews/article/469/0000685003?sid=104
https://n.news.naver.com/mnews/article/022/0003713273?sid=104
https://n.news.naver.com/mnews/article/469/0000684998?sid=104
https://n.news.naver.com/mnews/article/025/0003208449?sid=104
https://n.news.naver.com/mnews/article/020/0003439226?sid=104
https://n.news.naver.com/mnews/article/020/0003438930?sid=104
https://n.news.naver.com/mnews/article/020/0003438724?sid=104
https://n.news.naver.com/mnews/article/020/0003439196?sid=104
https://n.news.naver.com/mnews/article/022/0003713268?sid=104
https://n.news.naver.com/mnews/article/028/0002597987?sid=104
https://n.news.naver.com/mnews/article/025/0003208114?sid=104
https://n.news.naver.com/mnews/article/023/0003702607?sid=104
https://n.news.naver.com/mnews/article/005/0001538423?sid=104
https://n.news.naver.com/mnews/article/020/0003439193?sid=104
https://n.news.naver.com/mnews/article/021/0002521338?sid=104
https://n.news.naver.com/mnews/article/023/0003702357?sid=104
https://n.news.naver.com/mnews/article/020/0003439191?sid=104
https://n.news.naver.com/mnews/article/025/0003208316?sid=104
https://n.news.naver.com/mnews/article/028/0002597917?sid=104
https://n.news.naver.com/mnews/article/469/0000684975?sid=104
https://n.news.naver.com/mnews/article/020/0003439066?sid=104
https://n.news.naver.com/mnews/article/020/0003439189?sid=104
https://n.news.naver.com/mnews/article/023/0003702603?sid=104
https://n.news.naver.com/mnews/article/005/0001538417?sid=104
https://n.news.naver.com/mnews/article/025/0003208445?sid=104
https://n.news.naver.com/mnews/article/020/0003438926?sid=104
https://n.news.naver.com/mnews/article/020/0003438709?sid=104
https://n.news.naver.com/mnews/article/020/0003439186?sid=104
https://n.news.naver.com/mnews/article/032/0003158642?sid=104
https://n.news.naver.com/mnews/article/023/0003702597?sid=104
https://n.news.naver.com/mnews/article/005/0001538415?sid=104
https://n.news.naver.com/mnews/article/023/0003702951?sid=104
https://n.news.naver.com/mnews/article/032/0003158295?sid=104
https://n.news.naver.com/mnews/article/022/0003713253?sid=104
https://n.news.naver.com/mnews/article/021/0002521331?sid=104
https://n.news.naver.com/mnews/article/023/0003702948?sid=104
https://n.news.naver.com/mnews/article/020/0003438703?sid=104
https://n.news.naver.com/mnews/article/022/0003713251?sid=104
https://n.news.naver.com/mnews/article/020/0003439166?sid=104
https://n.news.naver.com/mnews/article/469/0000684944?sid=104
https://n.news.naver.com/mnews/article/032/0003158641?sid=104
https://n.news.naver.com/mnews/article/025/0003208301?sid=104
https://n.news.naver.com/mnews/article/020/0003439142?sid=104
https://n.news.naver.com/mnews/article/020/0003438697?sid=104
https://n.news.naver.com/mnews/article/023/0003702594?sid=104
https://n.news.naver.com/mnews/article/025/0003208442?sid=104
https://n.news.naver.com/mnews/article/032/0003158263?sid=104
https://n.news.naver.com/mnews/article/023/0003702593?sid=104
https://n.news.naver.com/mnews/article/020/0003439130?sid=104
https://n.news.naver.com/mnews/article/020/0003438685?sid=104
https://n.news.naver.com/mnews/article/022/0003713245?sid=104
https://n.news.naver.com/mnews/article/020/0003439129?sid=104
https://n.news.naver.com/mnews/article/023/0003702776?sid=104
https://n.news.naver.com/mnews/article/469/0000685127?sid=104
https://n.news.naver.com/mnews/article/025/0003208052?sid=104
https://n.news.naver.com/mnews/article/020/0003438916?sid=104
https://n.news.naver.com/mnews/article/022/0003712826?sid=104
https://n.news.naver.com/mnews/article/005/0001538786?sid=104
https://n.news.naver.com/mnews/article/020/0003439128?sid=104
https://n.news.naver.com/mnews/article/025/0003208298?sid=104
https://n.news.naver.com/mnews/article/025/0003208036?sid=104
https://n.news.naver.com/mnews/article/020/0003439127?sid=104
https://n.news.naver.com/mnews/article/020/0003438673?sid=104
https://n.news.naver.com/mnews/article/025/0003208436?sid=104
https://n.news.naver.com/mnews/article/023/0003702589?sid=104
https://n.news.naver.com/mnews/article/020/0003438671?sid=104
https://n.news.naver.com/mnews/article/023/0003702775?sid=104
https://n.news.naver.com/mnews/article/020/0003439126?sid=104
https://n.news.naver.com/mnews/article/032/0003158483?sid=104
https://n.news.naver.com/mnews/article/020/0003438668?sid=104
https://n.news.naver.com/mnews/article/022/0003713239?sid=104
https://n.news.naver.com/mnews/article/022/0003713710?sid=104
https://n.news.naver.com/mnews/article/025/0003208435?sid=104
https://n.news.naver.com/mnews/article/023/0003702279?sid=104
https://n.news.naver.com/mnews/article/469/0000685122?sid=104
https://n.news.naver.com/mnews/article/469/0000685392?sid=104
https://n.news.naver.com/mnews/article/020/0003438657?sid=104
https://n.news.naver.com/mnews/article/025/0003208434?sid=104
https://n.news.naver.com/mnews/article/023/0003702588?sid=104
https://n.news.naver.com/mnews/article/025/0003208626?sid=104
https://n.news.naver.com/mnews/article/032/0003158169?sid=104
https://n.news.naver.com/mnews/article/020/0003438914?sid=104
https://n.news.naver.com/mnews/article/020/0003439059?sid=104
https://n.news.naver.com/mnews/article/025/0003208625?sid=104
https://n.news.naver.com/mnews/article/023/0003702256?sid=104
https://n.news.naver.com/mnews/article/021/0002521276?sid=104
https://n.news.naver.com/mnews/article/023/0003702889?sid=104
https://n.news.naver.com/mnews/article/020/0003439058?sid=104
https://n.news.naver.com/mnews/article/032/0003158156?sid=104
 50%|██████████████████████████████████████████                                          | 2/4 [01:36<01:08, 34.11s/it]https://n.news.naver.com/mnews/article/023/0003702585?sid=104
https://n.news.naver.com/mnews/article/023/0003703340?sid=104
https://n.news.naver.com/mnews/article/023/0003702239?sid=104
https://n.news.naver.com/mnews/article/469/0000685785?sid=104
https://n.news.naver.com/mnews/article/028/0002597903?sid=104
https://n.news.naver.com/mnews/article/023/0003702773?sid=104
https://n.news.naver.com/mnews/article/025/0003207945?sid=104
https://n.news.naver.com/mnews/article/023/0003702584?sid=104
https://n.news.naver.com/mnews/article/023/0003703328?sid=104
https://n.news.naver.com/mnews/article/469/0000684838?sid=104
https://n.news.naver.com/mnews/article/023/0003702772?sid=104
https://n.news.naver.com/mnews/article/025/0003208292?sid=104
https://n.news.naver.com/mnews/article/032/0003159369?sid=104
https://n.news.naver.com/mnews/article/005/0001538266?sid=104
https://n.news.naver.com/mnews/article/020/0003438911?sid=104
https://n.news.naver.com/mnews/article/032/0003159368?sid=104
https://n.news.naver.com/mnews/article/469/0000685245?sid=104
https://n.news.naver.com/mnews/article/020/0003438596?sid=104
https://n.news.naver.com/mnews/article/023/0003702580?sid=104
https://n.news.naver.com/mnews/article/032/0003159366?sid=104
https://n.news.naver.com/mnews/article/020/0003438595?sid=104
https://n.news.naver.com/mnews/article/032/0003158636?sid=104
https://n.news.naver.com/mnews/article/023/0003702579?sid=104
https://n.news.naver.com/mnews/article/469/0000685775?sid=104
https://n.news.naver.com/mnews/article/020/0003438594?sid=104
https://n.news.naver.com/mnews/article/023/0003703324?sid=104
https://n.news.naver.com/mnews/article/021/0002521274?sid=104
https://n.news.naver.com/mnews/article/020/0003438593?sid=104
https://n.news.naver.com/mnews/article/028/0002597978?sid=104
https://n.news.naver.com/mnews/article/469/0000685770?sid=104
https://n.news.naver.com/mnews/article/025/0003208287?sid=104
https://n.news.naver.com/mnews/article/020/0003439057?sid=104
https://n.news.naver.com/mnews/article/020/0003438592?sid=104
https://n.news.naver.com/mnews/article/023/0003702577?sid=104
https://n.news.naver.com/mnews/article/020/0003438591?sid=104
https://n.news.naver.com/mnews/article/469/0000685753?sid=104
https://n.news.naver.com/mnews/article/028/0002597898?sid=104
https://n.news.naver.com/mnews/article/469/0000685240?sid=104
https://n.news.naver.com/mnews/article/020/0003438562?sid=104
https://n.news.naver.com/mnews/article/469/0000685750?sid=104
https://n.news.naver.com/mnews/article/469/0000685120?sid=104
https://n.news.naver.com/mnews/article/020/0003439055?sid=104
https://n.news.naver.com/mnews/article/020/0003438558?sid=104
https://n.news.naver.com/mnews/article/020/0003438909?sid=104
https://n.news.naver.com/mnews/article/023/0003702176?sid=104
https://n.news.naver.com/mnews/article/032/0003159308?sid=104
https://n.news.naver.com/mnews/article/023/0003702766?sid=104
https://n.news.naver.com/mnews/article/032/0003158481?sid=104
https://n.news.naver.com/mnews/article/020/0003438523?sid=104
https://n.news.naver.com/mnews/article/021/0002521321?sid=104
https://n.news.naver.com/mnews/article/021/0002521263?sid=104
https://n.news.naver.com/mnews/article/020/0003439576?sid=104
https://n.news.naver.com/mnews/article/005/0001538190?sid=104
https://n.news.naver.com/mnews/article/023/0003702576?sid=104
https://n.news.naver.com/mnews/article/020/0003439572?sid=104
https://n.news.naver.com/mnews/article/025/0003207886?sid=104
https://n.news.naver.com/mnews/article/469/0000685229?sid=104
https://n.news.naver.com/mnews/article/023/0003702575?sid=104
https://n.news.naver.com/mnews/article/028/0002598332?sid=104
100%|████████████████████████████████████████████████████████████████████████████████████| 4/4 [01:38<00:00, 24.62s/it]
https://n.news.naver.com/mnews/article/021/0002521253?sid=104
https://n.news.naver.com/mnews/article/032/0003158631?sid=104
https://n.news.naver.com/mnews/article/020/0003439569?sid=104
https://n.news.naver.com/mnews/article/021/0002521216?sid=104
https://n.news.naver.com/mnews/article/032/0003159296?sid=104
https://n.news.naver.com/mnews/article/025/0003208426?sid=104
https://n.news.naver.com/mnews/article/028/0002597884?sid=104
https://n.news.naver.com/mnews/article/032/0003159293?sid=104
https://n.news.naver.com/mnews/article/023/0003702565?sid=104
https://n.news.naver.com/mnews/article/020/0003439563?sid=104
https://n.news.naver.com/mnews/article/021/0002521315?sid=104
https://n.news.naver.com/mnews/article/469/0000685109?sid=104
https://n.news.naver.com/mnews/article/023/0003702546?sid=104
https://n.news.naver.com/mnews/article/028/0002598328?sid=104
https://n.news.naver.com/mnews/article/020/0003439053?sid=104
https://n.news.naver.com/mnews/article/022/0003713179?sid=104
https://n.news.naver.com/mnews/article/005/0001539430?sid=104
https://n.news.naver.com/mnews/article/025/0003208256?sid=104
https://n.news.naver.com/mnews/article/032/0003158629?sid=104
https://n.news.naver.com/mnews/article/005/0001538596?sid=104
https://n.news.naver.com/mnews/article/032/0003159279?sid=104
https://n.news.naver.com/mnews/article/020/0003439052?sid=104
https://n.news.naver.com/mnews/article/032/0003158420?sid=104
https://n.news.naver.com/mnews/article/020/0003439559?sid=104
https://n.news.naver.com/mnews/article/022/0003713128?sid=104
https://n.news.naver.com/mnews/article/021/0002521298?sid=104
https://n.news.naver.com/mnews/article/005/0001538559?sid=104
https://n.news.naver.com/mnews/article/032/0003159272?sid=104
https://n.news.naver.com/mnews/article/023/0003702755?sid=104
https://n.news.naver.com/mnews/article/005/0001538536?sid=104
https://n.news.naver.com/mnews/article/005/0001539422?sid=104
https://n.news.naver.com/mnews/article/020/0003438847?sid=104
https://n.news.naver.com/mnews/article/020/0003439556?sid=104
https://n.news.naver.com/mnews/article/022/0003713428?sid=104
https://n.news.naver.com/mnews/article/020/0003439555?sid=104
https://n.news.naver.com/mnews/article/020/0003438827?sid=104
https://n.news.naver.com/mnews/article/025/0003209072?sid=104
https://n.news.naver.com/mnews/article/020/0003438825?sid=104
https://n.news.naver.com/mnews/article/469/0000685217?sid=104
https://n.news.naver.com/mnews/article/032/0003159243?sid=104
https://n.news.naver.com/mnews/article/020/0003438823?sid=104
https://n.news.naver.com/mnews/article/469/0000685207?sid=104
https://n.news.naver.com/mnews/article/020/0003438821?sid=104
https://n.news.naver.com/mnews/article/020/0003439551?sid=104
https://n.news.naver.com/mnews/article/020/0003438768?sid=104
https://n.news.naver.com/mnews/article/005/0001538742?sid=104
https://n.news.naver.com/mnews/article/020/0003438755?sid=104
https://n.news.naver.com/mnews/article/028/0002598311?sid=104
https://n.news.naver.com/mnews/article/020/0003438753?sid=104
https://n.news.naver.com/mnews/article/005/0001538740?sid=104
https://n.news.naver.com/mnews/article/005/0001539403?sid=104
 75%|███████████████████████████████████████████████████████████████                     | 3/4 [01:40<00:31, 31.13s/it]https://n.news.naver.com/mnews/article/025/0003208464?sid=104
https://n.news.naver.com/mnews/article/469/0000685704?sid=104
https://n.news.naver.com/mnews/article/005/0001538737?sid=104
https://n.news.naver.com/mnews/article/032/0003158655?sid=104
https://n.news.naver.com/mnews/article/023/0003702688?sid=104
https://n.news.naver.com/mnews/article/032/0003158654?sid=104
https://n.news.naver.com/mnews/article/020/0003439549?sid=104
https://n.news.naver.com/mnews/article/020/0003439069?sid=104
https://n.news.naver.com/mnews/article/020/0003439539?sid=104
https://n.news.naver.com/mnews/article/023/0003702676?sid=104
https://n.news.naver.com/mnews/article/020/0003439536?sid=104
https://n.news.naver.com/mnews/article/032/0003158653?sid=104
https://n.news.naver.com/mnews/article/023/0003702675?sid=104
https://n.news.naver.com/mnews/article/032/0003158652?sid=104
https://n.news.naver.com/mnews/article/020/0003439532?sid=104
https://n.news.naver.com/mnews/article/032/0003158651?sid=104
https://n.news.naver.com/mnews/article/020/0003439025?sid=104
https://n.news.naver.com/mnews/article/032/0003158650?sid=104
https://n.news.naver.com/mnews/article/020/0003439529?sid=104
https://n.news.naver.com/mnews/article/020/0003439006?sid=104
https://n.news.naver.com/mnews/article/469/0000685265?sid=104
https://n.news.naver.com/mnews/article/025/0003209033?sid=104
https://n.news.naver.com/mnews/article/020/0003439005?sid=104
https://n.news.naver.com/mnews/article/021/0002521340?sid=104
https://n.news.naver.com/mnews/article/032/0003159197?sid=104
https://n.news.naver.com/mnews/article/032/0003158649?sid=104
https://n.news.naver.com/mnews/article/020/0003439004?sid=104
https://n.news.naver.com/mnews/article/022/0003714292?sid=104
https://n.news.naver.com/mnews/article/469/0000685260?sid=104
https://n.news.naver.com/mnews/article/020/0003439002?sid=104
https://n.news.naver.com/mnews/article/032/0003158645?sid=104
https://n.news.naver.com/mnews/article/020/0003439520?sid=104
https://n.news.naver.com/mnews/article/025/0003208449?sid=104
https://n.news.naver.com/mnews/article/020/0003439000?sid=104
https://n.news.naver.com/mnews/article/032/0003159183?sid=104
https://n.news.naver.com/mnews/article/028/0002597987?sid=104
https://n.news.naver.com/mnews/article/021/0002521691?sid=104
https://n.news.naver.com/mnews/article/020/0003438997?sid=104
https://n.news.naver.com/mnews/article/021/0002521338?sid=104
https://n.news.naver.com/mnews/article/021/0002521690?sid=104
https://n.news.naver.com/mnews/article/020/0003438996?sid=104
https://n.news.naver.com/mnews/article/020/0003439066?sid=104
https://n.news.naver.com/mnews/article/021/0002521689?sid=104
https://n.news.naver.com/mnews/article/025/0003208445?sid=104
https://n.news.naver.com/mnews/article/021/0002521686?sid=104
https://n.news.naver.com/mnews/article/032/0003158642?sid=104
https://n.news.naver.com/mnews/article/023/0003702665?sid=104
https://n.news.naver.com/mnews/article/021/0002521654?sid=104
https://n.news.naver.com/mnews/article/021/0002521331?sid=104
https://n.news.naver.com/mnews/article/023/0003703239?sid=104
https://n.news.naver.com/mnews/article/032/0003158621?sid=104
https://n.news.naver.com/mnews/article/032/0003158641?sid=104
 50%|██████████████████████████████████████████                                          | 2/4 [01:43<01:19, 39.66s/it]https://n.news.naver.com/mnews/article/020/0003439119?sid=104
https://n.news.naver.com/mnews/article/005/0001539340?sid=104
https://n.news.naver.com/mnews/article/025/0003208442?sid=104
https://n.news.naver.com/mnews/article/023/0003702885?sid=104
https://n.news.naver.com/mnews/article/023/0003702776?sid=104
https://n.news.naver.com/mnews/article/032/0003159157?sid=104
https://n.news.naver.com/mnews/article/023/0003702873?sid=104
https://n.news.naver.com/mnews/article/005/0001538786?sid=104
https://n.news.naver.com/mnews/article/025/0003208980?sid=104
https://n.news.naver.com/mnews/article/023/0003702872?sid=104
https://n.news.naver.com/mnews/article/025/0003208436?sid=104
https://n.news.naver.com/mnews/article/021/0002521599?sid=104
https://n.news.naver.com/mnews/article/025/0003208595?sid=104
https://n.news.naver.com/mnews/article/023/0003702775?sid=104
https://n.news.naver.com/mnews/article/023/0003703199?sid=104
https://n.news.naver.com/mnews/article/025/0003208435?sid=104
https://n.news.naver.com/mnews/article/023/0003702871?sid=104
https://n.news.naver.com/mnews/article/005/0001539314?sid=104
https://n.news.naver.com/mnews/article/025/0003208434?sid=104
https://n.news.naver.com/mnews/article/032/0003158803?sid=104
https://n.news.naver.com/mnews/article/020/0003439059?sid=104
https://n.news.naver.com/mnews/article/032/0003158787?sid=104
https://n.news.naver.com/mnews/article/005/0001539309?sid=104
https://n.news.naver.com/mnews/article/020/0003439058?sid=104
https://n.news.naver.com/mnews/article/032/0003158786?sid=104
https://n.news.naver.com/mnews/article/469/0000685594?sid=104
https://n.news.naver.com/mnews/article/023/0003702773?sid=104
https://n.news.naver.com/mnews/article/032/0003158785?sid=104
https://n.news.naver.com/mnews/article/005/0001539285?sid=104
https://n.news.naver.com/mnews/article/023/0003702772?sid=104
https://n.news.naver.com/mnews/article/032/0003158784?sid=104
https://n.news.naver.com/mnews/article/469/0000685245?sid=104
https://n.news.naver.com/mnews/article/005/0001539236?sid=104
https://n.news.naver.com/mnews/article/020/0003439114?sid=104
https://n.news.naver.com/mnews/article/032/0003158636?sid=104
https://n.news.naver.com/mnews/article/023/0003702870?sid=104
https://n.news.naver.com/mnews/article/023/0003703153?sid=104
https://n.news.naver.com/mnews/article/028/0002597978?sid=104
https://n.news.naver.com/mnews/article/023/0003702869?sid=104
https://n.news.naver.com/mnews/article/020/0003439424?sid=104
https://n.news.naver.com/mnews/article/020/0003439057?sid=104
https://n.news.naver.com/mnews/article/469/0000685380?sid=104
https://n.news.naver.com/mnews/article/020/0003439422?sid=104
https://n.news.naver.com/mnews/article/469/0000685240?sid=104
https://n.news.naver.com/mnews/article/028/0002598070?sid=104
https://n.news.naver.com/mnews/article/020/0003439421?sid=104
https://n.news.naver.com/mnews/article/020/0003439055?sid=104
https://n.news.naver.com/mnews/article/028/0002598069?sid=104
https://n.news.naver.com/mnews/article/023/0003702766?sid=104
https://n.news.naver.com/mnews/article/032/0003158773?sid=104
https://n.news.naver.com/mnews/article/020/0003439420?sid=104
https://n.news.naver.com/mnews/article/021/0002521321?sid=104
https://n.news.naver.com/mnews/article/469/0000685374?sid=104
https://n.news.naver.com/mnews/article/020/0003439419?sid=104
https://n.news.naver.com/mnews/article/469/0000685229?sid=104
https://n.news.naver.com/mnews/article/020/0003439112?sid=104
https://n.news.naver.com/mnews/article/020/0003439418?sid=104
https://n.news.naver.com/mnews/article/022/0003713673?sid=104
https://n.news.naver.com/mnews/article/032/0003158631?sid=104
https://n.news.naver.com/mnews/article/020/0003439391?sid=104
https://n.news.naver.com/mnews/article/025/0003208426?sid=104
https://n.news.naver.com/mnews/article/021/0002521404?sid=104
https://n.news.naver.com/mnews/article/021/0002521315?sid=104
https://n.news.naver.com/mnews/article/020/0003439371?sid=104
https://n.news.naver.com/mnews/article/023/0003702865?sid=104
https://n.news.naver.com/mnews/article/020/0003439053?sid=104
https://n.news.naver.com/mnews/article/020/0003439364?sid=104
https://n.news.naver.com/mnews/article/025/0003208583?sid=104
https://n.news.naver.com/mnews/article/032/0003158629?sid=104
https://n.news.naver.com/mnews/article/020/0003439362?sid=104
https://n.news.naver.com/mnews/article/032/0003158764?sid=104
https://n.news.naver.com/mnews/article/020/0003439052?sid=104
https://n.news.naver.com/mnews/article/020/0003439110?sid=104
https://n.news.naver.com/mnews/article/020/0003439360?sid=104
https://n.news.naver.com/mnews/article/021/0002521298?sid=104
https://n.news.naver.com/mnews/article/022/0003713658?sid=104
https://n.news.naver.com/mnews/article/469/0000685585?sid=104
https://n.news.naver.com/mnews/article/023/0003702755?sid=104
https://n.news.naver.com/mnews/article/469/0000685360?sid=104
https://n.news.naver.com/mnews/article/005/0001539214?sid=104
https://n.news.naver.com/mnews/article/469/0000685356?sid=104
https://n.news.naver.com/mnews/article/022/0003713428?sid=104
https://n.news.naver.com/mnews/article/025/0003208886?sid=104
https://n.news.naver.com/mnews/article/469/0000685217?sid=104
https://n.news.naver.com/mnews/article/005/0001538908?sid=104
https://n.news.naver.com/mnews/article/025/0003208887?sid=104
https://n.news.naver.com/mnews/article/469/0000685207?sid=104
https://n.news.naver.com/mnews/article/032/0003158758?sid=104
https://n.news.naver.com/mnews/article/005/0001538742?sid=104
https://n.news.naver.com/mnews/article/469/0000685346?sid=104
https://n.news.naver.com/mnews/article/025/0003208888?sid=104
https://n.news.naver.com/mnews/article/005/0001538740?sid=104
https://n.news.naver.com/mnews/article/020/0003439099?sid=104
https://n.news.naver.com/mnews/article/005/0001538737?sid=104
 75%|███████████████████████████████████████████████████████████████                     | 3/4 [01:46<00:26, 26.97s/it]https://n.news.naver.com/mnews/article/020/0003439844?sid=104
https://n.news.naver.com/mnews/article/032/0003158753?sid=104
https://n.news.naver.com/mnews/article/023/0003702688?sid=104
https://n.news.naver.com/mnews/article/469/0000685984?sid=104
https://n.news.naver.com/mnews/article/028/0002598035?sid=104
https://n.news.naver.com/mnews/article/023/0003702676?sid=104
https://n.news.naver.com/mnews/article/469/0000685978?sid=104
https://n.news.naver.com/mnews/article/005/0001538892?sid=104
https://n.news.naver.com/mnews/article/023/0003702675?sid=104
https://n.news.naver.com/mnews/article/028/0002598483?sid=104
https://n.news.naver.com/mnews/article/005/0001538888?sid=104
https://n.news.naver.com/mnews/article/020/0003439025?sid=104
https://n.news.naver.com/mnews/article/020/0003439822?sid=104
https://n.news.naver.com/mnews/article/032/0003158748?sid=104
https://n.news.naver.com/mnews/article/020/0003439006?sid=104
https://n.news.naver.com/mnews/article/020/0003439812?sid=104
https://n.news.naver.com/mnews/article/005/0001538879?sid=104
https://n.news.naver.com/mnews/article/020/0003439005?sid=104https://n.news.naver.com/mnews/article/025/0003209380?sid=104

https://n.news.naver.com/mnews/article/025/0003208546?sid=104
https://n.news.naver.com/mnews/article/020/0003439004?sid=104
https://n.news.naver.com/mnews/article/005/0001539734?sid=104
https://n.news.naver.com/mnews/article/020/0003439095?sid=104
https://n.news.naver.com/mnews/article/020/0003439002?sid=104
https://n.news.naver.com/mnews/article/025/0003209374?sid=104
https://n.news.naver.com/mnews/article/032/0003158735?sid=104
https://n.news.naver.com/mnews/article/005/0001539728?sid=104
https://n.news.naver.com/mnews/article/020/0003439000?sid=104
https://n.news.naver.com/mnews/article/020/0003439094?sid=104
https://n.news.naver.com/mnews/article/020/0003439810?sid=104
https://n.news.naver.com/mnews/article/020/0003438997?sid=104
https://n.news.naver.com/mnews/article/032/0003158734?sid=104
https://n.news.naver.com/mnews/article/020/0003438996?sid=104
https://n.news.naver.com/mnews/article/032/0003159535?sid=104
https://n.news.naver.com/mnews/article/005/0001538873?sid=104
https://n.news.naver.com/mnews/article/023/0003702665?sid=104
https://n.news.naver.com/mnews/article/005/0001539718?sid=104
https://n.news.naver.com/mnews/article/032/0003158731?sid=104
https://n.news.naver.com/mnews/article/032/0003158621?sid=104
https://n.news.naver.com/mnews/article/020/0003439807?sid=104
https://n.news.naver.com/mnews/article/023/0003702843?sid=104
100%|████████████████████████████████████████████████████████████████████████████████████| 4/4 [01:48<00:00, 27.12s/it]
https://n.news.naver.com/mnews/article/005/0001539707?sid=104
https://n.news.naver.com/mnews/article/022/0003713611?sid=104
https://n.news.naver.com/mnews/article/469/0000685910?sid=104
https://n.news.naver.com/mnews/article/025/0003208516?sid=104
https://n.news.naver.com/mnews/article/020/0003439800?sid=104
https://n.news.naver.com/mnews/article/032/0003158711?sid=104
https://n.news.naver.com/mnews/article/028/0002598445?sid=104
https://n.news.naver.com/mnews/article/005/0001538854?sid=104
https://n.news.naver.com/mnews/article/032/0003159509?sid=104
https://n.news.naver.com/mnews/article/028/0002598008?sid=104
https://n.news.naver.com/mnews/article/020/0003439795?sid=104
https://n.news.naver.com/mnews/article/020/0003439794?sid=104https://n.news.naver.com/mnews/article/022/0003713593?sid=104

https://n.news.naver.com/mnews/article/469/0000685311?sid=104
https://n.news.naver.com/mnews/article/020/0003439791?sid=104
https://n.news.naver.com/mnews/article/032/0003159480?sid=104
https://n.news.naver.com/mnews/article/025/0003208509?sid=104
https://n.news.naver.com/mnews/article/021/0002521369?sid=104
https://n.news.naver.com/mnews/article/005/0001539660?sid=104
https://n.news.naver.com/mnews/article/469/0000685299?sid=104
https://n.news.naver.com/mnews/article/025/0003209296?sid=104
https://n.news.naver.com/mnews/article/022/0003713577?sid=104
https://n.news.naver.com/mnews/article/025/0003209294?sid=104
https://n.news.naver.com/mnews/article/005/0001538831?sid=104
https://n.news.naver.com/mnews/article/021/0002521858?sid=104
https://n.news.naver.com/mnews/article/020/0003439082?sid=104
https://n.news.naver.com/mnews/article/028/0002598417?sid=104
https://n.news.naver.com/mnews/article/469/0000685296?sid=104
https://n.news.naver.com/mnews/article/021/0002521841?sid=104
https://n.news.naver.com/mnews/article/020/0003439767?sid=104
https://n.news.naver.com/mnews/article/020/0003439759?sid=104
https://n.news.naver.com/mnews/article/469/0000685293?sid=104
https://n.news.naver.com/mnews/article/469/0000685808?sid=104
https://n.news.naver.com/mnews/article/023/0003702821?sid=104
https://n.news.naver.com/mnews/article/005/0001539575?sid=104
https://n.news.naver.com/mnews/article/021/0002521361?sid=104
https://n.news.naver.com/mnews/article/005/0001539551?sid=104
https://n.news.naver.com/mnews/article/023/0003702820?sid=104
https://n.news.naver.com/mnews/article/005/0001539534?sid=104
https://n.news.naver.com/mnews/article/020/0003439079?sid=104
https://n.news.naver.com/mnews/article/020/0003439712?sid=104
https://n.news.naver.com/mnews/article/021/0002521356?sid=104
https://n.news.naver.com/mnews/article/020/0003439699?sid=104
https://n.news.naver.com/mnews/article/005/0001538822?sid=104
https://n.news.naver.com/mnews/article/020/0003439697?sid=104
https://n.news.naver.com/mnews/article/469/0000685285?sid=104
https://n.news.naver.com/mnews/article/020/0003439679?sid=104
https://n.news.naver.com/mnews/article/023/0003702813?sid=104
https://n.news.naver.com/mnews/article/020/0003439677?sid=104
https://n.news.naver.com/mnews/article/032/0003158670?sid=104
https://n.news.naver.com/mnews/article/020/0003439674?sid=104
https://n.news.naver.com/mnews/article/022/0003713551?sid=104
https://n.news.naver.com/mnews/article/020/0003439672?sid=104
https://n.news.naver.com/mnews/article/020/0003439075?sid=104
https://n.news.naver.com/mnews/article/020/0003439670?sid=104
https://n.news.naver.com/mnews/article/023/0003702810?sid=104
https://n.news.naver.com/mnews/article/020/0003439669?sid=104
https://n.news.naver.com/mnews/article/020/0003439656?sid=104
https://n.news.naver.com/mnews/article/025/0003208473?sid=104
https://n.news.naver.com/mnews/article/020/0003439633?sid=104
 75%|███████████████████████████████████████████████████████████████                     | 3/4 [01:51<00:30, 30.36s/it]https://n.news.naver.com/mnews/article/020/0003439347?sid=104
https://n.news.naver.com/mnews/article/020/0003439622?sid=104
https://n.news.naver.com/mnews/article/023/0003703090?sid=104
https://n.news.naver.com/mnews/article/020/0003439604?sid=104
https://n.news.naver.com/mnews/article/023/0003703089?sid=104
100%|████████████████████████████████████████████████████████████████████████████████████| 4/4 [01:52<00:00, 20.46s/it]h100%|████████████████████████████████████████████████████████████████████████████████████| 4/4 [01:52<00:00, 28.05s/it]

https://n.news.naver.com/mnews/article/023/0003703085?sid=104
https://n.news.naver.com/mnews/article/032/0003159054?sid=104
https://n.news.naver.com/mnews/article/469/0000685575?sid=104
https://n.news.naver.com/mnews/article/032/0003159043?sid=104
https://n.news.naver.com/mnews/article/020/0003439339?sid=104
https://n.news.naver.com/mnews/article/028/0002598217?sid=104
https://n.news.naver.com/mnews/article/469/0000685571?sid=104
https://n.news.naver.com/mnews/article/032/0003159030?sid=104
https://n.news.naver.com/mnews/article/005/0001539172?sid=104
https://n.news.naver.com/mnews/article/020/0003439321?sid=104
https://n.news.naver.com/mnews/article/020/0003439316?sid=104
https://n.news.naver.com/mnews/article/022/0003713975?sid=104
https://n.news.naver.com/mnews/article/021/0002521580?sid=104
https://n.news.naver.com/mnews/article/025/0003208801?sid=104
https://n.news.naver.com/mnews/article/025/0003208794?sid=104
https://n.news.naver.com/mnews/article/020/0003439300?sid=104
https://n.news.naver.com/mnews/article/032/0003158981?sid=104
https://n.news.naver.com/mnews/article/032/0003158978?sid=104
https://n.news.naver.com/mnews/article/020/0003439297?sid=104
https://n.news.naver.com/mnews/article/021/0002521573?sid=104
https://n.news.naver.com/mnews/article/020/0003439290?sid=104
https://n.news.naver.com/mnews/article/020/0003439288?sid=104
https://n.news.naver.com/mnews/article/469/0000685489?sid=104
https://n.news.naver.com/mnews/article/020/0003439283?sid=104
https://n.news.naver.com/mnews/article/020/0003439282?sid=104
https://n.news.naver.com/mnews/article/020/0003439277?sid=104
https://n.news.naver.com/mnews/article/025/0003208765?sid=104
https://n.news.naver.com/mnews/article/025/0003208763?sid=104
https://n.news.naver.com/mnews/article/020/0003439267?sid=104
https://n.news.naver.com/mnews/article/028/0002598134?sid=104
https://n.news.naver.com/mnews/article/032/0003158932?sid=104
https://n.news.naver.com/mnews/article/020/0003439261?sid=104
https://n.news.naver.com/mnews/article/032/0003158931?sid=104
https://n.news.naver.com/mnews/article/005/0001539084?sid=104
https://n.news.naver.com/mnews/article/028/0002598117?sid=104
https://n.news.naver.com/mnews/article/021/0002521543?sid=104
https://n.news.naver.com/mnews/article/021/0002521527?sid=104
https://n.news.naver.com/mnews/article/021/0002521514?sid=104
https://n.news.naver.com/mnews/article/021/0002521513?sid=104
https://n.news.naver.com/mnews/article/020/0003439254?sid=104
https://n.news.naver.com/mnews/article/032/0003158914?sid=104
https://n.news.naver.com/mnews/article/469/0000685447?sid=104
https://n.news.naver.com/mnews/article/020/0003439245?sid=104
https://n.news.naver.com/mnews/article/023/0003702993?sid=104
https://n.news.naver.com/mnews/article/020/0003439242?sid=104
https://n.news.naver.com/mnews/article/028/0002598093?sid=104
https://n.news.naver.com/mnews/article/469/0000685436?sid=104
https://n.news.naver.com/mnews/article/023/0003702983?sid=104
https://n.news.naver.com/mnews/article/023/0003702980?sid=104
https://n.news.naver.com/mnews/article/469/0000685431?sid=104
https://n.news.naver.com/mnews/article/023/0003702978?sid=104
https://n.news.naver.com/mnews/article/020/0003439236?sid=104
https://n.news.naver.com/mnews/article/021/0002521418?sid=104
https://n.news.naver.com/mnews/article/025/0003208695?sid=104
https://n.news.naver.com/mnews/article/020/0003439234?sid=104
https://n.news.naver.com/mnews/article/021/0002521407?sid=104
https://n.news.naver.com/mnews/article/469/0000685402?sid=104
https://n.news.naver.com/mnews/article/005/0001539023?sid=104
https://n.news.naver.com/mnews/article/005/0001539021?sid=104
https://n.news.naver.com/mnews/article/005/0001539005?sid=104
https://n.news.naver.com/mnews/article/005/0001538981?sid=104
https://n.news.naver.com/mnews/article/005/0001538969?sid=104
https://n.news.naver.com/mnews/article/020/0003439226?sid=104
https://n.news.naver.com/mnews/article/020/0003439196?sid=104
https://n.news.naver.com/mnews/article/020/0003439193?sid=104
https://n.news.naver.com/mnews/article/020/0003439191?sid=104
https://n.news.naver.com/mnews/article/020/0003439189?sid=104
https://n.news.naver.com/mnews/article/020/0003439186?sid=104
https://n.news.naver.com/mnews/article/023/0003702951?sid=104
https://n.news.naver.com/mnews/article/023/0003702948?sid=104
https://n.news.naver.com/mnews/article/020/0003439166?sid=104
https://n.news.naver.com/mnews/article/020/0003439142?sid=104
https://n.news.naver.com/mnews/article/020/0003439130?sid=104
https://n.news.naver.com/mnews/article/020/0003439129?sid=104
https://n.news.naver.com/mnews/article/020/0003439128?sid=104
https://n.news.naver.com/mnews/article/020/0003439127?sid=104
https://n.news.naver.com/mnews/article/020/0003439126?sid=104
https://n.news.naver.com/mnews/article/022/0003713710?sid=104
https://n.news.naver.com/mnews/article/469/0000685392?sid=104
https://n.news.naver.com/mnews/article/025/0003208626?sid=104
https://n.news.naver.com/mnews/article/025/0003208625?sid=104
https://n.news.naver.com/mnews/article/023/0003702889?sid=104
100%|████████████████████████████████████████████████████████████████████████████████████| 4/4 [02:01<00:00, 30.31s/it]
104 231 end
[['104', '232', datetime.datetime(2022, 7, 13, 0, 0), datetime.datetime(2022, 7, 10, 0, 0)], ['104', '232', datetime.datetime(2022, 7, 11, 0, 0), datetime.datetime(2022, 7, 8, 0, 0)], ['104', '232', datetime.datetime(2022, 7, 9, 0, 0), datetime.datetime(2022, 7, 6, 0, 0)], ['104', '232', datetime.datetime(2022, 7, 7, 0, 0), datetime.datetime(2022, 7, 4, 0, 0)], ['104', '232', datetime.datetime(2022, 7, 5, 0, 0), datetime.datetime(2022, 7, 2, 0, 0)], ['104', '232', datetime.datetime(2022, 7, 3, 0, 0), datetime.datetime(2022, 7, 1, 0, 0)]] process :  5
['104', '232', datetime.datetime(2022, 7, 13, 0, 0), datetime.datetime(2022, 7, 10, 0, 0)]
  0%|                                                                                            | 0/4 [00:00<?, ?it/s]['104', '232', datetime.datetime(2022, 7, 11, 0, 0), datetime.datetime(2022, 7, 8, 0, 0)]
  0%|                                                                                            | 0/4 [00:00<?, ?it/s]['104', '232', datetime.datetime(2022, 7, 9, 0, 0), datetime.datetime(2022, 7, 6, 0, 0)]
  0%|                                                                                            | 0/4 [00:00<?, ?it/s]['104', '232', datetime.datetime(2022, 7, 7, 0, 0), datetime.datetime(2022, 7, 4, 0, 0)]
https://n.news.naver.com/mnews/article/469/0000685380?sid=104
  0%|                                                                                            | 0/4 [00:00<?, ?it/s]https://n.news.naver.com/mnews/article/025/0003208394?sid=104
['104', '232', datetime.datetime(2022, 7, 5, 0, 0), datetime.datetime(2022, 7, 2, 0, 0)]
https://n.news.naver.com/mnews/article/032/0003158111?sid=104
  0%|                                                                                            | 0/4 [00:00<?, ?it/s]https://n.news.naver.com/mnews/article/032/0003157526?sid=104
['104', '232', datetime.datetime(2022, 7, 3, 0, 0), datetime.datetime(2022, 7, 1, 0, 0)]
  0%|                                                                                            | 0/3 [00:00<?, ?it/s]https://n.news.naver.com/mnews/article/023/0003701321?sid=104
https://n.news.naver.com/mnews/article/023/0003701161?sid=104
https://n.news.naver.com/mnews/article/020/0003439110?sid=104
https://n.news.naver.com/mnews/article/005/0001537149?sid=104
https://n.news.naver.com/mnews/article/032/0003158109?sid=104
https://n.news.naver.com/mnews/article/469/0000683941?sid=104
https://n.news.naver.com/mnews/article/025/0003208384?sid=104
https://n.news.naver.com/mnews/article/032/0003157524?sid=104
https://n.news.naver.com/mnews/article/032/0003158756?sid=104
https://n.news.naver.com/mnews/article/022/0003713262?sid=104
https://n.news.naver.com/mnews/article/469/0000684018?sid=104
https://n.news.naver.com/mnews/article/032/0003157047?sid=104
https://n.news.naver.com/mnews/article/469/0000684357?sid=104
https://n.news.naver.com/mnews/article/020/0003438493?sid=104
https://n.news.naver.com/mnews/article/020/0003439095?sid=104
https://n.news.naver.com/mnews/article/005/0001537140?sid=104
https://n.news.naver.com/mnews/article/022/0003713252?sid=104
https://n.news.naver.com/mnews/article/032/0003157045?sid=104
https://n.news.naver.com/mnews/article/025/0003207794?sid=104
https://n.news.naver.com/mnews/article/469/0000684348?sid=104
https://n.news.naver.com/mnews/article/028/0002598019?sid=104
https://n.news.naver.com/mnews/article/022/0003713247?sid=104
https://n.news.naver.com/mnews/article/469/0000683983?sid=104
https://n.news.naver.com/mnews/article/469/0000683928?sid=104
https://n.news.naver.com/mnews/article/020/0003438463?sid=104
https://n.news.naver.com/mnews/article/028/0002597290?sid=104
https://n.news.naver.com/mnews/article/025/0003208524?sid=104
https://n.news.naver.com/mnews/article/028/0002597549?sid=104
https://n.news.naver.com/mnews/article/020/0003438911?sid=104
https://n.news.naver.com/mnews/article/025/0003206791?sid=104
https://n.news.naver.com/mnews/article/022/0003710950?sid=104
https://n.news.naver.com/mnews/article/032/0003157455?sid=104
https://n.news.naver.com/mnews/article/022/0003713226?sid=104
https://n.news.naver.com/mnews/article/032/0003157928?sid=104
https://n.news.naver.com/mnews/article/028/0002598005?sid=104
https://n.news.naver.com/mnews/article/023/0003701252?sid=104
https://n.news.naver.com/mnews/article/469/0000683912?sid=104
https://n.news.naver.com/mnews/article/025/0003208279?sid=104
https://n.news.naver.com/mnews/article/032/0003157448?sid=104
https://n.news.naver.com/mnews/article/005/0001538074?sid=104
https://n.news.naver.com/mnews/article/032/0003156997?sid=104
https://n.news.naver.com/mnews/article/469/0000685296?sid=104
https://n.news.naver.com/mnews/article/020/0003437742?sid=104
https://n.news.naver.com/mnews/article/025/0003208255?sid=104
https://n.news.naver.com/mnews/article/025/0003207185?sid=104
https://n.news.naver.com/mnews/article/032/0003157921?sid=104
https://n.news.naver.com/mnews/article/469/0000685293?sid=104
https://n.news.naver.com/mnews/article/469/0000683950?sid=104
https://n.news.naver.com/mnews/article/020/0003437646?sid=104
https://n.news.naver.com/mnews/article/023/0003702519?sid=104
https://n.news.naver.com/mnews/article/028/0002597540?sid=104
https://n.news.naver.com/mnews/article/032/0003158679?sid=104
https://n.news.naver.com/mnews/article/020/0003437639?sid=104
https://n.news.naver.com/mnews/article/022/0003711634?sid=104
 25%|█████████████████████                                                               | 1/4 [00:01<00:04,  1.54s/it]https://n.news.naver.com/mnews/article/032/0003157250?sid=104
https://n.news.naver.com/mnews/article/032/0003158424?sid=104
https://n.news.naver.com/mnews/article/020/0003437637?sid=104
https://n.news.naver.com/mnews/article/005/0001538060?sid=104
https://n.news.naver.com/mnews/article/020/0003439079?sid=104
https://n.news.naver.com/mnews/article/020/0003438000?sid=104
https://n.news.naver.com/mnews/article/028/0002596996?sid=104
https://n.news.naver.com/mnews/article/032/0003158420?sid=104
https://n.news.naver.com/mnews/article/021/0002521354?sid=104
https://n.news.naver.com/mnews/article/032/0003157249?sid=104
https://n.news.naver.com/mnews/article/028/0002597243?sid=104
https://n.news.naver.com/mnews/article/021/0002521133?sid=104
https://n.news.naver.com/mnews/article/021/0002520893?sid=104
https://n.news.naver.com/mnews/article/028/0002596993?sid=104
https://n.news.naver.com/mnews/article/469/0000684135?sid=104
https://n.news.naver.com/mnews/article/028/0002597230?sid=104
https://n.news.naver.com/mnews/article/025/0003208493?sid=104
https://n.news.naver.com/mnews/article/022/0003713120?sid=104
https://n.news.naver.com/mnews/article/023/0003702017?sid=104
https://n.news.naver.com/mnews/article/023/0003701092?sid=104
https://n.news.naver.com/mnews/article/032/0003157378?sid=104
https://n.news.naver.com/mnews/article/021/0002520433?sid=104
https://n.news.naver.com/mnews/article/025/0003208485?sid=104
https://n.news.naver.com/mnews/article/021/0002520854?sid=104
https://n.news.naver.com/mnews/article/021/0002520503?sid=104
https://n.news.naver.com/mnews/article/025/0003208245?sid=104
https://n.news.naver.com/mnews/article/020/0003437620?sid=104
https://n.news.naver.com/mnews/article/469/0000684127?sid=104
https://n.news.naver.com/mnews/article/005/0001538809?sid=104
https://n.news.naver.com/mnews/article/032/0003156934?sid=104
https://n.news.naver.com/mnews/article/032/0003157869?sid=104
https://n.news.naver.com/mnews/article/021/0002520485?sid=104
https://n.news.naver.com/mnews/article/469/0000685039?sid=104
https://n.news.naver.com/mnews/article/022/0003711301?sid=104
 25%|█████████████████████                                                               | 1/4 [00:02<00:07,  2.51s/it]https://n.news.naver.com/mnews/article/469/0000685581?sid=104
https://n.news.naver.com/mnews/article/469/0000684184?sid=104
https://n.news.naver.com/mnews/article/022/0003710845?sid=104
https://n.news.naver.com/mnews/article/005/0001538520?sid=104
https://n.news.naver.com/mnews/article/469/0000684642?sid=104
https://n.news.naver.com/mnews/article/025/0003206934?sid=104
https://n.news.naver.com/mnews/article/023/0003703091?sid=104
https://n.news.naver.com/mnews/article/032/0003156923?sid=104
https://n.news.naver.com/mnews/article/021/0002520444?sid=104
https://n.news.naver.com/mnews/article/021/0002520820?sid=104
https://n.news.naver.com/mnews/article/020/0003437816?sid=104
https://n.news.naver.com/mnews/article/020/0003438823?sid=104
https://n.news.naver.com/mnews/article/032/0003159084?sid=104
https://n.news.naver.com/mnews/article/021/0002520238?sid=104
https://n.news.naver.com/mnews/article/025/0003207063?sid=104
https://n.news.naver.com/mnews/article/020/0003437809?sid=104
https://n.news.naver.com/mnews/article/020/0003438755?sid=104
https://n.news.naver.com/mnews/article/025/0003207661?sid=104
https://n.news.naver.com/mnews/article/022/0003710833?sid=104
https://n.news.naver.com/mnews/article/469/0000685573?sid=104
https://n.news.naver.com/mnews/article/022/0003711265?sid=104
https://n.news.naver.com/mnews/article/021/0002520442?sid=104
https://n.news.naver.com/mnews/article/469/0000685034?sid=104
https://n.news.naver.com/mnews/article/023/0003701982?sid=104
https://n.news.naver.com/mnews/article/469/0000685556?sid=104
 25%|█████████████████████                                                               | 1/4 [00:03<00:09,  3.21s/it]https://n.news.naver.com/mnews/article/032/0003158652?sid=104
https://n.news.naver.com/mnews/article/022/0003710820?sid=104
https://n.news.naver.com/mnews/article/005/0001537386?sid=104
https://n.news.naver.com/mnews/article/032/0003158648?sid=104
https://n.news.naver.com/mnews/article/025/0003206895?sid=104
https://n.news.naver.com/mnews/article/469/0000684633?sid=104
https://n.news.naver.com/mnews/article/032/0003158984?sid=104
https://n.news.naver.com/mnews/article/469/0000683833?sid=104
https://n.news.naver.com/mnews/article/005/0001537331?sid=104
https://n.news.naver.com/mnews/article/020/0003437802?sid=104
https://n.news.naver.com/mnews/article/025/0003207657?sid=104
https://n.news.naver.com/mnews/article/032/0003158639?sid=104
https://n.news.naver.com/mnews/article/020/0003439282?sid=104
https://n.news.naver.com/mnews/article/032/0003157150?sid=104
https://n.news.naver.com/mnews/article/469/0000683823?sid=104
https://n.news.naver.com/mnews/article/020/0003437916?sid=104
https://n.news.naver.com/mnews/article/005/0001537938?sid=104
https://n.news.naver.com/mnews/article/020/0003439267?sid=104
https://n.news.naver.com/mnews/article/025/0003208438?sid=104
https://n.news.naver.com/mnews/article/020/0003437907?sid=104
https://n.news.naver.com/mnews/article/028/0002597097?sid=104
https://n.news.naver.com/mnews/article/028/0002596958?sid=104
https://n.news.naver.com/mnews/article/028/0002598136?sid=104
https://n.news.naver.com/mnews/article/023/0003701427?sid=104
https://n.news.naver.com/mnews/article/023/0003701931?sid=104
https://n.news.naver.com/mnews/article/028/0002597095?sid=104
https://n.news.naver.com/mnews/article/469/0000685250?sid=104
https://n.news.naver.com/mnews/article/025/0003206632?sid=104
https://n.news.naver.com/mnews/article/023/0003701925?sid=104
https://n.news.naver.com/mnews/article/028/0002598132?sid=104
https://n.news.naver.com/mnews/article/023/0003701401?sid=104
https://n.news.naver.com/mnews/article/020/0003437795?sid=104
https://n.news.naver.com/mnews/article/020/0003439058?sid=104
https://n.news.naver.com/mnews/article/020/0003438356?sid=104
https://n.news.naver.com/mnews/article/469/0000683814?sid=104
https://n.news.naver.com/mnews/article/032/0003158931?sid=104
https://n.news.naver.com/mnews/article/032/0003157140?sid=104
https://n.news.naver.com/mnews/article/032/0003158637?sid=104
https://n.news.naver.com/mnews/article/469/0000684148?sid=104
https://n.news.naver.com/mnews/article/020/0003438354?sid=104
https://n.news.naver.com/mnews/article/005/0001539076?sid=104
https://n.news.naver.com/mnews/article/022/0003713466?sid=104
https://n.news.naver.com/mnews/article/022/0003713874?sid=104
https://n.news.naver.com/mnews/article/025/0003206861?sid=104
https://n.news.naver.com/mnews/article/025/0003206970?sid=104
https://n.news.naver.com/mnews/article/020/0003438283?sid=104
https://n.news.naver.com/mnews/article/032/0003156885?sid=104
https://n.news.naver.com/mnews/article/023/0003702760?sid=104
https://n.news.naver.com/mnews/article/021/0002521481?sid=104
https://n.news.naver.com/mnews/article/469/0000684608?sid=104
https://n.news.naver.com/mnews/article/025/0003206969?sid=104
https://n.news.naver.com/mnews/article/469/0000684048?sid=104
https://n.news.naver.com/mnews/article/025/0003206628?sid=104
https://n.news.naver.com/mnews/article/469/0000684606?sid=104
https://n.news.naver.com/mnews/article/020/0003439052?sid=104
https://n.news.naver.com/mnews/article/032/0003158914?sid=104
 25%|█████████████████████                                                               | 1/4 [00:04<00:14,  4.68s/it]https://n.news.naver.com/mnews/article/032/0003157814?sid=104
https://n.news.naver.com/mnews/article/025/0003206626?sid=104
https://n.news.naver.com/mnews/article/025/0003206858?sid=104
https://n.news.naver.com/mnews/article/023/0003702749?sid=104
https://n.news.naver.com/mnews/article/023/0003703003?sid=104
https://n.news.naver.com/mnews/article/469/0000684605?sid=104
https://n.news.naver.com/mnews/article/025/0003207597?sid=104https://n.news.naver.com/mnews/article/005/0001537173?sid=104

https://n.news.naver.com/mnews/article/025/0003207570?sid=104
https://n.news.naver.com/mnews/article/021/0002520144?sid=104
https://n.news.naver.com/mnews/article/023/0003702662?sid=104
https://n.news.naver.com/mnews/article/469/0000685425?sid=104
https://n.news.naver.com/mnews/article/023/0003702656?sid=104
https://n.news.naver.com/mnews/article/005/0001537165?sid=104
https://n.news.naver.com/mnews/article/469/0000684584?sid=104
 25%|█████████████████████                                                               | 1/4 [00:05<00:15,  5.07s/it]https://n.news.naver.com/mnews/article/025/0003208144?sid=104
https://n.news.naver.com/mnews/article/005/0001536925?sid=104
https://n.news.naver.com/mnews/article/022/0003713793?sid=104
 50%|██████████████████████████████████████████                                          | 2/4 [00:05<00:05,  2.85s/it]https://n.news.naver.com/mnews/article/469/0000685380?sid=104
https://n.news.naver.com/mnews/article/021/0002520375?sid=104
https://n.news.naver.com/mnews/article/022/0003712976?sid=104
https://n.news.naver.com/mnews/article/021/0002521409?sid=104
https://n.news.naver.com/mnews/article/020/0003438248?sid=104
https://n.news.naver.com/mnews/article/020/0003437546?sid=104
https://n.news.naver.com/mnews/article/020/0003439110?sid=104
https://n.news.naver.com/mnews/article/022/0003713750?sid=104
https://n.news.naver.com/mnews/article/022/0003712097?sid=104
 50%|██████████████████████████████████████████                                          | 2/4 [00:05<00:04,  2.23s/it]https://n.news.naver.com/mnews/article/032/0003157526?sid=104
 33%|████████████████████████████                                                        | 1/3 [00:05<00:10,  5.38s/it]https://n.news.naver.com/mnews/article/023/0003701321?sid=104
https://n.news.naver.com/mnews/article/032/0003158756?sid=104
https://n.news.naver.com/mnews/article/032/0003158336?sid=104
https://n.news.naver.com/mnews/article/025/0003207515?sid=104
https://n.news.naver.com/mnews/article/005/0001537149?sid=104
https://n.news.naver.com/mnews/article/032/0003157524?sid=104
https://n.news.naver.com/mnews/article/020/0003439095?sid=104
https://n.news.naver.com/mnews/article/005/0001538967?sid=104
https://n.news.naver.com/mnews/article/469/0000684018?sid=104
https://n.news.naver.com/mnews/article/469/0000684357?sid=104
https://n.news.naver.com/mnews/article/020/0003439226?sid=104
https://n.news.naver.com/mnews/article/469/0000684997?sid=104
https://n.news.naver.com/mnews/article/028/0002598019?sid=104
https://n.news.naver.com/mnews/article/020/0003438235?sid=104
https://n.news.naver.com/mnews/article/469/0000684348?sid=104
https://n.news.naver.com/mnews/article/005/0001537140?sid=104
https://n.news.naver.com/mnews/article/025/0003208524?sid=104
https://n.news.naver.com/mnews/article/020/0003439166?sid=104
https://n.news.naver.com/mnews/article/022/0003712873?sid=104
https://n.news.naver.com/mnews/article/032/0003157703?sid=104
https://n.news.naver.com/mnews/article/469/0000683983?sid=104
https://n.news.naver.com/mnews/article/028/0002597290?sid=104
https://n.news.naver.com/mnews/article/028/0002598005?sid=104
https://n.news.naver.com/mnews/article/025/0003208680?sid=104
https://n.news.naver.com/mnews/article/025/0003206791?sid=104
https://n.news.naver.com/mnews/article/032/0003157455?sid=104
https://n.news.naver.com/mnews/article/032/0003158301?sid=104
https://n.news.naver.com/mnews/article/469/0000685296?sid=104
https://n.news.naver.com/mnews/article/032/0003157666?sid=104
https://n.news.naver.com/mnews/article/032/0003157448?sid=104
https://n.news.naver.com/mnews/article/023/0003701252?sid=104
https://n.news.naver.com/mnews/article/023/0003702891?sid=104
https://n.news.naver.com/mnews/article/469/0000685293?sid=104
https://n.news.naver.com/mnews/article/020/0003438217?sid=104
https://n.news.naver.com/mnews/article/021/0002521118?sid=104
https://n.news.naver.com/mnews/article/025/0003207185?sid=104
https://n.news.naver.com/mnews/article/020/0003437742?sid=104
https://n.news.naver.com/mnews/article/025/0003208630?sid=104
https://n.news.naver.com/mnews/article/032/0003158679?sid=104
https://n.news.naver.com/mnews/article/025/0003207454?sid=104
https://n.news.naver.com/mnews/article/022/0003711634?sid=104
https://n.news.naver.com/mnews/article/025/0003208614?sid=104
https://n.news.naver.com/mnews/article/469/0000683950?sid=104
https://n.news.naver.com/mnews/article/032/0003158247?sid=104
https://n.news.naver.com/mnews/article/020/0003439079?sid=104
https://n.news.naver.com/mnews/article/020/0003438000?sid=104
https://n.news.naver.com/mnews/article/022/0003712005?sid=104
 67%|████████████████████████████████████████████████████████                            | 2/3 [00:06<00:04,  4.08s/it]https://n.news.naver.com/mnews/article/032/0003157250?sid=104
https://n.news.naver.com/mnews/article/021/0002521354?sid=104
 50%|██████████████████████████████████████████                                          | 2/4 [00:06<00:05,  2.96s/it]https://n.news.naver.com/mnews/article/028/0002597243?sid=104
https://n.news.naver.com/mnews/article/025/0003209155?sid=104
https://n.news.naver.com/mnews/article/032/0003157249?sid=104
https://n.news.naver.com/mnews/article/032/0003158245?sid=104
https://n.news.naver.com/mnews/article/025/0003208493?sid=104
https://n.news.naver.com/mnews/article/020/0003438203?sid=104
https://n.news.naver.com/mnews/article/005/0001539452?sid=104
https://n.news.naver.com/mnews/article/028/0002597230?sid=104
https://n.news.naver.com/mnews/article/469/0000684135?sid=104
https://n.news.naver.com/mnews/article/025/0003208485?sid=104
https://n.news.naver.com/mnews/article/028/0002597387?sid=104
https://n.news.naver.com/mnews/article/032/0003158230?sid=104
https://n.news.naver.com/mnews/article/020/0003439576?sid=104
https://n.news.naver.com/mnews/article/032/0003157378?sid=104
https://n.news.naver.com/mnews/article/005/0001538809?sid=104
https://n.news.naver.com/mnews/article/021/0002520433?sid=104
https://n.news.naver.com/mnews/article/005/0001539440?sid=104
https://n.news.naver.com/mnews/article/021/0002520503?sid=104
https://n.news.naver.com/mnews/article/032/0003157634?sid=104
 75%|███████████████████████████████████████████████████████████████                     | 3/4 [00:06<00:02,  2.51s/it]https://n.news.naver.com/mnews/article/469/0000685581?sid=104
https://n.news.naver.com/mnews/article/469/0000684127?sid=104
https://n.news.naver.com/mnews/article/028/0002597697?sid=104
https://n.news.naver.com/mnews/article/020/0003439563?sid=104
https://n.news.naver.com/mnews/article/021/0002520485?sid=104
https://n.news.naver.com/mnews/article/023/0003703091?sid=104https://n.news.naver.com/mnews/article/022/0003711301?sid=104

https://n.news.naver.com/mnews/article/021/0002520724?sid=104
https://n.news.naver.com/mnews/article/021/0002521745?sid=104
https://n.news.naver.com/mnews/article/469/0000684184?sid=104https://n.news.naver.com/mnews/article/022/0003712782?sid=104

https://n.news.naver.com/mnews/article/032/0003159084?sid=104
https://n.news.naver.com/mnews/article/025/0003206934?sid=104
https://n.news.naver.com/mnews/article/021/0002520444?sid=104
https://n.news.naver.com/mnews/article/469/0000685573?sid=104
https://n.news.naver.com/mnews/article/021/0002520722?sid=104
https://n.news.naver.com/mnews/article/020/0003439556?sid=104
https://n.news.naver.com/mnews/article/020/0003437816?sid=104
https://n.news.naver.com/mnews/article/020/0003438668?sid=104
https://n.news.naver.com/mnews/article/025/0003207063?sid=104
https://n.news.naver.com/mnews/article/469/0000685556?sid=104
https://n.news.naver.com/mnews/article/021/0002521740?sid=104
https://n.news.naver.com/mnews/article/020/0003437809?sid=104
https://n.news.naver.com/mnews/article/028/0002597680?sid=104
https://n.news.naver.com/mnews/article/025/0003207385?sid=104
https://n.news.naver.com/mnews/article/021/0002520442?sid=104
https://n.news.naver.com/mnews/article/032/0003158984?sid=104
https://n.news.naver.com/mnews/article/022/0003711265?sid=104
https://n.news.naver.com/mnews/article/022/0003714325?sid=104
https://n.news.naver.com/mnews/article/005/0001537386?sid=104
https://n.news.naver.com/mnews/article/005/0001538335?sid=104
https://n.news.naver.com/mnews/article/020/0003439282?sid=104
https://n.news.naver.com/mnews/article/025/0003206895?sid=104
https://n.news.naver.com/mnews/article/032/0003157581?sid=104
https://n.news.naver.com/mnews/article/005/0001537331?sid=104
https://n.news.naver.com/mnews/article/020/0003439267?sid=104
https://n.news.naver.com/mnews/article/469/0000684397?sid=104
https://n.news.naver.com/mnews/article/025/0003209048?sid=104
https://n.news.naver.com/mnews/article/020/0003437802?sid=104
https://n.news.naver.com/mnews/article/022/0003712762?sid=104
https://n.news.naver.com/mnews/article/020/0003437916?sid=104
https://n.news.naver.com/mnews/article/028/0002598136?sid=104
https://n.news.naver.com/mnews/article/032/0003157150?sid=104
https://n.news.naver.com/mnews/article/020/0003437907?sid=104
https://n.news.naver.com/mnews/article/028/0002598132?sid=104
https://n.news.naver.com/mnews/article/020/0003439536?sid=104
https://n.news.naver.com/mnews/article/032/0003157568?sid=104
https://n.news.naver.com/mnews/article/028/0002597097?sid=104
https://n.news.naver.com/mnews/article/020/0003438657?sid=104
https://n.news.naver.com/mnews/article/032/0003158931?sid=104
https://n.news.naver.com/mnews/article/023/0003701427?sid=104
https://n.news.naver.com/mnews/article/020/0003439532?sid=104
https://n.news.naver.com/mnews/article/028/0002597095?sid=104
https://n.news.naver.com/mnews/article/021/0002521006?sid=104
https://n.news.naver.com/mnews/article/025/0003207369?sid=104
https://n.news.naver.com/mnews/article/023/0003701401?sid=104
https://n.news.naver.com/mnews/article/005/0001539076?sid=104
https://n.news.naver.com/mnews/article/020/0003439529?sid=104
https://n.news.naver.com/mnews/article/020/0003437795?sid=104
https://n.news.naver.com/mnews/article/469/0000684148?sid=104
https://n.news.naver.com/mnews/article/032/0003159197?sid=104
https://n.news.naver.com/mnews/article/022/0003713874?sid=104https://n.news.naver.com/mnews/article/469/0000684869?sid=104

https://n.news.naver.com/mnews/article/032/0003157140?sid=104
https://n.news.naver.com/mnews/article/028/0002597344?sid=104
https://n.news.naver.com/mnews/article/025/0003206970?sid=104
https://n.news.naver.com/mnews/article/028/0002598276?sid=104
https://n.news.naver.com/mnews/article/021/0002521481?sid=104
https://n.news.naver.com/mnews/article/025/0003206861?sid=104
https://n.news.naver.com/mnews/article/025/0003207368?sid=104
https://n.news.naver.com/mnews/article/025/0003206969?sid=104
https://n.news.naver.com/mnews/article/022/0003712715?sid=104
https://n.news.naver.com/mnews/article/005/0001539363?sid=104
https://n.news.naver.com/mnews/article/032/0003158914?sid=104
https://n.news.naver.com/mnews/article/469/0000684048?sid=104
 75%|███████████████████████████████████████████████████████████████                     | 3/4 [00:08<00:02,  2.52s/it]https://n.news.naver.com/mnews/article/032/0003157814?sid=104
https://n.news.naver.com/mnews/article/025/0003207972?sid=104
https://n.news.naver.com/mnews/article/023/0003703003?sid=104
https://n.news.naver.com/mnews/article/021/0002520624?sid=104
https://n.news.naver.com/mnews/article/469/0000685658?sid=104
https://n.news.naver.com/mnews/article/025/0003206858?sid=104
https://n.news.naver.com/mnews/article/025/0003207570?sid=104
https://n.news.naver.com/mnews/article/469/0000685425?sid=104
https://n.news.naver.com/mnews/article/025/0003207366?sid=104
https://n.news.naver.com/mnews/article/005/0001537173?sid=104
https://n.news.naver.com/mnews/article/028/0002598266?sid=104
https://n.news.naver.com/mnews/article/469/0000684584?sid=104
https://n.news.naver.com/mnews/article/469/0000684857?sid=104
https://n.news.naver.com/mnews/article/022/0003713793?sid=104
https://n.news.naver.com/mnews/article/005/0001537165?sid=104
https://n.news.naver.com/mnews/article/020/0003438248?sid=104
https://n.news.naver.com/mnews/article/021/0002521409?sid=104
https://n.news.naver.com/mnews/article/032/0003159175?sid=104
https://n.news.naver.com/mnews/article/005/0001537697?sid=104
https://n.news.naver.com/mnews/article/021/0002520375?sid=104
https://n.news.naver.com/mnews/article/469/0000684848?sid=104
https://n.news.naver.com/mnews/article/022/0003712097?sid=104
https://n.news.naver.com/mnews/article/022/0003713750?sid=104
100%|████████████████████████████████████████████████████████████████████████████████████| 3/3 [00:09<00:00,  3.03s/it]
https://n.news.naver.com/mnews/article/025/0003207515?sid=104
https://n.news.naver.com/mnews/article/032/0003157564?sid=104
https://n.news.naver.com/mnews/article/025/0003209011?sid=104
https://n.news.naver.com/mnews/article/005/0001538967?sid=104
https://n.news.naver.com/mnews/article/025/0003207964?sid=104
https://n.news.naver.com/mnews/article/020/0003438235?sid=104
https://n.news.naver.com/mnews/article/032/0003159172?sid=104https://n.news.naver.com/mnews/article/469/0000684374?sid=104

https://n.news.naver.com/mnews/article/020/0003439226?sid=104
https://n.news.naver.com/mnews/article/025/0003207962?sid=104
https://n.news.naver.com/mnews/article/023/0003703237?sid=104
https://n.news.naver.com/mnews/article/032/0003157703?sid=104
https://n.news.naver.com/mnews/article/020/0003439166?sid=104
https://n.news.naver.com/mnews/article/020/0003438136?sid=104
https://n.news.naver.com/mnews/article/032/0003157666?sid=104
https://n.news.naver.com/mnews/article/025/0003208680?sid=104
https://n.news.naver.com/mnews/article/021/0002520982?sid=104
https://n.news.naver.com/mnews/article/469/0000685641?sid=104
https://n.news.naver.com/mnews/article/020/0003438134?sid=104
https://n.news.naver.com/mnews/article/020/0003438217?sid=104
https://n.news.naver.com/mnews/article/023/0003702891?sid=104
https://n.news.naver.com/mnews/article/023/0003702234?sid=104
https://n.news.naver.com/mnews/article/020/0003438130?sid=104
https://n.news.naver.com/mnews/article/032/0003159146?sid=104
https://n.news.naver.com/mnews/article/025/0003207454?sid=104
https://n.news.naver.com/mnews/article/025/0003208630?sid=104
 50%|██████████████████████████████████████████                                          | 2/4 [00:09<00:09,  4.82s/it]https://n.news.naver.com/mnews/article/032/0003158111?sid=104
https://n.news.naver.com/mnews/article/469/0000684831?sid=104
https://n.news.naver.com/mnews/article/025/0003208614?sid=104
https://n.news.naver.com/mnews/article/022/0003712005?sid=104
https://n.news.naver.com/mnews/article/032/0003159141?sid=104
https://n.news.naver.com/mnews/article/032/0003158109?sid=104
https://n.news.naver.com/mnews/article/020/0003438203?sid=104
100%|████████████████████████████████████████████████████████████████████████████████████| 4/4 [00:10<00:00,  2.50s/it]
https://n.news.naver.com/mnews/article/023/0003702226?sid=104
https://n.news.naver.com/mnews/article/020/0003438493?sid=104
https://n.news.naver.com/mnews/article/032/0003159138?sid=104
https://n.news.naver.com/mnews/article/028/0002597387?sid=104
https://n.news.naver.com/mnews/article/020/0003438596?sid=104
https://n.news.naver.com/mnews/article/025/0003207794?sid=104
https://n.news.naver.com/mnews/article/032/0003157634?sid=104
https://n.news.naver.com/mnews/article/469/0000685624?sid=104
https://n.news.naver.com/mnews/article/020/0003438463?sid=104
https://n.news.naver.com/mnews/article/020/0003438595?sid=104
https://n.news.naver.com/mnews/article/021/0002520724?sid=104
https://n.news.naver.com/mnews/article/028/0002597549?sid=104
https://n.news.naver.com/mnews/article/023/0003702167?sid=104
https://n.news.naver.com/mnews/article/032/0003159130?sid=104
https://n.news.naver.com/mnews/article/021/0002520722?sid=104
https://n.news.naver.com/mnews/article/032/0003157928?sid=104
https://n.news.naver.com/mnews/article/025/0003207385?sid=104
https://n.news.naver.com/mnews/article/023/0003702165?sid=104
https://n.news.naver.com/mnews/article/469/0000685616?sid=104
https://n.news.naver.com/mnews/article/005/0001538074?sid=104
https://n.news.naver.com/mnews/article/032/0003157581?sid=104
https://n.news.naver.com/mnews/article/469/0000685614?sid=104
https://n.news.naver.com/mnews/article/032/0003157921?sid=104
https://n.news.naver.com/mnews/article/023/0003702159?sid=104
https://n.news.naver.com/mnews/article/469/0000684397?sid=104
https://n.news.naver.com/mnews/article/028/0002597540?sid=104
https://n.news.naver.com/mnews/article/023/0003703185?sid=104
https://n.news.naver.com/mnews/article/032/0003157568?sid=104
https://n.news.naver.com/mnews/article/469/0000684822?sid=104
https://n.news.naver.com/mnews/article/005/0001538060?sid=104
https://n.news.naver.com/mnews/article/005/0001539254?sid=104
https://n.news.naver.com/mnews/article/025/0003207369?sid=104
https://n.news.naver.com/mnews/article/021/0002520893?sid=104
https://n.news.naver.com/mnews/article/005/0001538191?sid=104
https://n.news.naver.com/mnews/article/005/0001539250?sid=104
https://n.news.naver.com/mnews/article/028/0002597344?sid=104
https://n.news.naver.com/mnews/article/023/0003702017?sid=104
https://n.news.naver.com/mnews/article/025/0003207368?sid=104
https://n.news.naver.com/mnews/article/021/0002520854?sid=104
 50%|██████████████████████████████████████████                                          | 2/4 [00:11<00:10,  5.40s/it]https://n.news.naver.com/mnews/article/025/0003208394?sid=104
https://n.news.naver.com/mnews/article/020/0003439420?sid=104
https://n.news.naver.com/mnews/article/021/0002520624?sid=104
https://n.news.naver.com/mnews/article/469/0000685585?sid=104
https://n.news.naver.com/mnews/article/025/0003208384?sid=104
https://n.news.naver.com/mnews/article/032/0003157869?sid=104
https://n.news.naver.com/mnews/article/025/0003207366?sid=104
https://n.news.naver.com/mnews/article/469/0000684642?sid=104
https://n.news.naver.com/mnews/article/022/0003713262?sid=104
https://n.news.naver.com/mnews/article/025/0003208890?sid=104
https://n.news.naver.com/mnews/article/005/0001537697?sid=104
https://n.news.naver.com/mnews/article/022/0003713252?sid=104https://n.news.naver.com/mnews/article/021/0002520820?sid=104

 75%|███████████████████████████████████████████████████████████████                     | 3/4 [00:11<00:03,  3.60s/it]https://n.news.naver.com/mnews/article/025/0003209430?sid=104
https://n.news.naver.com/mnews/article/032/0003157564?sid=104
https://n.news.naver.com/mnews/article/025/0003207661?sid=104
https://n.news.naver.com/mnews/article/022/0003713247?sid=104
https://n.news.naver.com/mnews/article/469/0000685984?sid=104
https://n.news.naver.com/mnews/article/469/0000684374?sid=104
https://n.news.naver.com/mnews/article/023/0003701982?sid=104
https://n.news.naver.com/mnews/article/020/0003438911?sid=104
https://n.news.naver.com/mnews/article/469/0000685959?sid=104
https://n.news.naver.com/mnews/article/020/0003438136?sid=104
https://n.news.naver.com/mnews/article/022/0003713226?sid=104
https://n.news.naver.com/mnews/article/469/0000684633?sid=104
https://n.news.naver.com/mnews/article/020/0003438134?sid=104
https://n.news.naver.com/mnews/article/032/0003159556?sid=104
https://n.news.naver.com/mnews/article/025/0003208279?sid=104
https://n.news.naver.com/mnews/article/025/0003207657?sid=104
https://n.news.naver.com/mnews/article/025/0003209396?sid=104https://n.news.naver.com/mnews/article/020/0003438130?sid=104

https://n.news.naver.com/mnews/article/025/0003208255?sid=104
https://n.news.naver.com/mnews/article/005/0001537938?sid=104
https://n.news.naver.com/mnews/article/032/0003159553?sid=104
100%|████████████████████████████████████████████████████████████████████████████████████| 4/4 [00:12<00:00,  3.06s/it]
https://n.news.naver.com/mnews/article/023/0003702519?sid=104
https://n.news.naver.com/mnews/article/023/0003701931?sid=104
https://n.news.naver.com/mnews/article/020/0003439812?sid=104
https://n.news.naver.com/mnews/article/032/0003158424?sid=104
https://n.news.naver.com/mnews/article/023/0003701925?sid=104
https://n.news.naver.com/mnews/article/005/0001539719?sid=104
https://n.news.naver.com/mnews/article/032/0003158420?sid=104
https://n.news.naver.com/mnews/article/020/0003438356?sid=104
https://n.news.naver.com/mnews/article/469/0000685925?sid=104
https://n.news.naver.com/mnews/article/021/0002521133?sid=104
https://n.news.naver.com/mnews/article/020/0003438354?sid=104
https://n.news.naver.com/mnews/article/023/0003703531?sid=104
https://n.news.naver.com/mnews/article/022/0003713120?sid=104
https://n.news.naver.com/mnews/article/020/0003438283?sid=104
https://n.news.naver.com/mnews/article/022/0003714790?sid=104
https://n.news.naver.com/mnews/article/025/0003208245?sid=104
https://n.news.naver.com/mnews/article/469/0000684608?sid=104
https://n.news.naver.com/mnews/article/020/0003439795?sid=104
https://n.news.naver.com/mnews/article/469/0000685039?sid=104
https://n.news.naver.com/mnews/article/469/0000684606?sid=104
https://n.news.naver.com/mnews/article/020/0003439794?sid=104
https://n.news.naver.com/mnews/article/005/0001538520?sid=104
https://n.news.naver.com/mnews/article/469/0000684605?sid=104
https://n.news.naver.com/mnews/article/028/0002598438?sid=104
https://n.news.naver.com/mnews/article/020/0003438823?sid=104
https://n.news.naver.com/mnews/article/025/0003207597?sid=104
https://n.news.naver.com/mnews/article/022/0003714748?sid=104
https://n.news.naver.com/mnews/article/020/0003438755?sid=104
 75%|███████████████████████████████████████████████████████████████                     | 3/4 [00:13<00:04,  4.41s/it]https://n.news.naver.com/mnews/article/025/0003208144?sid=104
https://n.news.naver.com/mnews/article/023/0003703501?sid=104
https://n.news.naver.com/mnews/article/469/0000685034?sid=104
https://n.news.naver.com/mnews/article/022/0003712976?sid=104
https://n.news.naver.com/mnews/article/025/0003209292?sid=104
 75%|███████████████████████████████████████████████████████████████                     | 3/4 [00:13<00:04,  4.45s/it]https://n.news.naver.com/mnews/article/032/0003158652?sid=104
https://n.news.naver.com/mnews/article/032/0003159466?sid=104
https://n.news.naver.com/mnews/article/032/0003158336?sid=104
https://n.news.naver.com/mnews/article/032/0003158648?sid=104
https://n.news.naver.com/mnews/article/469/0000684997?sid=104
https://n.news.naver.com/mnews/article/021/0002521838?sid=104
https://n.news.naver.com/mnews/article/032/0003158639?sid=104
https://n.news.naver.com/mnews/article/022/0003712873?sid=104
https://n.news.naver.com/mnews/article/028/0002598412?sid=104
https://n.news.naver.com/mnews/article/032/0003158301?sid=104
https://n.news.naver.com/mnews/article/025/0003208438?sid=104
https://n.news.naver.com/mnews/article/021/0002521823?sid=104
https://n.news.naver.com/mnews/article/021/0002521118?sid=104
https://n.news.naver.com/mnews/article/469/0000685250?sid=104
https://n.news.naver.com/mnews/article/020/0003439767?sid=104
https://n.news.naver.com/mnews/article/020/0003439058?sid=104
https://n.news.naver.com/mnews/article/032/0003158247?sid=104
https://n.news.naver.com/mnews/article/023/0003703473?sid=104
https://n.news.naver.com/mnews/article/032/0003158637?sid=104
https://n.news.naver.com/mnews/article/032/0003158245?sid=104
https://n.news.naver.com/mnews/article/020/0003439759?sid=104
https://n.news.naver.com/mnews/article/022/0003713466?sid=104
https://n.news.naver.com/mnews/article/032/0003158230?sid=104
https://n.news.naver.com/mnews/article/021/0002521790?sid=104
https://n.news.naver.com/mnews/article/023/0003702760?sid=104
https://n.news.naver.com/mnews/article/028/0002597697?sid=104
https://n.news.naver.com/mnews/article/032/0003159410?sid=104
https://n.news.naver.com/mnews/article/020/0003439052?sid=104
https://n.news.naver.com/mnews/article/022/0003712782?sid=104
https://n.news.naver.com/mnews/article/021/0002521758?sid=104
https://n.news.naver.com/mnews/article/023/0003702749?sid=104
https://n.news.naver.com/mnews/article/005/0001539598?sid=104
https://n.news.naver.com/mnews/article/020/0003438668?sid=104
https://n.news.naver.com/mnews/article/023/0003702662?sid=104
https://n.news.naver.com/mnews/article/028/0002597680?sid=104
https://n.news.naver.com/mnews/article/025/0003209245?sid=104
https://n.news.naver.com/mnews/article/023/0003702656?sid=104
https://n.news.naver.com/mnews/article/005/0001539552?sid=104
https://n.news.naver.com/mnews/article/005/0001538335?sid=104
100%|████████████████████████████████████████████████████████████████████████████████████| 4/4 [00:14<00:00,  3.73s/it]
https://n.news.naver.com/mnews/article/023/0003703433?sid=104
https://n.news.naver.com/mnews/article/022/0003712762?sid=104
https://n.news.naver.com/mnews/article/020/0003439674?sid=104
https://n.news.naver.com/mnews/article/020/0003438657?sid=104
https://n.news.naver.com/mnews/article/020/0003439604?sid=104
HTTPSConnectionPool(host='n.news.naver.com', port=443): Read timed out. (read timeout=10)
https://n.news.naver.com/mnews/article/020/0003438657?sid=104
HTTPSConnectionPool(host='n.news.naver.com', port=443): Read timed out. (read timeout=10)
https://n.news.naver.com/mnews/article/020/0003439604?sid=104
https://n.news.naver.com/mnews/article/021/0002521006?sid=104
https://n.news.naver.com/mnews/article/032/0003159401?sid=104
https://n.news.naver.com/mnews/article/469/0000684869?sid=104
https://n.news.naver.com/mnews/article/469/0000685790?sid=104
https://n.news.naver.com/mnews/article/022/0003712715?sid=104
100%|████████████████████████████████████████████████████████████████████████████████████| 4/4 [01:25<00:00, 21.40s/it]
https://n.news.naver.com/mnews/article/025/0003207972?sid=104
https://n.news.naver.com/mnews/article/469/0000684857?sid=104
https://n.news.naver.com/mnews/article/469/0000684848?sid=104
https://n.news.naver.com/mnews/article/025/0003207964?sid=104
https://n.news.naver.com/mnews/article/025/0003207962?sid=104
https://n.news.naver.com/mnews/article/021/0002520982?sid=104
https://n.news.naver.com/mnews/article/023/0003702234?sid=104
https://n.news.naver.com/mnews/article/469/0000684831?sid=104
https://n.news.naver.com/mnews/article/023/0003702226?sid=104
https://n.news.naver.com/mnews/article/020/0003438596?sid=104
https://n.news.naver.com/mnews/article/020/0003438595?sid=104
https://n.news.naver.com/mnews/article/023/0003702167?sid=104
https://n.news.naver.com/mnews/article/023/0003702165?sid=104
https://n.news.naver.com/mnews/article/023/0003702159?sid=104
https://n.news.naver.com/mnews/article/469/0000684822?sid=104
https://n.news.naver.com/mnews/article/005/0001538191?sid=104
100%|████████████████████████████████████████████████████████████████████████████████████| 4/4 [01:27<00:00, 21.83s/it]
104 232 end
[['104', '233', datetime.datetime(2022, 7, 13, 0, 0), datetime.datetime(2022, 7, 10, 0, 0)], ['104', '233', datetime.datetime(2022, 7, 11, 0, 0), datetime.datetime(2022, 7, 8, 0, 0)], ['104', '233', datetime.datetime(2022, 7, 9, 0, 0), datetime.datetime(2022, 7, 6, 0, 0)], ['104', '233', datetime.datetime(2022, 7, 7, 0, 0), datetime.datetime(2022, 7, 4, 0, 0)], ['104', '233', datetime.datetime(2022, 7, 5, 0, 0), datetime.datetime(2022, 7, 2, 0, 0)], ['104', '233', datetime.datetime(2022, 7, 3, 0, 0), datetime.datetime(2022, 7, 1, 0, 0)]] process :  5
['104', '233', datetime.datetime(2022, 7, 13, 0, 0), datetime.datetime(2022, 7, 10, 0, 0)]
['104', '233', datetime.datetime(2022, 7, 11, 0, 0), datetime.datetime(2022, 7, 8, 0, 0)]
['104', '233', datetime.datetime(2022, 7, 9, 0, 0), datetime.datetime(2022, 7, 6, 0, 0)]
  0%|                                                                                            | 0/4 [00:00<?, ?it/s]['104', '233', datetime.datetime(2022, 7, 7, 0, 0), datetime.datetime(2022, 7, 4, 0, 0)]
['104', '233', datetime.datetime(2022, 7, 5, 0, 0), datetime.datetime(2022, 7, 2, 0, 0)]
  0%|                                                                                            | 0/4 [00:00<?, ?it/s]['104', '233', datetime.datetime(2022, 7, 3, 0, 0), datetime.datetime(2022, 7, 1, 0, 0)]
  0%|                                                                                            | 0/3 [00:00<?, ?it/s]https://n.news.naver.com/mnews/article/020/0003438968?sid=104
https://n.news.naver.com/mnews/article/469/0000684817?sid=104
https://n.news.naver.com/mnews/article/469/0000685389?sid=104
https://n.news.naver.com/mnews/article/032/0003157523?sid=104https://n.news.naver.com/mnews/article/469/0000684015?sid=104

https://n.news.naver.com/mnews/article/469/0000683947?sid=104
https://n.news.naver.com/mnews/article/025/0003208303?sid=104
https://n.news.naver.com/mnews/article/032/0003158805?sid=104
https://n.news.naver.com/mnews/article/469/0000683943?sid=104
https://n.news.naver.com/mnews/article/032/0003158133?sid=104
https://n.news.naver.com/mnews/article/469/0000684009?sid=104
https://n.news.naver.com/mnews/article/469/0000685380?sid=104
https://n.news.naver.com/mnews/article/022/0003713241?sid=104
https://n.news.naver.com/mnews/article/032/0003157048?sid=104
https://n.news.naver.com/mnews/article/469/0000684816?sid=104
https://n.news.naver.com/mnews/article/469/0000685361?sid=104
https://n.news.naver.com/mnews/article/469/0000683998?sid=104
https://n.news.naver.com/mnews/article/028/0002597906?sid=104
https://n.news.naver.com/mnews/article/032/0003158733?sid=104
https://n.news.naver.com/mnews/article/032/0003158112?sid=104
https://n.news.naver.com/mnews/article/032/0003157007?sid=104
https://n.news.naver.com/mnews/article/469/0000683983?sid=104
https://n.news.naver.com/mnews/article/032/0003157522?sid=104
https://n.news.naver.com/mnews/article/022/0003711060?sid=104
https://n.news.naver.com/mnews/article/005/0001538844?sid=104
https://n.news.naver.com/mnews/article/032/0003158108?sid=104
https://n.news.naver.com/mnews/article/028/0002597905?sid=104
https://n.news.naver.com/mnews/article/469/0000683912?sid=104
https://n.news.naver.com/mnews/article/469/0000684358?sid=104
https://n.news.naver.com/mnews/article/020/0003437635?sid=104
https://n.news.naver.com/mnews/article/469/0000683952?sid=104
https://n.news.naver.com/mnews/article/469/0000685294?sid=104
https://n.news.naver.com/mnews/article/021/0002521212?sid=104
https://n.news.naver.com/mnews/article/025/0003207842?sid=104
https://n.news.naver.com/mnews/article/023/0003701033?sid=104
https://n.news.naver.com/mnews/article/005/0001537558?sid=104
 25%|█████████████████████                                                               | 1/4 [00:01<00:03,  1.03s/it]https://n.news.naver.com/mnews/article/032/0003157266?sid=104
https://n.news.naver.com/mnews/article/020/0003439079?sid=104
https://n.news.naver.com/mnews/article/469/0000684796?sid=104
https://n.news.naver.com/mnews/article/022/0003713171?sid=104
https://n.news.naver.com/mnews/article/028/0002596932?sid=104
 25%|█████████████████████                                                               | 1/4 [00:01<00:03,  1.18s/it]https://n.news.naver.com/mnews/article/032/0003159113?sid=104
https://n.news.naver.com/mnews/article/032/0003157470?sid=104
https://n.news.naver.com/mnews/article/032/0003158424?sid=104
https://n.news.naver.com/mnews/article/032/0003157252?sid=104
https://n.news.naver.com/mnews/article/032/0003158034?sid=104
https://n.news.naver.com/mnews/article/469/0000685579?sid=104
https://n.news.naver.com/mnews/article/469/0000683783?sid=104
https://n.news.naver.com/mnews/article/005/0001538600?sid=104
https://n.news.naver.com/mnews/article/022/0003711666?sid=104
https://n.news.naver.com/mnews/article/025/0003207789?sid=104
https://n.news.naver.com/mnews/article/469/0000684138?sid=104
https://n.news.naver.com/mnews/article/022/0003714059?sid=104
https://n.news.naver.com/mnews/article/005/0001536912?sid=104
https://n.news.naver.com/mnews/article/032/0003158420?sid=104
https://n.news.naver.com/mnews/article/025/0003206949?sid=104
https://n.news.naver.com/mnews/article/025/0003207191?sid=104
https://n.news.naver.com/mnews/article/005/0001538125?sid=104
https://n.news.naver.com/mnews/article/469/0000685556?sid=104
https://n.news.naver.com/mnews/article/005/0001538594?sid=104
https://n.news.naver.com/mnews/article/020/0003437547?sid=104
https://n.news.naver.com/mnews/article/022/0003713981?sid=104
https://n.news.naver.com/mnews/article/005/0001537235?sid=104
https://n.news.naver.com/mnews/article/025/0003207776?sid=104
https://n.news.naver.com/mnews/article/023/0003701579?sid=104
https://n.news.naver.com/mnews/article/020/0003437483?sid=104
https://n.news.naver.com/mnews/article/023/0003702512?sid=104
https://n.news.naver.com/mnews/article/028/0002597096?sid=104
https://n.news.naver.com/mnews/article/028/0002597568?sid=104
https://n.news.naver.com/mnews/article/469/0000683779?sid=104
https://n.news.naver.com/mnews/article/032/0003157433?sid=104
https://n.news.naver.com/mnews/article/032/0003158984?sid=104
https://n.news.naver.com/mnews/article/005/0001538544?sid=104
https://n.news.naver.com/mnews/article/025/0003207152?sid=104
https://n.news.naver.com/mnews/article/020/0003439300?sid=104
https://n.news.naver.com/mnews/article/028/0002597079?sid=104
 33%|████████████████████████████                                                        | 1/3 [00:02<00:04,  2.14s/it]https://n.news.naver.com/mnews/article/469/0000684015?sid=104
https://n.news.naver.com/mnews/article/005/0001538100?sid=104
https://n.news.naver.com/mnews/article/005/0001538521?sid=104
https://n.news.naver.com/mnews/article/025/0003207146?sid=104
https://n.news.naver.com/mnews/article/020/0003439297?sid=104
https://n.news.naver.com/mnews/article/020/0003438446?sid=104
https://n.news.naver.com/mnews/article/469/0000684035?sid=104
https://n.news.naver.com/mnews/article/469/0000684009?sid=104
https://n.news.naver.com/mnews/article/028/0002598151?sid=104
https://n.news.naver.com/mnews/article/020/0003438827?sid=104
https://n.news.naver.com/mnews/article/028/0002597555?sid=104
https://n.news.naver.com/mnews/article/028/0002597231?sid=104
https://n.news.naver.com/mnews/article/469/0000683998?sid=104
https://n.news.naver.com/mnews/article/020/0003437785?sid=104
https://n.news.naver.com/mnews/article/023/0003702054?sid=104
https://n.news.naver.com/mnews/article/020/0003439261?sid=104
https://n.news.naver.com/mnews/article/020/0003438821?sid=104
https://n.news.naver.com/mnews/article/469/0000683983?sid=104
https://n.news.naver.com/mnews/article/025/0003207130?sid=104
 50%|██████████████████████████████████████████                                          | 2/4 [00:02<00:02,  1.21s/it]https://n.news.naver.com/mnews/article/032/0003157523?sid=104
https://n.news.naver.com/mnews/article/025/0003207717?sid=104
https://n.news.naver.com/mnews/article/022/0003713885?sid=104
https://n.news.naver.com/mnews/article/469/0000685033?sid=104
https://n.news.naver.com/mnews/article/022/0003711060?sid=104
https://n.news.naver.com/mnews/article/021/0002521483?sid=104
https://n.news.naver.com/mnews/article/469/0000683952?sid=104
https://n.news.naver.com/mnews/article/032/0003157522?sid=104
https://n.news.naver.com/mnews/article/022/0003711557?sid=104
https://n.news.naver.com/mnews/article/032/0003157921?sid=104
https://n.news.naver.com/mnews/article/025/0003208171?sid=104
https://n.news.naver.com/mnews/article/469/0000684358?sid=104
 67%|████████████████████████████████████████████████████████                            | 2/3 [00:02<00:01,  1.73s/it]https://n.news.naver.com/mnews/article/032/0003157266?sid=104
https://n.news.naver.com/mnews/article/023/0003701546?sid=104
https://n.news.naver.com/mnews/article/005/0001538997?sid=104
https://n.news.naver.com/mnews/article/032/0003157904?sid=104
https://n.news.naver.com/mnews/article/005/0001537558?sid=104
https://n.news.naver.com/mnews/article/032/0003157252?sid=104
 25%|█████████████████████                                                               | 1/4 [00:03<00:09,  3.06s/it]https://n.news.naver.com/mnews/article/032/0003158655?sid=104
https://n.news.naver.com/mnews/article/032/0003157470?sid=104
https://n.news.naver.com/mnews/article/469/0000684138?sid=104
https://n.news.naver.com/mnews/article/020/0003439226?sid=104
https://n.news.naver.com/mnews/article/021/0002520896?sid=104
https://n.news.naver.com/mnews/article/022/0003713520?sid=104
https://n.news.naver.com/mnews/article/020/0003437975?sid=104
https://n.news.naver.com/mnews/article/022/0003711666?sid=104
 50%|██████████████████████████████████████████                                          | 2/4 [00:03<00:02,  1.45s/it]https://n.news.naver.com/mnews/article/025/0003206949?sid=104
https://n.news.naver.com/mnews/article/032/0003159398?sid=104
https://n.news.naver.com/mnews/article/021/0002520505?sid=104
https://n.news.naver.com/mnews/article/022/0003713488?sid=104
https://n.news.naver.com/mnews/article/469/0000684658?sid=104
https://n.news.naver.com/mnews/article/025/0003207191?sid=104
https://n.news.naver.com/mnews/article/005/0001537235?sid=104
https://n.news.naver.com/mnews/article/469/0000685780?sid=104
https://n.news.naver.com/mnews/article/023/0003701579?sid=104
https://n.news.naver.com/mnews/article/021/0002520504?sid=104
https://n.news.naver.com/mnews/article/032/0003157858?sid=104
https://n.news.naver.com/mnews/article/028/0002597096?sid=104
https://n.news.naver.com/mnews/article/032/0003159367?sid=104
 50%|██████████████████████████████████████████                                          | 2/4 [00:03<00:04,  2.28s/it]https://n.news.naver.com/mnews/article/469/0000685389?sid=104
https://n.news.naver.com/mnews/article/032/0003157433?sid=104
https://n.news.naver.com/mnews/article/028/0002597079?sid=104
https://n.news.naver.com/mnews/article/469/0000685776?sid=104
https://n.news.naver.com/mnews/article/469/0000684633?sid=104https://n.news.naver.com/mnews/article/005/0001537416?sid=104

https://n.news.naver.com/mnews/article/032/0003158805?sid=104
https://n.news.naver.com/mnews/article/025/0003207152?sid=104
https://n.news.naver.com/mnews/article/022/0003714369?sid=104
https://n.news.naver.com/mnews/article/469/0000684035?sid=104
https://n.news.naver.com/mnews/article/469/0000684617?sid=104
https://n.news.naver.com/mnews/article/469/0000685380?sid=104
https://n.news.naver.com/mnews/article/025/0003207146?sid=104
https://n.news.naver.com/mnews/article/469/0000684209?sid=104
https://n.news.naver.com/mnews/article/020/0003437785?sid=104
https://n.news.naver.com/mnews/article/005/0001539404?sid=104
https://n.news.naver.com/mnews/article/028/0002597231?sid=104
https://n.news.naver.com/mnews/article/469/0000685361?sid=104
100%|████████████████████████████████████████████████████████████████████████████████████| 3/3 [00:03<00:00,  1.32s/it]
https://n.news.naver.com/mnews/article/005/0001537964?sid=104
https://n.news.naver.com/mnews/article/025/0003207130?sid=104
https://n.news.naver.com/mnews/article/032/0003158733?sid=104
https://n.news.naver.com/mnews/article/469/0000684179?sid=104
https://n.news.naver.com/mnews/article/022/0003714338?sid=104
https://n.news.naver.com/mnews/article/020/0003438282?sid=104
https://n.news.naver.com/mnews/article/022/0003711557?sid=104
https://n.news.naver.com/mnews/article/005/0001538844?sid=104
https://n.news.naver.com/mnews/article/022/0003711455?sid=104
https://n.news.naver.com/mnews/article/022/0003714336?sid=104
https://n.news.naver.com/mnews/article/023/0003701546?sid=104
https://n.news.naver.com/mnews/article/469/0000684609?sid=104
https://n.news.naver.com/mnews/article/469/0000685294?sid=104
https://n.news.naver.com/mnews/article/032/0003159236?sid=104
https://n.news.naver.com/mnews/article/020/0003437975?sid=104
https://n.news.naver.com/mnews/article/020/0003439079?sid=104
https://n.news.naver.com/mnews/article/021/0002520440?sid=104
https://n.news.naver.com/mnews/article/469/0000684605?sid=104
https://n.news.naver.com/mnews/article/021/0002520505?sid=104
 75%|███████████████████████████████████████████████████████████████                     | 3/4 [00:04<00:01,  1.89s/it]https://n.news.naver.com/mnews/article/032/0003159113?sid=104
 25%|█████████████████████                                                               | 1/4 [00:04<00:13,  4.53s/it]https://n.news.naver.com/mnews/article/021/0002521128?sid=104
https://n.news.naver.com/mnews/article/028/0002598304?sid=104
https://n.news.naver.com/mnews/article/005/0001537391?sid=104
https://n.news.naver.com/mnews/article/021/0002520504?sid=104
https://n.news.naver.com/mnews/article/469/0000685579?sid=104
https://n.news.naver.com/mnews/article/020/0003439539?sid=104
https://n.news.naver.com/mnews/article/020/0003438741?sid=104
https://n.news.naver.com/mnews/article/022/0003714059?sid=104
https://n.news.naver.com/mnews/article/005/0001537416?sid=104
https://n.news.naver.com/mnews/article/025/0003207057?sid=104
https://n.news.naver.com/mnews/article/032/0003159197?sid=104
https://n.news.naver.com/mnews/article/032/0003158372?sid=104
https://n.news.naver.com/mnews/article/469/0000684209?sid=104
https://n.news.naver.com/mnews/article/469/0000685556?sid=104
https://n.news.naver.com/mnews/article/021/0002521684?sid=104
https://n.news.naver.com/mnews/article/469/0000684179?sid=104
https://n.news.naver.com/mnews/article/022/0003713981?sid=104
https://n.news.naver.com/mnews/article/005/0001537385?sid=104
https://n.news.naver.com/mnews/article/469/0000685025?sid=104
https://n.news.naver.com/mnews/article/022/0003711455?sid=104
https://n.news.naver.com/mnews/article/032/0003158984?sid=104
https://n.news.naver.com/mnews/article/021/0002521598?sid=104
https://n.news.naver.com/mnews/article/005/0001537383?sid=104
https://n.news.naver.com/mnews/article/020/0003439300?sid=104
https://n.news.naver.com/mnews/article/021/0002520440?sid=104
https://n.news.naver.com/mnews/article/025/0003208133?sid=104
https://n.news.naver.com/mnews/article/020/0003439297?sid=104
https://n.news.naver.com/mnews/article/005/0001537391?sid=104
https://n.news.naver.com/mnews/article/020/0003439424?sid=104
https://n.news.naver.com/mnews/article/469/0000684161?sid=104
https://n.news.naver.com/mnews/article/469/0000685012?sid=104
https://n.news.naver.com/mnews/article/028/0002598151?sid=104
https://n.news.naver.com/mnews/article/025/0003207057?sid=104
https://n.news.naver.com/mnews/article/020/0003439420?sid=104
https://n.news.naver.com/mnews/article/020/0003439261?sid=104
https://n.news.naver.com/mnews/article/005/0001537385?sid=104
https://n.news.naver.com/mnews/article/005/0001539211?sid=104
https://n.news.naver.com/mnews/article/022/0003712899?sid=104
https://n.news.naver.com/mnews/article/005/0001537345?sid=104
https://n.news.naver.com/mnews/article/022/0003713885?sid=104
https://n.news.naver.com/mnews/article/005/0001537383?sid=104
https://n.news.naver.com/mnews/article/021/0002521483?sid=104
 75%|███████████████████████████████████████████████████████████████                     | 3/4 [00:05<00:01,  1.75s/it]https://n.news.naver.com/mnews/article/020/0003439822?sid=104
https://n.news.naver.com/mnews/article/469/0000684161?sid=104
https://n.news.naver.com/mnews/article/020/0003438724?sid=104
https://n.news.naver.com/mnews/article/020/0003437905?sid=104
https://n.news.naver.com/mnews/article/469/0000685946?sid=104
https://n.news.naver.com/mnews/article/005/0001538997?sid=104
 25%|█████████████████████                                                               | 1/4 [00:05<00:17,  5.88s/it]https://n.news.naver.com/mnews/article/469/0000684997?sid=104
https://n.news.naver.com/mnews/article/032/0003157812?sid=104
https://n.news.naver.com/mnews/article/005/0001537345?sid=104
https://n.news.naver.com/mnews/article/021/0002521924?sid=104
https://n.news.naver.com/mnews/article/020/0003439226?sid=104
https://n.news.naver.com/mnews/article/022/0003712890?sid=104
https://n.news.naver.com/mnews/article/020/0003437905?sid=104
https://n.news.naver.com/mnews/article/032/0003157810?sid=104
https://n.news.naver.com/mnews/article/022/0003714808?sid=104
100%|████████████████████████████████████████████████████████████████████████████████████| 4/4 [00:06<00:00,  1.52s/it]
 75%|███████████████████████████████████████████████████████████████                     | 3/4 [00:06<00:01,  1.89s/it]https://n.news.naver.com/mnews/article/032/0003157812?sid=104
https://n.news.naver.com/mnews/article/021/0002521124?sid=104
https://n.news.naver.com/mnews/article/020/0003439791?sid=104
https://n.news.naver.com/mnews/article/032/0003157809?sid=104
https://n.news.naver.com/mnews/article/032/0003157810?sid=104
https://n.news.naver.com/mnews/article/469/0000684991?sid=104
https://n.news.naver.com/mnews/article/028/0002598431?sid=104
https://n.news.naver.com/mnews/article/032/0003157809?sid=104
https://n.news.naver.com/mnews/article/021/0002521839?sid=104
https://n.news.naver.com/mnews/article/469/0000684598?sid=104
https://n.news.naver.com/mnews/article/028/0002597772?sid=104
https://n.news.naver.com/mnews/article/469/0000684598?sid=104
https://n.news.naver.com/mnews/article/022/0003714712?sid=104
https://n.news.naver.com/mnews/article/025/0003209253?sid=104
https://n.news.naver.com/mnews/article/020/0003438252?sid=104
https://n.news.naver.com/mnews/article/005/0001538424?sid=104
https://n.news.naver.com/mnews/article/020/0003438252?sid=104
https://n.news.naver.com/mnews/article/032/0003157735?sid=104
https://n.news.naver.com/mnews/article/469/0000685810?sid=104
https://n.news.naver.com/mnews/article/032/0003157735?sid=104
https://n.news.naver.com/mnews/article/025/0003208105?sid=104
https://n.news.naver.com/mnews/article/020/0003439712?sid=104
https://n.news.naver.com/mnews/article/025/0003207496?sid=104
https://n.news.naver.com/mnews/article/025/0003207496?sid=104
100%|████████████████████████████████████████████████████████████████████████████████████| 4/4 [00:07<00:00,  1.76s/it]
https://n.news.naver.com/mnews/article/020/0003438709?sid=104
https://n.news.naver.com/mnews/article/032/0003157703?sid=104
https://n.news.naver.com/mnews/article/032/0003157703?sid=104
https://n.news.naver.com/mnews/article/469/0000684928?sid=104
https://n.news.naver.com/mnews/article/005/0001537810?sid=104
https://n.news.naver.com/mnews/article/005/0001537810?sid=104
https://n.news.naver.com/mnews/article/032/0003158234?sid=104
https://n.news.naver.com/mnews/article/020/0003438223?sid=104
https://n.news.naver.com/mnews/article/020/0003438223?sid=104
https://n.news.naver.com/mnews/article/023/0003701776?sid=104
https://n.news.naver.com/mnews/article/023/0003701776?sid=104
https://n.news.naver.com/mnews/article/032/0003158230?sid=104
https://n.news.naver.com/mnews/article/028/0002597685?sid=104
https://n.news.naver.com/mnews/article/469/0000684411?sid=104
https://n.news.naver.com/mnews/article/469/0000684411?sid=104
https://n.news.naver.com/mnews/article/005/0001538317?sid=104
https://n.news.naver.com/mnews/article/032/0003157575?sid=104https://n.news.naver.com/mnews/article/032/0003157575?sid=104

https://n.news.naver.com/mnews/article/469/0000684869?sid=104
https://n.news.naver.com/mnews/article/032/0003157570?sid=104
https://n.news.naver.com/mnews/article/032/0003157570?sid=104
https://n.news.naver.com/mnews/article/022/0003712720?sid=104
https://n.news.naver.com/mnews/article/005/0001537702?sid=104
https://n.news.naver.com/mnews/article/005/0001537702?sid=104
https://n.news.naver.com/mnews/article/469/0000684857?sid=104
https://n.news.naver.com/mnews/article/469/0000684380?sid=104
https://n.news.naver.com/mnews/article/469/0000684380?sid=104
https://n.news.naver.com/mnews/article/469/0000684832?sid=104
https://n.news.naver.com/mnews/article/020/0003438132?sid=104
https://n.news.naver.com/mnews/article/020/0003438132?sid=104
https://n.news.naver.com/mnews/article/005/0001537595?sid=104
https://n.news.naver.com/mnews/article/005/0001538267?sid=104
https://n.news.naver.com/mnews/article/005/0001537595?sid=104
100%|████████████████████████████████████████████████████████████████████████████████████| 4/4 [00:08<00:00,  2.16s/it]
https://n.news.naver.com/mnews/article/005/0001538265?sid=104
 50%|██████████████████████████████████████████                                          | 2/4 [00:08<00:09,  4.96s/it]https://n.news.naver.com/mnews/article/469/0000684817?sid=104
https://n.news.naver.com/mnews/article/032/0003158133?sid=104
https://n.news.naver.com/mnews/article/469/0000684816?sid=104
https://n.news.naver.com/mnews/article/032/0003158112?sid=104
https://n.news.naver.com/mnews/article/020/0003438592?sid=104
https://n.news.naver.com/mnews/article/032/0003158108?sid=104
https://n.news.naver.com/mnews/article/020/0003438591?sid=104
https://n.news.naver.com/mnews/article/025/0003207842?sid=104
https://n.news.naver.com/mnews/article/020/0003438562?sid=104
https://n.news.naver.com/mnews/article/469/0000684796?sid=104
https://n.news.naver.com/mnews/article/469/0000684822?sid=104
https://n.news.naver.com/mnews/article/032/0003158034?sid=104
https://n.news.naver.com/mnews/article/469/0000684820?sid=104
https://n.news.naver.com/mnews/article/025/0003207789?sid=104
https://n.news.naver.com/mnews/article/005/0001538125?sid=104
https://n.news.naver.com/mnews/article/025/0003207872?sid=104
https://n.news.naver.com/mnews/article/025/0003207776?sid=104
https://n.news.naver.com/mnews/article/028/0002597568?sid=104
https://n.news.naver.com/mnews/article/025/0003207873?sid=104
https://n.news.naver.com/mnews/article/005/0001538100?sid=104
 50%|██████████████████████████████████████████                                          | 2/4 [00:10<00:09,  4.84s/it]https://n.news.naver.com/mnews/article/020/0003438968?sid=104
https://n.news.naver.com/mnews/article/020/0003438446?sid=104
https://n.news.naver.com/mnews/article/025/0003208303?sid=104
https://n.news.naver.com/mnews/article/028/0002597555?sid=104
https://n.news.naver.com/mnews/article/022/0003713241?sid=104
https://n.news.naver.com/mnews/article/023/0003702054?sid=104
https://n.news.naver.com/mnews/article/028/0002597906?sid=104
https://n.news.naver.com/mnews/article/025/0003207717?sid=104
https://n.news.naver.com/mnews/article/028/0002597905?sid=104
https://n.news.naver.com/mnews/article/032/0003157921?sid=104
https://n.news.naver.com/mnews/article/021/0002521212?sid=104
https://n.news.naver.com/mnews/article/032/0003157904?sid=104
https://n.news.naver.com/mnews/article/022/0003713171?sid=104
https://n.news.naver.com/mnews/article/021/0002520896?sid=104
https://n.news.naver.com/mnews/article/032/0003158424?sid=104
https://n.news.naver.com/mnews/article/469/0000684658?sid=104
https://n.news.naver.com/mnews/article/005/0001538600?sid=104
https://n.news.naver.com/mnews/article/032/0003157858?sid=104
https://n.news.naver.com/mnews/article/032/0003158420?sid=104
https://n.news.naver.com/mnews/article/469/0000684633?sid=104
https://n.news.naver.com/mnews/article/005/0001538594?sid=104
https://n.news.naver.com/mnews/article/023/0003702512?sid=104
https://n.news.naver.com/mnews/article/469/0000684617?sid=104
https://n.news.naver.com/mnews/article/005/0001537964?sid=104
https://n.news.naver.com/mnews/article/005/0001538544?sid=104
https://n.news.naver.com/mnews/article/005/0001538521?sid=104
https://n.news.naver.com/mnews/article/020/0003438282?sid=104
https://n.news.naver.com/mnews/article/020/0003438827?sid=104
https://n.news.naver.com/mnews/article/469/0000684609?sid=104
https://n.news.naver.com/mnews/article/469/0000684605?sid=104
https://n.news.naver.com/mnews/article/020/0003438821?sid=104
 75%|███████████████████████████████████████████████████████████████                     | 3/4 [00:11<00:04,  4.40s/it]https://n.news.naver.com/mnews/article/021/0002521128?sid=104
https://n.news.naver.com/mnews/article/469/0000685033?sid=104
https://n.news.naver.com/mnews/article/020/0003438741?sid=104
https://n.news.naver.com/mnews/article/025/0003208171?sid=104
https://n.news.naver.com/mnews/article/032/0003158372?sid=104
 75%|███████████████████████████████████████████████████████████████                     | 3/4 [00:12<00:03,  3.98s/it]https://n.news.naver.com/mnews/article/032/0003158655?sid=104
https://n.news.naver.com/mnews/article/469/0000685025?sid=104
https://n.news.naver.com/mnews/article/022/0003713520?sid=104
https://n.news.naver.com/mnews/article/025/0003208133?sid=104
https://n.news.naver.com/mnews/article/022/0003713488?sid=104
100%|████████████████████████████████████████████████████████████████████████████████████| 4/4 [00:12<00:00,  3.10s/it]
https://n.news.naver.com/mnews/article/469/0000685012?sid=104
https://n.news.naver.com/mnews/article/022/0003712899?sid=104
https://n.news.naver.com/mnews/article/020/0003438724?sid=104
https://n.news.naver.com/mnews/article/469/0000684997?sid=104
https://n.news.naver.com/mnews/article/022/0003712890?sid=104
https://n.news.naver.com/mnews/article/021/0002521124?sid=104
https://n.news.naver.com/mnews/article/469/0000684991?sid=104
https://n.news.naver.com/mnews/article/028/0002597772?sid=104
https://n.news.naver.com/mnews/article/005/0001538424?sid=104
https://n.news.naver.com/mnews/article/025/0003208105?sid=104
https://n.news.naver.com/mnews/article/020/0003438709?sid=104
https://n.news.naver.com/mnews/article/469/0000684928?sid=104
https://n.news.naver.com/mnews/article/032/0003158234?sid=104
https://n.news.naver.com/mnews/article/032/0003158230?sid=104
https://n.news.naver.com/mnews/article/028/0002597685?sid=104
https://n.news.naver.com/mnews/article/005/0001538317?sid=104
https://n.news.naver.com/mnews/article/469/0000684869?sid=104
https://n.news.naver.com/mnews/article/022/0003712720?sid=104
https://n.news.naver.com/mnews/article/469/0000684857?sid=104
https://n.news.naver.com/mnews/article/469/0000684832?sid=104
https://n.news.naver.com/mnews/article/005/0001538267?sid=104
https://n.news.naver.com/mnews/article/005/0001538265?sid=104
https://n.news.naver.com/mnews/article/020/0003438592?sid=104
https://n.news.naver.com/mnews/article/020/0003438591?sid=104
https://n.news.naver.com/mnews/article/020/0003438562?sid=104
https://n.news.naver.com/mnews/article/469/0000684822?sid=104
https://n.news.naver.com/mnews/article/469/0000684820?sid=104
https://n.news.naver.com/mnews/article/025/0003207872?sid=104
https://n.news.naver.com/mnews/article/025/0003207873?sid=104
100%|████████████████████████████████████████████████████████████████████████████████████| 4/4 [00:15<00:00,  3.90s/it]
104 233 end
[['104', '234', datetime.datetime(2022, 7, 13, 0, 0), datetime.datetime(2022, 7, 10, 0, 0)], ['104', '234', datetime.datetime(2022, 7, 11, 0, 0), datetime.datetime(2022, 7, 8, 0, 0)], ['104', '234', datetime.datetime(2022, 7, 9, 0, 0), datetime.datetime(2022, 7, 6, 0, 0)], ['104', '234', datetime.datetime(2022, 7, 7, 0, 0), datetime.datetime(2022, 7, 4, 0, 0)], ['104', '234', datetime.datetime(2022, 7, 5, 0, 0), datetime.datetime(2022, 7, 2, 0, 0)], ['104', '234', datetime.datetime(2022, 7, 3, 0, 0), datetime.datetime(2022, 7, 1, 0, 0)]] process :  5
['104', '234', datetime.datetime(2022, 7, 13, 0, 0), datetime.datetime(2022, 7, 10, 0, 0)]
['104', '234', datetime.datetime(2022, 7, 11, 0, 0), datetime.datetime(2022, 7, 8, 0, 0)]
  0%|                                                                                            | 0/4 [00:00<?, ?it/s]['104', '234', datetime.datetime(2022, 7, 9, 0, 0), datetime.datetime(2022, 7, 6, 0, 0)]
['104', '234', datetime.datetime(2022, 7, 7, 0, 0), datetime.datetime(2022, 7, 4, 0, 0)]
  0%|                                                                                            | 0/4 [00:00<?, ?it/s]https://n.news.naver.com/mnews/article/023/0003702578?sid=104https://n.news.naver.com/mnews/article/469/0000685379?sid=104

['104', '234', datetime.datetime(2022, 7, 5, 0, 0), datetime.datetime(2022, 7, 2, 0, 0)]
https://n.news.naver.com/mnews/article/469/0000684817?sid=104
['104', '234', datetime.datetime(2022, 7, 3, 0, 0), datetime.datetime(2022, 7, 1, 0, 0)]
https://n.news.naver.com/mnews/article/469/0000684364?sid=104
  0%|                                                                                            | 0/3 [00:00<?, ?it/s]https://n.news.naver.com/mnews/article/469/0000684015?sid=104https://n.news.naver.com/mnews/article/469/0000684015?sid=104

https://n.news.naver.com/mnews/article/032/0003157976?sid=104
https://n.news.naver.com/mnews/article/469/0000683997?sid=104
https://n.news.naver.com/mnews/article/469/0000683997?sid=104
https://n.news.naver.com/mnews/article/023/0003702536?sid=104
 25%|█████████████████████                                                               | 1/4 [00:00<00:00,  5.02it/s]https://n.news.naver.com/mnews/article/032/0003158985?sid=104
https://n.news.naver.com/mnews/article/032/0003157441?sid=104
https://n.news.naver.com/mnews/article/005/0001537127?sid=104
https://n.news.naver.com/mnews/article/005/0001537127?sid=104
https://n.news.naver.com/mnews/article/023/0003702009?sid=104
https://n.news.naver.com/mnews/article/032/0003158374?sid=104
 50%|██████████████████████████████████████████                                          | 2/4 [00:00<00:00,  5.14it/s]https://n.news.naver.com/mnews/article/032/0003159197?sid=104
https://n.news.naver.com/mnews/article/032/0003157381?sid=104
https://n.news.naver.com/mnews/article/005/0001537080?sid=104
https://n.news.naver.com/mnews/article/023/0003701986?sid=104
https://n.news.naver.com/mnews/article/005/0001537080?sid=104
 25%|█████████████████████                                                               | 1/4 [00:00<00:01,  1.82it/s]https://n.news.naver.com/mnews/article/023/0003702578?sid=104
 75%|███████████████████████████████████████████████████████████████                     | 3/4 [00:00<00:00,  5.34it/s]https://n.news.naver.com/mnews/article/032/0003159558?sid=104
https://n.news.naver.com/mnews/article/022/0003711475?sid=104
 67%|████████████████████████████████████████████████████████                            | 2/3 [00:00<00:00,  3.16it/s]https://n.news.naver.com/mnews/article/032/0003157274?sid=104
 25%|█████████████████████                                                               | 1/4 [00:00<00:01,  1.55it/s]https://n.news.naver.com/mnews/article/032/0003157274?sid=104
https://n.news.naver.com/mnews/article/023/0003702536?sid=104
https://n.news.naver.com/mnews/article/020/0003439677?sid=104
 25%|█████████████████████                                                               | 1/4 [00:00<00:02,  1.50it/s]https://n.news.naver.com/mnews/article/032/0003158374?sid=104
https://n.news.naver.com/mnews/article/005/0001537394?sid=104
 50%|██████████████████████████████████████████                                          | 2/4 [00:00<00:00,  2.22it/s]https://n.news.naver.com/mnews/article/469/0000685379?sid=104
https://n.news.naver.com/mnews/article/032/0003157273?sid=104
https://n.news.naver.com/mnews/article/469/0000685790?sid=104
https://n.news.naver.com/mnews/article/032/0003158273?sid=104
https://n.news.naver.com/mnews/article/032/0003157273?sid=104
 75%|███████████████████████████████████████████████████████████████                     | 3/4 [00:00<00:00,  2.89it/s]https://n.news.naver.com/mnews/article/032/0003158985?sid=104
100%|████████████████████████████████████████████████████████████████████████████████████| 4/4 [00:00<00:00,  4.37it/s]
 25%|█████████████████████                                                               | 1/4 [00:00<00:02,  1.09it/s]https://n.news.naver.com/mnews/article/032/0003157703?sid=104
https://n.news.naver.com/mnews/article/032/0003157272?sid=104
https://n.news.naver.com/mnews/article/032/0003157272?sid=104
https://n.news.naver.com/mnews/article/032/0003158232?sid=104
100%|████████████████████████████████████████████████████████████████████████████████████| 4/4 [00:00<00:00,  4.03it/s]
https://n.news.naver.com/mnews/article/023/0003701798?sid=104
https://n.news.naver.com/mnews/article/032/0003157271?sid=104
https://n.news.naver.com/mnews/article/032/0003157271?sid=104
https://n.news.naver.com/mnews/article/028/0002597699?sid=104
https://n.news.naver.com/mnews/article/022/0003711916?sid=104
https://n.news.naver.com/mnews/article/032/0003157270?sid=104
https://n.news.naver.com/mnews/article/032/0003157270?sid=104
https://n.news.naver.com/mnews/article/023/0003702285?sid=104
https://n.news.naver.com/mnews/article/025/0003207370?sid=104
https://n.news.naver.com/mnews/article/032/0003157269?sid=104
https://n.news.naver.com/mnews/article/032/0003157269?sid=104
https://n.news.naver.com/mnews/article/023/0003702268?sid=104
https://n.news.naver.com/mnews/article/023/0003701731?sid=104
https://n.news.naver.com/mnews/article/032/0003157268?sid=104
https://n.news.naver.com/mnews/article/032/0003157268?sid=104
https://n.news.naver.com/mnews/article/021/0002521002?sid=104
https://n.news.naver.com/mnews/article/023/0003701729?sid=104
https://n.news.naver.com/mnews/article/032/0003157267?sid=104
https://n.news.naver.com/mnews/article/032/0003157267?sid=104
 50%|██████████████████████████████████████████                                          | 2/4 [00:01<00:01,  1.23it/s]https://n.news.naver.com/mnews/article/023/0003702578?sid=104
https://n.news.naver.com/mnews/article/032/0003157568?sid=104
https://n.news.naver.com/mnews/article/032/0003157212?sid=104
https://n.news.naver.com/mnews/article/032/0003157212?sid=104
https://n.news.naver.com/mnews/article/023/0003702536?sid=104
 50%|██████████████████████████████████████████                                          | 2/4 [00:01<00:01,  1.05it/s]https://n.news.naver.com/mnews/article/469/0000684817?sid=104
https://n.news.naver.com/mnews/article/032/0003157208?sid=104
https://n.news.naver.com/mnews/article/032/0003158374?sid=104
https://n.news.naver.com/mnews/article/032/0003157208?sid=104
https://n.news.naver.com/mnews/article/032/0003157976?sid=104
https://n.news.naver.com/mnews/article/032/0003157142?sid=104
https://n.news.naver.com/mnews/article/032/0003157142?sid=104
https://n.news.naver.com/mnews/article/023/0003702009?sid=104
 75%|███████████████████████████████████████████████████████████████                     | 3/4 [00:02<00:00,  1.50it/s]https://n.news.naver.com/mnews/article/023/0003702578?sid=104
https://n.news.naver.com/mnews/article/023/0003701986?sid=104
 50%|██████████████████████████████████████████                                          | 2/4 [00:02<00:01,  1.06it/s]https://n.news.naver.com/mnews/article/469/0000684364?sid=104
https://n.news.naver.com/mnews/article/023/0003702536?sid=104
100%|████████████████████████████████████████████████████████████████████████████████████| 3/3 [00:02<00:00,  1.30it/s]
 75%|███████████████████████████████████████████████████████████████                     | 3/4 [00:02<00:00,  1.25it/s]https://n.news.naver.com/mnews/article/032/0003158374?sid=104
100%|████████████████████████████████████████████████████████████████████████████████████| 4/4 [00:02<00:00,  1.64it/s]
https://n.news.naver.com/mnews/article/032/0003157441?sid=104
https://n.news.naver.com/mnews/article/032/0003158273?sid=104
https://n.news.naver.com/mnews/article/032/0003157381?sid=104
https://n.news.naver.com/mnews/article/032/0003158232?sid=104
https://n.news.naver.com/mnews/article/022/0003711475?sid=104
https://n.news.naver.com/mnews/article/028/0002597699?sid=104
https://n.news.naver.com/mnews/article/005/0001537394?sid=104
https://n.news.naver.com/mnews/article/023/0003702285?sid=104
 75%|███████████████████████████████████████████████████████████████                     | 3/4 [00:02<00:00,  1.21it/s]https://n.news.naver.com/mnews/article/032/0003157703?sid=104
https://n.news.naver.com/mnews/article/023/0003702268?sid=104
https://n.news.naver.com/mnews/article/023/0003701798?sid=104
https://n.news.naver.com/mnews/article/021/0002521002?sid=104
https://n.news.naver.com/mnews/article/022/0003711916?sid=104
100%|████████████████████████████████████████████████████████████████████████████████████| 4/4 [00:03<00:00,  1.27it/s]
https://n.news.naver.com/mnews/article/025/0003207370?sid=104
https://n.news.naver.com/mnews/article/023/0003701731?sid=104
https://n.news.naver.com/mnews/article/023/0003701729?sid=104
https://n.news.naver.com/mnews/article/032/0003157568?sid=104
100%|████████████████████████████████████████████████████████████████████████████████████| 4/4 [00:03<00:00,  1.10it/s]
104 234 end
[['104', '322', datetime.datetime(2022, 7, 13, 0, 0), datetime.datetime(2022, 7, 10, 0, 0)], ['104', '322', datetime.datetime(2022, 7, 11, 0, 0), datetime.datetime(2022, 7, 8, 0, 0)], ['104', '322', datetime.datetime(2022, 7, 9, 0, 0), datetime.datetime(2022, 7, 6, 0, 0)], ['104', '322', datetime.datetime(2022, 7, 7, 0, 0), datetime.datetime(2022, 7, 4, 0, 0)], ['104', '322', datetime.datetime(2022, 7, 5, 0, 0), datetime.datetime(2022, 7, 2, 0, 0)], ['104', '322', datetime.datetime(2022, 7, 3, 0, 0), datetime.datetime(2022, 7, 1, 0, 0)]] process :  5
['104', '322', datetime.datetime(2022, 7, 13, 0, 0), datetime.datetime(2022, 7, 10, 0, 0)]
  0%|                                                                                            | 0/4 [00:00<?, ?it/s]['104', '322', datetime.datetime(2022, 7, 11, 0, 0), datetime.datetime(2022, 7, 8, 0, 0)]
['104', '322', datetime.datetime(2022, 7, 9, 0, 0), datetime.datetime(2022, 7, 6, 0, 0)]
  0%|                                                                                            | 0/4 [00:00<?, ?it/s][  0%|                                                                                            | 0/4 [00:00<?, ?it/s]
  0%|                                                                                            | 0/4 [00:00<?, ?it/s]https://n.news.naver.com/mnews/article/469/0000685389?sid=104
['104', '322', datetime.datetime(2022, 7, 5, 0, 0), datetime.datetime(2022, 7, 2, 0, 0)]
['104', '322', datetime.datetime(2022, 7, 3, 0, 0), datetime.datetime(2022, 7, 1, 0, 0)]
  0%|                                                                                            | 0/4 [00:00<?, ?it/s]https://n.news.naver.com/mnews/article/469/0000684817?sid=104
  0%|                                                                                            | 0/3 [00:00<?, ?it/s]https://n.news.naver.com/mnews/article/005/0001537587?sid=104

https://n.news.naver.com/mnews/article/023/0003701312?sid=104
https://n.news.naver.com/mnews/article/023/0003701167?sid=104
https://n.news.naver.com/mnews/article/023/0003702884?sid=104
https://n.news.naver.com/mnews/article/023/0003702143?sid=104
https://n.news.naver.com/mnews/article/023/0003702650?sid=104
https://n.news.naver.com/mnews/article/469/0000684018?sid=104
https://n.news.naver.com/mnews/article/023/0003701611?sid=104
https://n.news.naver.com/mnews/article/023/0003702649?sid=104
https://n.news.naver.com/mnews/article/469/0000683947?sid=104
https://n.news.naver.com/mnews/article/023/0003702883?sid=104
https://n.news.naver.com/mnews/article/023/0003701308?sid=104
https://n.news.naver.com/mnews/article/023/0003702137?sid=104
https://n.news.naver.com/mnews/article/023/0003701609?sid=104
https://n.news.naver.com/mnews/article/469/0000683943?sid=104
https://n.news.naver.com/mnews/article/023/0003702645?sid=104
https://n.news.naver.com/mnews/article/023/0003702882?sid=104
https://n.news.naver.com/mnews/article/469/0000684816?sid=104
https://n.news.naver.com/mnews/article/023/0003701307?sid=104
https://n.news.naver.com/mnews/article/023/0003701159?sid=104
https://n.news.naver.com/mnews/article/023/0003701608?sid=104
https://n.news.naver.com/mnews/article/023/0003702126?sid=104
https://n.news.naver.com/mnews/article/023/0003702876?sid=104
https://n.news.naver.com/mnews/article/023/0003702644?sid=104
https://n.news.naver.com/mnews/article/469/0000684363?sid=104
https://n.news.naver.com/mnews/article/005/0001537141?sid=104
https://n.news.naver.com/mnews/article/469/0000683941?sid=104
https://n.news.naver.com/mnews/article/469/0000685386?sid=104
https://n.news.naver.com/mnews/article/469/0000684357?sid=104
https://n.news.naver.com/mnews/article/023/0003701158?sid=104
https://n.news.naver.com/mnews/article/469/0000684796?sid=104
https://n.news.naver.com/mnews/article/023/0003701303?sid=104
https://n.news.naver.com/mnews/article/023/0003702643?sid=104
https://n.news.naver.com/mnews/article/469/0000685379?sid=104
https://n.news.naver.com/mnews/article/469/0000684353?sid=104
https://n.news.naver.com/mnews/article/023/0003701150?sid=104
https://n.news.naver.com/mnews/article/020/0003438499?sid=104
https://n.news.naver.com/mnews/article/469/0000685361?sid=104
https://n.news.naver.com/mnews/article/469/0000685194?sid=104
https://n.news.naver.com/mnews/article/469/0000684009?sid=104
https://n.news.naver.com/mnews/article/023/0003702110?sid=104
https://n.news.naver.com/mnews/article/469/0000685346?sid=104
https://n.news.naver.com/mnews/article/020/0003438046?sid=104
https://n.news.naver.com/mnews/article/469/0000683928?sid=104
https://n.news.naver.com/mnews/article/005/0001537139?sid=104
https://n.news.naver.com/mnews/article/469/0000685189?sid=104
https://n.news.naver.com/mnews/article/005/0001538882?sid=104
https://n.news.naver.com/mnews/article/023/0003701144?sid=104
https://n.news.naver.com/mnews/article/469/0000684348?sid=104
https://n.news.naver.com/mnews/article/469/0000684778?sid=104
https://n.news.naver.com/mnews/article/469/0000685181?sid=104
https://n.news.naver.com/mnews/article/469/0000684004?sid=104
https://n.news.naver.com/mnews/article/020/0003438044?sid=104
https://n.news.naver.com/mnews/article/469/0000683912?sid=104
https://n.news.naver.com/mnews/article/005/0001538870?sid=104
https://n.news.naver.com/mnews/article/020/0003438493?sid=104
https://n.news.naver.com/mnews/article/469/0000685180?sid=104
https://n.news.naver.com/mnews/article/469/0000684336?sid=104
https://n.news.naver.com/mnews/article/469/0000683908?sid=104
https://n.news.naver.com/mnews/article/469/0000684767?sid=104
https://n.news.naver.com/mnews/article/023/0003701294?sid=104
https://n.news.naver.com/mnews/article/023/0003702631?sid=104
https://n.news.naver.com/mnews/article/469/0000685325?sid=104
https://n.news.naver.com/mnews/article/469/0000684329?sid=104
https://n.news.naver.com/mnews/article/469/0000685322?sid=104
https://n.news.naver.com/mnews/article/469/0000683998?sid=104
https://n.news.naver.com/mnews/article/023/0003702096?sid=104
https://n.news.naver.com/mnews/article/469/0000685173?sid=104
https://n.news.naver.com/mnews/article/005/0001537054?sid=104
https://n.news.naver.com/mnews/article/005/0001537135?sid=104
https://n.news.naver.com/mnews/article/005/0001537545?sid=104
https://n.news.naver.com/mnews/article/023/0003702077?sid=104
https://n.news.naver.com/mnews/article/023/0003702834?sid=104
https://n.news.naver.com/mnews/article/005/0001538703?sid=104
https://n.news.naver.com/mnews/article/023/0003701134?sid=104
https://n.news.naver.com/mnews/article/469/0000683997?sid=104
https://n.news.naver.com/mnews/article/023/0003701597?sid=104
https://n.news.naver.com/mnews/article/469/0000685305?sid=104
https://n.news.naver.com/mnews/article/020/0003438463?sid=104
https://n.news.naver.com/mnews/article/023/0003702629?sid=104
https://n.news.naver.com/mnews/article/023/0003701120?sid=104
https://n.news.naver.com/mnews/article/005/0001537132?sid=104
https://n.news.naver.com/mnews/article/020/0003438445?sid=104
https://n.news.naver.com/mnews/article/020/0003438024?sid=104
https://n.news.naver.com/mnews/article/469/0000685171?sid=104
https://n.news.naver.com/mnews/article/469/0000685296?sid=104
https://n.news.naver.com/mnews/article/469/0000684706?sid=104
https://n.news.naver.com/mnews/article/023/0003701283?sid=104
https://n.news.naver.com/mnews/article/023/0003701589?sid=104
https://n.news.naver.com/mnews/article/005/0001537043?sid=104
https://n.news.naver.com/mnews/article/005/0001538702?sid=104
https://n.news.naver.com/mnews/article/005/0001538078?sid=104
https://n.news.naver.com/mnews/article/005/0001538823?sid=104
https://n.news.naver.com/mnews/article/469/0000685166?sid=104
https://n.news.naver.com/mnews/article/023/0003701282?sid=104
https://n.news.naver.com/mnews/article/023/0003701587?sid=104
https://n.news.naver.com/mnews/article/005/0001537036?sid=104
https://n.news.naver.com/mnews/article/020/0003438440?sid=104
https://n.news.naver.com/mnews/article/005/0001538815?sid=104
https://n.news.naver.com/mnews/article/469/0000685164?sid=104
https://n.news.naver.com/mnews/article/023/0003701278?sid=104
https://n.news.naver.com/mnews/article/020/0003438437?sid=104
https://n.news.naver.com/mnews/article/020/0003437638?sid=104
https://n.news.naver.com/mnews/article/005/0001537529?sid=104
https://n.news.naver.com/mnews/article/469/0000685159?sid=104
https://n.news.naver.com/mnews/article/020/0003437636?sid=104
https://n.news.naver.com/mnews/article/023/0003702030?sid=104
https://n.news.naver.com/mnews/article/023/0003702807?sid=104
https://n.news.naver.com/mnews/article/469/0000683968?sid=104
https://n.news.naver.com/mnews/article/005/0001537031?sid=104
https://n.news.naver.com/mnews/article/005/0001537523?sid=104
https://n.news.naver.com/mnews/article/469/0000685156?sid=104
https://n.news.naver.com/mnews/article/005/0001538048?sid=104
 25%|█████████████████████                                                               | 1/4 [00:02<00:08,  2.82s/it]https://n.news.naver.com/mnews/article/469/0000685581?sid=104
https://n.news.naver.com/mnews/article/469/0000683952?sid=104
https://n.news.naver.com/mnews/article/469/0000683868?sid=104
https://n.news.naver.com/mnews/article/469/0000684280?sid=104
https://n.news.naver.com/mnews/article/469/0000685579?sid=104
https://n.news.naver.com/mnews/article/023/0003701253?sid=104
https://n.news.naver.com/mnews/article/469/0000684658?sid=104
https://n.news.naver.com/mnews/article/469/0000685154?sid=104
https://n.news.naver.com/mnews/article/020/0003438000?sid=104
https://n.news.naver.com/mnews/article/005/0001537024?sid=104
https://n.news.naver.com/mnews/article/469/0000685558?sid=104
https://n.news.naver.com/mnews/article/005/0001538034?sid=104
https://n.news.naver.com/mnews/article/023/0003701251?sid=104
https://n.news.naver.com/mnews/article/023/0003701563?sid=104
https://n.news.naver.com/mnews/article/023/0003701999?sid=104
https://n.news.naver.com/mnews/article/005/0001538678?sid=104
https://n.news.naver.com/mnews/article/020/0003437630?sid=104
https://n.news.naver.com/mnews/article/020/0003439316?sid=104
https://n.news.naver.com/mnews/article/469/0000683950?sid=104
https://n.news.naver.com/mnews/article/020/0003437975?sid=104
https://n.news.naver.com/mnews/article/469/0000684642?sid=104
https://n.news.naver.com/mnews/article/469/0000685531?sid=104
https://n.news.naver.com/mnews/article/020/0003437625?sid=104
https://n.news.naver.com/mnews/article/023/0003702614?sid=104
https://n.news.naver.com/mnews/article/023/0003701536?sid=104
https://n.news.naver.com/mnews/article/005/0001537078?sid=104
https://n.news.naver.com/mnews/article/005/0001538020?sid=104
https://n.news.naver.com/mnews/article/023/0003701078?sid=104
 25%|█████████████████████                                                               | 1/4 [00:03<00:10,  3.52s/it]https://n.news.naver.com/mnews/article/023/0003701395?sid=104
https://n.news.naver.com/mnews/article/469/0000685147?sid=104
https://n.news.naver.com/mnews/article/005/0001539136?sid=104
https://n.news.naver.com/mnews/article/023/0003701531?sid=104
https://n.news.naver.com/mnews/article/469/0000684633?sid=104
https://n.news.naver.com/mnews/article/005/0001537012?sid=104
https://n.news.naver.com/mnews/article/469/0000685145?sid=104
https://n.news.naver.com/mnews/article/023/0003701980?sid=104
https://n.news.naver.com/mnews/article/023/0003701392?sid=104
https://n.news.naver.com/mnews/article/023/0003701528?sid=104
https://n.news.naver.com/mnews/article/020/0003439290?sid=104
https://n.news.naver.com/mnews/article/020/0003438935?sid=104
https://n.news.naver.com/mnews/article/023/0003701071?sid=104
https://n.news.naver.com/mnews/article/023/0003703050?sid=104
https://n.news.naver.com/mnews/article/023/0003701391?sid=104
https://n.news.naver.com/mnews/article/023/0003702611?sid=104
https://n.news.naver.com/mnews/article/005/0001538016?sid=104
https://n.news.naver.com/mnews/article/023/0003701513?sid=104
https://n.news.naver.com/mnews/article/023/0003701055?sid=104
https://n.news.naver.com/mnews/article/469/0000684138?sid=104
https://n.news.naver.com/mnews/article/020/0003439277?sid=104
https://n.news.naver.com/mnews/article/023/0003701978?sid=104
https://n.news.naver.com/mnews/article/469/0000685140?sid=104
https://n.news.naver.com/mnews/article/469/0000684135?sid=104
https://n.news.naver.com/mnews/article/023/0003701512?sid=104
https://n.news.naver.com/mnews/article/023/0003703043?sid=104
https://n.news.naver.com/mnews/article/469/0000683833?sid=104
https://n.news.naver.com/mnews/article/005/0001538013?sid=104
https://n.news.naver.com/mnews/article/023/0003701383?sid=104
https://n.news.naver.com/mnews/article/005/0001538670?sid=104
https://n.news.naver.com/mnews/article/023/0003703034?sid=104
https://n.news.naver.com/mnews/article/005/0001536988?sid=104
https://n.news.naver.com/mnews/article/023/0003701507?sid=104
https://n.news.naver.com/mnews/article/023/0003701971?sid=104
https://n.news.naver.com/mnews/article/005/0001538665?sid=104
https://n.news.naver.com/mnews/article/023/0003703026?sid=104
https://n.news.naver.com/mnews/article/469/0000684133?sid=104
https://n.news.naver.com/mnews/article/005/0001537408?sid=104
https://n.news.naver.com/mnews/article/005/0001536985?sid=104
https://n.news.naver.com/mnews/article/023/0003703020?sid=104
https://n.news.naver.com/mnews/article/469/0000684128?sid=104
https://n.news.naver.com/mnews/article/005/0001538002?sid=104
https://n.news.naver.com/mnews/article/005/0001538663?sid=104
https://n.news.naver.com/mnews/article/469/0000684114?sid=104
https://n.news.naver.com/mnews/article/023/0003701048?sid=104
https://n.news.naver.com/mnews/article/023/0003703001?sid=104
https://n.news.naver.com/mnews/article/023/0003701497?sid=104
https://n.news.naver.com/mnews/article/469/0000684617?sid=104
https://n.news.naver.com/mnews/article/005/0001538659?sid=104
https://n.news.naver.com/mnews/article/005/0001537399?sid=104
https://n.news.naver.com/mnews/article/023/0003701374?sid=104
https://n.news.naver.com/mnews/article/469/0000684616?sid=104
https://n.news.naver.com/mnews/article/469/0000683823?sid=104
https://n.news.naver.com/mnews/article/020/0003439245?sid=104
https://n.news.naver.com/mnews/article/005/0001537994?sid=104
https://n.news.naver.com/mnews/article/005/0001538658?sid=104
https://n.news.naver.com/mnews/article/469/0000685436?sid=104
https://n.news.naver.com/mnews/article/023/0003701040?sid=104
https://n.news.naver.com/mnews/article/023/0003701487?sid=104
https://n.news.naver.com/mnews/article/020/0003437816?sid=104
https://n.news.naver.com/mnews/article/469/0000684093?sid=104
https://n.news.naver.com/mnews/article/005/0001537993?sid=104
https://n.news.naver.com/mnews/article/023/0003702988?sid=104
https://n.news.naver.com/mnews/article/023/0003701039?sid=104https://n.news.naver.com/mnews/article/005/0001538655?sid=104

https://n.news.naver.com/mnews/article/005/0001537397?sid=104
https://n.news.naver.com/mnews/article/469/0000684089?sid=104
https://n.news.naver.com/mnews/article/023/0003702982?sid=104
https://n.news.naver.com/mnews/article/005/0001537992?sid=104
https://n.news.naver.com/mnews/article/005/0001538654?sid=104
https://n.news.naver.com/mnews/article/023/0003701485?sid=104
https://n.news.naver.com/mnews/article/023/0003701038?sid=104
https://n.news.naver.com/mnews/article/469/0000685431?sid=104
https://n.news.naver.com/mnews/article/023/0003701368?sid=104
https://n.news.naver.com/mnews/article/005/0001537928?sid=104
https://n.news.naver.com/mnews/article/005/0001538653?sid=104
https://n.news.naver.com/mnews/article/023/0003701476?sid=104
https://n.news.naver.com/mnews/article/469/0000683814?sid=104
https://n.news.naver.com/mnews/article/023/0003702974?sid=104
https://n.news.naver.com/mnews/article/023/0003701367?sid=104
https://n.news.naver.com/mnews/article/023/0003701037?sid=104
https://n.news.naver.com/mnews/article/469/0000684161?sid=104
https://n.news.naver.com/mnews/article/023/0003701924?sid=104
https://n.news.naver.com/mnews/article/023/0003702596?sid=104
https://n.news.naver.com/mnews/article/469/0000685425?sid=104
https://n.news.naver.com/mnews/article/005/0001537376?sid=104
https://n.news.naver.com/mnews/article/469/0000684071?sid=104
https://n.news.naver.com/mnews/article/023/0003701032?sid=104
https://n.news.naver.com/mnews/article/020/0003438283?sid=104
https://n.news.naver.com/mnews/article/005/0001539046?sid=104
https://n.news.naver.com/mnews/article/005/0001538648?sid=104
https://n.news.naver.com/mnews/article/020/0003438282?sid=104
https://n.news.naver.com/mnews/article/023/0003701360?sid=104
https://n.news.naver.com/mnews/article/020/0003437912?sid=104
https://n.news.naver.com/mnews/article/023/0003701031?sid=104
https://n.news.naver.com/mnews/article/023/0003702591?sid=104
https://n.news.naver.com/mnews/article/023/0003702970?sid=104
https://n.news.naver.com/mnews/article/020/0003438281?sid=104
https://n.news.naver.com/mnews/article/023/0003701422?sid=104
https://n.news.naver.com/mnews/article/020/0003437802?sid=104
https://n.news.naver.com/mnews/article/005/0001539039?sid=104
https://n.news.naver.com/mnews/article/469/0000683783?sid=104
https://n.news.naver.com/mnews/article/469/0000684609?sid=104
https://n.news.naver.com/mnews/article/020/0003438916?sid=104
https://n.news.naver.com/mnews/article/469/0000684048?sid=104
https://n.news.naver.com/mnews/article/020/0003437853?sid=104
https://n.news.naver.com/mnews/article/005/0001536936?sid=104
https://n.news.naver.com/mnews/article/469/0000684608?sid=104
https://n.news.naver.com/mnews/article/005/0001538643?sid=104
https://n.news.naver.com/mnews/article/020/0003437852?sid=104
https://n.news.naver.com/mnews/article/005/0001537185?sid=104
https://n.news.naver.com/mnews/article/005/0001539031?sid=104
https://n.news.naver.com/mnews/article/023/0003701875?sid=104
https://n.news.naver.com/mnews/article/469/0000684149?sid=104
https://n.news.naver.com/mnews/article/020/0003438911?sid=104
https://n.news.naver.com/mnews/article/023/0003700985?sid=104
https://n.news.naver.com/mnews/article/469/0000684042?sid=104
https://n.news.naver.com/mnews/article/005/0001539030?sid=104
https://n.news.naver.com/mnews/article/469/0000684606?sid=104
https://n.news.naver.com/mnews/article/469/0000685121?sid=104
https://n.news.naver.com/mnews/article/469/0000684035?sid=104
https://n.news.naver.com/mnews/article/469/0000684148?sid=104
https://n.news.naver.com/mnews/article/005/0001537909?sid=104
https://n.news.naver.com/mnews/article/005/0001538639?sid=104
https://n.news.naver.com/mnews/article/020/0003437546?sid=104
https://n.news.naver.com/mnews/article/023/0003701332?sid=104
 25%|█████████████████████                                                               | 1/4 [00:06<00:20,  6.78s/it]https://n.news.naver.com/mnews/article/023/0003701869?sid=104
https://n.news.naver.com/mnews/article/005/0001539028?sid=104
https://n.news.naver.com/mnews/article/020/0003438909?sid=104
https://n.news.naver.com/mnews/article/020/0003437545?sid=104
https://n.news.naver.com/mnews/article/005/0001537908?sid=104
https://n.news.naver.com/mnews/article/005/0001537176?sid=104
https://n.news.naver.com/mnews/article/023/0003702558?sid=104
https://n.news.naver.com/mnews/article/023/0003701868?sid=104
https://n.news.naver.com/mnews/article/469/0000684605?sid=104
https://n.news.naver.com/mnews/article/023/0003700953?sid=104
https://n.news.naver.com/mnews/article/469/0000685400?sid=104
 25%|█████████████████████                                                               | 1/4 [00:07<00:21,  7.10s/it]https://n.news.naver.com/mnews/article/023/0003702398?sid=104
https://n.news.naver.com/mnews/article/469/0000684598?sid=104
https://n.news.naver.com/mnews/article/023/0003702555?sid=104
https://n.news.naver.com/mnews/article/469/0000683778?sid=104
https://n.news.naver.com/mnews/article/005/0001538976?sid=104
https://n.news.naver.com/mnews/article/469/0000684590?sid=104
https://n.news.naver.com/mnews/article/469/0000684028?sid=104
https://n.news.naver.com/mnews/article/023/0003702540?sid=104
https://n.news.naver.com/mnews/article/023/0003702396?sid=104
https://n.news.naver.com/mnews/article/005/0001536879?sid=104
https://n.news.naver.com/mnews/article/020/0003439186?sid=104
https://n.news.naver.com/mnews/article/020/0003437785?sid=104
https://n.news.naver.com/mnews/article/023/0003701851?sid=104
https://n.news.naver.com/mnews/article/023/0003702950?sid=104
https://n.news.naver.com/mnews/article/023/0003702529?sid=104
 33%|████████████████████████████                                                        | 1/3 [00:07<00:14,  7.48s/it]https://n.news.naver.com/mnews/article/023/0003701312?sid=104
https://n.news.naver.com/mnews/article/023/0003702394?sid=104
https://n.news.naver.com/mnews/article/005/0001537159?sid=104
https://n.news.naver.com/mnews/article/469/0000684584?sid=104
https://n.news.naver.com/mnews/article/469/0000685070?sid=104
https://n.news.naver.com/mnews/article/469/0000684018?sid=104
https://n.news.naver.com/mnews/article/023/0003702944?sid=104
https://n.news.naver.com/mnews/article/020/0003438741?sid=104
https://n.news.naver.com/mnews/article/023/0003701308?sid=104
https://n.news.naver.com/mnews/article/023/0003701845?sid=104
 50%|██████████████████████████████████████████                                          | 2/4 [00:07<00:07,  3.71s/it]https://n.news.naver.com/mnews/article/005/0001537587?sid=104
https://n.news.naver.com/mnews/article/469/0000685066?sid=104
https://n.news.naver.com/mnews/article/469/0000685025?sid=104
https://n.news.naver.com/mnews/article/023/0003701307?sid=104
https://n.news.naver.com/mnews/article/023/0003701611?sid=104
https://n.news.naver.com/mnews/article/020/0003439142?sid=104
https://n.news.naver.com/mnews/article/469/0000684562?sid=104
https://n.news.naver.com/mnews/article/469/0000685065?sid=104
https://n.news.naver.com/mnews/article/005/0001537141?sid=104
https://n.news.naver.com/mnews/article/020/0003438733?sid=104
https://n.news.naver.com/mnews/article/023/0003701609?sid=104
 50%|██████████████████████████████████████████                                          | 2/4 [00:07<00:07,  3.52s/it]https://n.news.naver.com/mnews/article/469/0000685785?sid=104
https://n.news.naver.com/mnews/article/023/0003702376?sid=104
https://n.news.naver.com/mnews/article/023/0003701303?sid=104
https://n.news.naver.com/mnews/article/023/0003701608?sid=104
https://n.news.naver.com/mnews/article/005/0001537861?sid=104
https://n.news.naver.com/mnews/article/023/0003702521?sid=104
https://n.news.naver.com/mnews/article/023/0003703329?sid=104
https://n.news.naver.com/mnews/article/469/0000684009?sid=104
https://n.news.naver.com/mnews/article/469/0000684363?sid=104
https://n.news.naver.com/mnews/article/005/0001538602?sid=104
https://n.news.naver.com/mnews/article/020/0003438252?sid=104
https://n.news.naver.com/mnews/article/469/0000685780?sid=104
https://n.news.naver.com/mnews/article/005/0001537139?sid=104
https://n.news.naver.com/mnews/article/469/0000684357?sid=104
https://n.news.naver.com/mnews/article/469/0000685012?sid=104
https://n.news.naver.com/mnews/article/005/0001537855?sid=104
https://n.news.naver.com/mnews/article/469/0000685776?sid=104
https://n.news.naver.com/mnews/article/469/0000684004?sid=104
https://n.news.naver.com/mnews/article/469/0000684353?sid=104
https://n.news.naver.com/mnews/article/005/0001538601?sid=104
https://n.news.naver.com/mnews/article/469/0000684991?sid=104
https://n.news.naver.com/mnews/article/023/0003701294?sid=104
https://n.news.naver.com/mnews/article/020/0003438046?sid=104
https://n.news.naver.com/mnews/article/469/0000685775?sid=104
https://n.news.naver.com/mnews/article/469/0000684528?sid=104
https://n.news.naver.com/mnews/article/005/0001538598?sid=104
https://n.news.naver.com/mnews/article/023/0003702363?sid=104
https://n.news.naver.com/mnews/article/469/0000683998?sid=104
https://n.news.naver.com/mnews/article/469/0000684348?sid=104
https://n.news.naver.com/mnews/article/023/0003703317?sid=104
https://n.news.naver.com/mnews/article/020/0003438227?sid=104
https://n.news.naver.com/mnews/article/023/0003702362?sid=104
https://n.news.naver.com/mnews/article/005/0001537135?sid=104
https://n.news.naver.com/mnews/article/020/0003438044?sid=104
https://n.news.naver.com/mnews/article/005/0001539445?sid=104
https://n.news.naver.com/mnews/article/005/0001538597?sid=104
https://n.news.naver.com/mnews/article/020/0003438223?sid=104
https://n.news.naver.com/mnews/article/469/0000683997?sid=104
https://n.news.naver.com/mnews/article/469/0000684336?sid=104
https://n.news.naver.com/mnews/article/023/0003703308?sid=104
https://n.news.naver.com/mnews/article/023/0003701825?sid=104
https://n.news.naver.com/mnews/article/023/0003702507?sid=104
https://n.news.naver.com/mnews/article/005/0001537132?sid=104
https://n.news.naver.com/mnews/article/469/0000684975?sid=104
https://n.news.naver.com/mnews/article/469/0000684329?sid=104
https://n.news.naver.com/mnews/article/020/0003439572?sid=104
https://n.news.naver.com/mnews/article/020/0003438219?sid=104
https://n.news.naver.com/mnews/article/023/0003702356?sid=104
https://n.news.naver.com/mnews/article/005/0001537545?sid=104
https://n.news.naver.com/mnews/article/023/0003701283?sid=104
https://n.news.naver.com/mnews/article/005/0001538589?sid=104
https://n.news.naver.com/mnews/article/005/0001539439?sid=104
https://n.news.naver.com/mnews/article/023/0003701815?sid=104
https://n.news.naver.com/mnews/article/023/0003701597?sid=104
https://n.news.naver.com/mnews/article/023/0003701282?sid=104
https://n.news.naver.com/mnews/article/469/0000685729?sid=104
https://n.news.naver.com/mnews/article/023/0003702354?sid=104
https://n.news.naver.com/mnews/article/469/0000685054?sid=104
https://n.news.naver.com/mnews/article/020/0003438024?sid=104
https://n.news.naver.com/mnews/article/023/0003701278?sid=104
https://n.news.naver.com/mnews/article/469/0000685714?sid=104
https://n.news.naver.com/mnews/article/023/0003701814?sid=104
https://n.news.naver.com/mnews/article/020/0003438697?sid=104
https://n.news.naver.com/mnews/article/023/0003701589?sid=104
https://n.news.naver.com/mnews/article/023/0003702503?sid=104
https://n.news.naver.com/mnews/article/469/0000683968?sid=104
https://n.news.naver.com/mnews/article/005/0001538386?sid=104
https://n.news.naver.com/mnews/article/023/0003703281?sid=104
https://n.news.naver.com/mnews/article/023/0003701587?sid=104
https://n.news.naver.com/mnews/article/469/0000683952?sid=104
https://n.news.naver.com/mnews/article/023/0003702484?sid=104
https://n.news.naver.com/mnews/article/023/0003701794?sid=104
https://n.news.naver.com/mnews/article/020/0003439520?sid=104
https://n.news.naver.com/mnews/article/005/0001537529?sid=104
https://n.news.naver.com/mnews/article/469/0000684928?sid=104
https://n.news.naver.com/mnews/article/023/0003701253?sid=104
https://n.news.naver.com/mnews/article/023/0003703247?sid=104
https://n.news.naver.com/mnews/article/023/0003702461?sid=104
https://n.news.naver.com/mnews/article/005/0001537523?sid=104
https://n.news.naver.com/mnews/article/023/0003701251?sid=104
https://n.news.naver.com/mnews/article/023/0003702330?sid=104
https://n.news.naver.com/mnews/article/023/0003701792?sid=104
https://n.news.naver.com/mnews/article/469/0000684280?sid=104
https://n.news.naver.com/mnews/article/469/0000683950?sid=104
https://n.news.naver.com/mnews/article/023/0003703246?sid=104
https://n.news.naver.com/mnews/article/020/0003438825?sid=104
https://n.news.naver.com/mnews/article/023/0003702328?sid=104
https://n.news.naver.com/mnews/article/005/0001537751?sid=104
https://n.news.naver.com/mnews/article/023/0003703240?sid=104
https://n.news.naver.com/mnews/article/005/0001537078?sid=104
https://n.news.naver.com/mnews/article/020/0003438000?sid=104
https://n.news.naver.com/mnews/article/020/0003438755?sid=104
https://n.news.naver.com/mnews/article/023/0003701761?sid=104
 67%|████████████████████████████████████████████████████████                            | 2/3 [00:09<00:05,  5.99s/it]https://n.news.naver.com/mnews/article/023/0003701395?sid=104
https://n.news.naver.com/mnews/article/023/0003701563?sid=104
https://n.news.naver.com/mnews/article/020/0003438753?sid=104
https://n.news.naver.com/mnews/article/023/0003703236?sid=104
https://n.news.naver.com/mnews/article/023/0003702327?sid=104
https://n.news.naver.com/mnews/article/469/0000684411?sid=104
https://n.news.naver.com/mnews/article/023/0003701392?sid=104
https://n.news.naver.com/mnews/article/020/0003437975?sid=104
https://n.news.naver.com/mnews/article/023/0003702410?sid=104
https://n.news.naver.com/mnews/article/005/0001539342?sid=104
https://n.news.naver.com/mnews/article/023/0003701740?sid=104
https://n.news.naver.com/mnews/article/023/0003701536?sid=104
https://n.news.naver.com/mnews/article/469/0000684919?sid=104
https://n.news.naver.com/mnews/article/023/0003701391?sid=104
https://n.news.naver.com/mnews/article/469/0000685034?sid=104
https://n.news.naver.com/mnews/article/023/0003701531?sid=104
https://n.news.naver.com/mnews/article/469/0000685641?sid=104
https://n.news.naver.com/mnews/article/469/0000684399?sid=104
https://n.news.naver.com/mnews/article/469/0000684138?sid=104
https://n.news.naver.com/mnews/article/005/0001538373?sid=104
https://n.news.naver.com/mnews/article/469/0000685033?sid=104
https://n.news.naver.com/mnews/article/023/0003701528?sid=104
https://n.news.naver.com/mnews/article/023/0003703217?sid=104
https://n.news.naver.com/mnews/article/023/0003701737?sid=104
https://n.news.naver.com/mnews/article/469/0000684135?sid=104
https://n.news.naver.com/mnews/article/005/0001538477?sid=104
https://n.news.naver.com/mnews/article/023/0003701513?sid=104
https://n.news.naver.com/mnews/article/005/0001538362?sid=104
https://n.news.naver.com/mnews/article/023/0003701383?sid=104
https://n.news.naver.com/mnews/article/023/0003703214?sid=104
https://n.news.naver.com/mnews/article/023/0003701512?sid=104
https://n.news.naver.com/mnews/article/469/0000684397?sid=104
https://n.news.naver.com/mnews/article/023/0003702406?sid=104
https://n.news.naver.com/mnews/article/469/0000684133?sid=104
https://n.news.naver.com/mnews/article/020/0003438673?sid=104
https://n.news.naver.com/mnews/article/023/0003703208?sid=104
https://n.news.naver.com/mnews/article/023/0003701507?sid=104
https://n.news.naver.com/mnews/article/023/0003701735?sid=104
https://n.news.naver.com/mnews/article/469/0000684128?sid=104
https://n.news.naver.com/mnews/article/020/0003438671?sid=104
https://n.news.naver.com/mnews/article/005/0001537408?sid=104
 25%|█████████████████████                                                               | 1/4 [00:10<00:32, 10.87s/it]https://n.news.naver.com/mnews/article/469/0000685624?sid=104
https://n.news.naver.com/mnews/article/023/0003702800?sid=104
https://n.news.naver.com/mnews/article/469/0000684114?sid=104
https://n.news.naver.com/mnews/article/023/0003702277?sid=104
https://n.news.naver.com/mnews/article/005/0001537706?sid=104
https://n.news.naver.com/mnews/article/023/0003702797?sid=104
https://n.news.naver.com/mnews/article/005/0001539327?sid=104
https://n.news.naver.com/mnews/article/023/0003701497?sid=104
https://n.news.naver.com/mnews/article/023/0003701374?sid=104
https://n.news.naver.com/mnews/article/020/0003439069?sid=104
https://n.news.naver.com/mnews/article/023/0003703205?sid=104
https://n.news.naver.com/mnews/article/005/0001537399?sid=104
https://n.news.naver.com/mnews/article/023/0003701733?sid=104
https://n.news.naver.com/mnews/article/020/0003438657?sid=104
https://n.news.naver.com/mnews/article/020/0003437816?sid=104
https://n.news.naver.com/mnews/article/005/0001538797?sid=104
https://n.news.naver.com/mnews/article/023/0003701487?sid=104
https://n.news.naver.com/mnews/article/023/0003702270?sid=104
https://n.news.naver.com/mnews/article/469/0000684093?sid=104
https://n.news.naver.com/mnews/article/469/0000685618?sid=104
https://n.news.naver.com/mnews/article/005/0001537700?sid=104
https://n.news.naver.com/mnews/article/005/0001537397?sid=104
https://n.news.naver.com/mnews/article/469/0000685265?sid=104
https://n.news.naver.com/mnews/article/469/0000684089?sid=104
https://n.news.naver.com/mnews/article/005/0001539326?sid=104
https://n.news.naver.com/mnews/article/469/0000684848?sid=104
https://n.news.naver.com/mnews/article/023/0003701485?sid=104
https://n.news.naver.com/mnews/article/023/0003701705?sid=104
https://n.news.naver.com/mnews/article/023/0003702785?sid=104
https://n.news.naver.com/mnews/article/023/0003701368?sid=104
https://n.news.naver.com/mnews/article/023/0003702245?sid=104
https://n.news.naver.com/mnews/article/023/0003701476?sid=104
https://n.news.naver.com/mnews/article/023/0003701367?sid=104https://n.news.naver.com/mnews/article/469/0000685616?sid=104

https://n.news.naver.com/mnews/article/023/0003701703?sid=104
https://n.news.naver.com/mnews/article/469/0000685260?sid=104
https://n.news.naver.com/mnews/article/469/0000684161?sid=104
https://n.news.naver.com/mnews/article/469/0000684071?sid=104
https://n.news.naver.com/mnews/article/023/0003703197?sid=104
https://n.news.naver.com/mnews/article/023/0003702242?sid=104
https://n.news.naver.com/mnews/article/469/0000685258?sid=104
https://n.news.naver.com/mnews/article/005/0001537376?sid=104
https://n.news.naver.com/mnews/article/023/0003703196?sid=104
https://n.news.naver.com/mnews/article/023/0003701360?sid=104
https://n.news.naver.com/mnews/article/023/0003701702?sid=104
https://n.news.naver.com/mnews/article/023/0003702241?sid=104
https://n.news.naver.com/mnews/article/020/0003437912?sid=104
https://n.news.naver.com/mnews/article/023/0003702783?sid=104
https://n.news.naver.com/mnews/article/020/0003437802?sid=104
https://n.news.naver.com/mnews/article/469/0000685614?sid=104
https://n.news.naver.com/mnews/article/469/0000684374?sid=104
https://n.news.naver.com/mnews/article/023/0003701422?sid=104
https://n.news.naver.com/mnews/article/469/0000684048?sid=104
https://n.news.naver.com/mnews/article/023/0003703194?sid=104
https://n.news.naver.com/mnews/article/023/0003702240?sid=104
https://n.news.naver.com/mnews/article/005/0001538788?sid=104
https://n.news.naver.com/mnews/article/005/0001537676?sid=104
https://n.news.naver.com/mnews/article/469/0000685609?sid=104
https://n.news.naver.com/mnews/article/020/0003437853?sid=104
https://n.news.naver.com/mnews/article/005/0001537185?sid=104
https://n.news.naver.com/mnews/article/005/0001538296?sid=104
https://n.news.naver.com/mnews/article/469/0000685253?sid=104
https://n.news.naver.com/mnews/article/005/0001537617?sid=104
https://n.news.naver.com/mnews/article/469/0000684042?sid=104
https://n.news.naver.com/mnews/article/020/0003437852?sid=104
https://n.news.naver.com/mnews/article/005/0001539306?sid=104
https://n.news.naver.com/mnews/article/469/0000684035?sid=104
https://n.news.naver.com/mnews/article/005/0001538289?sid=104
https://n.news.naver.com/mnews/article/469/0000684149?sid=104
https://n.news.naver.com/mnews/article/020/0003439418?sid=104
https://n.news.naver.com/mnews/article/020/0003438133?sid=104
https://n.news.naver.com/mnews/article/005/0001538785?sid=104
https://n.news.naver.com/mnews/article/469/0000684148?sid=104
https://n.news.naver.com/mnews/article/023/0003701332?sid=104
https://n.news.naver.com/mnews/article/020/0003439391?sid=104
https://n.news.naver.com/mnews/article/020/0003438130?sid=104
https://n.news.naver.com/mnews/article/005/0001538286?sid=104
https://n.news.naver.com/mnews/article/005/0001537176?sid=104
 75%|███████████████████████████████████████████████████████████████                     | 3/4 [00:12<00:04,  4.06s/it]https://n.news.naver.com/mnews/article/023/0003701869?sid=104
https://n.news.naver.com/mnews/article/020/0003439371?sid=104
https://n.news.naver.com/mnews/article/469/0000685250?sid=104
https://n.news.naver.com/mnews/article/020/0003438103?sid=104
https://n.news.naver.com/mnews/article/469/0000684028?sid=104
https://n.news.naver.com/mnews/article/023/0003701868?sid=104
https://n.news.naver.com/mnews/article/020/0003439362?sid=104
https://n.news.naver.com/mnews/article/020/0003439058?sid=104
https://n.news.naver.com/mnews/article/469/0000684832?sid=104
https://n.news.naver.com/mnews/article/020/0003438091?sid=104
https://n.news.naver.com/mnews/article/469/0000684598?sid=104
https://n.news.naver.com/mnews/article/020/0003437785?sid=104
https://n.news.naver.com/mnews/article/469/0000685585?sid=104
https://n.news.naver.com/mnews/article/469/0000684831?sid=104
https://n.news.naver.com/mnews/article/005/0001538782?sid=104
https://n.news.naver.com/mnews/article/005/0001537159?sid=104
https://n.news.naver.com/mnews/article/020/0003438089?sid=104
https://n.news.naver.com/mnews/article/469/0000684590?sid=104
https://n.news.naver.com/mnews/article/469/0000685583?sid=104
https://n.news.naver.com/mnews/article/005/0001538280?sid=104
https://n.news.naver.com/mnews/article/023/0003701626?sid=104
100%|████████████████████████████████████████████████████████████████████████████████████| 3/3 [00:13<00:00,  4.34s/it]
https://n.news.naver.com/mnews/article/023/0003701851?sid=104
https://n.news.naver.com/mnews/article/469/0000685245?sid=104
 75%|███████████████████████████████████████████████████████████████                     | 3/4 [00:13<00:04,  4.00s/it]https://n.news.naver.com/mnews/article/469/0000685984?sid=104
https://n.news.naver.com/mnews/article/023/0003702189?sid=104
https://n.news.naver.com/mnews/article/469/0000684584?sid=104
https://n.news.naver.com/mnews/article/023/0003702769?sid=104
https://n.news.naver.com/mnews/article/005/0001537591?sid=104
https://n.news.naver.com/mnews/article/469/0000685959?sid=104
https://n.news.naver.com/mnews/article/023/0003701845?sid=104
https://n.news.naver.com/mnews/article/023/0003703549?sid=104
https://n.news.naver.com/mnews/article/020/0003438558?sid=104
 50%|██████████████████████████████████████████                                          | 2/4 [00:13<00:13,  6.71s/it]https://n.news.naver.com/mnews/article/469/0000684817?sid=104
https://n.news.naver.com/mnews/article/469/0000684562?sid=104
https://n.news.naver.com/mnews/article/469/0000685947?sid=104
https://n.news.naver.com/mnews/article/023/0003702143?sid=104
https://n.news.naver.com/mnews/article/023/0003702158?sid=104
https://n.news.naver.com/mnews/article/005/0001538778?sid=104
https://n.news.naver.com/mnews/article/005/0001537861?sid=104
https://n.news.naver.com/mnews/article/469/0000685946?sid=104
https://n.news.naver.com/mnews/article/023/0003702137?sid=104
https://n.news.naver.com/mnews/article/023/0003702153?sid=104
https://n.news.naver.com/mnews/article/020/0003438252?sid=104
https://n.news.naver.com/mnews/article/469/0000685910?sid=104
https://n.news.naver.com/mnews/article/023/0003702767?sid=104
https://n.news.naver.com/mnews/article/469/0000684816?sid=104
https://n.news.naver.com/mnews/article/005/0001537855?sid=104
https://n.news.naver.com/mnews/article/023/0003703521?sid=104
https://n.news.naver.com/mnews/article/023/0003702126?sid=104
https://n.news.naver.com/mnews/article/005/0001538777?sid=104
https://n.news.naver.com/mnews/article/469/0000684528?sid=104
https://n.news.naver.com/mnews/article/469/0000684823?sid=104
https://n.news.naver.com/mnews/article/023/0003703519?sid=104
https://n.news.naver.com/mnews/article/469/0000684796?sid=104
https://n.news.naver.com/mnews/article/005/0001538776?sid=104
https://n.news.naver.com/mnews/article/020/0003438227?sid=104
https://n.news.naver.com/mnews/article/023/0003702148?sid=104
https://n.news.naver.com/mnews/article/023/0003703518?sid=104
https://n.news.naver.com/mnews/article/020/0003438499?sid=104
https://n.news.naver.com/mnews/article/020/0003438223?sid=104
https://n.news.naver.com/mnews/article/023/0003702764?sid=104
https://n.news.naver.com/mnews/article/005/0001539689?sid=104
https://n.news.naver.com/mnews/article/023/0003702110?sid=104
https://n.news.naver.com/mnews/article/469/0000684822?sid=104
https://n.news.naver.com/mnews/article/023/0003701825?sid=104
https://n.news.naver.com/mnews/article/005/0001539671?sid=104
https://n.news.naver.com/mnews/article/023/0003702763?sid=104
https://n.news.naver.com/mnews/article/469/0000684778?sid=104
https://n.news.naver.com/mnews/article/469/0000684820?sid=104
https://n.news.naver.com/mnews/article/020/0003438219?sid=104
https://n.news.naver.com/mnews/article/020/0003438493?sid=104https://n.news.naver.com/mnews/article/005/0001539663?sid=104

https://n.news.naver.com/mnews/article/005/0001538195?sid=104
https://n.news.naver.com/mnews/article/023/0003701815?sid=104
https://n.news.naver.com/mnews/article/469/0000685229?sid=104
https://n.news.naver.com/mnews/article/023/0003703497?sid=104
https://n.news.naver.com/mnews/article/469/0000684767?sid=104
https://n.news.naver.com/mnews/article/005/0001538194?sid=104
https://n.news.naver.com/mnews/article/005/0001538774?sid=104
https://n.news.naver.com/mnews/article/023/0003701814?sid=104
https://n.news.naver.com/mnews/article/023/0003703494?sid=104
https://n.news.naver.com/mnews/article/023/0003702096?sid=104
https://n.news.naver.com/mnews/article/023/0003701794?sid=104
https://n.news.naver.com/mnews/article/023/0003703488?sid=104
https://n.news.naver.com/mnews/article/023/0003702077?sid=104
 50%|██████████████████████████████████████████                                          | 2/4 [00:14<00:14,  7.25s/it]https://n.news.naver.com/mnews/article/469/0000685202?sid=104
https://n.news.naver.com/mnews/article/005/0001538772?sid=104
https://n.news.naver.com/mnews/article/023/0003703482?sid=104
https://n.news.naver.com/mnews/article/023/0003701792?sid=104
https://n.news.naver.com/mnews/article/023/0003702650?sid=104
https://n.news.naver.com/mnews/article/020/0003438463?sid=104
https://n.news.naver.com/mnews/article/005/0001537751?sid=104
https://n.news.naver.com/mnews/article/469/0000685831?sid=104
https://n.news.naver.com/mnews/article/023/0003702649?sid=104
https://n.news.naver.com/mnews/article/020/0003439052?sid=104
https://n.news.naver.com/mnews/article/020/0003438445?sid=104
https://n.news.naver.com/mnews/article/023/0003703448?sid=104
https://n.news.naver.com/mnews/article/023/0003701761?sid=104
https://n.news.naver.com/mnews/article/469/0000684706?sid=104
https://n.news.naver.com/mnews/article/023/0003702645?sid=104
https://n.news.naver.com/mnews/article/005/0001538768?sid=104
https://n.news.naver.com/mnews/article/469/0000685825?sid=104
https://n.news.naver.com/mnews/article/469/0000684411?sid=104
https://n.news.naver.com/mnews/article/005/0001538078?sid=104
https://n.news.naver.com/mnews/article/023/0003702644?sid=104
https://n.news.naver.com/mnews/article/023/0003703444?sid=104
https://n.news.naver.com/mnews/article/023/0003702753?sid=104
https://n.news.naver.com/mnews/article/023/0003702643?sid=104
https://n.news.naver.com/mnews/article/020/0003438440?sid=104
https://n.news.naver.com/mnews/article/023/0003701740?sid=104
https://n.news.naver.com/mnews/article/469/0000685819?sid=104
https://n.news.naver.com/mnews/article/020/0003438437?sid=104
https://n.news.naver.com/mnews/article/469/0000685194?sid=104
https://n.news.naver.com/mnews/article/005/0001538758?sid=104
https://n.news.naver.com/mnews/article/469/0000684399?sid=104
https://n.news.naver.com/mnews/article/469/0000685818?sid=104
https://n.news.naver.com/mnews/article/023/0003702030?sid=104
https://n.news.naver.com/mnews/article/469/0000685189?sid=104
https://n.news.naver.com/mnews/article/023/0003702698?sid=104
HTTPSConnectionPool(host='n.news.naver.com', port=443): Read timed out. (read timeout=10)
https://n.news.naver.com/mnews/article/469/0000684399?sid=104
HTTPSConnectionPool(host='n.news.naver.com', port=443): Read timed out. (read timeout=10)HTTPSConnectionPool(host='n.news.naver.com', port=443): Read timed out. (read timeout=10)

https://n.news.naver.com/mnews/article/469/0000685818?sid=104https://n.news.naver.com/mnews/article/023/0003702030?sid=104

HTTPSConnectionPool(host='n.news.naver.com', port=443): Read timed out. (read timeout=10)
https://n.news.naver.com/mnews/article/469/0000685189?sid=104
HTTPSConnectionPool(host='n.news.naver.com', port=443): Read timed out. (read timeout=10)
https://n.news.naver.com/mnews/article/023/0003702698?sid=104
https://n.news.naver.com/mnews/article/023/0003701737?sid=104
https://n.news.naver.com/mnews/article/023/0003703440?sid=104
https://n.news.naver.com/mnews/article/005/0001538048?sid=104
https://n.news.naver.com/mnews/article/469/0000685181?sid=104
https://n.news.naver.com/mnews/article/469/0000684397?sid=104
https://n.news.naver.com/mnews/article/020/0003438997?sid=104
https://n.news.naver.com/mnews/article/469/0000684658?sid=104
https://n.news.naver.com/mnews/article/005/0001539611?sid=104
https://n.news.naver.com/mnews/article/469/0000685180?sid=104
https://n.news.naver.com/mnews/article/023/0003701735?sid=104
https://n.news.naver.com/mnews/article/023/0003702666?sid=104
https://n.news.naver.com/mnews/article/005/0001538034?sid=104
https://n.news.naver.com/mnews/article/469/0000685815?sid=104
https://n.news.naver.com/mnews/article/023/0003702631?sid=104
https://n.news.naver.com/mnews/article/005/0001537706?sid=104
https://n.news.naver.com/mnews/article/023/0003701999?sid=104
https://n.news.naver.com/mnews/article/023/0003703436?sid=104
https://n.news.naver.com/mnews/article/469/0000685173?sid=104
https://n.news.naver.com/mnews/article/469/0000685204?sid=104
https://n.news.naver.com/mnews/article/023/0003701733?sid=104
https://n.news.naver.com/mnews/article/469/0000684642?sid=104
https://n.news.naver.com/mnews/article/005/0001538703?sid=104
https://n.news.naver.com/mnews/article/469/0000685813?sid=104
https://n.news.naver.com/mnews/article/005/0001537700?sid=104
https://n.news.naver.com/mnews/article/005/0001538020?sid=104
https://n.news.naver.com/mnews/article/023/0003702655?sid=104
https://n.news.naver.com/mnews/article/023/0003702629?sid=104
https://n.news.naver.com/mnews/article/469/0000685810?sid=104
https://n.news.naver.com/mnews/article/023/0003701705?sid=104
https://n.news.naver.com/mnews/article/469/0000684633?sid=104
https://n.news.naver.com/mnews/article/469/0000685171?sid=104
https://n.news.naver.com/mnews/article/023/0003701703?sid=104https://n.news.naver.com/mnews/article/469/0000685808?sid=104

https://n.news.naver.com/mnews/article/023/0003701980?sid=104
https://n.news.naver.com/mnews/article/023/0003702653?sid=104
https://n.news.naver.com/mnews/article/005/0001539592?sid=104
https://n.news.naver.com/mnews/article/005/0001538702?sid=104
https://n.news.naver.com/mnews/article/023/0003701702?sid=104
https://n.news.naver.com/mnews/article/005/0001538016?sid=104
https://n.news.naver.com/mnews/article/469/0000684374?sid=104
https://n.news.naver.com/mnews/article/005/0001539588?sid=104
https://n.news.naver.com/mnews/article/005/0001538723?sid=104
https://n.news.naver.com/mnews/article/469/0000685166?sid=104
https://n.news.naver.com/mnews/article/023/0003701978?sid=104
https://n.news.naver.com/mnews/article/005/0001537676?sid=104
https://n.news.naver.com/mnews/article/005/0001539585?sid=104
https://n.news.naver.com/mnews/article/469/0000685164?sid=104
https://n.news.naver.com/mnews/article/005/0001538013?sid=104
https://n.news.naver.com/mnews/article/005/0001537617?sid=104
https://n.news.naver.com/mnews/article/020/0003439697?sid=104
https://n.news.naver.com/mnews/article/469/0000685159?sid=104
https://n.news.naver.com/mnews/article/023/0003701971?sid=104
https://n.news.naver.com/mnews/article/020/0003438133?sid=104
 50%|██████████████████████████████████████████                                          | 2/4 [01:26<01:00, 30.36s/it]https://n.news.naver.com/mnews/article/469/0000685389?sid=104
https://n.news.naver.com/mnews/article/023/0003703393?sid=104
https://n.news.naver.com/mnews/article/469/0000685156?sid=104
https://n.news.naver.com/mnews/article/005/0001538002?sid=104
https://n.news.naver.com/mnews/article/020/0003438130?sid=104
https://n.news.naver.com/mnews/article/023/0003702884?sid=104
https://n.news.naver.com/mnews/article/020/0003439633?sid=104
https://n.news.naver.com/mnews/article/469/0000685154?sid=104
https://n.news.naver.com/mnews/article/469/0000684617?sid=104
https://n.news.naver.com/mnews/article/023/0003702883?sid=104
https://n.news.naver.com/mnews/article/020/0003438103?sid=104
https://n.news.naver.com/mnews/article/023/0003703379?sid=104
https://n.news.naver.com/mnews/article/005/0001538678?sid=104
https://n.news.naver.com/mnews/article/469/0000684616?sid=104
https://n.news.naver.com/mnews/article/023/0003702882?sid=104
https://n.news.naver.com/mnews/article/020/0003438091?sid=104
https://n.news.naver.com/mnews/article/020/0003439622?sid=104
https://n.news.naver.com/mnews/article/023/0003702614?sid=104
https://n.news.naver.com/mnews/article/005/0001537994?sid=104
https://n.news.naver.com/mnews/article/023/0003702876?sid=104
https://n.news.naver.com/mnews/article/020/0003438089?sid=104
https://n.news.naver.com/mnews/article/005/0001539506?sid=104
https://n.news.naver.com/mnews/article/469/0000685147?sid=104
https://n.news.naver.com/mnews/article/005/0001537993?sid=104
https://n.news.naver.com/mnews/article/469/0000685789?sid=104
https://n.news.naver.com/mnews/article/469/0000685386?sid=104
https://n.news.naver.com/mnews/article/023/0003701626?sid=104
https://n.news.naver.com/mnews/article/469/0000685145?sid=104
https://n.news.naver.com/mnews/article/005/0001537992?sid=104
100%|████████████████████████████████████████████████████████████████████████████████████| 4/4 [01:27<00:00, 21.82s/it]
https://n.news.naver.com/mnews/article/469/0000685379?sid=104
https://n.news.naver.com/mnews/article/005/0001537591?sid=104
https://n.news.naver.com/mnews/article/020/0003438935?sid=104
https://n.news.naver.com/mnews/article/005/0001537928?sid=104
https://n.news.naver.com/mnews/article/469/0000685361?sid=104
100%|████████████████████████████████████████████████████████████████████████████████████| 4/4 [01:27<00:00, 21.85s/it]
https://n.news.naver.com/mnews/article/023/0003702611?sid=104
https://n.news.naver.com/mnews/article/023/0003701924?sid=104
https://n.news.naver.com/mnews/article/469/0000685346?sid=104
https://n.news.naver.com/mnews/article/469/0000685140?sid=104
https://n.news.naver.com/mnews/article/020/0003438283?sid=104
https://n.news.naver.com/mnews/article/005/0001538882?sid=104
https://n.news.naver.com/mnews/article/005/0001538670?sid=104
https://n.news.naver.com/mnews/article/020/0003438282?sid=104
https://n.news.naver.com/mnews/article/005/0001538870?sid=104
https://n.news.naver.com/mnews/article/005/0001538665?sid=104
https://n.news.naver.com/mnews/article/020/0003438281?sid=104
https://n.news.naver.com/mnews/article/469/0000685325?sid=104
https://n.news.naver.com/mnews/article/005/0001538663?sid=104
https://n.news.naver.com/mnews/article/469/0000684609?sid=104
https://n.news.naver.com/mnews/article/469/0000685322?sid=104
https://n.news.naver.com/mnews/article/005/0001538659?sid=104
https://n.news.naver.com/mnews/article/469/0000684608?sid=104
https://n.news.naver.com/mnews/article/005/0001538658?sid=104
https://n.news.naver.com/mnews/article/023/0003702834?sid=104
https://n.news.naver.com/mnews/article/023/0003701875?sid=104
https://n.news.naver.com/mnews/article/005/0001538655?sid=104
https://n.news.naver.com/mnews/article/469/0000685305?sid=104
https://n.news.naver.com/mnews/article/469/0000684606?sid=104
https://n.news.naver.com/mnews/article/005/0001538654?sid=104
https://n.news.naver.com/mnews/article/469/0000685296?sid=104
https://n.news.naver.com/mnews/article/005/0001537909?sid=104
https://n.news.naver.com/mnews/article/005/0001538653?sid=104
https://n.news.naver.com/mnews/article/005/0001538823?sid=104
https://n.news.naver.com/mnews/article/005/0001537908?sid=104
https://n.news.naver.com/mnews/article/023/0003702596?sid=104
https://n.news.naver.com/mnews/article/005/0001538815?sid=104
https://n.news.naver.com/mnews/article/469/0000684605?sid=104
https://n.news.naver.com/mnews/article/005/0001538648?sid=104
https://n.news.naver.com/mnews/article/023/0003702807?sid=104
 75%|███████████████████████████████████████████████████████████████                     | 3/4 [01:28<00:27, 27.25s/it]https://n.news.naver.com/mnews/article/023/0003702398?sid=104
https://n.news.naver.com/mnews/article/023/0003702591?sid=104
https://n.news.naver.com/mnews/article/023/0003702396?sid=104
 75%|███████████████████████████████████████████████████████████████                     | 3/4 [01:28<00:21, 21.83s/it]https://n.news.naver.com/mnews/article/469/0000685581?sid=104
https://n.news.naver.com/mnews/article/020/0003438916?sid=104
https://n.news.naver.com/mnews/article/469/0000685579?sid=104
https://n.news.naver.com/mnews/article/023/0003702394?sid=104
https://n.news.naver.com/mnews/article/005/0001538643?sid=104
https://n.news.naver.com/mnews/article/469/0000685558?sid=104
https://n.news.naver.com/mnews/article/020/0003438741?sid=104
https://n.news.naver.com/mnews/article/020/0003438911?sid=104
https://n.news.naver.com/mnews/article/469/0000685025?sid=104
https://n.news.naver.com/mnews/article/020/0003439316?sid=104
https://n.news.naver.com/mnews/article/469/0000685121?sid=104
https://n.news.naver.com/mnews/article/020/0003438733?sid=104
https://n.news.naver.com/mnews/article/469/0000685531?sid=104
https://n.news.naver.com/mnews/article/005/0001538639?sid=104
https://n.news.naver.com/mnews/article/023/0003702376?sid=104
https://n.news.naver.com/mnews/article/005/0001539136?sid=104
https://n.news.naver.com/mnews/article/020/0003438909?sid=104
https://n.news.naver.com/mnews/article/469/0000685012?sid=104
https://n.news.naver.com/mnews/article/020/0003439290?sid=104
https://n.news.naver.com/mnews/article/023/0003702558?sid=104
https://n.news.naver.com/mnews/article/023/0003703050?sid=104
https://n.news.naver.com/mnews/article/469/0000684991?sid=104
https://n.news.naver.com/mnews/article/020/0003439277?sid=104
https://n.news.naver.com/mnews/article/023/0003702555?sid=104
https://n.news.naver.com/mnews/article/023/0003702363?sid=104
https://n.news.naver.com/mnews/article/023/0003702362?sid=104
https://n.news.naver.com/mnews/article/023/0003703043?sid=104
https://n.news.naver.com/mnews/article/023/0003702540?sid=104
https://n.news.naver.com/mnews/article/469/0000684975?sid=104
https://n.news.naver.com/mnews/article/023/0003702529?sid=104
https://n.news.naver.com/mnews/article/023/0003703034?sid=104
https://n.news.naver.com/mnews/article/469/0000685070?sid=104
https://n.news.naver.com/mnews/article/023/0003702356?sid=104
https://n.news.naver.com/mnews/article/023/0003703026?sid=104
https://n.news.naver.com/mnews/article/469/0000685066?sid=104
https://n.news.naver.com/mnews/article/023/0003702354?sid=104
https://n.news.naver.com/mnews/article/023/0003703020?sid=104
https://n.news.naver.com/mnews/article/020/0003438697?sid=104
https://n.news.naver.com/mnews/article/469/0000685065?sid=104
https://n.news.naver.com/mnews/article/023/0003703001?sid=104
https://n.news.naver.com/mnews/article/023/0003702521?sid=104
https://n.news.naver.com/mnews/article/005/0001538386?sid=104
https://n.news.naver.com/mnews/article/020/0003439245?sid=104
https://n.news.naver.com/mnews/article/005/0001538602?sid=104
https://n.news.naver.com/mnews/article/469/0000684928?sid=104
https://n.news.naver.com/mnews/article/469/0000685436?sid=104
https://n.news.naver.com/mnews/article/005/0001538601?sid=104
https://n.news.naver.com/mnews/article/023/0003702330?sid=104
https://n.news.naver.com/mnews/article/023/0003702988?sid=104
https://n.news.naver.com/mnews/article/005/0001538598?sid=104
https://n.news.naver.com/mnews/article/023/0003702328?sid=104
https://n.news.naver.com/mnews/article/023/0003702982?sid=104
https://n.news.naver.com/mnews/article/005/0001538597?sid=104
https://n.news.naver.com/mnews/article/023/0003702327?sid=104
https://n.news.naver.com/mnews/article/469/0000685431?sid=104
https://n.news.naver.com/mnews/article/023/0003702507?sid=104
https://n.news.naver.com/mnews/article/469/0000684919?sid=104
https://n.news.naver.com/mnews/article/023/0003702974?sid=104
https://n.news.naver.com/mnews/article/005/0001538589?sid=104
https://n.news.naver.com/mnews/article/005/0001538373?sid=104
https://n.news.naver.com/mnews/article/469/0000685425?sid=104
https://n.news.naver.com/mnews/article/469/0000685054?sid=104
https://n.news.naver.com/mnews/article/005/0001538362?sid=104
https://n.news.naver.com/mnews/article/005/0001539046?sid=104
https://n.news.naver.com/mnews/article/023/0003702503?sid=104
https://n.news.naver.com/mnews/article/020/0003438673?sid=104
https://n.news.naver.com/mnews/article/023/0003702970?sid=104
https://n.news.naver.com/mnews/article/023/0003702484?sid=104
https://n.news.naver.com/mnews/article/020/0003438671?sid=104
https://n.news.naver.com/mnews/article/023/0003702461?sid=104
https://n.news.naver.com/mnews/article/005/0001539039?sid=104
https://n.news.naver.com/mnews/article/023/0003702277?sid=104
https://n.news.naver.com/mnews/article/020/0003438825?sid=104
https://n.news.naver.com/mnews/article/005/0001539031?sid=104
https://n.news.naver.com/mnews/article/020/0003438657?sid=104
https://n.news.naver.com/mnews/article/005/0001539030?sid=104https://n.news.naver.com/mnews/article/020/0003438755?sid=104

https://n.news.naver.com/mnews/article/023/0003702270?sid=104
https://n.news.naver.com/mnews/article/005/0001539028?sid=104
https://n.news.naver.com/mnews/article/020/0003438753?sid=104
https://n.news.naver.com/mnews/article/469/0000684848?sid=104
https://n.news.naver.com/mnews/article/469/0000685400?sid=104
https://n.news.naver.com/mnews/article/023/0003702410?sid=104
https://n.news.naver.com/mnews/article/023/0003702245?sid=104
https://n.news.naver.com/mnews/article/005/0001538976?sid=104
https://n.news.naver.com/mnews/article/469/0000685034?sid=104
https://n.news.naver.com/mnews/article/023/0003702242?sid=104
https://n.news.naver.com/mnews/article/020/0003439186?sid=104
https://n.news.naver.com/mnews/article/469/0000685033?sid=104
https://n.news.naver.com/mnews/article/023/0003702241?sid=104
https://n.news.naver.com/mnews/article/023/0003702950?sid=104
https://n.news.naver.com/mnews/article/023/0003702240?sid=104
https://n.news.naver.com/mnews/article/005/0001538477?sid=104
https://n.news.naver.com/mnews/article/023/0003702944?sid=104
https://n.news.naver.com/mnews/article/005/0001538296?sid=104
https://n.news.naver.com/mnews/article/023/0003702406?sid=104
https://n.news.naver.com/mnews/article/020/0003439142?sid=104
https://n.news.naver.com/mnews/article/005/0001538289?sid=104
 75%|███████████████████████████████████████████████████████████████                     | 3/4 [01:31<00:28, 28.22s/it]https://n.news.naver.com/mnews/article/023/0003702800?sid=104
100%|████████████████████████████████████████████████████████████████████████████████████| 4/4 [01:31<00:00, 22.97s/it]
https://n.news.naver.com/mnews/article/005/0001538286?sid=104
https://n.news.naver.com/mnews/article/023/0003702797?sid=104
https://n.news.naver.com/mnews/article/020/0003439069?sid=104
https://n.news.naver.com/mnews/article/469/0000684832?sid=104
https://n.news.naver.com/mnews/article/005/0001538797?sid=104
https://n.news.naver.com/mnews/article/469/0000684831?sid=104
https://n.news.naver.com/mnews/article/469/0000685265?sid=104
https://n.news.naver.com/mnews/article/005/0001538280?sid=104
https://n.news.naver.com/mnews/article/023/0003702785?sid=104
https://n.news.naver.com/mnews/article/023/0003702189?sid=104
https://n.news.naver.com/mnews/article/469/0000685260?sid=104
https://n.news.naver.com/mnews/article/020/0003438558?sid=104
https://n.news.naver.com/mnews/article/469/0000685258?sid=104
https://n.news.naver.com/mnews/article/023/0003702158?sid=104
https://n.news.naver.com/mnews/article/023/0003702783?sid=104
https://n.news.naver.com/mnews/article/023/0003702153?sid=104
https://n.news.naver.com/mnews/article/005/0001538788?sid=104
https://n.news.naver.com/mnews/article/469/0000684823?sid=104
https://n.news.naver.com/mnews/article/469/0000685253?sid=104
https://n.news.naver.com/mnews/article/023/0003702148?sid=104
https://n.news.naver.com/mnews/article/005/0001538785?sid=104
https://n.news.naver.com/mnews/article/469/0000684822?sid=104
https://n.news.naver.com/mnews/article/469/0000685250?sid=104
https://n.news.naver.com/mnews/article/469/0000684820?sid=104
https://n.news.naver.com/mnews/article/020/0003439058?sid=104
https://n.news.naver.com/mnews/article/005/0001538195?sid=104
https://n.news.naver.com/mnews/article/005/0001538782?sid=104
https://n.news.naver.com/mnews/article/005/0001538194?sid=104
https://n.news.naver.com/mnews/article/469/0000685245?sid=104
100%|████████████████████████████████████████████████████████████████████████████████████| 4/4 [01:33<00:00, 23.33s/it]
https://n.news.naver.com/mnews/article/023/0003702769?sid=104
https://n.news.naver.com/mnews/article/005/0001538778?sid=104
https://n.news.naver.com/mnews/article/023/0003702767?sid=104
https://n.news.naver.com/mnews/article/005/0001538777?sid=104
https://n.news.naver.com/mnews/article/005/0001538776?sid=104
https://n.news.naver.com/mnews/article/023/0003702764?sid=104
https://n.news.naver.com/mnews/article/023/0003702763?sid=104
https://n.news.naver.com/mnews/article/469/0000685229?sid=104
https://n.news.naver.com/mnews/article/005/0001538774?sid=104
https://n.news.naver.com/mnews/article/005/0001538772?sid=104
https://n.news.naver.com/mnews/article/020/0003439052?sid=104
https://n.news.naver.com/mnews/article/005/0001538768?sid=104
https://n.news.naver.com/mnews/article/023/0003702753?sid=104
https://n.news.naver.com/mnews/article/005/0001538758?sid=104
https://n.news.naver.com/mnews/article/023/0003702698?sid=104
https://n.news.naver.com/mnews/article/020/0003438997?sid=104
https://n.news.naver.com/mnews/article/023/0003702666?sid=104
https://n.news.naver.com/mnews/article/469/0000685204?sid=104
https://n.news.naver.com/mnews/article/023/0003702655?sid=104
https://n.news.naver.com/mnews/article/023/0003702653?sid=104
https://n.news.naver.com/mnews/article/005/0001538723?sid=104
100%|████████████████████████████████████████████████████████████████████████████████████| 4/4 [01:35<00:00, 23.82s/it]
104 322 end
[['105', '731', datetime.datetime(2022, 7, 13, 0, 0), datetime.datetime(2022, 7, 10, 0, 0)], ['105', '731', datetime.datetime(2022, 7, 11, 0, 0), datetime.datetime(2022, 7, 8, 0, 0)], ['105', '731', datetime.datetime(2022, 7, 9, 0, 0), datetime.datetime(2022, 7, 6, 0, 0)], ['105', '731', datetime.datetime(2022, 7, 7, 0, 0), datetime.datetime(2022, 7, 4, 0, 0)], ['105', '731', datetime.datetime(2022, 7, 5, 0, 0), datetime.datetime(2022, 7, 2, 0, 0)], ['105', '731', datetime.datetime(2022, 7, 3, 0, 0), datetime.datetime(2022, 7, 1, 0, 0)]] process :  8
['105', '731', datetime.datetime(2022, 7, 13, 0, 0), datetime.datetime(2022, 7, 10, 0, 0)]
['105', '731', datetime.datetime(2022, 7, 11, 0, 0), datetime.datetime(2022, 7, 8, 0, 0)]
100%|██████████████████████████████████████████████████████████████████████████████████| 4/4 [00:00<00:00, 3993.62it/s]['105', '731', datetime.datetime(2022, 7, 9, 0, 0), datetime.datetime(2022, 7, 6, 0, 0)]

['105', '731', datetime.datetime(2022, 7, 7, 0, 0), datetime.datetime(2022, 7, 4, 0, 0)]
  0%|                                                                                            | 0/4 [00:00<?, ?it/s]['105', '731', datetime.datetime(2022, 7, 5, 0, 0), datetime.datetime(2022, 7, 2, 0, 0)]
  0%|                                                                                            | 0/4 [00:00<?, ?it/s]['105', '731', datetime.datetime(2022, 7, 3, 0, 0), datetime.datetime(2022, 7, 1, 0, 0)]
https://n.news.naver.com/mnews/article/020/0003438199?sid=105
https://n.news.naver.com/mnews/article/020/0003439438?sid=105
  0%|                                                                                            | 0/3 [00:00<?, ?it/s]https://n.news.naver.com/mnews/article/020/0003438723?sid=105
https://n.news.naver.com/mnews/article/020/0003437810?sid=105
https://n.news.naver.com/mnews/article/020/0003437810?sid=105
100%|████████████████████████████████████████████████████████████████████████████████████| 4/4 [00:00<00:00, 36.33it/s]
100%|████████████████████████████████████████████████████████████████████████████████████| 4/4 [00:00<00:00, 24.67it/s]
100%|████████████████████████████████████████████████████████████████████████████████████| 3/3 [00:00<00:00, 18.28it/s]
 50%|██████████████████████████████████████████                                          | 2/4 [00:00<00:00, 10.92it/s]https://n.news.naver.com/mnews/article/020/0003438199?sid=105
 50%|██████████████████████████████████████████                                          | 2/4 [00:00<00:00, 10.57it/s]https://n.news.naver.com/mnews/article/020/0003438723?sid=105
100%|████████████████████████████████████████████████████████████████████████████████████| 4/4 [00:00<00:00, 14.80it/s]
100%|████████████████████████████████████████████████████████████████████████████████████| 4/4 [00:00<00:00, 14.27it/s]
105 731 end
[['105', '226', datetime.datetime(2022, 7, 13, 0, 0), datetime.datetime(2022, 7, 10, 0, 0)], ['105', '226', datetime.datetime(2022, 7, 11, 0, 0), datetime.datetime(2022, 7, 8, 0, 0)], ['105', '226', datetime.datetime(2022, 7, 9, 0, 0), datetime.datetime(2022, 7, 6, 0, 0)], ['105', '226', datetime.datetime(2022, 7, 7, 0, 0), datetime.datetime(2022, 7, 4, 0, 0)], ['105', '226', datetime.datetime(2022, 7, 5, 0, 0), datetime.datetime(2022, 7, 2, 0, 0)], ['105', '226', datetime.datetime(2022, 7, 3, 0, 0), datetime.datetime(2022, 7, 1, 0, 0)]] process :  8
['105', '226', datetime.datetime(2022, 7, 13, 0, 0), datetime.datetime(2022, 7, 10, 0, 0)]
['105', '226', datetime.datetime(2022, 7, 11, 0, 0), datetime.datetime(2022, 7, 8, 0, 0)]
  0%|                                                                                            | 0/4 [00:00<?, ?it/s]['105', '226', datetime.datetime(2022, 7, 9, 0, 0), datetime.datetime(2022, 7, 6, 0, 0)]['105', '226', datetime.datetime(2022, 7, 7, 0, 0), datetime.datetime(2022, 7, 4, 0, 0)]

['105', '226', datetime.datetime(2022, 7, 5, 0, 0), datetime.datetime(2022, 7, 2, 0, 0)]
  0%|                                                                                            | 0/4 [00:00<?, ?it/s]https://n.news.naver.com/mnews/article/020/0003438853?sid=105https://n.news.naver.com/mnews/article/020/0003439701?sid=105

https://n.news.naver.com/mnews/article/020/0003437945?sid=105https://n.news.naver.com/mnews/article/020/0003437945?sid=105

https://n.news.naver.com/mnews/article/020/0003438390?sid=105
['105', '226', datetime.datetime(2022, 7, 3, 0, 0), datetime.datetime(2022, 7, 1, 0, 0)]
  0%|                                                                                            | 0/3 [00:00<?, ?it/s]https://n.news.naver.com/mnews/article/020/0003437561?sid=105
https://n.news.naver.com/mnews/article/020/0003438848?sid=105
https://n.news.naver.com/mnews/article/020/0003439695?sid=105
https://n.news.naver.com/mnews/article/020/0003437880?sid=105
https://n.news.naver.com/mnews/article/020/0003437880?sid=105
 33%|████████████████████████████                                                        | 1/3 [00:00<00:00,  5.61it/s]h100%|████████████████████████████████████████████████████████████████████████████████████| 3/3 [00:00<00:00, 16.74it/s]

https://n.news.naver.com/mnews/article/020/0003439693?sid=105
100%|████████████████████████████████████████████████████████████████████████████████████| 4/4 [00:00<00:00, 13.64it/s]
100%|████████████████████████████████████████████████████████████████████████████████████| 4/4 [00:00<00:00, 13.41it/s]
 25%|█████████████████████                                                               | 1/4 [00:00<00:00,  3.37it/s]https://n.news.naver.com/mnews/article/020/0003438390?sid=105
100%|████████████████████████████████████████████████████████████████████████████████████| 4/4 [00:00<00:00, 13.06it/s]
https://n.news.naver.com/mnews/article/020/0003438357?sid=105
https://n.news.naver.com/mnews/article/020/0003438381?sid=105
https://n.news.naver.com/mnews/article/020/0003438357?sid=105
https://n.news.naver.com/mnews/article/020/0003438346?sid=105
https://n.news.naver.com/mnews/article/020/0003438346?sid=105
 25%|█████████████████████                                                               | 1/4 [00:00<00:01,  1.62it/s]https://n.news.naver.com/mnews/article/020/0003438853?sid=105
100%|████████████████████████████████████████████████████████████████████████████████████| 4/4 [00:00<00:00,  5.67it/s]
https://n.news.naver.com/mnews/article/020/0003438848?sid=105
100%|████████████████████████████████████████████████████████████████████████████████████| 4/4 [00:00<00:00,  4.89it/s]
105 226 end
[['105', '227', datetime.datetime(2022, 7, 13, 0, 0), datetime.datetime(2022, 7, 10, 0, 0)], ['105', '227', datetime.datetime(2022, 7, 11, 0, 0), datetime.datetime(2022, 7, 8, 0, 0)], ['105', '227', datetime.datetime(2022, 7, 9, 0, 0), datetime.datetime(2022, 7, 6, 0, 0)], ['105', '227', datetime.datetime(2022, 7, 7, 0, 0), datetime.datetime(2022, 7, 4, 0, 0)], ['105', '227', datetime.datetime(2022, 7, 5, 0, 0), datetime.datetime(2022, 7, 2, 0, 0)], ['105', '227', datetime.datetime(2022, 7, 3, 0, 0), datetime.datetime(2022, 7, 1, 0, 0)]] process :  8
['105', '227', datetime.datetime(2022, 7, 13, 0, 0), datetime.datetime(2022, 7, 10, 0, 0)]
['105', '227', datetime.datetime(2022, 7, 11, 0, 0), datetime.datetime(2022, 7, 8, 0, 0)]
['105', '227', datetime.datetime(2022, 7, 9, 0, 0), datetime.datetime(2022, 7, 6, 0, 0)]
100%|██████████████████████████████████████████████████████████████████████████████████| 4/4 [00:00<00:00, 3996.48it/s]
100%|██████████████████████████████████████████████████████████████████████████████████| 4/4 [00:00<00:00, 3996.48it/s]
['105', '227', datetime.datetime(2022, 7, 7, 0, 0), datetime.datetime(2022, 7, 4, 0, 0)]
100%|██████████████████████████████████████████████████████████████████████████████████| 4/4 [00:00<00:00, 3996.48it/s]['105', '227', datetime.datetime(2022, 7, 5, 0, 0), datetime.datetime(2022, 7, 2, 0, 0)]

['105', '227', datetime.datetime(2022, 7, 3, 0, 0), datetime.datetime(2022, 7, 1, 0, 0)]
100%|██████████████████████████████████████████████████████████████████████████████████| 4/4 [00:00<00:00, 3994.58it/s]
100%|██████████████████████████████████████████████████████████████████████████████████| 3/3 [00:00<00:00, 2995.93it/s]

105 227 end
[['105', '230', datetime.datetime(2022, 7, 13, 0, 0), datetime.datetime(2022, 7, 10, 0, 0)], ['105', '230', datetime.datetime(2022, 7, 11, 0, 0), datetime.datetime(2022, 7, 8, 0, 0)], ['105', '230', datetime.datetime(2022, 7, 9, 0, 0), datetime.datetime(2022, 7, 6, 0, 0)], ['105', '230', datetime.datetime(2022, 7, 7, 0, 0), datetime.datetime(2022, 7, 4, 0, 0)], ['105', '230', datetime.datetime(2022, 7, 5, 0, 0), datetime.datetime(2022, 7, 2, 0, 0)], ['105', '230', datetime.datetime(2022, 7, 3, 0, 0), datetime.datetime(2022, 7, 1, 0, 0)]] process :  8
['105', '230', datetime.datetime(2022, 7, 13, 0, 0), datetime.datetime(2022, 7, 10, 0, 0)]
  0%|                                                                                            | 0/4 [00:00<?, ?it/s]['105', '230', datetime.datetime(2022, 7, 11, 0, 0), datetime.datetime(2022, 7, 8, 0, 0)]
  0%|                                                                                            | 0/4 [00:00<?, ?it/s]['105', '230', datetime.datetime(2022, 7, 9, 0, 0), datetime.datetime(2022, 7, 6, 0, 0)]
  0%|                                                                                            | 0/4 [00:00<?, ?it/s]['105', '230', datetime.datetime(2022, 7, 7, 0, 0), datetime.datetime(2022, 7, 4, 0, 0)]
['105', '230', datetime.datetime(2022, 7, 5, 0, 0), datetime.datetime(2022, 7, 2, 0, 0)]
  0%|                                                                                            | 0/4 [00:00<?, ?it/s]
  0%|                                                                                            | 0/4 [00:00<?, ?it/s]https://n.news.naver.com/mnews/article/020/0003438963?sid=105
https://n.news.naver.com/mnews/article/081/0003285267?sid=105
https://n.news.naver.com/mnews/article/005/0001537156?sid=105
https://n.news.naver.com/mnews/article/032/0003157538?sid=105
['105', '230', datetime.datetime(2022, 7, 3, 0, 0), datetime.datetime(2022, 7, 1, 0, 0)]
  0%|                                                                                            | 0/3 [00:00<?, ?it/s]https://n.news.naver.com/mnews/article/022/0003710976?sid=105
https://n.news.naver.com/mnews/article/081/0003285264?sid=105
https://n.news.naver.com/mnews/article/005/0001537153?sid=105
https://n.news.naver.com/mnews/article/020/0003438962?sid=105
https://n.news.naver.com/mnews/article/469/0000684355?sid=105
https://n.news.naver.com/mnews/article/032/0003158810?sid=105
https://n.news.naver.com/mnews/article/020/0003437691?sid=105
https://n.news.naver.com/mnews/article/032/0003158115?sid=105
https://n.news.naver.com/mnews/article/005/0001537148?sid=105
https://n.news.naver.com/mnews/article/020/0003437687?sid=105
https://n.news.naver.com/mnews/article/032/0003158808?sid=105
https://n.news.naver.com/mnews/article/020/0003438961?sid=105
https://n.news.naver.com/mnews/article/081/0003284603?sid=105
https://n.news.naver.com/mnews/article/020/0003437686?sid=105
https://n.news.naver.com/mnews/article/032/0003158069?sid=105
https://n.news.naver.com/mnews/article/022/0003711145?sid=105
https://n.news.naver.com/mnews/article/005/0001538906?sid=105
https://n.news.naver.com/mnews/article/020/0003438952?sid=105
https://n.news.naver.com/mnews/article/022/0003710935?sid=105
https://n.news.naver.com/mnews/article/022/0003711723?sid=105
https://n.news.naver.com/mnews/article/032/0003158068?sid=105
https://n.news.naver.com/mnews/article/081/0003284165?sid=105
https://n.news.naver.com/mnews/article/081/0003285771?sid=105
https://n.news.naver.com/mnews/article/020/0003439103?sid=105
https://n.news.naver.com/mnews/article/020/0003437680?sid=105
https://n.news.naver.com/mnews/article/005/0001538662?sid=105
https://n.news.naver.com/mnews/article/028/0002597318?sid=105
https://n.news.naver.com/mnews/article/020/0003439101?sid=105
https://n.news.naver.com/mnews/article/020/0003438509?sid=105
https://n.news.naver.com/mnews/article/020/0003437779?sid=105
https://n.news.naver.com/mnews/article/020/0003437678?sid=105
https://n.news.naver.com/mnews/article/020/0003438042?sid=105
https://n.news.naver.com/mnews/article/032/0003158718?sid=105
https://n.news.naver.com/mnews/article/020/0003438502?sid=105
https://n.news.naver.com/mnews/article/020/0003437776?sid=105
https://n.news.naver.com/mnews/article/081/0003285753?sid=105
https://n.news.naver.com/mnews/article/020/0003438041?sid=105
https://n.news.naver.com/mnews/article/020/0003437677?sid=105
https://n.news.naver.com/mnews/article/020/0003437774?sid=105
https://n.news.naver.com/mnews/article/020/0003438501?sid=105
https://n.news.naver.com/mnews/article/469/0000685315?sid=105
https://n.news.naver.com/mnews/article/028/0002597310?sid=105
https://n.news.naver.com/mnews/article/081/0003285747?sid=105
https://n.news.naver.com/mnews/article/081/0003284152?sid=105
https://n.news.naver.com/mnews/article/081/0003285951?sid=105
https://n.news.naver.com/mnews/article/020/0003437674?sid=105
https://n.news.naver.com/mnews/article/081/0003285244?sid=105
https://n.news.naver.com/mnews/article/005/0001537552?sid=105
https://n.news.naver.com/mnews/article/469/0000683993?sid=105
https://n.news.naver.com/mnews/article/020/0003437664?sid=105
https://n.news.naver.com/mnews/article/081/0003285939?sid=105
https://n.news.naver.com/mnews/article/469/0000684785?sid=105
https://n.news.naver.com/mnews/article/081/0003284149?sid=105
https://n.news.naver.com/mnews/article/005/0001537049?sid=105
https://n.news.naver.com/mnews/article/020/0003438925?sid=105
https://n.news.naver.com/mnews/article/032/0003157472?sid=105
https://n.news.naver.com/mnews/article/028/0002597998?sid=105
https://n.news.naver.com/mnews/article/028/0002597593?sid=105
https://n.news.naver.com/mnews/article/081/0003285745?sid=105
https://n.news.naver.com/mnews/article/023/0003701123?sid=105
https://n.news.naver.com/mnews/article/020/0003438924?sid=105
https://n.news.naver.com/mnews/article/081/0003284585?sid=105
https://n.news.naver.com/mnews/article/020/0003438496?sid=105
https://n.news.naver.com/mnews/article/022/0003713571?sid=105
https://n.news.naver.com/mnews/article/023/0003701286?sid=105
https://n.news.naver.com/mnews/article/081/0003284063?sid=105
https://n.news.naver.com/mnews/article/020/0003438918?sid=105
https://n.news.naver.com/mnews/article/025/0003207808?sid=105
https://n.news.naver.com/mnews/article/469/0000685294?sid=105
https://n.news.naver.com/mnews/article/469/0000684324?sid=105
https://n.news.naver.com/mnews/article/022/0003711075?sid=105
https://n.news.naver.com/mnews/article/028/0002597010?sid=105
https://n.news.naver.com/mnews/article/020/0003439081?sid=105
https://n.news.naver.com/mnews/article/469/0000684763?sid=105
https://n.news.naver.com/mnews/article/081/0003284562?sid=105
https://n.news.naver.com/mnews/article/020/0003438915?sid=105
https://n.news.naver.com/mnews/article/469/0000685288?sid=105
https://n.news.naver.com/mnews/article/469/0000683971?sid=105
https://n.news.naver.com/mnews/article/005/0001538637?sid=105
https://n.news.naver.com/mnews/article/020/0003437644?sid=105
https://n.news.naver.com/mnews/article/469/0000684315?sid=105
https://n.news.naver.com/mnews/article/081/0003285201?sid=105
https://n.news.naver.com/mnews/article/032/0003156963?sid=105
https://n.news.naver.com/mnews/article/469/0000685116?sid=105
https://n.news.naver.com/mnews/article/469/0000685275?sid=105
https://n.news.naver.com/mnews/article/005/0001537119?sid=105
https://n.news.naver.com/mnews/article/005/0001537528?sid=105
https://n.news.naver.com/mnews/article/028/0002597583?sid=105
https://n.news.naver.com/mnews/article/469/0000685274?sid=105
https://n.news.naver.com/mnews/article/081/0003284051?sid=105
https://n.news.naver.com/mnews/article/020/0003438908?sid=105
https://n.news.naver.com/mnews/article/023/0003701192?sid=105
https://n.news.naver.com/mnews/article/020/0003439073?sid=105
https://n.news.naver.com/mnews/article/032/0003158018?sid=105
https://n.news.naver.com/mnews/article/020/0003438015?sid=105
https://n.news.naver.com/mnews/article/469/0000685115?sid=105
https://n.news.naver.com/mnews/article/005/0001538814?sid=105
https://n.news.naver.com/mnews/article/020/0003437634?sid=105
https://n.news.naver.com/mnews/article/020/0003437740?sid=105
https://n.news.naver.com/mnews/article/032/0003158009?sid=105
 25%|█████████████████████                                                               | 1/4 [00:02<00:07,  2.61s/it]https://n.news.naver.com/mnews/article/081/0003286352?sid=105
https://n.news.naver.com/mnews/article/020/0003437633?sid=105
https://n.news.naver.com/mnews/article/032/0003157440?sid=105
https://n.news.naver.com/mnews/article/032/0003158474?sid=105
https://n.news.naver.com/mnews/article/020/0003437729?sid=105
https://n.news.naver.com/mnews/article/032/0003159092?sid=105
https://n.news.naver.com/mnews/article/020/0003437621?sid=105
https://n.news.naver.com/mnews/article/005/0001538627?sid=105
https://n.news.naver.com/mnews/article/020/0003438479?sid=105
https://n.news.naver.com/mnews/article/020/0003439343?sid=105
https://n.news.naver.com/mnews/article/469/0000684299?sid=105
 25%|█████████████████████                                                               | 1/4 [00:02<00:08,  2.81s/it]https://n.news.naver.com/mnews/article/005/0001537019?sid=105
https://n.news.naver.com/mnews/article/032/0003157256?sid=105
https://n.news.naver.com/mnews/article/081/0003285159?sid=105
https://n.news.naver.com/mnews/article/469/0000685562?sid=105
https://n.news.naver.com/mnews/article/020/0003438901?sid=105
https://n.news.naver.com/mnews/article/020/0003438011?sid=105
https://n.news.naver.com/mnews/article/005/0001537014?sid=105
https://n.news.naver.com/mnews/article/020/0003439330?sid=105
https://n.news.naver.com/mnews/article/032/0003157254?sid=105
https://n.news.naver.com/mnews/article/469/0000684735?sid=105
https://n.news.naver.com/mnews/article/020/0003438892?sid=105
https://n.news.naver.com/mnews/article/020/0003439329?sid=105
https://n.news.naver.com/mnews/article/020/0003438010?sid=105
https://n.news.naver.com/mnews/article/005/0001537008?sid=105
https://n.news.naver.com/mnews/article/023/0003702547?sid=105
https://n.news.naver.com/mnews/article/020/0003439325?sid=105
https://n.news.naver.com/mnews/article/081/0003284291?sid=105
https://n.news.naver.com/mnews/article/020/0003438473?sid=105
https://n.news.naver.com/mnews/article/020/0003439319?sid=105
https://n.news.naver.com/mnews/article/025/0003207172?sid=105
https://n.news.naver.com/mnews/article/025/0003208266?sid=105
https://n.news.naver.com/mnews/article/020/0003437609?sid=105
https://n.news.naver.com/mnews/article/020/0003438471?sid=105
https://n.news.naver.com/mnews/article/032/0003159017?sid=105
https://n.news.naver.com/mnews/article/020/0003437822?sid=105
https://n.news.naver.com/mnews/article/020/0003438465?sid=105
https://n.news.naver.com/mnews/article/020/0003439313?sid=105
https://n.news.naver.com/mnews/article/081/0003285683?sid=105
https://n.news.naver.com/mnews/article/028/0002597260?sid=105
https://n.news.naver.com/mnews/article/022/0003711299?sid=105
https://n.news.naver.com/mnews/article/023/0003702070?sid=105
https://n.news.naver.com/mnews/article/020/0003437608?sid=105
https://n.news.naver.com/mnews/article/469/0000685067?sid=105
https://n.news.naver.com/mnews/article/005/0001539153?sid=105
https://n.news.naver.com/mnews/article/020/0003438461?sid=105
https://n.news.naver.com/mnews/article/022/0003711640?sid=105
https://n.news.naver.com/mnews/article/023/0003701066?sid=105
https://n.news.naver.com/mnews/article/022/0003711297?sid=105
https://n.news.naver.com/mnews/article/023/0003702524?sid=105
https://n.news.naver.com/mnews/article/032/0003157960?sid=105
https://n.news.naver.com/mnews/article/020/0003438005?sid=105
https://n.news.naver.com/mnews/article/028/0002598177?sid=105
https://n.news.naver.com/mnews/article/025/0003206650?sid=105
https://n.news.naver.com/mnews/article/028/0002597125?sid=105
https://n.news.naver.com/mnews/article/020/0003438448?sid=105
https://n.news.naver.com/mnews/article/023/0003702523?sid=105
https://n.news.naver.com/mnews/article/081/0003284000?sid=105
https://n.news.naver.com/mnews/article/081/0003284517?sid=105
https://n.news.naver.com/mnews/article/032/0003158995?sid=105
https://n.news.naver.com/mnews/article/020/0003437812?sid=105
https://n.news.naver.com/mnews/article/020/0003438447?sid=105
https://n.news.naver.com/mnews/article/022/0003713146?sid=105
https://n.news.naver.com/mnews/article/032/0003157929?sid=105
https://n.news.naver.com/mnews/article/005/0001537232?sid=105
https://n.news.naver.com/mnews/article/081/0003283989?sid=105
https://n.news.naver.com/mnews/article/023/0003703065?sid=105
https://n.news.naver.com/mnews/article/020/0003438002?sid=105
https://n.news.naver.com/mnews/article/005/0001537493?sid=105
https://n.news.naver.com/mnews/article/020/0003439302?sid=105
https://n.news.naver.com/mnews/article/081/0003283980?sid=105
https://n.news.naver.com/mnews/article/020/0003438880?sid=105
https://n.news.naver.com/mnews/article/020/0003439298?sid=105
https://n.news.naver.com/mnews/article/032/0003157405?sid=105
https://n.news.naver.com/mnews/article/020/0003437810?sid=105
https://n.news.naver.com/mnews/article/023/0003701042?sid=105
https://n.news.naver.com/mnews/article/020/0003437809?sid=105
https://n.news.naver.com/mnews/article/469/0000685513?sid=105
https://n.news.naver.com/mnews/article/023/0003702439?sid=105
https://n.news.naver.com/mnews/article/020/0003438436?sid=105
https://n.news.naver.com/mnews/article/081/0003284252?sid=105
https://n.news.naver.com/mnews/article/020/0003437990?sid=105
https://n.news.naver.com/mnews/article/020/0003438774?sid=105
https://n.news.naver.com/mnews/article/022/0003710787?sid=105
https://n.news.naver.com/mnews/article/028/0002597547?sid=105
https://n.news.naver.com/mnews/article/081/0003286265?sid=105
https://n.news.naver.com/mnews/article/020/0003437989?sid=105
https://n.news.naver.com/mnews/article/023/0003702429?sid=105
https://n.news.naver.com/mnews/article/020/0003439294?sid=105
https://n.news.naver.com/mnews/article/081/0003284234?sid=105
https://n.news.naver.com/mnews/article/023/0003701035?sid=105
https://n.news.naver.com/mnews/article/005/0001538070?sid=105
https://n.news.naver.com/mnews/article/020/0003437987?sid=105
https://n.news.naver.com/mnews/article/020/0003439292?sid=105
https://n.news.naver.com/mnews/article/023/0003702419?sid=105
https://n.news.naver.com/mnews/article/469/0000684066?sid=105
https://n.news.naver.com/mnews/article/020/0003437985?sid=105
https://n.news.naver.com/mnews/article/081/0003283902?sid=105
https://n.news.naver.com/mnews/article/005/0001539121?sid=105
https://n.news.naver.com/mnews/article/023/0003702414?sid=105
https://n.news.naver.com/mnews/article/032/0003157919?sid=105
https://n.news.naver.com/mnews/article/020/0003437982?sid=105
https://n.news.naver.com/mnews/article/022/0003713015?sid=105
https://n.news.naver.com/mnews/article/020/0003437800?sid=105
https://n.news.naver.com/mnews/article/020/0003438432?sid=105
https://n.news.naver.com/mnews/article/005/0001539114?sid=105
https://n.news.naver.com/mnews/article/022/0003711575?sid=105
https://n.news.naver.com/mnews/article/025/0003208163?sid=105
https://n.news.naver.com/mnews/article/005/0001538061?sid=105
https://n.news.naver.com/mnews/article/469/0000683799?sid=105
https://n.news.naver.com/mnews/article/022/0003711241?sid=105
https://n.news.naver.com/mnews/article/028/0002598150?sid=105
 25%|█████████████████████                                                               | 1/4 [00:05<00:16,  5.50s/it]https://n.news.naver.com/mnews/article/022/0003713528?sid=105
https://n.news.naver.com/mnews/article/020/0003437979?sid=105
https://n.news.naver.com/mnews/article/022/0003712362?sid=105
https://n.news.naver.com/mnews/article/081/0003286235?sid=105
https://n.news.naver.com/mnews/article/469/0000684053?sid=105
https://n.news.naver.com/mnews/article/469/0000683790?sid=105
https://n.news.naver.com/mnews/article/032/0003157374?sid=105
https://n.news.naver.com/mnews/article/469/0000685253?sid=105
https://n.news.naver.com/mnews/article/020/0003438413?sid=105
https://n.news.naver.com/mnews/article/469/0000685476?sid=105
https://n.news.naver.com/mnews/article/025/0003206867?sid=105
https://n.news.naver.com/mnews/article/020/0003439062?sid=105
https://n.news.naver.com/mnews/article/028/0002597221?sid=105
https://n.news.naver.com/mnews/article/023/0003700987?sid=105
https://n.news.naver.com/mnews/article/022/0003713926?sid=105
https://n.news.naver.com/mnews/article/005/0001538009?sid=105
https://n.news.naver.com/mnews/article/081/0003285881?sid=105
https://n.news.naver.com/mnews/article/021/0002520587?sid=105
https://n.news.naver.com/mnews/article/023/0003700978?sid=105
https://n.news.naver.com/mnews/article/081/0003284968?sid=105
https://n.news.naver.com/mnews/article/028/0002597080?sid=105
https://n.news.naver.com/mnews/article/022/0003713925?sid=105
https://n.news.naver.com/mnews/article/081/0003285878?sid=105
https://n.news.naver.com/mnews/article/020/0003437972?sid=105
https://n.news.naver.com/mnews/article/020/0003439273?sid=105
https://n.news.naver.com/mnews/article/020/0003437537?sid=105
https://n.news.naver.com/mnews/article/081/0003284950?sid=105
https://n.news.naver.com/mnews/article/081/0003286216?sid=105
https://n.news.naver.com/mnews/article/081/0003285863?sid=105
https://n.news.naver.com/mnews/article/020/0003437793?sid=105
https://n.news.naver.com/mnews/article/020/0003437527?sid=105
https://n.news.naver.com/mnews/article/005/0001537435?sid=105
https://n.news.naver.com/mnews/article/081/0003286214?sid=105
https://n.news.naver.com/mnews/article/081/0003284193?sid=105
https://n.news.naver.com/mnews/article/022/0003713431?sid=105
https://n.news.naver.com/mnews/article/469/0000684628?sid=105
https://n.news.naver.com/mnews/article/020/0003437499?sid=105
https://n.news.naver.com/mnews/article/081/0003284426?sid=105
https://n.news.naver.com/mnews/article/023/0003701900?sid=105
https://n.news.naver.com/mnews/article/022/0003713888?sid=105
https://n.news.naver.com/mnews/article/020/0003437498?sid=105
https://n.news.naver.com/mnews/article/469/0000684031?sid=105
https://n.news.naver.com/mnews/article/020/0003437965?sid=105
https://n.news.naver.com/mnews/article/023/0003703025?sid=105
https://n.news.naver.com/mnews/article/469/0000685220?sid=105
https://n.news.naver.com/mnews/article/025/0003206559?sid=105
https://n.news.naver.com/mnews/article/022/0003711507?sid=105
https://n.news.naver.com/mnews/article/022/0003711184?sid=105
https://n.news.naver.com/mnews/article/023/0003701899?sid=105
https://n.news.naver.com/mnews/article/032/0003158930?sid=105
https://n.news.naver.com/mnews/article/022/0003713413?sid=105
https://n.news.naver.com/mnews/article/023/0003701890?sid=105
https://n.news.naver.com/mnews/article/081/0003284406?sid=105
 33%|████████████████████████████                                                        | 1/3 [00:06<00:13,  6.87s/it]https://n.news.naver.com/mnews/article/005/0001537156?sid=105
https://n.news.naver.com/mnews/article/020/0003437785?sid=105
https://n.news.naver.com/mnews/article/025/0003208737?sid=105
https://n.news.naver.com/mnews/article/005/0001537153?sid=105
https://n.news.naver.com/mnews/article/020/0003439040?sid=105
 50%|██████████████████████████████████████████                                          | 2/4 [00:07<00:06,  3.23s/it]https://n.news.naver.com/mnews/article/032/0003157538?sid=105
https://n.news.naver.com/mnews/article/081/0003284399?sid=105
https://n.news.naver.com/mnews/article/023/0003701885?sid=105
https://n.news.naver.com/mnews/article/005/0001537148?sid=105
https://n.news.naver.com/mnews/article/023/0003702693?sid=105
https://n.news.naver.com/mnews/article/469/0000684205?sid=105
https://n.news.naver.com/mnews/article/469/0000684355?sid=105
https://n.news.naver.com/mnews/article/081/0003286180?sid=105
https://n.news.naver.com/mnews/article/022/0003711145?sid=105
https://n.news.naver.com/mnews/article/081/0003284603?sid=105
https://n.news.naver.com/mnews/article/023/0003702681?sid=105
https://n.news.naver.com/mnews/article/023/0003701879?sid=105
https://n.news.naver.com/mnews/article/081/0003284165?sid=105
https://n.news.naver.com/mnews/article/469/0000684198?sid=105
https://n.news.naver.com/mnews/article/022/0003713833?sid=105
https://n.news.naver.com/mnews/article/025/0003207625?sid=105
https://n.news.naver.com/mnews/article/022/0003711723?sid=105
https://n.news.naver.com/mnews/article/020/0003439007?sid=105
https://n.news.naver.com/mnews/article/020/0003437779?sid=105
https://n.news.naver.com/mnews/article/028/0002597318?sid=105
 25%|█████████████████████                                                               | 1/4 [00:07<00:22,  7.42s/it]https://n.news.naver.com/mnews/article/022/0003712987?sid=105
https://n.news.naver.com/mnews/article/023/0003701504?sid=105
 50%|██████████████████████████████████████████                                          | 2/4 [00:07<00:08,  4.43s/it]https://n.news.naver.com/mnews/article/032/0003158841?sid=105
https://n.news.naver.com/mnews/article/028/0002598087?sid=105
https://n.news.naver.com/mnews/article/020/0003437776?sid=105
https://n.news.naver.com/mnews/article/020/0003438042?sid=105
https://n.news.naver.com/mnews/article/032/0003158810?sid=105
https://n.news.naver.com/mnews/article/020/0003439237?sid=105
https://n.news.naver.com/mnews/article/020/0003437774?sid=105
https://n.news.naver.com/mnews/article/022/0003712980?sid=105
https://n.news.naver.com/mnews/article/469/0000684188?sid=105
https://n.news.naver.com/mnews/article/020/0003438041?sid=105
https://n.news.naver.com/mnews/article/032/0003158808?sid=105
https://n.news.naver.com/mnews/article/081/0003284152?sid=105
https://n.news.naver.com/mnews/article/032/0003158329?sid=105
https://n.news.naver.com/mnews/article/028/0002597310?sid=105
https://n.news.naver.com/mnews/article/469/0000684187?sid=105
https://n.news.naver.com/mnews/article/469/0000685418?sid=105
https://n.news.naver.com/mnews/article/469/0000683993?sid=105
https://n.news.naver.com/mnews/article/005/0001538906?sid=105
https://n.news.naver.com/mnews/article/005/0001537552?sid=105
https://n.news.naver.com/mnews/article/023/0003702374?sid=105
https://n.news.naver.com/mnews/article/081/0003284149?sid=105
https://n.news.naver.com/mnews/article/023/0003701494?sid=105
https://n.news.naver.com/mnews/article/020/0003439103?sid=105
https://n.news.naver.com/mnews/article/032/0003157472?sid=105
https://n.news.naver.com/mnews/article/081/0003286118?sid=105
https://n.news.naver.com/mnews/article/020/0003439101?sid=105
https://n.news.naver.com/mnews/article/023/0003701286?sid=105
https://n.news.naver.com/mnews/article/005/0001538440?sid=105
https://n.news.naver.com/mnews/article/081/0003284585?sid=105
https://n.news.naver.com/mnews/article/081/0003286117?sid=105
https://n.news.naver.com/mnews/article/022/0003711456?sid=105
https://n.news.naver.com/mnews/article/032/0003158718?sid=105
https://n.news.naver.com/mnews/article/022/0003711075?sid=105
https://n.news.naver.com/mnews/article/469/0000684324?sid=105
https://n.news.naver.com/mnews/article/020/0003438723?sid=105
https://n.news.naver.com/mnews/article/469/0000683971?sid=105https://n.news.naver.com/mnews/article/469/0000685315?sid=105

https://n.news.naver.com/mnews/article/081/0003286116?sid=105
https://n.news.naver.com/mnews/article/081/0003284562?sid=105
https://n.news.naver.com/mnews/article/469/0000684994?sid=105
https://n.news.naver.com/mnews/article/005/0001537119?sid=105
https://n.news.naver.com/mnews/article/081/0003285951?sid=105
https://n.news.naver.com/mnews/article/032/0003157310?sid=105
https://n.news.naver.com/mnews/article/469/0000684315?sid=105
https://n.news.naver.com/mnews/article/020/0003438720?sid=105
https://n.news.naver.com/mnews/article/081/0003285939?sid=105
https://n.news.naver.com/mnews/article/023/0003701192?sid=105
https://n.news.naver.com/mnews/article/469/0000685415?sid=105
https://n.news.naver.com/mnews/article/005/0001537528?sid=105
https://n.news.naver.com/mnews/article/020/0003437740?sid=105
https://n.news.naver.com/mnews/article/028/0002597998?sid=105
https://n.news.naver.com/mnews/article/020/0003438719?sid=105
https://n.news.naver.com/mnews/article/020/0003439209?sid=105
https://n.news.naver.com/mnews/article/022/0003711443?sid=105
https://n.news.naver.com/mnews/article/020/0003438015?sid=105
https://n.news.naver.com/mnews/article/020/0003437729?sid=105
https://n.news.naver.com/mnews/article/081/0003285520?sid=105
https://n.news.naver.com/mnews/article/022/0003713571?sid=105
https://n.news.naver.com/mnews/article/032/0003157440?sid=105
 67%|████████████████████████████████████████████████████████                            | 2/3 [00:08<00:05,  5.33s/it]https://n.news.naver.com/mnews/article/032/0003157256?sid=105
https://n.news.naver.com/mnews/article/020/0003439202?sid=105
https://n.news.naver.com/mnews/article/081/0003285497?sid=105
https://n.news.naver.com/mnews/article/025/0003207055?sid=105
https://n.news.naver.com/mnews/article/469/0000685294?sid=105
https://n.news.naver.com/mnews/article/469/0000684299?sid=105
https://n.news.naver.com/mnews/article/032/0003157254?sid=105
https://n.news.naver.com/mnews/article/469/0000684175?sid=105
https://n.news.naver.com/mnews/article/020/0003438011?sid=105
https://n.news.naver.com/mnews/article/020/0003439081?sid=105
https://n.news.naver.com/mnews/article/020/0003439200?sid=105
https://n.news.naver.com/mnews/article/081/0003284291?sid=105
https://n.news.naver.com/mnews/article/023/0003702346?sid=105
https://n.news.naver.com/mnews/article/020/0003438010?sid=105
https://n.news.naver.com/mnews/article/469/0000685288?sid=105
https://n.news.naver.com/mnews/article/020/0003439190?sid=105
https://n.news.naver.com/mnews/article/020/0003437822?sid=105
https://n.news.naver.com/mnews/article/081/0003284358?sid=105
https://n.news.naver.com/mnews/article/025/0003207172?sid=105
https://n.news.naver.com/mnews/article/469/0000685275?sid=105
https://n.news.naver.com/mnews/article/023/0003702916?sid=105
https://n.news.naver.com/mnews/article/022/0003711299?sid=105
https://n.news.naver.com/mnews/article/028/0002597260?sid=105
https://n.news.naver.com/mnews/article/022/0003711297?sid=105
https://n.news.naver.com/mnews/article/469/0000685274?sid=105
https://n.news.naver.com/mnews/article/469/0000684174?sid=105
https://n.news.naver.com/mnews/article/022/0003711640?sid=105
https://n.news.naver.com/mnews/article/028/0002597735?sid=105
https://n.news.naver.com/mnews/article/028/0002597125?sid=105
https://n.news.naver.com/mnews/article/023/0003702914?sid=105
https://n.news.naver.com/mnews/article/020/0003439073?sid=105
https://n.news.naver.com/mnews/article/020/0003438005?sid=105
https://n.news.naver.com/mnews/article/020/0003437812?sid=105
https://n.news.naver.com/mnews/article/023/0003702898?sid=105
https://n.news.naver.com/mnews/article/005/0001538814?sid=105
https://n.news.naver.com/mnews/article/469/0000684173?sid=105
https://n.news.naver.com/mnews/article/032/0003158264?sid=105
https://n.news.naver.com/mnews/article/081/0003284517?sid=105
 75%|███████████████████████████████████████████████████████████████                     | 3/4 [00:09<00:03,  3.69s/it]https://n.news.naver.com/mnews/article/081/0003286352?sid=105
https://n.news.naver.com/mnews/article/005/0001537232?sid=105
 50%|██████████████████████████████████████████                                          | 2/4 [00:09<00:07,  3.86s/it]https://n.news.naver.com/mnews/article/081/0003286698?sid=105
https://n.news.naver.com/mnews/article/020/0003438002?sid=105
https://n.news.naver.com/mnews/article/469/0000684157?sid=105
https://n.news.naver.com/mnews/article/020/0003437810?sid=105
https://n.news.naver.com/mnews/article/032/0003159376?sid=105
https://n.news.naver.com/mnews/article/032/0003159092?sid=105
https://n.news.naver.com/mnews/article/020/0003438690?sid=105
https://n.news.naver.com/mnews/article/005/0001537493?sid=105
https://n.news.naver.com/mnews/article/020/0003439343?sid=105
https://n.news.naver.com/mnews/article/020/0003437809?sid=105
https://n.news.naver.com/mnews/article/020/0003439596?sid=105
https://n.news.naver.com/mnews/article/081/0003285465?sid=105
https://n.news.naver.com/mnews/article/032/0003157405?sid=105
https://n.news.naver.com/mnews/article/023/0003701468?sid=105
https://n.news.naver.com/mnews/article/020/0003439589?sid=105
https://n.news.naver.com/mnews/article/081/0003284252?sid=105
https://n.news.naver.com/mnews/article/469/0000685562?sid=105
https://n.news.naver.com/mnews/article/020/0003437990?sid=105
https://n.news.naver.com/mnews/article/020/0003438684?sid=105
https://n.news.naver.com/mnews/article/020/0003439582?sid=105
https://n.news.naver.com/mnews/article/081/0003284234?sid=105
https://n.news.naver.com/mnews/article/020/0003439330?sid=105
https://n.news.naver.com/mnews/article/023/0003701466?sid=105
https://n.news.naver.com/mnews/article/020/0003437989?sid=105
https://n.news.naver.com/mnews/article/020/0003439576?sid=105
https://n.news.naver.com/mnews/article/020/0003438676?sid=105
https://n.news.naver.com/mnews/article/469/0000684066?sid=105
https://n.news.naver.com/mnews/article/020/0003439329?sid=105
https://n.news.naver.com/mnews/article/020/0003437987?sid=105
https://n.news.naver.com/mnews/article/023/0003701465?sid=105
https://n.news.naver.com/mnews/article/469/0000684908?sid=105
https://n.news.naver.com/mnews/article/469/0000685734?sid=105
https://n.news.naver.com/mnews/article/020/0003437800?sid=105
https://n.news.naver.com/mnews/article/020/0003439325?sid=105
https://n.news.naver.com/mnews/article/020/0003437985?sid=105
https://n.news.naver.com/mnews/article/020/0003439572?sid=105
https://n.news.naver.com/mnews/article/020/0003439319?sid=105
https://n.news.naver.com/mnews/article/022/0003711241?sid=105
https://n.news.naver.com/mnews/article/023/0003701460?sid=105
https://n.news.naver.com/mnews/article/020/0003437982?sid=105
https://n.news.naver.com/mnews/article/469/0000684903?sid=105
https://n.news.naver.com/mnews/article/032/0003159017?sid=105
https://n.news.naver.com/mnews/article/469/0000685731?sid=105
https://n.news.naver.com/mnews/article/469/0000684053?sid=105
https://n.news.naver.com/mnews/article/022/0003711575?sid=105
https://n.news.naver.com/mnews/article/020/0003439313?sid=105
https://n.news.naver.com/mnews/article/022/0003714363?sid=105
https://n.news.naver.com/mnews/article/020/0003437929?sid=105
https://n.news.naver.com/mnews/article/081/0003285413?sid=105
https://n.news.naver.com/mnews/article/025/0003206867?sid=105
https://n.news.naver.com/mnews/article/020/0003437979?sid=105
https://n.news.naver.com/mnews/article/005/0001539153?sid=105
https://n.news.naver.com/mnews/article/028/0002597080?sid=105
https://n.news.naver.com/mnews/article/020/0003439565?sid=105
https://n.news.naver.com/mnews/article/032/0003157374?sid=105
https://n.news.naver.com/mnews/article/023/0003701441?sid=105
https://n.news.naver.com/mnews/article/028/0002598177?sid=105
https://n.news.naver.com/mnews/article/005/0001538355?sid=105
https://n.news.naver.com/mnews/article/020/0003437793?sid=105
https://n.news.naver.com/mnews/article/028/0002597221?sid=105
https://n.news.naver.com/mnews/article/020/0003439557?sid=105
https://n.news.naver.com/mnews/article/020/0003437922?sid=105
https://n.news.naver.com/mnews/article/032/0003158995?sid=105
https://n.news.naver.com/mnews/article/081/0003284193?sid=105
https://n.news.naver.com/mnews/article/469/0000684897?sid=105
https://n.news.naver.com/mnews/article/021/0002520587?sid=105
https://n.news.naver.com/mnews/article/020/0003439556?sid=105
https://n.news.naver.com/mnews/article/020/0003437921?sid=105
https://n.news.naver.com/mnews/article/023/0003703065?sid=105
https://n.news.naver.com/mnews/article/469/0000684031?sid=105
https://n.news.naver.com/mnews/article/020/0003439555?sid=105
https://n.news.naver.com/mnews/article/020/0003437920?sid=105
https://n.news.naver.com/mnews/article/020/0003438669?sid=105
https://n.news.naver.com/mnews/article/020/0003437972?sid=105
https://n.news.naver.com/mnews/article/020/0003439302?sid=105
https://n.news.naver.com/mnews/article/022/0003711184?sid=105
https://n.news.naver.com/mnews/article/032/0003159257?sid=105
https://n.news.naver.com/mnews/article/005/0001537435?sid=105
https://n.news.naver.com/mnews/article/020/0003439298?sid=105
https://n.news.naver.com/mnews/article/020/0003437910?sid=105
https://n.news.naver.com/mnews/article/020/0003437785?sid=105
https://n.news.naver.com/mnews/article/081/0003286593?sid=105
https://n.news.naver.com/mnews/article/081/0003284426?sid=105
https://n.news.naver.com/mnews/article/469/0000685513?sid=105
https://n.news.naver.com/mnews/article/025/0003208006?sid=105
https://n.news.naver.com/mnews/article/023/0003701425?sid=105
100%|████████████████████████████████████████████████████████████████████████████████████| 3/3 [00:11<00:00,  3.67s/it]
https://n.news.naver.com/mnews/article/020/0003437965?sid=105
https://n.news.naver.com/mnews/article/081/0003286265?sid=105
https://n.news.naver.com/mnews/article/022/0003714341?sid=105
https://n.news.naver.com/mnews/article/022/0003711507?sid=105
https://n.news.naver.com/mnews/article/032/0003158197?sid=105
 25%|█████████████████████                                                               | 1/4 [00:11<00:33, 11.16s/it]https://n.news.naver.com/mnews/article/020/0003439294?sid=105
https://n.news.naver.com/mnews/article/025/0003207580?sid=105
https://n.news.naver.com/mnews/article/081/0003284406?sid=105
https://n.news.naver.com/mnews/article/020/0003439292?sid=105
https://n.news.naver.com/mnews/article/469/0000685694?sid=105
https://n.news.naver.com/mnews/article/032/0003157823?sid=105
https://n.news.naver.com/mnews/article/081/0003285394?sid=105
https://n.news.naver.com/mnews/article/081/0003284399?sid=105
https://n.news.naver.com/mnews/article/005/0001539121?sid=105
https://n.news.naver.com/mnews/article/028/0002598293?sid=105
https://n.news.naver.com/mnews/article/469/0000684205?sid=105
https://n.news.naver.com/mnews/article/005/0001539114?sid=105
https://n.news.naver.com/mnews/article/032/0003157811?sid=105
https://n.news.naver.com/mnews/article/469/0000684881?sid=105
https://n.news.naver.com/mnews/article/469/0000684198?sid=105
https://n.news.naver.com/mnews/article/081/0003286555?sid=105
https://n.news.naver.com/mnews/article/028/0002598150?sid=105
https://n.news.naver.com/mnews/article/032/0003157772?sid=105
https://n.news.naver.com/mnews/article/469/0000684873?sid=105
https://n.news.naver.com/mnews/article/023/0003701504?sid=105
https://n.news.naver.com/mnews/article/020/0003439537?sid=105
https://n.news.naver.com/mnews/article/081/0003286235?sid=105
https://n.news.naver.com/mnews/article/032/0003158173?sid=105
https://n.news.naver.com/mnews/article/469/0000684188?sid=105
https://n.news.naver.com/mnews/article/469/0000685476?sid=105
https://n.news.naver.com/mnews/article/020/0003439529?sid=105
https://n.news.naver.com/mnews/article/020/0003438269?sid=105
https://n.news.naver.com/mnews/article/081/0003286533?sid=105
https://n.news.naver.com/mnews/article/469/0000684187?sid=105
https://n.news.naver.com/mnews/article/022/0003713926?sid=105
https://n.news.naver.com/mnews/article/469/0000684575?sid=105
https://n.news.naver.com/mnews/article/023/0003701494?sid=105
https://n.news.naver.com/mnews/article/022/0003713925?sid=105
https://n.news.naver.com/mnews/article/081/0003286523?sid=105
https://n.news.naver.com/mnews/article/022/0003711456?sid=105
https://n.news.naver.com/mnews/article/028/0002597664?sid=105
https://n.news.naver.com/mnews/article/020/0003439273?sid=105
https://n.news.naver.com/mnews/article/020/0003438268?sid=105
https://n.news.naver.com/mnews/article/032/0003157310?sid=105
https://n.news.naver.com/mnews/article/469/0000684868?sid=105
https://n.news.naver.com/mnews/article/081/0003286216?sid=105
https://n.news.naver.com/mnews/article/005/0001539362?sid=105
https://n.news.naver.com/mnews/article/022/0003711443?sid=105
https://n.news.naver.com/mnews/article/005/0001537873?sid=105
https://n.news.naver.com/mnews/article/081/0003286214?sid=105
https://n.news.naver.com/mnews/article/469/0000685658?sid=105
https://n.news.naver.com/mnews/article/025/0003207055?sid=105
https://n.news.naver.com/mnews/article/022/0003712722?sid=105
https://n.news.naver.com/mnews/article/022/0003713888?sid=105
https://n.news.naver.com/mnews/article/020/0003439508?sid=105
https://n.news.naver.com/mnews/article/020/0003438262?sid=105
https://n.news.naver.com/mnews/article/469/0000684175?sid=105
https://n.news.naver.com/mnews/article/023/0003703025?sid=105
https://n.news.naver.com/mnews/article/081/0003286507?sid=105
https://n.news.naver.com/mnews/article/023/0003702261?sid=105
https://n.news.naver.com/mnews/article/081/0003284358?sid=105
https://n.news.naver.com/mnews/article/032/0003158930?sid=105
https://n.news.naver.com/mnews/article/022/0003714273?sid=105
https://n.news.naver.com/mnews/article/469/0000684860?sid=105
https://n.news.naver.com/mnews/article/022/0003714264?sid=105
https://n.news.naver.com/mnews/article/025/0003208737?sid=105
https://n.news.naver.com/mnews/article/469/0000684561?sid=105
https://n.news.naver.com/mnews/article/469/0000684174?sid=105
https://n.news.naver.com/mnews/article/020/0003438651?sid=105
https://n.news.naver.com/mnews/article/081/0003286180?sid=105
https://n.news.naver.com/mnews/article/469/0000684173?sid=105
https://n.news.naver.com/mnews/article/022/0003713833?sid=105
https://n.news.naver.com/mnews/article/020/0003439501?sid=105
https://n.news.naver.com/mnews/article/023/0003702258?sid=105
https://n.news.naver.com/mnews/article/469/0000684157?sid=105
https://n.news.naver.com/mnews/article/005/0001537869?sid=105
https://n.news.naver.com/mnews/article/028/0002598087?sid=105
https://n.news.naver.com/mnews/article/023/0003701468?sid=105
https://n.news.naver.com/mnews/article/469/0000684853?sid=105
https://n.news.naver.com/mnews/article/020/0003439486?sid=105
https://n.news.naver.com/mnews/article/469/0000684559?sid=105
https://n.news.naver.com/mnews/article/020/0003439237?sid=105
https://n.news.naver.com/mnews/article/023/0003701466?sid=105
https://n.news.naver.com/mnews/article/020/0003438649?sid=105
https://n.news.naver.com/mnews/article/469/0000685418?sid=105
https://n.news.naver.com/mnews/article/469/0000685623?sid=105
https://n.news.naver.com/mnews/article/023/0003701465?sid=105
https://n.news.naver.com/mnews/article/081/0003286118?sid=105
https://n.news.naver.com/mnews/article/022/0003714207?sid=105
https://n.news.naver.com/mnews/article/023/0003701460?sid=105
https://n.news.naver.com/mnews/article/081/0003286117?sid=105
https://n.news.naver.com/mnews/article/020/0003437929?sid=105
https://n.news.naver.com/mnews/article/028/0002597460?sid=105
https://n.news.naver.com/mnews/article/469/0000685619?sid=105
https://n.news.naver.com/mnews/article/081/0003286116?sid=105
https://n.news.naver.com/mnews/article/023/0003701441?sid=105
https://n.news.naver.com/mnews/article/469/0000685618?sid=105
https://n.news.naver.com/mnews/article/469/0000685415?sid=105
https://n.news.naver.com/mnews/article/020/0003438255?sid=105
https://n.news.naver.com/mnews/article/020/0003437922?sid=105
https://n.news.naver.com/mnews/article/023/0003702246?sid=105
https://n.news.naver.com/mnews/article/005/0001539321?sid=105
https://n.news.naver.com/mnews/article/020/0003439209?sid=105
https://n.news.naver.com/mnews/article/020/0003437921?sid=105
https://n.news.naver.com/mnews/article/020/0003438253?sid=105
https://n.news.naver.com/mnews/article/469/0000685613?sid=105
https://n.news.naver.com/mnews/article/020/0003439202?sid=105
https://n.news.naver.com/mnews/article/469/0000684845?sid=105
https://n.news.naver.com/mnews/article/020/0003437920?sid=105
https://n.news.naver.com/mnews/article/469/0000684544?sid=105
https://n.news.naver.com/mnews/article/020/0003439200?sid=105
https://n.news.naver.com/mnews/article/020/0003439438?sid=105
https://n.news.naver.com/mnews/article/081/0003285328?sid=105
https://n.news.naver.com/mnews/article/020/0003437910?sid=105
https://n.news.naver.com/mnews/article/020/0003439190?sid=105
https://n.news.naver.com/mnews/article/023/0003703139?sid=105
https://n.news.naver.com/mnews/article/023/0003701425?sid=105
https://n.news.naver.com/mnews/article/032/0003157737?sid=105
https://n.news.naver.com/mnews/article/023/0003702916?sid=105
 75%|███████████████████████████████████████████████████████████████                     | 3/4 [00:14<00:04,  4.36s/it]https://n.news.naver.com/mnews/article/025/0003207580?sid=105
https://n.news.naver.com/mnews/article/023/0003703123?sid=105
https://n.news.naver.com/mnews/article/469/0000684533?sid=105
https://n.news.naver.com/mnews/article/023/0003702914?sid=105
https://n.news.naver.com/mnews/article/028/0002597648?sid=105
https://n.news.naver.com/mnews/article/032/0003157823?sid=105
https://n.news.naver.com/mnews/article/023/0003702898?sid=105
https://n.news.naver.com/mnews/article/020/0003439353?sid=105
https://n.news.naver.com/mnews/article/032/0003157811?sid=105
https://n.news.naver.com/mnews/article/469/0000684839?sid=105
https://n.news.naver.com/mnews/article/028/0002597439?sid=105
https://n.news.naver.com/mnews/article/022/0003714139?sid=105
100%|████████████████████████████████████████████████████████████████████████████████████| 4/4 [00:14<00:00,  3.56s/it]
https://n.news.naver.com/mnews/article/032/0003157772?sid=105
https://n.news.naver.com/mnews/article/020/0003438269?sid=105
https://n.news.naver.com/mnews/article/022/0003714083?sid=105
https://n.news.naver.com/mnews/article/081/0003284883?sid=105
https://n.news.naver.com/mnews/article/023/0003702225?sid=105
https://n.news.naver.com/mnews/article/081/0003286362?sid=105
https://n.news.naver.com/mnews/article/469/0000684575?sid=105
https://n.news.naver.com/mnews/article/023/0003702221?sid=105
https://n.news.naver.com/mnews/article/020/0003438268?sid=105
https://n.news.naver.com/mnews/article/032/0003157720?sid=105
 75%|███████████████████████████████████████████████████████████████                     | 3/4 [00:14<00:04,  4.27s/it]https://n.news.naver.com/mnews/article/020/0003439845?sid=105
https://n.news.naver.com/mnews/article/023/0003702217?sid=105
https://n.news.naver.com/mnews/article/005/0001537873?sid=105
https://n.news.naver.com/mnews/article/020/0003439844?sid=105
https://n.news.naver.com/mnews/article/005/0001537835?sid=105
https://n.news.naver.com/mnews/article/020/0003438262?sid=105
https://n.news.naver.com/mnews/article/023/0003702215?sid=105
https://n.news.naver.com/mnews/article/028/0002598511?sid=105
https://n.news.naver.com/mnews/article/020/0003438577?sid=105
https://n.news.naver.com/mnews/article/469/0000684561?sid=105
https://n.news.naver.com/mnews/article/032/0003159567?sid=105
https://n.news.naver.com/mnews/article/032/0003157715?sid=105
https://n.news.naver.com/mnews/article/005/0001537869?sid=105
https://n.news.naver.com/mnews/article/020/0003438535?sid=105
https://n.news.naver.com/mnews/article/020/0003439840?sid=105
https://n.news.naver.com/mnews/article/469/0000684559?sid=105
https://n.news.naver.com/mnews/article/032/0003157711?sid=105
https://n.news.naver.com/mnews/article/020/0003438534?sid=105
https://n.news.naver.com/mnews/article/023/0003703556?sid=105
https://n.news.naver.com/mnews/article/028/0002597460?sid=105
https://n.news.naver.com/mnews/article/020/0003439819?sid=105
https://n.news.naver.com/mnews/article/020/0003438533?sid=105
https://n.news.naver.com/mnews/article/020/0003438233?sid=105
https://n.news.naver.com/mnews/article/020/0003438255?sid=105
https://n.news.naver.com/mnews/article/032/0003159555?sid=105
 50%|██████████████████████████████████████████                                          | 2/4 [00:15<00:15,  7.57s/it]https://n.news.naver.com/mnews/article/020/0003438963?sid=105
https://n.news.naver.com/mnews/article/022/0003712054?sid=105
https://n.news.naver.com/mnews/article/020/0003438253?sid=105
https://n.news.naver.com/mnews/article/005/0001539748?sid=105
https://n.news.naver.com/mnews/article/020/0003438962?sid=105
https://n.news.naver.com/mnews/article/022/0003712046?sid=105
https://n.news.naver.com/mnews/article/469/0000684544?sid=105
https://n.news.naver.com/mnews/article/081/0003286974?sid=105
https://n.news.naver.com/mnews/article/020/0003438961?sid=105
https://n.news.naver.com/mnews/article/032/0003157737?sid=105
https://n.news.naver.com/mnews/article/032/0003159547?sid=105
https://n.news.naver.com/mnews/article/020/0003438952?sid=105
https://n.news.naver.com/mnews/article/022/0003712045?sid=105
https://n.news.naver.com/mnews/article/469/0000684533?sid=105
https://n.news.naver.com/mnews/article/032/0003159546?sid=105
https://n.news.naver.com/mnews/article/081/0003285771?sid=105
https://n.news.naver.com/mnews/article/028/0002597439?sid=105
https://n.news.naver.com/mnews/article/081/0003286970?sid=105
https://n.news.naver.com/mnews/article/005/0001538662?sid=105
https://n.news.naver.com/mnews/article/005/0001537819?sid=105
https://n.news.naver.com/mnews/article/081/0003284883?sid=105
https://n.news.naver.com/mnews/article/081/0003285753?sid=105
https://n.news.naver.com/mnews/article/081/0003286968?sid=105
https://n.news.naver.com/mnews/article/032/0003157720?sid=105
https://n.news.naver.com/mnews/article/081/0003285747?sid=105
https://n.news.naver.com/mnews/article/469/0000685933?sid=105
https://n.news.naver.com/mnews/article/005/0001537835?sid=105
https://n.news.naver.com/mnews/article/020/0003438226?sid=105
https://n.news.naver.com/mnews/article/081/0003286961?sid=105
https://n.news.naver.com/mnews/article/020/0003438925?sid=105
https://n.news.naver.com/mnews/article/032/0003157715?sid=105
https://n.news.naver.com/mnews/article/022/0003712036?sid=105
https://n.news.naver.com/mnews/article/469/0000685930?sid=105
https://n.news.naver.com/mnews/article/081/0003285745?sid=105
https://n.news.naver.com/mnews/article/032/0003157711?sid=105
https://n.news.naver.com/mnews/article/020/0003438924?sid=105
https://n.news.naver.com/mnews/article/469/0000685929?sid=105
https://n.news.naver.com/mnews/article/020/0003438233?sid=105
https://n.news.naver.com/mnews/article/469/0000684496?sid=105
https://n.news.naver.com/mnews/article/020/0003438918?sid=105
https://n.news.naver.com/mnews/article/028/0002598465?sid=105
https://n.news.naver.com/mnews/article/022/0003712054?sid=105
https://n.news.naver.com/mnews/article/020/0003438915?sid=105
https://n.news.naver.com/mnews/article/081/0003286947?sid=105
https://n.news.naver.com/mnews/article/022/0003712046?sid=105
https://n.news.naver.com/mnews/article/020/0003438222?sid=105
https://n.news.naver.com/mnews/article/005/0001538637?sid=105
https://n.news.naver.com/mnews/article/020/0003439808?sid=105
('Connection aborted.', ConnectionResetError(10054, '현재 연결은 원격 호스트에 의해 강제로 끊겼습니다', None, 10054, None))
https://n.news.naver.com/mnews/article/005/0001538637?sid=105
https://n.news.naver.com/mnews/article/022/0003712045?sid=105
('Connection aborted.', ConnectionResetError(10054, '현재 연결은 원격 호스트에 의해 강제로 끊겼습니다', None, 10054, None))
https://n.news.naver.com/mnews/article/020/0003439808?sid=105
('Connection aborted.', ConnectionResetError(10054, '현재 연결은 원격 호스트에 의해 강제로 끊겼습니다', None, 10054, None))
https://n.news.naver.com/mnews/article/022/0003712045?sid=105
https://n.news.naver.com/mnews/article/032/0003157671?sid=105
('Connection aborted.', ConnectionResetError(10054, '현재 연결은 원격 호스트에 의해 강제로 끊겼습니다', None, 10054, None))
https://n.news.naver.com/mnews/article/032/0003157671?sid=105
('Connection aborted.', ConnectionResetError(10054, '현재 연결은 원격 호스트에 의해 강제로 끊겼습니다', None, 10054, None))
https://n.news.naver.com/mnews/article/005/0001538637?sid=105
('Connection aborted.', ConnectionResetError(10054, '현재 연결은 원격 호스트에 의해 강제로 끊겼습니다', None, 10054, None))
https://n.news.naver.com/mnews/article/020/0003439808?sid=105
('Connection aborted.', ConnectionResetError(10054, '현재 연결은 원격 호스트에 의해 강제로 끊겼습니다', None, 10054, None))
https://n.news.naver.com/mnews/article/022/0003712045?sid=105
('Connection aborted.', ConnectionResetError(10054, '현재 연결은 원격 호스트에 의해 강제로 끊겼습니다', None, 10054, None))
https://n.news.naver.com/mnews/article/032/0003157671?sid=105
('Connection aborted.', ConnectionResetError(10054, '현재 연결은 원격 호스트에 의해 강제로 끊겼습니다', None, 10054, None))
https://n.news.naver.com/mnews/article/005/0001538637?sid=105
('Connection aborted.', ConnectionResetError(10054, '현재 연결은 원격 호스트에 의해 강제로 끊겼습니다', None, 10054, None))
https://n.news.naver.com/mnews/article/020/0003439808?sid=105
('Connection aborted.', ConnectionResetError(10054, '현재 연결은 원격 호스트에 의해 강제로 끊겼습니다', None, 10054, None))
https://n.news.naver.com/mnews/article/022/0003712045?sid=105
('Connection aborted.', ConnectionResetError(10054, '현재 연결은 원격 호스트에 의해 강제로 끊겼습니다', None, 10054, None))
https://n.news.naver.com/mnews/article/032/0003157671?sid=105
('Connection aborted.', ConnectionResetError(10054, '현재 연결은 원격 호스트에 의해 강제로 끊겼습니다', None, 10054, None))
https://n.news.naver.com/mnews/article/005/0001538637?sid=105
('Connection aborted.', ConnectionResetError(10054, '현재 연결은 원격 호스트에 의해 강제로 끊겼습니다', None, 10054, None))
https://n.news.naver.com/mnews/article/020/0003439808?sid=105
('Connection aborted.', ConnectionResetError(10054, '현재 연결은 원격 호스트에 의해 강제로 끊겼습니다', None, 10054, None))
https://n.news.naver.com/mnews/article/022/0003712045?sid=105
('Connection aborted.', ConnectionResetError(10054, '현재 연결은 원격 호스트에 의해 강제로 끊겼습니다', None, 10054, None))
https://n.news.naver.com/mnews/article/032/0003157671?sid=105
('Connection aborted.', ConnectionResetError(10054, '현재 연결은 원격 호스트에 의해 강제로 끊겼습니다', None, 10054, None))
https://n.news.naver.com/mnews/article/005/0001538637?sid=105
('Connection aborted.', ConnectionResetError(10054, '현재 연결은 원격 호스트에 의해 강제로 끊겼습니다', None, 10054, None))
https://n.news.naver.com/mnews/article/020/0003439808?sid=105
('Connection aborted.', ConnectionResetError(10054, '현재 연결은 원격 호스트에 의해 강제로 끊겼습니다', None, 10054, None))
https://n.news.naver.com/mnews/article/022/0003712045?sid=105
('Connection aborted.', ConnectionResetError(10054, '현재 연결은 원격 호스트에 의해 강제로 끊겼습니다', None, 10054, None))
https://n.news.naver.com/mnews/article/032/0003157671?sid=105
('Connection aborted.', ConnectionResetError(10054, '현재 연결은 원격 호스트에 의해 강제로 끊겼습니다', None, 10054, None))
https://n.news.naver.com/mnews/article/005/0001538637?sid=105
('Connection aborted.', ConnectionResetError(10054, '현재 연결은 원격 호스트에 의해 강제로 끊겼습니다', None, 10054, None))
https://n.news.naver.com/mnews/article/020/0003439808?sid=105
('Connection aborted.', ConnectionResetError(10054, '현재 연결은 원격 호스트에 의해 강제로 끊겼습니다', None, 10054, None))
https://n.news.naver.com/mnews/article/022/0003712045?sid=105
('Connection aborted.', ConnectionResetError(10054, '현재 연결은 원격 호스트에 의해 강제로 끊겼습니다', None, 10054, None))
https://n.news.naver.com/mnews/article/032/0003157671?sid=105
('Connection aborted.', ConnectionResetError(10054, '현재 연결은 원격 호스트에 의해 강제로 끊겼습니다', None, 10054, None))
https://n.news.naver.com/mnews/article/005/0001538637?sid=105
('Connection aborted.', ConnectionResetError(10054, '현재 연결은 원격 호스트에 의해 강제로 끊겼습니다', None, 10054, None))
https://n.news.naver.com/mnews/article/020/0003439808?sid=105
('Connection aborted.', ConnectionResetError(10054, '현재 연결은 원격 호스트에 의해 강제로 끊겼습니다', None, 10054, None))
https://n.news.naver.com/mnews/article/022/0003712045?sid=105
('Connection aborted.', ConnectionResetError(10054, '현재 연결은 원격 호스트에 의해 강제로 끊겼습니다', None, 10054, None))
https://n.news.naver.com/mnews/article/032/0003157671?sid=105
('Connection aborted.', ConnectionResetError(10054, '현재 연결은 원격 호스트에 의해 강제로 끊겼습니다', None, 10054, None))
https://n.news.naver.com/mnews/article/005/0001538637?sid=105
('Connection aborted.', ConnectionResetError(10054, '현재 연결은 원격 호스트에 의해 강제로 끊겼습니다', None, 10054, None))
https://n.news.naver.com/mnews/article/020/0003439808?sid=105
('Connection aborted.', ConnectionResetError(10054, '현재 연결은 원격 호스트에 의해 강제로 끊겼습니다', None, 10054, None))
https://n.news.naver.com/mnews/article/022/0003712045?sid=105
('Connection aborted.', ConnectionResetError(10054, '현재 연결은 원격 호스트에 의해 강제로 끊겼습니다', None, 10054, None))
https://n.news.naver.com/mnews/article/032/0003157671?sid=105
('Connection aborted.', ConnectionResetError(10054, '현재 연결은 원격 호스트에 의해 강제로 끊겼습니다', None, 10054, None))
https://n.news.naver.com/mnews/article/005/0001538637?sid=105
('Connection aborted.', ConnectionResetError(10054, '현재 연결은 원격 호스트에 의해 강제로 끊겼습니다', None, 10054, None))
https://n.news.naver.com/mnews/article/020/0003439808?sid=105('Connection aborted.', ConnectionResetError(10054, '현재  연결은 원격 호스트에 의해 강제로 끊겼습니다', None, 10054, None))

https://n.news.naver.com/mnews/article/022/0003712045?sid=105
('Connection aborted.', ConnectionResetError(10054, '현재 연결은 원격 호스트에 의해 강제로 끊겼습니다', None, 10054, None))
https://n.news.naver.com/mnews/article/032/0003157671?sid=105
('Connection aborted.', ConnectionResetError(10054, '현재 연결은 원격 호스트에 의해 강제로 끊겼습니다', None, 10054, None))
https://n.news.naver.com/mnews/article/005/0001538637?sid=105
('Connection aborted.', ConnectionResetError(10054, '현재 연결은 원격 호스트에 의해 강제로 끊겼습니다', None, 10054, None))
https://n.news.naver.com/mnews/article/020/0003439808?sid=105
('Connection aborted.', ConnectionResetError(10054, '현재 연결은 원격 호스트에 의해 강제로 끊겼습니다', None, 10054, None))
https://n.news.naver.com/mnews/article/022/0003712045?sid=105
('Connection aborted.', ConnectionResetError(10054, '현재 연결은 원격 호스트에 의해 강제로 끊겼습니다', None, 10054, None))
https://n.news.naver.com/mnews/article/032/0003157671?sid=105
('Connection aborted.', ConnectionResetError(10054, '현재 연결은 원격 호스트에 의해 강제로 끊겼습니다', None, 10054, None))
https://n.news.naver.com/mnews/article/032/0003157671?sid=105
('Connection aborted.', ConnectionResetError(10054, '현재 연결은 원격 호스트에 의해 강제로 끊겼습니다', None, 10054, None))
https://n.news.naver.com/mnews/article/020/0003439808?sid=105
('Connection aborted.', ConnectionResetError(10054, '현재 연결은 원격 호스트에 의해 강제로 끊겼습니다', None, 10054, None))
https://n.news.naver.com/mnews/article/005/0001538637?sid=105
('Connection aborted.', ConnectionResetError(10054, '현재 연결은 원격 호스트에 의해 강제로 끊겼습니다', None, 10054, None))
https://n.news.naver.com/mnews/article/022/0003712045?sid=105
('Connection aborted.', ConnectionResetError(10054, '현재 연결은 원격 호스트에 의해 강제로 끊겼습니다', None, 10054, None))
https://n.news.naver.com/mnews/article/032/0003157671?sid=105
('Connection aborted.', ConnectionResetError(10054, '현재 연결은 원격 호스트에 의해 강제로 끊겼습니다', None, 10054, None))
https://n.news.naver.com/mnews/article/020/0003439808?sid=105
('Connection aborted.', ConnectionResetError(10054, '현재 연결은 원격 호스트에 의해 강제로 끊겼습니다', None, 10054, None))
https://n.news.naver.com/mnews/article/005/0001538637?sid=105
('Connection aborted.', ConnectionResetError(10054, '현재 연결은 원격 호스트에 의해 강제로 끊겼습니다', None, 10054, None))
https://n.news.naver.com/mnews/article/022/0003712045?sid=105
('Connection aborted.', ConnectionResetError(10054, '현재 연결은 원격 호스트에 의해 강제로 끊겼습니다', None, 10054, None))
https://n.news.naver.com/mnews/article/022/0003712045?sid=105
('Connection aborted.', ConnectionResetError(10054, '현재 연결은 원격 호스트에 의해 강제로 끊겼습니다', None, 10054, None))
https://n.news.naver.com/mnews/article/020/0003439808?sid=105
('Connection aborted.', ConnectionResetError(10054, '현재 연결은 원격 호스트에 의해 강제로 끊겼습니다', None, 10054, None))
https://n.news.naver.com/mnews/article/005/0001538637?sid=105
('Connection aborted.', ConnectionResetError(10054, '현재 연결은 원격 호스트에 의해 강제로 끊겼습니다', None, 10054, None))
https://n.news.naver.com/mnews/article/032/0003157671?sid=105
('Connection aborted.', ConnectionResetError(10054, '현재 연결은 원격 호스트에 의해 강제로 끊겼습니다', None, 10054, None))
('Connection aborted.', ConnectionResetError(10054, '현재 연결은 원격 호스트에 의해 강제로 끊겼습니다', None, 10054, None))https://n.news.naver.com/mnews/article/005/0001538637?sid=105

https://n.news.naver.com/mnews/article/032/0003157671?sid=105
('Connection aborted.', ConnectionResetError(10054, '현재 연결은 원격 호스트에 의해 강제로 끊겼습니다', None, 10054, None))
https://n.news.naver.com/mnews/article/022/0003712045?sid=105
('Connection aborted.', ConnectionResetError(10054, '현재 연결은 원격 호스트에 의해 강제로 끊겼습니다', None, 10054, None))
https://n.news.naver.com/mnews/article/020/0003439808?sid=105
('Connection aborted.', ConnectionResetError(10054, '현재 연결은 원격 호스트에 의해 강제로 끊겼습니다', None, 10054, None))
https://n.news.naver.com/mnews/article/005/0001538637?sid=105
('Connection aborted.', ConnectionResetError(10054, '현재 연결은 원격 호스트에 의해 강제로 끊겼습니다', None, 10054, None))
https://n.news.naver.com/mnews/article/032/0003157671?sid=105
('Connection aborted.', ConnectionResetError(10054, '현재 연결은 원격 호스트에 의해 강제로 끊겼습니다', None, 10054, None))
https://n.news.naver.com/mnews/article/022/0003712045?sid=105
('Connection aborted.', ConnectionResetError(10054, '현재 연결은 원격 호스트에 의해 강제로 끊겼습니다', None, 10054, None))
https://n.news.naver.com/mnews/article/020/0003439808?sid=105
('Connection aborted.', ConnectionResetError(10054, '현재 연결은 원격 호스트에 의해 강제로 끊겼습니다', None, 10054, None))
https://n.news.naver.com/mnews/article/032/0003157671?sid=105
('Connection aborted.', ConnectionResetError(10054, '현재 연결은 원격 호스트에 의해 강제로 끊겼습니다', None, 10054, None))
https://n.news.naver.com/mnews/article/005/0001538637?sid=105
('Connection aborted.', ConnectionResetError(10054, '현재 연결은 원격 호스트에 의해 강제로 끊겼습니다', None, 10054, None))
https://n.news.naver.com/mnews/article/020/0003439808?sid=105
('Connection aborted.', ConnectionResetError(10054, '현재 연결은 원격 호스트에 의해 강제로 끊겼습니다', None, 10054, None))
https://n.news.naver.com/mnews/article/022/0003712045?sid=105
('Connection aborted.', ConnectionResetError(10054, '현재 연결은 원격 호스트에 의해 강제로 끊겼습니다', None, 10054, None))
https://n.news.naver.com/mnews/article/032/0003157671?sid=105
('Connection aborted.', ConnectionResetError(10054, '현재 연결은 원격 호스트에 의해 강제로 끊겼습니다', None, 10054, None))
https://n.news.naver.com/mnews/article/005/0001538637?sid=105
('Connection aborted.', ConnectionResetError(10054, '현재 연결은 원격 호스트에 의해 강제로 끊겼습니다', None, 10054, None))
https://n.news.naver.com/mnews/article/020/0003439808?sid=105
('Connection aborted.', ConnectionResetError(10054, '현재 연결은 원격 호스트에 의해 강제로 끊겼습니다', None, 10054, None))
https://n.news.naver.com/mnews/article/022/0003712045?sid=105
('Connection aborted.', ConnectionResetError(10054, '현재 연결은 원격 호스트에 의해 강제로 끊겼습니다', None, 10054, None))
https://n.news.naver.com/mnews/article/032/0003157671?sid=105
('Connection aborted.', ConnectionResetError(10054, '현재 연결은 원격 호스트에 의해 강제로 끊겼습니다', None, 10054, None))
https://n.news.naver.com/mnews/article/005/0001538637?sid=105
('Connection aborted.', ConnectionResetError(10054, '현재 연결은 원격 호스트에 의해 강제로 끊겼습니다', None, 10054, None))
https://n.news.naver.com/mnews/article/020/0003439808?sid=105
('Connection aborted.', ConnectionResetError(10054, '현재 연결은 원격 호스트에 의해 강제로 끊겼습니다', None, 10054, None))
https://n.news.naver.com/mnews/article/022/0003712045?sid=105
('Connection aborted.', ConnectionResetError(10054, '현재 연결은 원격 호스트에 의해 강제로 끊겼습니다', None, 10054, None))
https://n.news.naver.com/mnews/article/005/0001538637?sid=105
('Connection aborted.', ConnectionResetError(10054, '현재 연결은 원격 호스트에 의해 강제로 끊겼습니다', None, 10054, None))
https://n.news.naver.com/mnews/article/032/0003157671?sid=105
('Connection aborted.', ConnectionResetError(10054, '현재 연결은 원격 호스트에 의해 강제로 끊겼습니다', None, 10054, None))
https://n.news.naver.com/mnews/article/020/0003439808?sid=105
('Connection aborted.', ConnectionResetError(10054, '현재 연결은 원격 호스트에 의해 강제로 끊겼습니다', None, 10054, None))
https://n.news.naver.com/mnews/article/022/0003712045?sid=105
('Connection aborted.', ConnectionResetError(10054, '현재 연결은 원격 호스트에 의해 강제로 끊겼습니다', None, 10054, None))
https://n.news.naver.com/mnews/article/032/0003157671?sid=105
('Connection aborted.', ConnectionResetError(10054, '현재 연결은 원격 호스트에 의해 강제로 끊겼습니다', None, 10054, None))
https://n.news.naver.com/mnews/article/005/0001538637?sid=105
('Connection aborted.', ConnectionResetError(10054, '현재 연결은 원격 호스트에 의해 강제로 끊겼습니다', None, 10054, None))
https://n.news.naver.com/mnews/article/022/0003712045?sid=105
('Connection aborted.', ConnectionResetError(10054, '현재 연결은 원격 호스트에 의해 강제로 끊겼습니다', None, 10054, None))
https://n.news.naver.com/mnews/article/020/0003439808?sid=105
https://n.news.naver.com/mnews/article/020/0003439803?sid=105
https://n.news.naver.com/mnews/article/469/0000685116?sid=105
https://n.news.naver.com/mnews/article/005/0001537819?sid=105
https://n.news.naver.com/mnews/article/081/0003286934?sid=105
https://n.news.naver.com/mnews/article/020/0003438213?sid=105
https://n.news.naver.com/mnews/article/020/0003438908?sid=105
https://n.news.naver.com/mnews/article/028/0002598446?sid=105
https://n.news.naver.com/mnews/article/020/0003438226?sid=105
https://n.news.naver.com/mnews/article/469/0000685115?sid=105
https://n.news.naver.com/mnews/article/022/0003712008?sid=105
https://n.news.naver.com/mnews/article/081/0003286920?sid=105
https://n.news.naver.com/mnews/article/081/0003286912?sid=105
https://n.news.naver.com/mnews/article/022/0003712036?sid=105
https://n.news.naver.com/mnews/article/032/0003158474?sid=105
https://n.news.naver.com/mnews/article/469/0000685897?sid=105
https://n.news.naver.com/mnews/article/020/0003438199?sid=105
https://n.news.naver.com/mnews/article/005/0001538627?sid=105
https://n.news.naver.com/mnews/article/469/0000684496?sid=105
https://n.news.naver.com/mnews/article/020/0003439789?sid=105
https://n.news.naver.com/mnews/article/020/0003438901?sid=105
https://n.news.naver.com/mnews/article/032/0003157633?sid=105
https://n.news.naver.com/mnews/article/020/0003439786?sid=105
https://n.news.naver.com/mnews/article/020/0003438222?sid=105
https://n.news.naver.com/mnews/article/020/0003438892?sid=105
https://n.news.naver.com/mnews/article/081/0003284775?sid=105
https://n.news.naver.com/mnews/article/469/0000685892?sid=105
https://n.news.naver.com/mnews/article/023/0003702547?sid=105
https://n.news.naver.com/mnews/article/032/0003157671?sid=105
https://n.news.naver.com/mnews/article/081/0003286893?sid=105
https://n.news.naver.com/mnews/article/020/0003438191?sid=105
https://n.news.naver.com/mnews/article/020/0003438213?sid=105
https://n.news.naver.com/mnews/article/025/0003208266?sid=105
https://n.news.naver.com/mnews/article/081/0003286867?sid=105
https://n.news.naver.com/mnews/article/022/0003712008?sid=105
https://n.news.naver.com/mnews/article/032/0003159481?sid=105
https://n.news.naver.com/mnews/article/023/0003701777?sid=105
https://n.news.naver.com/mnews/article/081/0003285683?sid=105
https://n.news.naver.com/mnews/article/020/0003438199?sid=105
https://n.news.naver.com/mnews/article/469/0000685867?sid=105
https://n.news.naver.com/mnews/article/469/0000685067?sid=105
https://n.news.naver.com/mnews/article/032/0003157633?sid=105
https://n.news.naver.com/mnews/article/469/0000684424?sid=105
https://n.news.naver.com/mnews/article/023/0003703489?sid=105
https://n.news.naver.com/mnews/article/023/0003702524?sid=105
https://n.news.naver.com/mnews/article/081/0003284775?sid=105
https://n.news.naver.com/mnews/article/032/0003159470?sid=105
https://n.news.naver.com/mnews/article/028/0002597353?sid=105
https://n.news.naver.com/mnews/article/022/0003714720?sid=105
https://n.news.naver.com/mnews/article/023/0003702523?sid=105
https://n.news.naver.com/mnews/article/020/0003438191?sid=105
https://n.news.naver.com/mnews/article/020/0003439766?sid=105
https://n.news.naver.com/mnews/article/028/0002597352?sid=105
https://n.news.naver.com/mnews/article/023/0003701777?sid=105
https://n.news.naver.com/mnews/article/020/0003439765?sid=105
https://n.news.naver.com/mnews/article/020/0003438170?sid=105
https://n.news.naver.com/mnews/article/022/0003713146?sid=105
https://n.news.naver.com/mnews/article/469/0000684424?sid=105
https://n.news.naver.com/mnews/article/023/0003703454?sid=105
https://n.news.naver.com/mnews/article/023/0003701749?sid=105
https://n.news.naver.com/mnews/article/022/0003714663?sid=105
https://n.news.naver.com/mnews/article/028/0002597353?sid=105
https://n.news.naver.com/mnews/article/020/0003438880?sid=105
https://n.news.naver.com/mnews/article/023/0003703449?sid=105
https://n.news.naver.com/mnews/article/028/0002597352?sid=105
https://n.news.naver.com/mnews/article/023/0003702439?sid=105
https://n.news.naver.com/mnews/article/022/0003711872?sid=105
https://n.news.naver.com/mnews/article/020/0003439751?sid=105
https://n.news.naver.com/mnews/article/020/0003438170?sid=105
https://n.news.naver.com/mnews/article/020/0003438774?sid=105
https://n.news.naver.com/mnews/article/032/0003159410?sid=105
https://n.news.naver.com/mnews/article/023/0003701749?sid=105
https://n.news.naver.com/mnews/article/023/0003702429?sid=105
https://n.news.naver.com/mnews/article/023/0003701726?sid=105
https://n.news.naver.com/mnews/article/081/0003286769?sid=105
https://n.news.naver.com/mnews/article/022/0003711872?sid=105
https://n.news.naver.com/mnews/article/023/0003702419?sid=105
https://n.news.naver.com/mnews/article/081/0003286717?sid=105
https://n.news.naver.com/mnews/article/023/0003701726?sid=105
https://n.news.naver.com/mnews/article/081/0003284681?sid=105
https://n.news.naver.com/mnews/article/081/0003286716?sid=105
https://n.news.naver.com/mnews/article/023/0003702414?sid=105
https://n.news.naver.com/mnews/article/081/0003284681?sid=105
https://n.news.naver.com/mnews/article/469/0000685812?sid=105
https://n.news.naver.com/mnews/article/022/0003713015?sid=105
https://n.news.naver.com/mnews/article/469/0000684386?sid=105
https://n.news.naver.com/mnews/article/469/0000685804?sid=105
https://n.news.naver.com/mnews/article/469/0000684386?sid=105
https://n.news.naver.com/mnews/article/025/0003208163?sid=105
https://n.news.naver.com/mnews/article/469/0000684383?sid=105
https://n.news.naver.com/mnews/article/020/0003439744?sid=105
https://n.news.naver.com/mnews/article/469/0000684383?sid=105
 75%|██████████████████████████████████████████████████████████████▎                    | 3/4 [20:21<06:07, 367.17s/it]https://n.news.naver.com/mnews/article/022/0003713528?sid=105
https://n.news.naver.com/mnews/article/023/0003701662?sid=105
https://n.news.naver.com/mnews/article/020/0003439743?sid=105
https://n.news.naver.com/mnews/article/023/0003701662?sid=105
https://n.news.naver.com/mnews/article/469/0000685253?sid=105
https://n.news.naver.com/mnews/article/020/0003439742?sid=105
https://n.news.naver.com/mnews/article/023/0003701661?sid=105
https://n.news.naver.com/mnews/article/023/0003701661?sid=105
https://n.news.naver.com/mnews/article/020/0003439062?sid=105
https://n.news.naver.com/mnews/article/020/0003439741?sid=105
https://n.news.naver.com/mnews/article/081/0003285881?sid=105
https://n.news.naver.com/mnews/article/023/0003701659?sid=105
https://n.news.naver.com/mnews/article/020/0003439740?sid=105
https://n.news.naver.com/mnews/article/023/0003701659?sid=105
https://n.news.naver.com/mnews/article/081/0003285878?sid=105
https://n.news.naver.com/mnews/article/020/0003439739?sid=105
https://n.news.naver.com/mnews/article/020/0003438124?sid=105
https://n.news.naver.com/mnews/article/020/0003438124?sid=105
https://n.news.naver.com/mnews/article/020/0003439738?sid=105
https://n.news.naver.com/mnews/article/081/0003285863?sid=105
https://n.news.naver.com/mnews/article/020/0003438087?sid=105
https://n.news.naver.com/mnews/article/020/0003438087?sid=105
https://n.news.naver.com/mnews/article/020/0003439737?sid=105
https://n.news.naver.com/mnews/article/020/0003439736?sid=105
https://n.news.naver.com/mnews/article/023/0003701653?sid=105
https://n.news.naver.com/mnews/article/022/0003713431?sid=105
https://n.news.naver.com/mnews/article/023/0003701653?sid=105
https://n.news.naver.com/mnews/article/020/0003439735?sid=105
https://n.news.naver.com/mnews/article/020/0003439734?sid=105
https://n.news.naver.com/mnews/article/022/0003711791?sid=105
https://n.news.naver.com/mnews/article/469/0000685220?sid=105
https://n.news.naver.com/mnews/article/022/0003711791?sid=105
https://n.news.naver.com/mnews/article/020/0003439733?sid=105
https://n.news.naver.com/mnews/article/022/0003713413?sid=105
https://n.news.naver.com/mnews/article/020/0003439732?sid=105
https://n.news.naver.com/mnews/article/025/0003207297?sid=105
https://n.news.naver.com/mnews/article/025/0003207297?sid=105
https://n.news.naver.com/mnews/article/020/0003439040?sid=105
https://n.news.naver.com/mnews/article/020/0003439731?sid=105
 50%|█████████████████████████████████████████▌                                         | 2/4 [20:23<12:22, 371.38s/it]https://n.news.naver.com/mnews/article/081/0003285267?sid=105
100%|███████████████████████████████████████████████████████████████████████████████████| 4/4 [20:23<00:00, 305.77s/it]
https://n.news.naver.com/mnews/article/023/0003702693?sid=105
https://n.news.naver.com/mnews/article/020/0003439730?sid=105
https://n.news.naver.com/mnews/article/081/0003285264?sid=105
https://n.news.naver.com/mnews/article/020/0003439729?sid=105
https://n.news.naver.com/mnews/article/023/0003702681?sid=105
https://n.news.naver.com/mnews/article/032/0003158115?sid=105
https://n.news.naver.com/mnews/article/020/0003439728?sid=105
https://n.news.naver.com/mnews/article/020/0003439007?sid=105
https://n.news.naver.com/mnews/article/020/0003439727?sid=105
100%|███████████████████████████████████████████████████████████████████████████████████| 4/4 [20:23<00:00, 257.61s/it]h100%|███████████████████████████████████████████████████████████████████████████████████| 4/4 [20:23<00:00, 305.89s/it]

https://n.news.naver.com/mnews/article/023/0003703368?sid=105
https://n.news.naver.com/mnews/article/032/0003158068?sid=105
https://n.news.naver.com/mnews/article/020/0003439606?sid=105
https://n.news.naver.com/mnews/article/023/0003703359?sid=105
https://n.news.naver.com/mnews/article/020/0003438509?sid=105
https://n.news.naver.com/mnews/article/023/0003703352?sid=105
https://n.news.naver.com/mnews/article/020/0003438502?sid=105
https://n.news.naver.com/mnews/article/022/0003714508?sid=105
https://n.news.naver.com/mnews/article/469/0000685791?sid=105
https://n.news.naver.com/mnews/article/020/0003438501?sid=105
https://n.news.naver.com/mnews/article/025/0003209180?sid=105
https://n.news.naver.com/mnews/article/081/0003285244?sid=105
100%|███████████████████████████████████████████████████████████████████████████████████| 4/4 [20:24<00:00, 306.14s/it]
https://n.news.naver.com/mnews/article/469/0000684785?sid=105
https://n.news.naver.com/mnews/article/028/0002597593?sid=105
https://n.news.naver.com/mnews/article/020/0003438496?sid=105
https://n.news.naver.com/mnews/article/025/0003207808?sid=105
https://n.news.naver.com/mnews/article/469/0000684763?sid=105
https://n.news.naver.com/mnews/article/081/0003285201?sid=105
https://n.news.naver.com/mnews/article/028/0002597583?sid=105
https://n.news.naver.com/mnews/article/032/0003158018?sid=105
https://n.news.naver.com/mnews/article/032/0003158009?sid=105
https://n.news.naver.com/mnews/article/020/0003438479?sid=105
https://n.news.naver.com/mnews/article/081/0003285159?sid=105
https://n.news.naver.com/mnews/article/469/0000684735?sid=105
https://n.news.naver.com/mnews/article/020/0003438473?sid=105
https://n.news.naver.com/mnews/article/020/0003438471?sid=105
https://n.news.naver.com/mnews/article/020/0003438465?sid=105
https://n.news.naver.com/mnews/article/023/0003702070?sid=105
https://n.news.naver.com/mnews/article/020/0003438461?sid=105
https://n.news.naver.com/mnews/article/032/0003157960?sid=105
https://n.news.naver.com/mnews/article/020/0003438448?sid=105
https://n.news.naver.com/mnews/article/020/0003438447?sid=105
https://n.news.naver.com/mnews/article/032/0003157929?sid=105
https://n.news.naver.com/mnews/article/020/0003438436?sid=105
https://n.news.naver.com/mnews/article/028/0002597547?sid=105
https://n.news.naver.com/mnews/article/005/0001538070?sid=105
https://n.news.naver.com/mnews/article/032/0003157919?sid=105
https://n.news.naver.com/mnews/article/020/0003438432?sid=105
https://n.news.naver.com/mnews/article/005/0001538061?sid=105
https://n.news.naver.com/mnews/article/022/0003712362?sid=105
https://n.news.naver.com/mnews/article/020/0003438413?sid=105
https://n.news.naver.com/mnews/article/005/0001538009?sid=105
https://n.news.naver.com/mnews/article/081/0003284968?sid=105
https://n.news.naver.com/mnews/article/081/0003284950?sid=105
https://n.news.naver.com/mnews/article/469/0000684628?sid=105
https://n.news.naver.com/mnews/article/023/0003701900?sid=105
https://n.news.naver.com/mnews/article/023/0003701899?sid=105
https://n.news.naver.com/mnews/article/023/0003701890?sid=105
https://n.news.naver.com/mnews/article/023/0003701885?sid=105
https://n.news.naver.com/mnews/article/023/0003701879?sid=105
https://n.news.naver.com/mnews/article/025/0003207625?sid=105
 75%|██████████████████████████████████████████████████████████████▎                    | 3/4 [20:31<04:22, 262.47s/it]https://n.news.naver.com/mnews/article/022/0003712987?sid=105
https://n.news.naver.com/mnews/article/022/0003712980?sid=105
https://n.news.naver.com/mnews/article/032/0003158329?sid=105
https://n.news.naver.com/mnews/article/023/0003702374?sid=105
https://n.news.naver.com/mnews/article/005/0001538440?sid=105
https://n.news.naver.com/mnews/article/020/0003438723?sid=105
https://n.news.naver.com/mnews/article/469/0000684994?sid=105
https://n.news.naver.com/mnews/article/020/0003438720?sid=105
https://n.news.naver.com/mnews/article/020/0003438719?sid=105
https://n.news.naver.com/mnews/article/081/0003285520?sid=105
https://n.news.naver.com/mnews/article/081/0003285497?sid=105
https://n.news.naver.com/mnews/article/023/0003702346?sid=105
https://n.news.naver.com/mnews/article/028/0002597735?sid=105
https://n.news.naver.com/mnews/article/032/0003158264?sid=105
https://n.news.naver.com/mnews/article/020/0003438690?sid=105
https://n.news.naver.com/mnews/article/081/0003285465?sid=105
https://n.news.naver.com/mnews/article/020/0003438684?sid=105
https://n.news.naver.com/mnews/article/020/0003438676?sid=105
https://n.news.naver.com/mnews/article/469/0000684908?sid=105
https://n.news.naver.com/mnews/article/469/0000684903?sid=105
https://n.news.naver.com/mnews/article/081/0003285413?sid=105
https://n.news.naver.com/mnews/article/005/0001538355?sid=105
https://n.news.naver.com/mnews/article/469/0000684897?sid=105
https://n.news.naver.com/mnews/article/020/0003438669?sid=105
https://n.news.naver.com/mnews/article/025/0003208006?sid=105
https://n.news.naver.com/mnews/article/032/0003158197?sid=105
https://n.news.naver.com/mnews/article/081/0003285394?sid=105
https://n.news.naver.com/mnews/article/469/0000684881?sid=105
https://n.news.naver.com/mnews/article/469/0000684873?sid=105
https://n.news.naver.com/mnews/article/032/0003158173?sid=105
https://n.news.naver.com/mnews/article/028/0002597664?sid=105
https://n.news.naver.com/mnews/article/469/0000684868?sid=105
https://n.news.naver.com/mnews/article/022/0003712722?sid=105
https://n.news.naver.com/mnews/article/023/0003702261?sid=105
https://n.news.naver.com/mnews/article/469/0000684860?sid=105
https://n.news.naver.com/mnews/article/020/0003438651?sid=105
https://n.news.naver.com/mnews/article/023/0003702258?sid=105
https://n.news.naver.com/mnews/article/469/0000684853?sid=105
https://n.news.naver.com/mnews/article/020/0003438649?sid=105
https://n.news.naver.com/mnews/article/023/0003702246?sid=105
https://n.news.naver.com/mnews/article/469/0000684845?sid=105
https://n.news.naver.com/mnews/article/081/0003285328?sid=105
https://n.news.naver.com/mnews/article/028/0002597648?sid=105
https://n.news.naver.com/mnews/article/469/0000684839?sid=105
https://n.news.naver.com/mnews/article/023/0003702225?sid=105
https://n.news.naver.com/mnews/article/023/0003702221?sid=105
https://n.news.naver.com/mnews/article/023/0003702217?sid=105
https://n.news.naver.com/mnews/article/023/0003702215?sid=105
https://n.news.naver.com/mnews/article/020/0003438577?sid=105
https://n.news.naver.com/mnews/article/020/0003438535?sid=105
https://n.news.naver.com/mnews/article/020/0003438534?sid=105
https://n.news.naver.com/mnews/article/020/0003438533?sid=105
100%|███████████████████████████████████████████████████████████████████████████████████| 4/4 [20:39<00:00, 309.96s/it]
105 230 end
[['105', '732', datetime.datetime(2022, 7, 13, 0, 0), datetime.datetime(2022, 7, 10, 0, 0)], ['105', '732', datetime.datetime(2022, 7, 11, 0, 0), datetime.datetime(2022, 7, 8, 0, 0)], ['105', '732', datetime.datetime(2022, 7, 9, 0, 0), datetime.datetime(2022, 7, 6, 0, 0)], ['105', '732', datetime.datetime(2022, 7, 7, 0, 0), datetime.datetime(2022, 7, 4, 0, 0)], ['105', '732', datetime.datetime(2022, 7, 5, 0, 0), datetime.datetime(2022, 7, 2, 0, 0)], ['105', '732', datetime.datetime(2022, 7, 3, 0, 0), datetime.datetime(2022, 7, 1, 0, 0)]] process :  8
['105', '732', datetime.datetime(2022, 7, 13, 0, 0), datetime.datetime(2022, 7, 10, 0, 0)]
['105', '732', datetime.datetime(2022, 7, 11, 0, 0), datetime.datetime(2022, 7, 8, 0, 0)]
  0%|                                                                                            | 0/4 [00:00<?, ?it/s]['105', '732', datetime.datetime(2022, 7, 9, 0, 0), datetime.datetime(2022, 7, 6, 0, 0)]
100%|██████████████████████████████████████████████████████████████████████████████████| 4/4 [00:00<00:00, 1998.48it/s]
['105', '732', datetime.datetime(2022, 7, 7, 0, 0), datetime.datetime(2022, 7, 4, 0, 0)]
100%|██████████████████████████████████████████████████████████████████████████████████| 4/4 [00:00<00:00, 3995.53it/s]
100%|██████████████████████████████████████████████████████████████████████████████████| 4/4 [00:00<00:00, 3995.53it/s]

['105', '732', datetime.datetime(2022, 7, 3, 0, 0), datetime.datetime(2022, 7, 1, 0, 0)]
100%|██████████████████████████████████████████████████████████████████████████████████| 4/4 [00:00<00:00, 3997.43it/s]
100%|██████████████████████████████████████████████████████████████████████████████████| 4/4 [00:00<00:00, 3995.53it/s]
100%|██████████████████████████████████████████████████████████████████████████████████| 3/3 [00:00<00:00, 2996.64it/s]
105 732 end
[['105', '283', datetime.datetime(2022, 7, 13, 0, 0), datetime.datetime(2022, 7, 10, 0, 0)], ['105', '283', datetime.datetime(2022, 7, 11, 0, 0), datetime.datetime(2022, 7, 8, 0, 0)], ['105', '283', datetime.datetime(2022, 7, 9, 0, 0), datetime.datetime(2022, 7, 6, 0, 0)], ['105', '283', datetime.datetime(2022, 7, 7, 0, 0), datetime.datetime(2022, 7, 4, 0, 0)], ['105', '283', datetime.datetime(2022, 7, 5, 0, 0), datetime.datetime(2022, 7, 2, 0, 0)], ['105', '283', datetime.datetime(2022, 7, 3, 0, 0), datetime.datetime(2022, 7, 1, 0, 0)]] process :  8
['105', '283', datetime.datetime(2022, 7, 13, 0, 0), datetime.datetime(2022, 7, 10, 0, 0)]
['105', '283', datetime.datetime(2022, 7, 11, 0, 0), datetime.datetime(2022, 7, 8, 0, 0)]
  0%|                                                                                            | 0/4 [00:00<?, ?it/s]['105', '283', datetime.datetime(2022, 7, 9, 0, 0), datetime.datetime(2022, 7, 6, 0, 0)]
100%|██████████████████████████████████████████████████████████████████████████████████| 4/4 [00:00<00:00, 3996.48it/s]
['105', '283', datetime.datetime(2022, 7, 7, 0, 0), datetime.datetime(2022, 7, 4, 0, 0)]
100%|██████████████████████████████████████████████████████████████████████████████████| 4/4 [00:00<00:00, 3997.43it/s]
  0%|                                                                                            | 0/4 [00:00<?, ?it/s]['105', '283', datetime.datetime(2022, 7, 5, 0, 0), datetime.datetime(2022, 7, 2, 0, 0)]
100%|██████████████████████████████████████████████████████████████████████████████████| 4/4 [00:00<00:00, 3994.58it/s]
['105', '283', datetime.datetime(2022, 7, 3, 0, 0), datetime.datetime(2022, 7, 1, 0, 0)]
100%|████████████████████████████████████████████████████████████████████████████████████████████| 4/4 [00:00<?, ?it/s]
  0%|                                                                                            | 0/3 [00:00<?, ?it/s]https://n.news.naver.com/mnews/article/020/0003437674?sid=105
https://n.news.naver.com/mnews/article/020/0003437674?sid=105
https://n.news.naver.com/mnews/article/032/0003156948?sid=105
https://n.news.naver.com/mnews/article/032/0003156948?sid=105
 25%|█████████████████████                                                               | 1/4 [00:00<00:01,  2.75it/s]https://n.news.naver.com/mnews/article/020/0003437822?sid=105
 33%|████████████████████████████                                                        | 1/3 [00:00<00:00,  2.70it/s]https://n.news.naver.com/mnews/article/020/0003437674?sid=105
https://n.news.naver.com/mnews/article/032/0003156948?sid=105
100%|████████████████████████████████████████████████████████████████████████████████████| 4/4 [00:00<00:00,  7.02it/s]
 67%|████████████████████████████████████████████████████████                            | 2/3 [00:00<00:00,  2.96it/s]https://n.news.naver.com/mnews/article/020/0003437822?sid=105
100%|████████████████████████████████████████████████████████████████████████████████████| 3/3 [00:00<00:00,  3.93it/s]
105 283 end
[['105', '229', datetime.datetime(2022, 7, 13, 0, 0), datetime.datetime(2022, 7, 10, 0, 0)], ['105', '229', datetime.datetime(2022, 7, 11, 0, 0), datetime.datetime(2022, 7, 8, 0, 0)], ['105', '229', datetime.datetime(2022, 7, 9, 0, 0), datetime.datetime(2022, 7, 6, 0, 0)], ['105', '229', datetime.datetime(2022, 7, 7, 0, 0), datetime.datetime(2022, 7, 4, 0, 0)], ['105', '229', datetime.datetime(2022, 7, 5, 0, 0), datetime.datetime(2022, 7, 2, 0, 0)], ['105', '229', datetime.datetime(2022, 7, 3, 0, 0), datetime.datetime(2022, 7, 1, 0, 0)]] process :  8
['105', '229', datetime.datetime(2022, 7, 13, 0, 0), datetime.datetime(2022, 7, 10, 0, 0)]
['105', '229', datetime.datetime(2022, 7, 11, 0, 0), datetime.datetime(2022, 7, 8, 0, 0)]
['105', '229', datetime.datetime(2022, 7, 9, 0, 0), datetime.datetime(2022, 7, 6, 0, 0)]
  0%|                                                                                            | 0/4 [00:00<?, ?it/s]['105', '229', datetime.datetime(2022, 7, 7, 0, 0), datetime.datetime(2022, 7, 4, 0, 0)]
  0%|                                                                                            | 0/4 [00:00<?, ?it/s]https://n.news.naver.com/mnews/article/020/0003439313?sid=105
https://n.news.naver.com/mnews/article/020/0003438473?sid=105
https://n.news.naver.com/mnews/article/020/0003438961?sid=105
https://n.news.naver.com/mnews/article/020/0003438005?sid=105
['105', '229', datetime.datetime(2022, 7, 5, 0, 0), datetime.datetime(2022, 7, 2, 0, 0)]
  0%|                                                                                            | 0/4 [00:00<?, ?it/s]['105', '229', datetime.datetime(2022, 7, 3, 0, 0), datetime.datetime(2022, 7, 1, 0, 0)]
https://n.news.naver.com/mnews/article/020/0003438005?sid=105
  0%|                                                                                            | 0/3 [00:00<?, ?it/s]https://n.news.naver.com/mnews/article/020/0003437644?sid=105
 25%|█████████████████████                                                               | 1/4 [00:00<00:00,  7.51it/s]https://n.news.naver.com/mnews/article/020/0003439313?sid=105
 25%|█████████████████████                                                               | 1/4 [00:00<00:00,  7.24it/s]https://n.news.naver.com/mnews/article/020/0003438720?sid=105
 75%|███████████████████████████████████████████████████████████████                     | 3/4 [00:00<00:00, 18.62it/s]https://n.news.naver.com/mnews/article/020/0003438213?sid=105
100%|████████████████████████████████████████████████████████████████████████████████████| 3/3 [00:00<00:00, 15.86it/s]
 50%|██████████████████████████████████████████                                          | 2/4 [00:00<00:00,  9.89it/s]https://n.news.naver.com/mnews/article/020/0003439537?sid=105
 25%|█████████████████████                                                               | 1/4 [00:00<00:00,  4.63it/s]https://n.news.naver.com/mnews/article/020/0003438213?sid=105
100%|████████████████████████████████████████████████████████████████████████████████████| 4/4 [00:00<00:00, 16.65it/s]
 50%|██████████████████████████████████████████                                          | 2/4 [00:00<00:00,  7.50it/s]https://n.news.naver.com/mnews/article/020/0003438961?sid=105
100%|████████████████████████████████████████████████████████████████████████████████████| 4/4 [00:00<00:00, 14.75it/s]
 50%|██████████████████████████████████████████                                          | 2/4 [00:00<00:00,  5.43it/s]https://n.news.naver.com/mnews/article/020/0003438473?sid=105
100%|████████████████████████████████████████████████████████████████████████████████████| 4/4 [00:00<00:00, 11.13it/s]
100%|████████████████████████████████████████████████████████████████████████████████████| 4/4 [00:00<00:00, 10.35it/s]
 75%|███████████████████████████████████████████████████████████████                     | 3/4 [00:00<00:00,  6.07it/s]https://n.news.naver.com/mnews/article/020/0003438720?sid=105
100%|████████████████████████████████████████████████████████████████████████████████████| 4/4 [00:00<00:00,  7.41it/s]
105 229 end
[['105', '228', datetime.datetime(2022, 7, 13, 0, 0), datetime.datetime(2022, 7, 10, 0, 0)], ['105', '228', datetime.datetime(2022, 7, 11, 0, 0), datetime.datetime(2022, 7, 8, 0, 0)], ['105', '228', datetime.datetime(2022, 7, 9, 0, 0), datetime.datetime(2022, 7, 6, 0, 0)], ['105', '228', datetime.datetime(2022, 7, 7, 0, 0), datetime.datetime(2022, 7, 4, 0, 0)], ['105', '228', datetime.datetime(2022, 7, 5, 0, 0), datetime.datetime(2022, 7, 2, 0, 0)], ['105', '228', datetime.datetime(2022, 7, 3, 0, 0), datetime.datetime(2022, 7, 1, 0, 0)]] process :  8
['105', '228', datetime.datetime(2022, 7, 13, 0, 0), datetime.datetime(2022, 7, 10, 0, 0)]
  0%|                                                                                            | 0/4 [00:00<?, ?it/s]['105', '228', datetime.datetime(2022, 7, 11, 0, 0), datetime.datetime(2022, 7, 8, 0, 0)]
  0%|                                                                                            | 0/4 [00:00<?, ?it/s]['105', '228', datetime.datetime(2022, 7, 9, 0, 0), datetime.datetime(2022, 7, 6, 0, 0)]
https://n.news.naver.com/mnews/article/032/0003158807?sid=105https://n.news.naver.com/mnews/article/020/0003438918?sid=105

  0%|                                                                                            | 0/4 [00:00<?, ?it/s]['105', '228', datetime.datetime(2022, 7, 7, 0, 0), datetime.datetime(2022, 7, 4, 0, 0)]
['105', '228', datetime.datetime(2022, 7, 5, 0, 0), datetime.datetime(2022, 7, 2, 0, 0)]
  0%|                                                                                            | 0/4 [00:00<?, ?it/s]['105', '228', datetime.datetime(2022, 7, 3, 0, 0), datetime.datetime(2022, 7, 1, 0, 0)]
  0%|                                                                                            | 0/3 [00:00<?, ?it/s]https://n.news.naver.com/mnews/article/023/0003702113?sid=105
https://n.news.naver.com/mnews/article/025/0003206807?sid=105https://n.news.naver.com/mnews/article/081/0003284567?sid=105

https://n.news.naver.com/mnews/article/020/0003437677?sid=105
https://n.news.naver.com/mnews/article/025/0003207206?sid=105
https://n.news.naver.com/mnews/article/020/0003439101?sid=105
https://n.news.naver.com/mnews/article/025/0003206686?sid=105
https://n.news.naver.com/mnews/article/028/0002597596?sid=105
https://n.news.naver.com/mnews/article/032/0003157084?sid=105
https://n.news.naver.com/mnews/article/081/0003285715?sid=105
https://n.news.naver.com/mnews/article/005/0001538137?sid=105
https://n.news.naver.com/mnews/article/028/0002598003?sid=105
https://n.news.naver.com/mnews/article/023/0003701290?sid=105
https://n.news.naver.com/mnews/article/025/0003207188?sid=105
https://n.news.naver.com/mnews/article/081/0003284023?sid=105
 25%|█████████████████████                                                               | 1/4 [00:00<00:01,  2.40it/s]https://n.news.naver.com/mnews/article/020/0003439329?sid=105
https://n.news.naver.com/mnews/article/028/0002597874?sid=105
https://n.news.naver.com/mnews/article/023/0003702098?sid=105
https://n.news.naver.com/mnews/article/020/0003439319?sid=105
https://n.news.naver.com/mnews/article/020/0003438011?sid=105
https://n.news.naver.com/mnews/article/081/0003285680?sid=105
https://n.news.naver.com/mnews/article/028/0002596962?sid=105
https://n.news.naver.com/mnews/article/081/0003285188?sid=105
https://n.news.naver.com/mnews/article/020/0003437729?sid=105
https://n.news.naver.com/mnews/article/025/0003208802?sid=105
https://n.news.naver.com/mnews/article/028/0002597247?sid=105
 33%|████████████████████████████                                                        | 1/3 [00:00<00:01,  1.39it/s]https://n.news.naver.com/mnews/article/025/0003206807?sid=105
https://n.news.naver.com/mnews/article/023/0003702526?sid=105
https://n.news.naver.com/mnews/article/025/0003206764?sid=105
https://n.news.naver.com/mnews/article/025/0003207790?sid=105
https://n.news.naver.com/mnews/article/032/0003157084?sid=105
 25%|█████████████████████                                                               | 1/4 [00:00<00:02,  1.16it/s]https://n.news.naver.com/mnews/article/081/0003285886?sid=105
https://n.news.naver.com/mnews/article/023/0003703010?sid=105
https://n.news.naver.com/mnews/article/005/0001537460?sid=105
 25%|█████████████████████                                                               | 1/4 [00:00<00:02,  1.12it/s]https://n.news.naver.com/mnews/article/032/0003157253?sid=105
https://n.news.naver.com/mnews/article/023/0003701290?sid=105
https://n.news.naver.com/mnews/article/028/0002597972?sid=105
https://n.news.naver.com/mnews/article/081/0003286173?sid=105
https://n.news.naver.com/mnews/article/025/0003207775?sid=105
https://n.news.naver.com/mnews/article/020/0003437729?sid=105
https://n.news.naver.com/mnews/article/032/0003157248?sid=105
https://n.news.naver.com/mnews/article/028/0002597196?sid=105
https://n.news.naver.com/mnews/article/032/0003158900?sid=105
https://n.news.naver.com/mnews/article/025/0003206764?sid=105
https://n.news.naver.com/mnews/article/020/0003439040?sid=105
https://n.news.naver.com/mnews/article/025/0003207765?sid=105
https://n.news.naver.com/mnews/article/023/0003701385?sid=105
 67%|████████████████████████████████████████████████████████                            | 2/3 [00:01<00:00,  1.46it/s]https://n.news.naver.com/mnews/article/032/0003157253?sid=105
https://n.news.naver.com/mnews/article/028/0002598099?sid=105
https://n.news.naver.com/mnews/article/028/0002597188?sid=105
 50%|██████████████████████████████████████████                                          | 2/4 [00:01<00:01,  1.33it/s]https://n.news.naver.com/mnews/article/032/0003158807?sid=105
https://n.news.naver.com/mnews/article/023/0003702061?sid=105
https://n.news.naver.com/mnews/article/032/0003157248?sid=105
https://n.news.naver.com/mnews/article/020/0003439101?sid=105
https://n.news.naver.com/mnews/article/028/0002597081?sid=105https://n.news.naver.com/mnews/article/032/0003157337?sid=105

https://n.news.naver.com/mnews/article/028/0002598089?sid=105
https://n.news.naver.com/mnews/article/023/0003701385?sid=105
https://n.news.naver.com/mnews/article/023/0003702052?sid=105
https://n.news.naver.com/mnews/article/028/0002598003?sid=105
https://n.news.naver.com/mnews/article/028/0002597081?sid=105
https://n.news.naver.com/mnews/article/023/0003702048?sid=105
 75%|███████████████████████████████████████████████████████████████                     | 3/4 [00:01<00:00,  1.57it/s]https://n.news.naver.com/mnews/article/020/0003439329?sid=105
https://n.news.naver.com/mnews/article/023/0003702975?sid=105
https://n.news.naver.com/mnews/article/028/0002597075?sid=105
https://n.news.naver.com/mnews/article/023/0003701495?sid=105
https://n.news.naver.com/mnews/article/028/0002597075?sid=105
https://n.news.naver.com/mnews/article/020/0003439319?sid=105
https://n.news.naver.com/mnews/article/020/0003439209?sid=105
https://n.news.naver.com/mnews/article/032/0003157893?sid=105
https://n.news.naver.com/mnews/article/025/0003208802?sid=105
 50%|██████████████████████████████████████████                                          | 2/4 [00:01<00:01,  1.06it/s]https://n.news.naver.com/mnews/article/081/0003284567?sid=105
100%|████████████████████████████████████████████████████████████████████████████████████| 3/3 [00:01<00:00,  1.51it/s]
https://n.news.naver.com/mnews/article/020/0003439200?sid=105
https://n.news.naver.com/mnews/article/025/0003207206?sid=105
https://n.news.naver.com/mnews/article/023/0003703010?sid=105
https://n.news.naver.com/mnews/article/020/0003437922?sid=105
https://n.news.naver.com/mnews/article/023/0003702026?sid=105
https://n.news.naver.com/mnews/article/020/0003437920?sid=105
https://n.news.naver.com/mnews/article/025/0003207188?sid=105
https://n.news.naver.com/mnews/article/023/0003702935?sid=105
https://n.news.naver.com/mnews/article/081/0003286173?sid=105
 25%|█████████████████████                                                               | 1/4 [00:02<00:06,  2.30s/it]https://n.news.naver.com/mnews/article/023/0003701863?sid=105
https://n.news.naver.com/mnews/article/020/0003438011?sid=105
https://n.news.naver.com/mnews/article/032/0003158900?sid=105
https://n.news.naver.com/mnews/article/023/0003702025?sid=105
https://n.news.naver.com/mnews/article/028/0002597247?sid=105
https://n.news.naver.com/mnews/article/028/0002598099?sid=105
https://n.news.naver.com/mnews/article/032/0003157787?sid=105
 50%|██████████████████████████████████████████                                          | 2/4 [00:02<00:01,  1.10it/s]https://n.news.naver.com/mnews/article/032/0003159327?sid=105
https://n.news.naver.com/mnews/article/028/0002598089?sid=105
https://n.news.naver.com/mnews/article/005/0001537460?sid=105
https://n.news.naver.com/mnews/article/032/0003159324?sid=105
https://n.news.naver.com/mnews/article/028/0002597518?sid=105
https://n.news.naver.com/mnews/article/005/0001537859?sid=105
https://n.news.naver.com/mnews/article/023/0003702975?sid=105
https://n.news.naver.com/mnews/article/028/0002597196?sid=105
https://n.news.naver.com/mnews/article/025/0003209119?sid=105
https://n.news.naver.com/mnews/article/028/0002597434?sid=105
https://n.news.naver.com/mnews/article/081/0003285062?sid=105
https://n.news.naver.com/mnews/article/081/0003286644?sid=105
https://n.news.naver.com/mnews/article/020/0003439209?sid=105
https://n.news.naver.com/mnews/article/028/0002597188?sid=105
https://n.news.naver.com/mnews/article/020/0003439576?sid=105
https://n.news.naver.com/mnews/article/020/0003439200?sid=105
https://n.news.naver.com/mnews/article/032/0003157337?sid=105
https://n.news.naver.com/mnews/article/028/0002597515?sid=105
https://n.news.naver.com/mnews/article/023/0003702935?sid=105
https://n.news.naver.com/mnews/article/032/0003159282?sid=105
https://n.news.naver.com/mnews/article/023/0003701495?sid=105
https://n.news.naver.com/mnews/article/020/0003439556?sid=105
100%|████████████████████████████████████████████████████████████████████████████████████| 4/4 [00:03<00:00,  1.26it/s]
https://n.news.naver.com/mnews/article/020/0003437922?sid=105
https://n.news.naver.com/mnews/article/023/0003702002?sid=105
https://n.news.naver.com/mnews/article/020/0003439555?sid=105
https://n.news.naver.com/mnews/article/020/0003437920?sid=105
https://n.news.naver.com/mnews/article/023/0003701993?sid=105
https://n.news.naver.com/mnews/article/032/0003157717?sid=105
https://n.news.naver.com/mnews/article/023/0003703277?sid=105
 75%|███████████████████████████████████████████████████████████████                     | 3/4 [00:03<00:01,  1.10s/it]https://n.news.naver.com/mnews/article/023/0003701863?sid=105
https://n.news.naver.com/mnews/article/081/0003286546?sid=105
https://n.news.naver.com/mnews/article/023/0003701984?sid=105
https://n.news.naver.com/mnews/article/032/0003157787?sid=105
https://n.news.naver.com/mnews/article/020/0003438233?sid=105
https://n.news.naver.com/mnews/article/005/0001537859?sid=105
https://n.news.naver.com/mnews/article/020/0003439529?sid=105
https://n.news.naver.com/mnews/article/023/0003701983?sid=105
https://n.news.naver.com/mnews/article/025/0003207489?sid=105
https://n.news.naver.com/mnews/article/028/0002598248?sid=105https://n.news.naver.com/mnews/article/028/0002597434?sid=105

https://n.news.naver.com/mnews/article/028/0002597501?sid=105
https://n.news.naver.com/mnews/article/032/0003157717?sid=105
https://n.news.naver.com/mnews/article/023/0003701829?sid=105
https://n.news.naver.com/mnews/article/032/0003159151?sid=105
https://n.news.naver.com/mnews/article/023/0003701976?sid=105
https://n.news.naver.com/mnews/article/020/0003438233?sid=105
https://n.news.naver.com/mnews/article/020/0003438222?sid=105
https://n.news.naver.com/mnews/article/020/0003439486?sid=105
https://n.news.naver.com/mnews/article/025/0003207489?sid=105
https://n.news.naver.com/mnews/article/023/0003701793?sid=105
https://n.news.naver.com/mnews/article/023/0003701940?sid=105
https://n.news.naver.com/mnews/article/028/0002598239?sid=105
https://n.news.naver.com/mnews/article/023/0003701829?sid=105
https://n.news.naver.com/mnews/article/023/0003703198?sid=105
https://n.news.naver.com/mnews/article/020/0003438191?sid=105
https://n.news.naver.com/mnews/article/020/0003438222?sid=105
https://n.news.naver.com/mnews/article/023/0003701939?sid=105
 75%|███████████████████████████████████████████████████████████████                     | 3/4 [00:04<00:01,  1.24s/it]https://n.news.naver.com/mnews/article/020/0003439844?sid=105
https://n.news.naver.com/mnews/article/028/0002597358?sid=105
https://n.news.naver.com/mnews/article/023/0003701793?sid=105
https://n.news.naver.com/mnews/article/025/0003209327?sid=105
https://n.news.naver.com/mnews/article/023/0003701938?sid=105
https://n.news.naver.com/mnews/article/020/0003438191?sid=105
https://n.news.naver.com/mnews/article/005/0001539667?sid=105
https://n.news.naver.com/mnews/article/032/0003157595?sid=105
https://n.news.naver.com/mnews/article/028/0002597358?sid=105
https://n.news.naver.com/mnews/article/023/0003701936?sid=105
https://n.news.naver.com/mnews/article/081/0003286831?sid=105
https://n.news.naver.com/mnews/article/023/0003701930?sid=105
https://n.news.naver.com/mnews/article/032/0003157595?sid=105
https://n.news.naver.com/mnews/article/032/0003157581?sid=105
https://n.news.naver.com/mnews/article/028/0002598404?sid=105
https://n.news.naver.com/mnews/article/023/0003701718?sid=105
https://n.news.naver.com/mnews/article/028/0002598402?sid=105
https://n.news.naver.com/mnews/article/032/0003157581?sid=105
https://n.news.naver.com/mnews/article/025/0003207582?sid=105
https://n.news.naver.com/mnews/article/028/0002598391?sid=105
https://n.news.naver.com/mnews/article/023/0003701718?sid=105
 50%|██████████████████████████████████████████                                          | 2/4 [00:05<00:04,  2.50s/it]https://n.news.naver.com/mnews/article/023/0003702113?sid=105
https://n.news.naver.com/mnews/article/025/0003207583?sid=105
https://n.news.naver.com/mnews/article/005/0001539591?sid=105
100%|████████████████████████████████████████████████████████████████████████████████████| 4/4 [00:05<00:00,  1.34s/it]
https://n.news.naver.com/mnews/article/028/0002597596?sid=105
https://n.news.naver.com/mnews/article/023/0003703410?sid=105
 25%|█████████████████████                                                               | 1/4 [00:05<00:16,  5.49s/it]https://n.news.naver.com/mnews/article/032/0003158320?sid=105
https://n.news.naver.com/mnews/article/005/0001538137?sid=105
https://n.news.naver.com/mnews/article/020/0003439606?sid=105
https://n.news.naver.com/mnews/article/023/0003702098?sid=105
https://n.news.naver.com/mnews/article/025/0003208072?sid=105
https://n.news.naver.com/mnews/article/032/0003159400?sid=105
https://n.news.naver.com/mnews/article/081/0003285188?sid=105
https://n.news.naver.com/mnews/article/032/0003158253?sid=105
https://n.news.naver.com/mnews/article/025/0003207790?sid=105
https://n.news.naver.com/mnews/article/023/0003703346?sid=105
https://n.news.naver.com/mnews/article/025/0003209188?sid=105
https://n.news.naver.com/mnews/article/025/0003207775?sid=105
https://n.news.naver.com/mnews/article/081/0003285428?sid=105
100%|████████████████████████████████████████████████████████████████████████████████████| 4/4 [00:06<00:00,  1.37s/it]h100%|████████████████████████████████████████████████████████████████████████████████████| 4/4 [00:06<00:00,  1.54s/it]

https://n.news.naver.com/mnews/article/028/0002597667?sid=105
https://n.news.naver.com/mnews/article/023/0003702061?sid=105
https://n.news.naver.com/mnews/article/023/0003702052?sid=105
https://n.news.naver.com/mnews/article/023/0003702184?sid=105
https://n.news.naver.com/mnews/article/023/0003702048?sid=105
https://n.news.naver.com/mnews/article/023/0003702179?sid=105
https://n.news.naver.com/mnews/article/032/0003157893?sid=105
https://n.news.naver.com/mnews/article/023/0003702026?sid=105
https://n.news.naver.com/mnews/article/025/0003207880?sid=105
https://n.news.naver.com/mnews/article/023/0003702025?sid=105
https://n.news.naver.com/mnews/article/028/0002597518?sid=105
 50%|██████████████████████████████████████████                                          | 2/4 [00:06<00:08,  4.29s/it]https://n.news.naver.com/mnews/article/020/0003438918?sid=105
https://n.news.naver.com/mnews/article/081/0003285062?sid=105
https://n.news.naver.com/mnews/article/081/0003285715?sid=105
https://n.news.naver.com/mnews/article/028/0002597515?sid=105
https://n.news.naver.com/mnews/article/028/0002597874?sid=105
https://n.news.naver.com/mnews/article/023/0003702002?sid=105
https://n.news.naver.com/mnews/article/081/0003285680?sid=105
https://n.news.naver.com/mnews/article/023/0003701993?sid=105
https://n.news.naver.com/mnews/article/023/0003702526?sid=105
https://n.news.naver.com/mnews/article/023/0003701984?sid=105
 75%|███████████████████████████████████████████████████████████████                     | 3/4 [00:07<00:03,  3.18s/it]https://n.news.naver.com/mnews/article/081/0003285886?sid=105
https://n.news.naver.com/mnews/article/023/0003701983?sid=105
https://n.news.naver.com/mnews/article/028/0002597972?sid=105
https://n.news.naver.com/mnews/article/028/0002597501?sid=105
https://n.news.naver.com/mnews/article/020/0003439040?sid=105
https://n.news.naver.com/mnews/article/023/0003701976?sid=105
100%|████████████████████████████████████████████████████████████████████████████████████| 4/4 [00:07<00:00,  1.99s/it]
https://n.news.naver.com/mnews/article/023/0003701940?sid=105
https://n.news.naver.com/mnews/article/023/0003701939?sid=105
https://n.news.naver.com/mnews/article/023/0003701938?sid=105
https://n.news.naver.com/mnews/article/023/0003701936?sid=105
https://n.news.naver.com/mnews/article/023/0003701930?sid=105
https://n.news.naver.com/mnews/article/025/0003207582?sid=105
https://n.news.naver.com/mnews/article/025/0003207583?sid=105
 75%|███████████████████████████████████████████████████████████████                     | 3/4 [00:08<00:02,  2.85s/it]https://n.news.naver.com/mnews/article/032/0003158320?sid=105
https://n.news.naver.com/mnews/article/025/0003208072?sid=105
https://n.news.naver.com/mnews/article/032/0003158253?sid=105
https://n.news.naver.com/mnews/article/081/0003285428?sid=105
https://n.news.naver.com/mnews/article/028/0002597667?sid=105
https://n.news.naver.com/mnews/article/023/0003702184?sid=105
https://n.news.naver.com/mnews/article/023/0003702179?sid=105
https://n.news.naver.com/mnews/article/025/0003207880?sid=105
100%|████████████████████████████████████████████████████████████████████████████████████| 4/4 [00:09<00:00,  2.47s/it]
105 228 end
1657732849.51944

C:\Users\win\Desktop\article>s/